04-21 11:56:20.167  2398  4312 I WindowManager:   pfl=100080c0
04-21 11:56:20.167  2398  4312 I WindowManager:   bhv=1
04-21 11:56:20.167  2398  4312 I WindowManager:   fitSides=0
04-21 11:56:20.167  2398  4312 I WindowManager:   frameRateBoostOnTouch=true
04-21 11:56:20.167  2398  4312 I WindowManager:   dvrrWindowFrameRateHint=true naviIconColor=0}
04-21 11:56:20.168  1931  2459 I VSyncReactor: Current= 120, Period= 120, Distance= 4
04-21 11:56:20.168  7875  7875 W libc    : Access denied finding property "vendor.gpp.create_frc_extension"
04-21 11:56:20.168  7875  7875 I BufferQueueProducer: [](id:1ec300000001,api:0,p:0,c:7875) setDequeueTimeout:2077252342
04-21 11:56:20.168  7875  7875 I BLASTBufferQueue_Java: new BLASTBufferQueue, mName= VRI[MainActivity]@557b02a mNativeObject= 0xb4000072420ee8b0 caller= android.view.ViewRootImpl.updateBlastSurfaceIfNeeded:3570 android.view.ViewRootImpl.relayoutWindow:11614 android.view.ViewRootImpl.performTraversals:4755 android.view.ViewRootImpl.doTraversal:3904 android.view.ViewRootImpl$TraversalRunnable.run:12819 android.view.Choreographer$CallbackRecord.run:1901 android.view.Choreographer$CallbackRecord.run:1910 android.view.Choreographer.doCallbacks:1367 android.view.Choreographer.doFrame:1292 android.view.Choreographer$FrameDisplayEventReceiver.run:1870 
04-21 11:56:20.168  7875  7875 I BLASTBufferQueue_Java: update, w= 1080 h= 2520 mName = VRI[MainActivity]@557b02a mNativeObject= 0xb4000072420ee8b0 sc.mNativeObject= 0xb4000072c1f80310 format= -1 caller= android.view.ViewRootImpl.updateBlastSurfaceIfNeeded:3575 android.view.ViewRootImpl.relayoutWindow:11614 android.view.ViewRootImpl.performTraversals:4755 android.view.ViewRootImpl.doTraversal:3904 android.view.ViewRootImpl$TraversalRunnable.run:12819 android.view.Choreographer$CallbackRecord.run:1901 
04-21 11:56:20.168  7875  7875 W libc    : Access denied finding property "vendor.gpp.create_frc_extension"
04-21 11:56:20.168  7875  7875 I VRI[MainActivity]@557b02a: Relayout returned: old=(0,0,1080,2520) new=(0,0,1080,2520) relayoutAsync=false req=(1080,2520)0 dur=4 res=0x3 s={true 0xb400007261fe2f30} ch=true seqId=0
04-21 11:56:20.169  7875  7875 I VRI[MainActivity]@557b02a: performConfigurationChange setNightDimText nightDimLevel=0
04-21 11:56:20.169  7875  7875 D VRI[MainActivity]@557b02a: mThreadedRenderer.initialize() mSurface={isValid=true 0xb400007261fe2f30} hwInitialized=true
04-21 11:56:20.169  1931  1931 I SurfaceFlinger: [com.hermescourier.android/com.hermescourier.android.MainActivity$_7875#94751] attach to parent LayerHierarchy{RequestedLayerState{cb5b160 com.hermescourier.android/com.hermescourier.android.MainActivity#94750 parentId=94749} 1 children}
04-21 11:56:20.169  1931  1931 I SurfaceFlinger: [Surface(name=ee68606 NavigationBar0)/@0x9729b8a - animation-leash of insets_animation#94752] attach to parent LayerHierarchy{RequestedLayerState{WindowToken{6812c5c type=2019 android.os.BinderProxy@551bf2e}#108 parentId=35} 2 children}
04-21 11:56:20.169  1931  1931 I SurfaceFlinger: [Surface(name=3b87977 StatusBar)/@0xd0f69cf - animation-leash of insets_animation#94753] attach to parent LayerHierarchy{RequestedLayerState{WindowToken{4becf76 type=2000 android.os.BinderProxy@e772238}#118 parentId=18} 2 children}
04-21 11:56:20.169  1931  1931 I SurfaceFlinger: [Surface(name=9fc5b0a TaskbarWindow)/@0x7d2c547 - animation-leash of insets_animation#94754] attach to parent LayerHierarchy{RequestedLayerState{WindowToken{931682d type=2024 android.os.BinderProxy@f3e09a8}#3027 parentId=35 z=3} 2 children}
04-21 11:56:20.171  1931  2440 I SurfaceFlinger: Capture layer list: 	 com.hermescourier.android/com.hermescourier.android.MainActivity$_7875#94743(seamlessTransition:0)
04-21 11:56:20.174  8060  8124 I GmsModuleInitializer: Using ContainerGservicesDelegate
04-21 11:56:20.175  2398  2899 D KNOX_MDM_SettingsProvider: isChangeAllowed() : name = enabled_notification_listeners
04-21 11:56:20.176  1931  2459 I VSyncReactor: Current= 120, Period= 120, Distance= 121
04-21 11:56:20.177  1931  1931 I SurfaceFlinger: [LayerHierarchy{RequestedLayerState{9fc5b0a TaskbarWindow#3028 parentId=94754} 1 children}] reparent to LayerHierarchy{RequestedLayerState{Surface(name=9fc5b0a TaskbarWindow)/@0x7d2c547 - animation-leash of insets_animation#94754 parentId=3027} 1 children}
04-21 11:56:20.177  1931  1931 I SurfaceFlinger: [LayerHierarchy{RequestedLayerState{ee68606 NavigationBar0#109 parentId=94752} 1 children}] reparent to LayerHierarchy{RequestedLayerState{Surface(name=ee68606 NavigationBar0)/@0x9729b8a - animation-leash of insets_animation#94752 parentId=108} 1 children}
04-21 11:56:20.177  1931  1931 I SurfaceFlinger: [LayerHierarchy{RequestedLayerState{3b87977 StatusBar#119 parentId=94753} 1 children}] reparent to LayerHierarchy{RequestedLayerState{Surface(name=3b87977 StatusBar)/@0xd0f69cf - animation-leash of insets_animation#94753 parentId=118} 1 children}
04-21 11:56:20.177  1931  1931 I SurfaceFlinger: [LayerHierarchy{RequestedLayerState{Surface(name=9fc5b0a TaskbarWindow)/@0x7d2c547 - animation-leash of insets_animation#94746} no children}] reparent to OffscreenRoot
04-21 11:56:20.177  1931  1931 I SurfaceFlinger: [LayerHierarchy{RequestedLayerState{Surface(name=9fc5b0a TaskbarWindow)/@0x7d2c547 - animation-leash of insets_animation#94746} no children}] RelativeParent to null
04-21 11:56:20.177  1931  1931 I SurfaceFlinger: [LayerHierarchy{RequestedLayerState{Surface(name=ee68606 NavigationBar0)/@0x9729b8a - animation-leash of insets_animation#94744} no children}] reparent to OffscreenRoot
04-21 11:56:20.177  1931  1931 I SurfaceFlinger: [LayerHierarchy{RequestedLayerState{Surface(name=ee68606 NavigationBar0)/@0x9729b8a - animation-leash of insets_animation#94744} no children}] RelativeParent to null
04-21 11:56:20.177  1931  1931 I SurfaceFlinger: [LayerHierarchy{RequestedLayerState{Surface(name=3b87977 StatusBar)/@0xd0f69cf - animation-leash of insets_animation#94745} no children}] reparent to OffscreenRoot
04-21 11:56:20.177  1931  1931 I SurfaceFlinger: [LayerHierarchy{RequestedLayerState{Surface(name=3b87977 StatusBar)/@0xd0f69cf - animation-leash of insets_animation#94745} no children}] RelativeParent to null
04-21 11:56:20.178  1931  2459 I SurfaceFlinger: id=94746 Removed Surface(name=9fc5b0a TaskbarWindow)/@0x7d2c547 - animation-leash of insets_animation#94746 (235)
04-21 11:56:20.179  1931  2464 D SurfaceFlinger: [input] setFocusedWindow: cb5b160 com.hermescourier.android/com.hermescourier.android.MainActivity
04-21 11:56:20.179  2398  4235 D InputDispatcher: Once focus requested (0): cb5b160 com.hermescourier.android/com.hermescourier.android.MainActivity
04-21 11:56:20.179  2398  4235 D InputDispatcher: Focus request (0): cb5b160 com.hermescourier.android/com.hermescourier.android.MainActivity but waiting because NO_WINDOW
04-21 11:56:20.184  1931  1931 I SurfaceFlinger: destroyed Surface(name=9fc5b0a TaskbarWindow)/@0x7d2c547 - animation-leash of insets_animation#94746 form LifecycleManager
04-21 11:56:20.184  1931  1931 I SurfaceFlinger: id=94746 onLayerDestroyed from LayerHierarchyBuilder(RequestedLayerState{Surface(name=9fc5b0a TaskbarWindow)/@0x7d2c547 - animation-leash of insets_animation#94746 !handle})
04-21 11:56:20.185  1931  1931 I Layer   : id=94746 Destroyed Surface(name=9fc5b0a TaskbarWindow)/@0x7d2c547 - animation-leash of insets_animation#94746
04-21 11:56:20.188  8060  8128 W ModuleInitIntentOp: Dropping unexpected action com.google.android.gms.phenotype.COMMITTED
04-21 11:56:20.188 22520 30986 I HeterodyneSyncer: (REDACTED) Syncing with Heterodyne. Reason: %s
04-21 11:56:20.189  8060  8125 W ModuleInitIntentOp: Dropping unexpected action com.google.android.gms.phenotype.COMMITTED
04-21 11:56:20.189  8060  8125 I LocationHistory: (REDACTED) [IntentOperation] Handling action %s
04-21 11:56:20.190  7875  7875 D VRI[MainActivity]@557b02a: reportNextDraw android.view.ViewRootImpl.performTraversals:5394 android.view.ViewRootImpl.doTraversal:3904 android.view.ViewRootImpl$TraversalRunnable.run:12819 android.view.Choreographer$CallbackRecord.run:1901 android.view.Choreographer$CallbackRecord.run:1910 
04-21 11:56:20.190  7875  7875 D VRI[MainActivity]@557b02a: Setup new sync=wmsSync-VRI[MainActivity]@557b02a#2
04-21 11:56:20.190  7875  7875 I VRI[MainActivity]@557b02a: Creating new active sync group VRI[MainActivity]@557b02a#3
04-21 11:56:20.190  7875  7875 D VRI[MainActivity]@557b02a: registerCallbacksForSync syncBuffer=false
04-21 11:56:20.191  8060  8124 I NewModuleHelper: Received com.google.android.chimera.container.NEW_MODULE_FINALIZE(1/0): com.google.android.gms.chimera.GmsIntentOperationService,1,false
04-21 11:56:20.191  8060  8126 I GmsSyncPolicyEngine: (REDACTED) Periodic sync %d disabled by policy, cancelled.
04-21 11:56:20.191  8060  8124 I NewModuleHelper: Completed all new module init intents for all processes.
04-21 11:56:20.191  8060  8126 I GmsSyncPolicyEngine: (REDACTED) Periodic sync %d disabled by policy, cancelled.
04-21 11:56:20.192  8060  8126 I GmsSyncPolicyEngine: (REDACTED) Periodic sync %d disabled by policy, cancelled.
04-21 11:56:20.193  8060  8108 I Icing   : IndexChimeraService.getServiceInterface callingPackage=com.google.android.gms componentName=ContactsIndexer serviceId=33
04-21 11:56:20.195  8060  8108 I Icing   : IndexChimeraService.getServiceInterface callingPackage=com.google.android.gms componentName=null serviceId=36
04-21 11:56:20.196  8060  8118 I Icing   : Usage reports ok 0, Failed Usage reports 0, indexed 0, rejected 0
04-21 11:56:20.197  2398  4312 I ActivityManager: Changes in 10054 10 to 5, 0 to 144
04-21 11:56:20.197  2398  3806 D BackgroundInstallControlService: Package event received: 0
04-21 11:56:20.197  2398  3806 D BackgroundInstallControlService: Package event received: 0
04-21 11:56:20.197  2398  3806 D BackgroundInstallControlService: Package event received: 0
04-21 11:56:20.197  2398  3806 D BackgroundInstallControlService: Package event received: 0
04-21 11:56:20.199  8060  8118 I Icing   : Usage reports ok 0, Failed Usage reports 0, indexed 0, rejected 0
04-21 11:56:20.205  2398  3806 D BackgroundInstallControlService: Package event received: 0
04-21 11:56:20.206  8060  8060 D BoundBrokerSvc: onBind: Intent { act=com.google.android.gms.measurement.START xflg=0x4 pkg=com.google.android.gms }
04-21 11:56:20.206  8060  8060 D BoundBrokerSvc: Loading bound service for intent: Intent { act=com.google.android.gms.measurement.START xflg=0x4 pkg=com.google.android.gms }
04-21 11:56:20.207  8060  8070 W GoogleCertificates: GoogleCertificates has been initialized already
04-21 11:56:20.207  7875  7904 D VRI[MainActivity]@557b02a: Received frameDrawingCallback syncResult=0 frameNum=1.
04-21 11:56:20.207  7875  7904 I VRI[MainActivity]@557b02a: mWNT: t=0xb400007211fb7310 mBlastBufferQueue=0xb4000072420ee8b0 fn= 1 HdrRenderState mRenderHdrSdrRatio=1.0 caller= android.view.ViewRootImpl$12.onFrameDraw:15352 android.view.ThreadedRenderer$1.onFrameDraw:718 <bottom of call stack> 
04-21 11:56:20.207  7875  7904 I VRI[MainActivity]@557b02a: Setting up sync and frameCommitCallback
04-21 11:56:20.208  7875  7899 I BLASTBufferQueue: [VRI[MainActivity]@557b02a#1](f:0,a:0,s:0) onFrameAvailable the first frame is available
04-21 11:56:20.208  7875  7899 I SurfaceComposerClient: apply transaction with the first frame. layerId: 94751, bufferData(ID: 33822867456007, frameNumber: 1)
04-21 11:56:20.209  7875  7899 I VRI[MainActivity]@557b02a: Received frameCommittedCallback lastAttemptedDrawFrameNum=1 didProduceBuffer=true
04-21 11:56:20.209  1931  2459 I SurfaceFlinger: [com.hermescourier.android/com.hermescourier.android.MainActivity$_7875#94751] setTransactionState with the first frame. bufferData(ID: 33822867456007, frameNumber: 1)
04-21 11:56:20.209  7875  7899 D HWUI    : CFMS:: SetUp Pid : 7875    Tid : 7899
04-21 11:56:20.209  7875  7875 D VRI[MainActivity]@557b02a: reportDrawFinished seqId=0
04-21 11:56:20.209  2398  3242 D WindowManager: finishDrawingWindow: Window{cb5b160 u0 com.hermescourier.android/com.hermescourier.android.MainActivity} mDrawState=DRAW_PENDING seqId=0
04-21 11:56:20.209  2398  2901 D SurfaceComposerClient: setCornerRadius ## cb5b160 com.hermescourier.android/com.hermescourier.android.MainActivity#94750 cornerRadius=0.000000
04-21 11:56:20.210  2398  2901 D SurfaceComposerClient: setCornerRadius ## cb5b160 com.hermescourier.android/com.hermescourier.android.MainActivity#94750 cornerRadius=0.000000
04-21 11:56:20.210  2398  2901 V WindowManager: SyncGroup 5748: Finished!
04-21 11:56:20.210  2398  2901 I SemDvfsHyPerManager: acquire hyper - AMS_RESUME_TAIL/2398@18, type = -999
04-21 11:56:20.210  2398  2901 I SemDvfsHyPerManager: acquire hyper - AMS_ACT_LAZY/2398@19, type = -999
04-21 11:56:20.210  2398  2901 D ActivityManagerPerformance: AMP_acquire() TAIL
04-21 11:56:20.210  2398  2901 D ActivityManagerPerformance: AMP_release() ACT_START
04-21 11:56:20.210  1793  1930 I HYPER-HAL: [RequestManager.cpp]acquire(): Acquired ID : 2919754  [2398 / 18]    HINT : AMS_RESUME_TAIL    list : 
04-21 11:56:20.210  2398  2901 V WindowManager: performShowLocked: mDrawState=HAS_DRAWN in Window{cb5b160 u0 com.hermescourier.android/com.hermescourier.android.MainActivity}
04-21 11:56:20.210  2398  2901 D ChangeTransitionController: onTransactionReady: TransitionRecord{fa41e38 id=5748 type=OPEN flags=0x0 c=[
04-21 11:56:20.210  2398  2901 D ChangeTransitionController:    ChangeInfo{c0bd529 container=Task{c18b63 #8491 type=standard A=11016:com.hermescourier.android} flags=0x0}
04-21 11:56:20.210  2398  2901 D ChangeTransitionController:    ChangeInfo{2b270ae container=ActivityRecord{23469585 u0 com.hermescourier.android/.MainActivity t8491} flags=0x0}
04-21 11:56:20.210  2398  2901 D ChangeTransitionController:    ChangeInfo{8e32e4f container=Display{#0 state=ON size=1080x2520 ROTATION_0} flags=0x0}
04-21 11:56:20.210  2398  2901 D ChangeTransitionController:    ChangeInfo{c980dc9 container=ActivityRecord{139625874 u0 com.hermescourier.android/.MainActivity t8491} flags=0x0}
04-21 11:56:20.210  2398  2901 D ChangeTransitionController:    ChangeInfo{f0f9dc container=DefaultTaskDisplayArea_d0@223752639 flags=0x0}
04-21 11:56:20.210  2398  2901 D ChangeTransitionController: ]
04-21 11:56:20.210  2398  2901 D ChangeTransitionController: }
04-21 11:56:20.210  2398  2901 V WindowManager: Start calculating TransitionInfo based on participants: {ActivityRecord{23469585 u0 com.hermescourier.android/.MainActivity t8491}, ActivityRecord{139625874 u0 com.hermescourier.android/.MainActivity t8491}}
04-21 11:56:20.210  2398  2901 V WindowManager:   Final targets: [ChangeInfo{2b270ae container=ActivityRecord{23469585 u0 com.hermescourier.android/.MainActivity t8491} flags=0x0}, ChangeInfo{c980dc9 container=ActivityRecord{139625874 u0 com.hermescourier.android/.MainActivity t8491} flags=0x0}]
04-21 11:56:20.210  8060  8153 I FA-SVC  : App measurement initialized, version: 261332
04-21 11:56:20.210  1931  2459 I SurfaceFlinger: id=94755 createSurf, flag=84004, Transition Root: ActivityRecord{23469585 u0 com.hermescourier.android/.MainActivity t8491}#94755
04-21 11:56:20.211  1793  1930 I HYPER-HAL: [RequestManager.cpp]releaseLocked(): Released ID : 2914921
04-21 11:56:20.211  2398  2901 I SurfaceControlRegistry: show, t=StartTransaction_SyncId<5748> sc=ActivityRecord{23469585 u0 com.hermescourier.android/.MainActivity t8491}, caller=android.view.SurfaceControl$Transaction.show:3500 com.android.server.wm.Transition.onTransactionReady:1999 com.android.server.wm.BLASTSyncEngine$SyncGroup.finishNow:245 com.android.server.wm.BLASTSyncEngine.onSurfacePlacement:263 com.android.server.wm.RootWindowContainer.performSurfacePlacementNoTrace:1110 com.android.server.wm.WindowSurfacePlacer.performSurfacePlacement:166 
04-21 11:56:20.211  2398  2901 D SurfaceComposerClient: setCornerRadius ## ActivityRecord{139625874 u0 com.hermescourier.android/.MainActivity t8491}#94733 cornerRadius=0.000000
04-21 11:56:20.211  2398  2901 D SurfaceComposerClient: setCornerRadius ## ActivityRecord{23469585 u0 com.hermescourier.android/.MainActivity t8491}#94749 cornerRadius=0.000000
04-21 11:56:20.211  2398  2901 V WindowManager: Calling onTransitionReady: {id=5748 t=OPEN f=0x0 trk=0 r=[0@Point(0, 0)] c=[
04-21 11:56:20.211  2398  2901 V WindowManager:         {m=OPEN f=FILLS_TASK|IS_ACTIVITY leash=Surface(name=ActivityRecord{23469585 u0 com.hermescourier.android/.MainActivity t8491})/@0x3674cce sb=Rect(0, 0 - 0, 0) eb=Rect(0, 0 - 1080, 2520) epz=Point(1080, 2520) d=-1->0 r=-1->0:-1 bc=ff000000 component=com.hermescourier.android/.MainActivity opt={t=FROM_STYLE mUserId=0} inset=Rect(0, 0 - 0, 0) dim=true taskIdForActivity=8491},
04-21 11:56:20.211  2398  2901 V WindowManager:         {m=TO_BACK f=FILLS_TASK|IS_ACTIVITY leash=Surface(name=ActivityRecord{139625874 u0 com.hermescourier.android/.MainActivity t8491})/@0x67da79c sb=Rect(0, 0 - 1080, 2520) eb=Rect(0, 0 - 1080, 2520) epz=Point(1080, 2520) d=0 bc=ff000000 component=com.hermescourier.android/.MainActivity opt={t=FROM_STYLE mUserId=0} inset=Rect(0, 0 - 0, 0) taskIdForActivity=8491}
04-21 11:56:20.211  2398  2901 V WindowManager:     ]}
04-21 11:56:20.212  2398  2901 I ActivityTaskManager: done cause=notifyTransitionStarting drawn timestamp=1000037552102525 info=TransitionInfo{3ca82fc a=ActivityRecord{23469585 u0 com.hermescourier.android/.MainActivity t8491} d=true}
04-21 11:56:20.212  2398  2901 D SurfaceComposerClient: setCornerRadius ## cb5b160 com.hermescourier.android/com.hermescourier.android.MainActivity#94750 cornerRadius=0.000000
04-21 11:56:20.212  2398  2901 D SurfaceComposerClient: setCornerRadius ## cb5b160 com.hermescourier.android/com.hermescourier.android.MainActivity#94750 cornerRadius=0.000000
04-21 11:56:20.212  4013  8598 V WindowManagerShell: onTransitionReady(transaction=10299332255179)
04-21 11:56:20.212  4013  4068 V WindowManagerShell: onTransitionReady (#5748) android.os.BinderProxy@923d708: {id=5748 t=OPEN f=0x0 trk=0 r=[0@Point(0, 0)] c=[
04-21 11:56:20.212  4013  4068 V WindowManagerShell:         {m=OPEN f=FILLS_TASK|IS_ACTIVITY leash=Surface(name=ActivityRecord{23469585 u0 com.hermescourier.android/.MainActivity t8491})/@0xe2d1087 sb=Rect(0, 0 - 0, 0) eb=Rect(0, 0 - 1080, 2520) epz=Point(1080, 2520) d=-1->0 r=-1->0:-1 bc=ff000000 component=com.hermescourier.android/.MainActivity opt={t=FROM_STYLE mUserId=0} inset=Rect(0, 0 - 0, 0) dim=true taskIdForActivity=8491},
04-21 11:56:20.212  4013  4068 V WindowManagerShell:         {m=TO_BACK f=FILLS_TASK|IS_ACTIVITY leash=Surface(name=ActivityRecord{139625874 u0 com.hermescourier.android/.MainActivity t8491})/@0x3a35bb4 sb=Rect(0, 0 - 1080, 2520) eb=Rect(0, 0 - 1080, 2520) epz=Point(1080, 2520) d=0 bc=ff000000 component=com.hermescourier.android/.MainActivity opt={t=FROM_STYLE mUserId=0} inset=Rect(0, 0 - 0, 0) taskIdForActivity=8491}
04-21 11:56:20.212  4013  4068 V WindowManagerShell:     ]}
04-21 11:56:20.212  4013  4068 V ShellDesktopMode: DesktopModeLogger: taskInfo map after processing changes 0
04-21 11:56:20.212  2398  2890 I ActivityTaskManager: Displayed com.hermescourier.android/.MainActivity for user 0: +331ms
04-21 11:56:20.212  2398  2890 I Pageboost: Launch time gathered : pid 7875 com.hermescourier.android 331
04-21 11:56:20.212  4013  4068 I SurfaceControlRegistry: hide, t=FinishTransaction_SyncId<5748> sc=ActivityRecord{139625874 u0 com.hermescourier.android/.MainActivity t8491}, caller=android.view.SurfaceControl$Transaction.hide:3526 com.android.wm.shell.transition.Transitions.dispatchReady:1070 com.android.wm.shell.transition.Transitions.onTransitionReady:251 com.android.wm.shell.transition.Transitions$TransitionPlayerImpl$$ExternalSyntheticLambda0.run:13 android.os.Handler.handleCallback:995 android.os.Handler.dispatchMessage:103 
04-21 11:56:20.212  4013  4068 I SurfaceControlRegistry: show, t=StartTransaction_SyncId<5748> sc=ActivityRecord{23469585 u0 com.hermescourier.android/.MainActivity t8491}, caller=android.view.SurfaceControl$Transaction.show:3500 com.android.wm.shell.transition.Transitions.dispatchReady:1087 com.android.wm.shell.transition.Transitions.onTransitionReady:251 com.android.wm.shell.transition.Transitions$TransitionPlayerImpl$$ExternalSyntheticLambda0.run:13 android.os.Handler.handleCallback:995 android.os.Handler.dispatchMessage:103 
04-21 11:56:20.212  4013  4068 I SurfaceControlRegistry: show, t=FinishTransaction_SyncId<5748> sc=ActivityRecord{23469585 u0 com.hermescourier.android/.MainActivity t8491}, caller=android.view.SurfaceControl$Transaction.show:3500 com.android.wm.shell.transition.Transitions.dispatchReady:1134 com.android.wm.shell.transition.Transitions.onTransitionReady:251 com.android.wm.shell.transition.Transitions$TransitionPlayerImpl$$ExternalSyntheticLambda0.run:13 android.os.Handler.handleCallback:995 android.os.Handler.dispatchMessage:103 
04-21 11:56:20.212  4013  4068 V WindowManagerShell: Playing animation for (#5748) android.os.BinderProxy@923d708@0
04-21 11:56:20.212  4013  4068 I SurfaceControlRegistry: show, t=StartTransaction_SyncId<5748> sc=Transition Root: ActivityRecord{23469585 u0 com.hermescourier.android/.MainActivity t8491}, caller=android.view.SurfaceControl$Transaction.show:3500 com.android.wm.shell.transition.Transitions.playTransition:79 com.android.wm.shell.transition.Transitions.processReadyQueue:239 com.android.wm.shell.transition.Transitions.dispatchReady:1156 com.android.wm.shell.transition.Transitions.onTransitionReady:251 com.android.wm.shell.transition.Transitions$TransitionPlayerImpl$$ExternalSyntheticLambda0.run:13 
04-21 11:56:20.212  2398  2890 V WindowManager: Sent Transition (#5748) createdAt=04-21 11:56:19.880 via request=TransitionRequestInfo { type = OPEN, triggerTask = TaskInfo{userId=0 taskId=8491 effectiveUid=11016 displayId=0 isRunning=true baseIntent=Intent { flg=0x10000000 cmp=com.hermescourier.android/.MainActivity } baseActivity=ComponentInfo{com.hermescourier.android/com.hermescourier.android.MainActivity} topActivity=ComponentInfo{com.hermescourier.android/com.hermescourier.android.MainActivity} origActivity=null realActivity=ComponentInfo{com.hermescourier.android/com.hermescourier.android.MainActivity} numActivities=2 lastActiveTime=1594313941 supportsMultiWindow=true resizeMode=1 isResizeable=true minWidth=-1 minHeight=-1 maxWidth=-1 maxHeight=-1 defaultMinSize=220 token=WCT{RemoteToken{a457e7f Task{c18b63 #8491 type=standard A=11016:com.hermescourier.android}}} topActivityType=1 pictureInPictureParams=null shouldDockBigOverlays=false launchIntoPipHostTaskId=-1 lastParentTaskIdBeforePip=-1 displayCutoutSafeInsets=Rect(0, 0 - 0, 0) topActivityInfo=ActivityInfo{c0abd85 com.hermescourier.android.MainActivity} launchCookies=[] positionInParent=Point(0, 0) parentTaskId=-1 isFocused=true isVisible=true isVisibleRequested=true isTopActivityNoDisplay=false isSleeping=false locusId=null displayAreaFeatureId=1 isTopActivityTransparent=false isActivityStackTransparent=false lastNonFullscreenBounds=Rect(97, 804 - 983, 1787) capturedLink=null capturedLinkTimestamp=0 requestedVisibleTypes=-9 topActivityRequestOpenInBrowserEducationTimestamp=0 appCompatTaskInfo=AppCompatTaskInfo { topActivityInSizeCompat=false eligibleForLetterboxEducation= false isLetterboxEducationEnabled= false isLetterboxDoubleTapEnabled= false eligibleForUserAspectRatioButton= false topActivityBoundsLetterboxed= false isFromLetterboxDoubleTap= false topActivityLetterboxVerticalPosition= -1 topActivityLetterboxHorizontalPosition= -1 topActivityLetterboxWidth=-1 topActivityLetterboxHeight=-1 topActivityAppBounds=Rect(0, 110 - 1080, 2481) isUserFullscreenOverrideEnabled=false isSystemFullscreenOverrideEnabled=false hasMinAspectRatioOverride=false topActivityLetterboxBounds=null cameraCompatTaskInfo=CameraCompatTaskInfo { freeformCameraCompatMode=inactive} topActivityBounds=null topActivityInDisplayCompat=false singleTapFromLetterbox=false} topActivityMainWindowFrame=null originallySupportedMultiWindow=true hasWallpaper=false rootAffinity=11016:com.hermescourier.android isTopTaskInStage=false CoverLauncherWidgetTask=false LaunchedFromAppsCoverLauncherTask=false LaunchedFromMultistarCoverLauncherTask=false isAllowedSeamlessRotation=false isTopTransparentActivity=false isAliasManaged=false hasConfigChanged=false snappingGuideBounds=null isAiKeyRemoveAppTask=false lastDesktopWindowingBounds=null lastExternalDesktopWindowingBounds=null isTopFullScreenWindow=true safeCutoutInsets=null}, pipChange = null, remoteTransition = null, displayChange = null, flags = 0, debugId = 5748 }
04-21 11:56:20.212  2398  2890 V WindowManager:     startWCT=WindowContainerTransaction { changes= {} hops= [] errorCallbackToken=null taskFragmentOrganizer=null }
04-21 11:56:20.213  4013  4068 V ShellRecents: RecentsTransitionHandler.startAnimation: no controller found
04-21 11:56:20.213  4013  4068 V ShellDesktopMode: DesktopMixedTransitionHandler: No pending desktop transition
04-21 11:56:20.213  4013  4068 V WindowManagerShell: Transition doesn't have explicit remote, search filters for match for {id=5748 t=OPEN f=0x0 trk=0 r=[0@Point(0, 0)] c=[{m=OPEN f=FILLS_TASK|IS_ACTIVITY leash=Surface(name=ActivityRecord{23469585 u0 com.hermescourier.android/.MainActivity t8491})/@0xe2d1087 sb=Rect(0, 0 - 0, 0) eb=Rect(0, 0 - 1080, 2520) epz=Point(1080, 2520) d=-1->0 r=-1->0:-1 bc=ff000000 component=com.hermescourier.android/.MainActivity opt={t=FROM_STYLE mUserId=0} inset=Rect(0, 0 - 0, 0) dim=true taskIdForActivity=8491},{m=TO_BACK f=FILLS_TASK|IS_ACTIVITY leash=Surface(name=ActivityRecord{139625874 u0 com.hermescourier.android/.MainActivity t8491})/@0x3a35bb4 sb=Rect(0, 0 - 1080, 2520) eb=Rect(0, 0 - 1080, 2520) epz=Point(1080, 2520) d=0 bc=ff000000 component=com.hermescourier.android/.MainActivity opt={t=FROM_STYLE mUserId=0} inset=Rect(0, 0 - 0, 0) taskIdForActivity=8491}]}
04-21 11:56:20.213  4013  4068 V WindowManagerShell:  Checking filter Pair{{types=[] flags=0x0] notFlags=0x100 checks=[{atype=home independent=true modes=[OPEN,TO_FRONT] flags=NONE mustBeTask=false order=TOP topActivity=ComponentInfo{com.sec.android.app.launcher/com.sec.android.app.launcher.Launcher} launchCookie=null windowingMode=undefined},{atype=recents independent=true modes=[CLOSE,TO_BACK] flags=NONE mustBeTask=false order=ANY topActivity=null launchCookie=null windowingMode=undefined}]} RemoteTransition { remoteTransition = android.window.IRemoteTransition$Stub$Proxy@8652cb7, appThread = android.app.IApplicationThread$Stub$Proxy@33dfc24, debugName = QuickstepLaunchHomeFromRecentsflags =NONE }}
04-21 11:56:20.213  4013  4068 V WindowManagerShell:  Checking filter Pair{{types=[] flags=0x0] notFlags=0x100 checks=[{atype=home independent=true modes=[OPEN,TO_FRONT] flags=NONE mustBeTask=false order=TOP topActivity=ComponentInfo{com.sec.android.app.launcher/com.sec.android.app.launcher.Launcher} launchCookie=null windowingMode=undefined},{atype=standard independent=true modes=[CLOSE,TO_BACK] flags=NONE mustBeTask=false order=ANY topActivity=null launchCookie=null windowingMode=undefined}]} RemoteTransition { remoteTransition = android.window.IRemoteTransition$Stub$Proxy@c0f838d, appThread = android.app.IApplicationThread$Stub$Proxy@8be2942, debugName = QuickstepLaunchHomeflags =NONE }}
04-21 11:56:20.213  4013  4068 V WindowManagerShell:  Delegate animation for (#5748) to null
04-21 11:56:20.213  4013  4068 V WindowManagerShell: start default transition animation, info = {id=5748 t=OPEN f=0x0 trk=0 r=[0@Point(0, 0)] c=[{m=OPEN f=FILLS_TASK|IS_ACTIVITY leash=Surface(name=ActivityRecord{23469585 u0 com.hermescourier.android/.MainActivity t8491})/@0xe2d1087 sb=Rect(0, 0 - 0, 0) eb=Rect(0, 0 - 1080, 2520) epz=Point(1080, 2520) d=-1->0 r=-1->0:-1 bc=ff000000 component=com.hermescourier.android/.MainActivity opt={t=FROM_STYLE mUserId=0} inset=Rect(0, 0 - 0, 0) dim=true taskIdForActivity=8491},{m=TO_BACK f=FILLS_TASK|IS_ACTIVITY leash=Surface(name=ActivityRecord{139625874 u0 com.hermescourier.android/.MainActivity t8491})/@0x3a35bb4 sb=Rect(0, 0 - 1080, 2520) eb=Rect(0, 0 - 1080, 2520) epz=Point(1080, 2520) d=0 bc=ff000000 component=com.hermescourier.android/.MainActivity opt={t=FROM_STYLE mUserId=0} inset=Rect(0, 0 - 0, 0) taskIdForActivity=8491}]}
04-21 11:56:20.213  2398  2890 V WindowManager:     info={id=5748 t=OPEN f=0x0 trk=0 r=[0@Point(0, 0)] c=[
04-21 11:56:20.213  2398  2890 V WindowManager:         {m=OPEN f=FILLS_TASK|IS_ACTIVITY leash=Surface(name=ActivityRecord{23469585 u0 com.hermescourier.android/.MainActivity t8491})/@0x3674cce sb=Rect(0, 0 - 0, 0) eb=Rect(0, 0 - 1080, 2520) epz=Point(1080, 2520) d=-1->0 r=-1->0:-1 bc=ff000000 component=com.hermescourier.android/.MainActivity opt={t=FROM_STYLE mUserId=0} inset=Rect(0, 0 - 0, 0) dim=true taskIdForActivity=8491},
04-21 11:56:20.213  2398  2890 V WindowManager:         {m=TO_BACK f=FILLS_TASK|IS_ACTIVITY leash=Surface(name=ActivityRecord{139625874 u0 com.hermescourier.android/.MainActivity t8491})/@0x67da79c sb=Rect(0, 0 - 1080, 2520) eb=Rect(0, 0 - 1080, 2520) epz=Point(1080, 2520) d=0 bc=ff000000 component=com.hermescourier.android/.MainActivity opt={t=FROM_STYLE mUserId=0} inset=Rect(0, 0 - 0, 0) taskIdForActivity=8491}
04-21 11:56:20.213  2398  2890 V WindowManager:     ]}
04-21 11:56:20.213  5217  5217 E pageboostd: Received HALT command code 2
04-21 11:56:20.214  4013  4068 V WindowManagerShell: loadAnimation: anim=android.view.animation.AnimationSet@cf47f20 animAttr=0x5 type=OPEN isEntrance=false
04-21 11:56:20.214  4013  4068 V WindowManagerShell:    wallpaperTransit=WALLPAPER_NONE translucent=false
04-21 11:56:20.214  4013  4068 V WindowManagerShell:    change={m=TO_BACK f=FILLS_TASK|IS_ACTIVITY leash=Surface(name=ActivityRecord{139625874 u0 com.hermescourier.android/.MainActivity t8491})/@0x3a35bb4 sb=Rect(0, 0 - 1080, 2520) eb=Rect(0, 0 - 1080, 2520) epz=Point(1080, 2520) d=0 bc=ff000000 component=com.hermescourier.android/.MainActivity opt={t=FROM_STYLE mUserId=0} inset=Rect(0, 0 - 0, 0) taskIdForActivity=8491}
04-21 11:56:20.214  4013  4068 D SurfaceComposerClient: [ActivityRecord{139625874 u0 com.hermescourier.android/.MainActivity t8491}#94733] setEdgeExtension Right
04-21 11:56:20.214  4013  4068 V WindowManagerShell: loadAnimation: anim=android.view.animation.AnimationSet@add7a9e animAttr=0x4 type=OPEN isEntrance=true
04-21 11:56:20.214  4013  4068 V WindowManagerShell:    wallpaperTransit=WALLPAPER_NONE translucent=false
04-21 11:56:20.214  4013  4068 V WindowManagerShell:    change={m=OPEN f=FILLS_TASK|IS_ACTIVITY leash=Surface(name=ActivityRecord{23469585 u0 com.hermescourier.android/.MainActivity t8491})/@0xe2d1087 sb=Rect(0, 0 - 0, 0) eb=Rect(0, 0 - 1080, 2520) epz=Point(1080, 2520) d=-1->0 r=-1->0:-1 bc=ff000000 component=com.hermescourier.android/.MainActivity opt={t=FROM_STYLE mUserId=0} inset=Rect(0, 0 - 0, 0) dim=true taskIdForActivity=8491}
04-21 11:56:20.214  1931  2459 I SurfaceFlinger: id=94756 createSurf, flag=20004, DimTransitionLayer for Surface(name=ActivityRecord{23469585 u0 com.hermescourier.android/.MainActivity t8491})/@0xe2d1087#94756
04-21 11:56:20.214  4013  4068 I SurfaceControlRegistry: show, t=StartTransaction_SyncId<5748> sc=DimTransitionLayer for Surface(name=ActivityRecord{23469585 u0 com.hermescourier.android/.MainActivity t8491})/@0xe2d1087, caller=android.view.SurfaceControl$Transaction.show:3500 com.android.wm.shell.transition.DefaultTransitionHandler.startAnimation:2901 com.android.wm.shell.transition.Transitions.dispatchTransition:90 com.android.wm.shell.transition.Transitions.playTransition:809 com.android.wm.shell.transition.Transitions.processReadyQueue:239 com.android.wm.shell.transition.Transitions.dispatchReady:1156 
04-21 11:56:20.214  4013  4068 V WindowManagerShell: attach dim transition, change={m=OPEN f=FILLS_TASK|IS_ACTIVITY leash=Surface(name=ActivityRecord{23469585 u0 com.hermescourier.android/.MainActivity t8491})/@0xe2d1087 sb=Rect(0, 0 - 0, 0) eb=Rect(0, 0 - 1080, 2520) epz=Point(1080, 2520) d=-1->0 r=-1->0:-1 bc=ff000000 component=com.hermescourier.android/.MainActivity opt={t=FROM_STYLE mUserId=0} inset=Rect(0, 0 - 0, 0) dim=true taskIdForActivity=8491}
04-21 11:56:20.214  4013  4068 I SurfaceControlRegistry: apply, t=StartTransaction_SyncId<5748>, caller=android.view.SurfaceControl$Transaction.apply:3402 android.view.SurfaceControl$Transaction.apply:3390 android.view.SurfaceControl$Transaction.apply:3340 com.android.wm.shell.transition.DefaultTransitionHandler.startAnimation:3309 com.android.wm.shell.transition.Transitions.dispatchTransition:90 com.android.wm.shell.transition.Transitions.playTransition:809 
04-21 11:56:20.215  4013  4068 V WindowManagerShell:  animated by com.android.wm.shell.transition.DefaultTransitionHandler@8d39acf
04-21 11:56:20.217  1931  1931 I SurfaceFlinger: RequestedLayer [ActivityRecord{23469585 u0 com.herme[...]r.android/.MainActivity t8491}#94749] hidden!! flag  from(1) --> to(0)
04-21 11:56:20.217  1931  1931 E SurfaceFlinger: alpha changed 1.000 -> 0.000 - ActivityRecord{23469585 u0 com.hermescourier.android/.MainActivity t8491}#94749
04-21 11:56:20.217  1931  1931 I SurfaceFlinger: RequestedLayer [cb5b160 com.hermescourier.android/co[...]escourier.android.MainActivity#94750] hidden!! flag  from(1) --> to(0)
04-21 11:56:20.217  1931  1931 I SurfaceFlinger: RequestedLayer [com.hermescourier.android/com.hermescourier.android.MainActivity$_7875#94751] hidden!! flag  from(1) --> to(0)
04-21 11:56:20.217  1931  1931 I SurfaceFlinger: RequestedLayer [Transition Root: ActivityRecord{2346[...]r.android/.MainActivity t8491}#94755] hidden!! flag  from(1) --> to(0)
04-21 11:56:20.217  4013  4013 D SystemUIService: SYSUI_RAM_OPTIMIZATION onTrimMemory=20
04-21 11:56:20.217  1931  1931 I SurfaceFlinger: RequestedLayer [DimTransitionLayer for Surface(name=[...]ainActivity t8491})/@0xe2d1087#94756] hidden!! flag  from(1) --> to(0)
04-21 11:56:20.217  1931  1931 E SurfaceFlinger: alpha changed 1.000 -> 0.000 - DimTransitionLayer for Surface(name=ActivityRecord{23469585 u0 com.hermescourier.android/.MainActivity t8491})/@0xe2d1087#94756
04-21 11:56:20.217  1931  1931 E SurfaceFlinger: alpha changed 0.000 -> 1.000 - ActivityRecord{23469585 u0 com.hermescourier.android/.MainActivity t8491}#94749
04-21 11:56:20.217  1931  1931 E SurfaceFlinger: alpha changed 0.000 -> 0.000 - DimTransitionLayer for Surface(name=ActivityRecord{23469585 u0 com.hermescourier.android/.MainActivity t8491})/@0xe2d1087#94756
04-21 11:56:20.217  4013  4013 D CentralSurfaces: SYSUI_RAM_OPTIMIZATION onTrimMemory=20
04-21 11:56:20.218  1931  1931 I SurfaceFlinger: [LayerHierarchy{RequestedLayerState{ActivityRecord{139625874 u0 com.hermescourier.android/.MainActivity t8491}#94733 parentId=94755 z=2} 3 children}] reparent to LayerHierarchy{RequestedLayerState{Transition Root: ActivityRecord{23469585 u0 com.hermescourier.android/.MainActivity t8491}#94755 parentId=94732 z=1} 1 children}
04-21 11:56:20.218  1931  1931 I SurfaceFlinger: [LayerHierarchy{RequestedLayerState{ActivityRecord{23469585 u0 com.hermescourier.android/.MainActivity t8491}#94749 parentId=94755 z=5} 1 children}] reparent to LayerHierarchy{RequestedLayerState{Transition Root: ActivityRecord{23469585 u0 com.hermescourier.android/.MainActivity t8491}#94755 parentId=94732 z=1} 2 children}
04-21 11:56:20.218  1931  1931 I SurfaceFlinger: [Transition Root: ActivityRecord{23469585 u0 com.hermescourier.android/.MainActivity t8491}#94755] attach to parent LayerHierarchy{RequestedLayerState{Task=8491#94732 parentId=11 z=24} 1 children}
04-21 11:56:20.218  1931  1931 I SurfaceFlinger: [DimTransitionLayer for Surface(name=ActivityRecord{23469585 u0 com.hermescourier.android/.MainActivity t8491})/@0xe2d1087#94756] attach to parent LayerHierarchy{RequestedLayerState{Transition Root: ActivityRecord{23469585 u0 com.hermescourier.android/.MainActivity t8491}#94755 parentId=94732 z=1} 3 children}
04-21 11:56:20.218  4013  4210 D HWUI    : CacheManager::trimMemory(20)
04-21 11:56:20.218  1931  2091 I SurfaceFlinger: id=94757 createSurf, flag=84000, 66cfa9b ActivityRecordInputSink com.hermescourier.android/.MainActivity#94757
04-21 11:56:20.219 22520 28983 I NetworkScheduler: (REDACTED) Error inserting %s
04-21 11:56:20.220  1931  5043 D NativeSemDvfsManager: acquire:: timeout = 2000 mIsAcquired = 1  mTagName : SurfaceFlinger 
04-21 11:56:20.220  1931  5043 E NativeCustomFrequencyManager: [NativeCFMS] BpCustomFrequencyManager::acquire()
04-21 11:56:20.220  1793  1930 I HYPER-HAL: [RequestManager.cpp]acquire(): Acquired ID : 4297846  [1931 / 1000]    HINT : SF_GPU_MINLOCK    list : [TIMEOUT / 2000] 
04-21 11:56:20.220  2398  3242 D InputDispatcher: Focus entered window (0): cb5b160 com.hermescourier.android/com.hermescourier.android.MainActivity
04-21 11:56:20.226  1931  1931 I SurfaceFlinger: [66cfa9b ActivityRecordInputSink com.hermescourier.android/.MainActivity#94757] attach to parent LayerHierarchy{RequestedLayerState{ActivityRecord{23469585 u0 com.hermescourier.android/.MainActivity t8491}#94749 parentId=94755 z=5} 3 children}
04-21 11:56:20.230  1796  1796 I SS_POWER_HINT_SESSION: SS_ADPF 9316-10267-38b0 destroy
04-21 11:56:20.230  1793  1930 I HYPER-HAL: [RequestManager.cpp]acquire(): Acquired ID : 661113906  [1796 / 34565]    HINT :      list : [TID_LOW_LATENCY / 0] [TID / 32342] [TID / 32343] [TID / 9316] [TID / 32344] 
04-21 11:56:20.230  1793  1930 I HYPER-HAL: [RequestManager.cpp]releaseLocked(): Released ID : 661113906
04-21 11:56:20.230  1793  1930 I HYPER-HAL: [RequestManager.cpp]acquire(): Acquired ID : 661150269  [1796 / 34566]    HINT :      list : [UCLAMP_MIN_BOOST / 0] [TIMEOUT / 0] [TID / 32342] [TID / 32343] [TID / 9316] [TID / 32344] 
04-21 11:56:20.230  1793  1930 I HYPER-HAL: [RequestManager.cpp]releaseLocked(): Released ID : 661150269
04-21 11:56:20.234  1931  1931 E SurfaceFlinger: alpha changed 0.000 -> 0.011 - DimTransitionLayer for Surface(name=ActivityRecord{23469585 u0 com.hermescourier.android/.MainActivity t8491})/@0xe2d1087#94756
04-21 11:56:20.236  1931  1931 D SurfaceFlinger: Display 4630946872173396372 HWC layers:
04-21 11:56:20.236  1931  1931 D SurfaceFlinger:        CLIENT |           33822867456003 | 00002102 | RGBA_8888    |   16.0    0.0 1080.0 2520.0 |    0    0 1080 2520 | com.hermescourier.android/com.hermescourier.android.MainActivity$_7875#94743 (5)
04-21 11:56:20.236  1931  1931 D SurfaceFlinger:   SOLID_COLOR |                        0 | 00000000 | N/A          |    0.0    0.0    0.0    0.0 |    0    0 1080 2520 | DimTransitionLayer for Surface(name=[...]ainActivity t8491})/@0xe2d1087#94756 (0)
04-21 11:56:20.236  1931  1931 D SurfaceFlinger:        DEVICE |           33822867456007 | 00002102 | RGBA_8888    |    0.0    0.0   55.0 2520.0 | 1025    0 1080 2520 | com.hermescourier.android/com.hermescourier.android.MainActivity$_7875#94751 (1)
04-21 11:56:20.236  1931  1931 D SurfaceFlinger:        DEVICE |           17235704259550 | 00002100 | RGBA_8888    |    0.0    0.0 1080.0  110.0 |    0    0 1080  110 | StatusBar$_4013#130 (531162)
04-21 11:56:20.236  1931  1931 D SurfaceFlinger:        DEVICE |           17235704259548 | 00002100 | RGBA_8888    |    0.0    0.0 1080.0  126.0 |    0 2394 1080 2520 | NavigationBar0$_4013#126 (96589)
04-21 11:56:20.236  1931  1931 D SurfaceFlinger: 
04-21 11:56:20.250 32723 32723 I AudioPathManager: loadAudioPath() : loaded audio path is bluetooth (2)
04-21 11:56:20.250 32723 32723 I EffectManager: isSupportDolbyAtmosOnThisAudioPath() : path is bluetooth (2)
04-21 11:56:20.251 32723 32723 I UHQUpscalerManager: isUHQCompatibleBluetooth() : support is 0, mode is 1
04-21 11:56:20.251 32723 32723 I AudioPathManager: loadAudioPath() : loaded audio path is bluetooth (2)
04-21 11:56:20.251 32723 32723 I EffectManager: isSupportVoiceBoostOnCurrentAudioPath() : path is bluetooth (2)
04-21 11:56:20.251 32723 32723 I AudioPathManager: loadAudioPath() : loaded audio path is bluetooth (2)
04-21 11:56:20.251 32723 32723 I EffectManager: isSupportVolumeNormalizationOnCurrentAudioPath() : path is bluetooth (2)
04-21 11:56:20.251 32723 32723 I DVFSHelper: isNecessaryToBoostCPU() : isDolbyOn? true, isUHQUpscalerOn? false, isVoiceBoostOn? true, isVolumeNormalizationOn? false
04-21 11:56:20.251 32723 32723 I SemDvfsHyPerManager: acquire hyper - class com.sec.android.app.soundalive.SoundAliveApplication/32723@0, type = -999
04-21 11:56:20.251 32723 32723 I DVFSHelper: acquireBoostingCPU() : cpu is boosting by hint 10009
04-21 11:56:20.251  1793  1930 I HYPER-HAL: [RequestManager.cpp]acquire(): Acquired ID : 535413726  [32723 / 0]    HINT : SOUNDALIVE_DVFS_45_PERCENT    list : [TIMEOUT / 30000] 
04-21 11:56:20.271  1931  2440 I SurfaceFlinger: Capture layer list: 	 com.hermescourier.android/com.hermescourier.android.MainActivity$_7875#94743(seamlessTransition:0)
04-21 11:56:20.271  1931  2440 I SurfaceFlinger: Capture layer list: 	 DimTransitionLayer for Surface(name=ActivityRecord{23469585 u0 com.hermescourier.android/.MainActivity t8491})/@0xe2d1087#94756(seamlessTransition:0)
04-21 11:56:20.271  1931  2440 I SurfaceFlinger: Capture layer list: 	 com.hermescourier.android/com.hermescourier.android.MainActivity$_7875#94751(seamlessTransition:0)
04-21 11:56:20.275  1058  1058 W keymint_tee: [WRN]begin req PARAMS: A32, BM32, PD1, 
04-21 11:56:20.278  1058  1058 D keymint_swd: keymint_swd keymint [WRN] (km_add_tag:528) skip: non repetable tag already exists with different value: 268435458
04-21 11:56:20.278  1058  1058 D keymint_swd: keymint_swd keymint [WRN] (swd_run_cb:263) swd_begin() returns 0
04-21 11:56:20.278  1058  1058 D android.hardware.security.keymint-service: begin: ret 0
04-21 11:56:20.278  1041 26834 I keystore2: system/security/keystore2/src/security_level.rs:466 - In create_operation. Success to create IKeystoreOperation. 11016, None
04-21 11:56:20.279  1058  1058 D keymint_swd: keymint_swd keymint [WRN] (swd_run_cb:263) swd_update() returns 0
04-21 11:56:20.279  1058  1058 D android.hardware.security.keymint-service: update: ret 0
04-21 11:56:20.280  1844  1844 I SSC_DAEMON: handleSensorTestReqMsg:88, Sensor type :6, Msg type:5
04-21 11:56:20.280  1058  1058 D keymint_swd: keymint_swd keymint [WRN] (swd_run_cb:263) swd_finish() returns 0
04-21 11:56:20.280  1058  1058 D android.hardware.security.keymint-service: finish: ret 0
04-21 11:56:20.280  1058  1058 W keymint_tee: [WRN]begin req PARAMS: A32, BM32, PD1, 
04-21 11:56:20.282  1058  1058 D keymint_swd: keymint_swd keymint [WRN] (km_add_tag:528) skip: non repetable tag already exists with different value: 268435458
04-21 11:56:20.282  1058  1058 D keymint_swd: keymint_swd keymint [WRN] (swd_run_cb:263) swd_begin() returns 0
04-21 11:56:20.282  1058  1058 D android.hardware.security.keymint-service: begin: ret 0
04-21 11:56:20.282  1041 26834 I keystore2: system/security/keystore2/src/security_level.rs:466 - In create_operation. Success to create IKeystoreOperation. 11016, None
04-21 11:56:20.283  1058  1058 D keymint_swd: keymint_swd keymint [WRN] (swd_run_cb:263) swd_update() returns 0
04-21 11:56:20.283  1058  1058 D android.hardware.security.keymint-service: update: ret 0
04-21 11:56:20.284  1058  1058 D keymint_swd: keymint_swd keymint [WRN] (swd_run_cb:263) swd_finish() returns 0
04-21 11:56:20.284  1058  1058 D android.hardware.security.keymint-service: finish: ret 0
04-21 11:56:20.284  1058  1058 W keymint_tee: [WRN]begin req PARAMS: A32, BM32, PD1, 
04-21 11:56:20.287  1058  1058 D keymint_swd: keymint_swd keymint [WRN] (km_add_tag:528) skip: non repetable tag already exists with different value: 268435458
04-21 11:56:20.287  1058  1058 D keymint_swd: keymint_swd keymint [WRN] (swd_run_cb:263) swd_begin() returns 0
04-21 11:56:20.287  1058  1058 D android.hardware.security.keymint-service: begin: ret 0
04-21 11:56:20.287  1041 26834 I keystore2: system/security/keystore2/src/security_level.rs:466 - In create_operation. Success to create IKeystoreOperation. 11016, None
04-21 11:56:20.288  1058  1058 D keymint_swd: keymint_swd keymint [WRN] (swd_run_cb:263) swd_update() returns 0
04-21 11:56:20.288  1058  1058 D android.hardware.security.keymint-service: update: ret 0
04-21 11:56:20.288  1058  1058 D keymint_swd: keymint_swd keymint [WRN] (swd_run_cb:263) swd_finish() returns 0
04-21 11:56:20.288  1058  1058 D android.hardware.security.keymint-service: finish: ret 0
04-21 11:56:20.290  1058  1058 W keymint_tee: [WRN]begin req PARAMS: A32, BM32, PD1, 
04-21 11:56:20.292  1058  1058 D keymint_swd: keymint_swd keymint [WRN] (km_add_tag:528) skip: non repetable tag already exists with different value: 268435458
04-21 11:56:20.292  1058  1058 D keymint_swd: keymint_swd keymint [WRN] (swd_run_cb:263) swd_begin() returns 0
04-21 11:56:20.292  1058  1058 D android.hardware.security.keymint-service: begin: ret 0
04-21 11:56:20.292  1041 26834 I keystore2: system/security/keystore2/src/security_level.rs:466 - In create_operation. Success to create IKeystoreOperation. 11016, None
04-21 11:56:20.292  1058  1058 D keymint_swd: keymint_swd keymint [WRN] (swd_run_cb:263) swd_update() returns 0
04-21 11:56:20.292  1058  1058 D android.hardware.security.keymint-service: update: ret 0
04-21 11:56:20.293  1058  1058 D keymint_swd: keymint_swd keymint [WRN] (swd_run_cb:263) swd_finish() returns 0
04-21 11:56:20.293  1058  1058 D android.hardware.security.keymint-service: finish: ret 0
04-21 11:56:20.294  1058  1058 W keymint_tee: [WRN]begin req PARAMS: A32, BM32, PD1, 
04-21 11:56:20.296  1058  1058 D keymint_swd: keymint_swd keymint [WRN] (km_add_tag:528) skip: non repetable tag already exists with different value: 268435458
04-21 11:56:20.296  1058  1058 D keymint_swd: keymint_swd keymint [WRN] (swd_run_cb:263) swd_begin() returns 0
04-21 11:56:20.296  1058  1058 D android.hardware.security.keymint-service: begin: ret 0
04-21 11:56:20.296  1041 26834 I keystore2: system/security/keystore2/src/security_level.rs:466 - In create_operation. Success to create IKeystoreOperation. 11016, None
04-21 11:56:20.296  1058  1058 D keymint_swd: keymint_swd keymint [WRN] (swd_run_cb:263) swd_update() returns 0
04-21 11:56:20.296  1058  1058 D android.hardware.security.keymint-service: update: ret 0
04-21 11:56:20.297  1058  1058 D keymint_swd: keymint_swd keymint [WRN] (swd_run_cb:263) swd_finish() returns 0
04-21 11:56:20.297  1058  1058 D android.hardware.security.keymint-service: finish: ret 0
04-21 11:56:20.298  1058  1058 W keymint_tee: [WRN]begin req PARAMS: A32, BM32, PD1, 
04-21 11:56:20.300  1058  1058 D keymint_swd: keymint_swd keymint [WRN] (km_add_tag:528) skip: non repetable tag already exists with different value: 268435458
04-21 11:56:20.300  1058  1058 D keymint_swd: keymint_swd keymint [WRN] (swd_run_cb:263) swd_begin() returns 0
04-21 11:56:20.300  1058  1058 D android.hardware.security.keymint-service: begin: ret 0
04-21 11:56:20.300  1041 26834 I keystore2: system/security/keystore2/src/security_level.rs:466 - In create_operation. Success to create IKeystoreOperation. 11016, None
04-21 11:56:20.300  1058  1058 D keymint_swd: keymint_swd keymint [WRN] (swd_run_cb:263) swd_update() returns 0
04-21 11:56:20.301  1058  1058 D android.hardware.security.keymint-service: update: ret 0
04-21 11:56:20.301  1058  1058 D keymint_swd: keymint_swd keymint [WRN] (swd_run_cb:263) swd_finish() returns 0
04-21 11:56:20.301  1058  1058 D android.hardware.security.keymint-service: finish: ret 0
04-21 11:56:20.307  1058  1058 W keymint_tee: [WRN]begin req PARAMS: A32, BM32, PD1, 
04-21 11:56:20.308  1058  1058 D keymint_swd: keymint_swd keymint [WRN] (km_add_tag:528) skip: non repetable tag already exists with different value: 268435458
04-21 11:56:20.308  1058  1058 D keymint_swd: keymint_swd keymint [WRN] (swd_run_cb:263) swd_begin() returns 0
04-21 11:56:20.308  1058  1058 D android.hardware.security.keymint-service: begin: ret 0
04-21 11:56:20.309  1041 26834 I keystore2: system/security/keystore2/src/security_level.rs:466 - In create_operation. Success to create IKeystoreOperation. 11016, None
04-21 11:56:20.309  1058  1058 D keymint_swd: keymint_swd keymint [WRN] (swd_run_cb:263) swd_update() returns 0
04-21 11:56:20.309  1058  1058 D android.hardware.security.keymint-service: update: ret 0
04-21 11:56:20.310  1058  1058 D keymint_swd: keymint_swd keymint [WRN] (swd_run_cb:263) swd_finish() returns 0
04-21 11:56:20.310  1058  1058 D android.hardware.security.keymint-service: finish: ret 0
04-21 11:56:20.311  1058  1058 W keymint_tee: [WRN]begin req PARAMS: A32, BM32, PD1, 
04-21 11:56:20.311  1844  1844 I SSC_DAEMON: handleSensorTestReqMsg:88, Sensor type :6, Msg type:5
04-21 11:56:20.312  1058  1058 D keymint_swd: keymint_swd keymint [WRN] (km_add_tag:528) skip: non repetable tag already exists with different value: 268435458
04-21 11:56:20.312  1058  1058 D keymint_swd: keymint_swd keymint [WRN] (swd_run_cb:263) swd_begin() returns 0
04-21 11:56:20.312  1058  1058 D android.hardware.security.keymint-service: begin: ret 0
04-21 11:56:20.312  1041 26834 I keystore2: system/security/keystore2/src/security_level.rs:466 - In create_operation. Success to create IKeystoreOperation. 11016, None
04-21 11:56:20.313  1058  1058 D keymint_swd: keymint_swd keymint [WRN] (swd_run_cb:263) swd_update() returns 0
04-21 11:56:20.313  1058  1058 D android.hardware.security.keymint-service: update: ret 0
04-21 11:56:20.314  1058  1058 D keymint_swd: keymint_swd keymint [WRN] (swd_run_cb:263) swd_finish() returns 0
04-21 11:56:20.314  1058  1058 D android.hardware.security.keymint-service: finish: ret 0
04-21 11:56:20.314  1058  1058 W keymint_tee: [WRN]begin req PARAMS: A32, BM32, PD1, 
04-21 11:56:20.316  1058  1058 D keymint_swd: keymint_swd keymint [WRN] (km_add_tag:528) skip: non repetable tag already exists with different value: 268435458
