--------- beginning of main
04-21 11:56:17.817  2398  2926 I SemDvfsHyPerManager: acquire hyper - APP_LAUNCH/2398@64, type = -999
--------- beginning of system
04-21 11:56:17.818  2398  6898 D ActivityTaskManager: startActivityAsUser: callingPid=7854, callingUid=2000, caller=com.android.server.am.ActivityManagerService.startActivityAsUserWithFeature:27 com.android.server.am.ActivityManagerShellCommand.runStartActivity:588 com.android.server.am.ActivityManagerShellCommand.onCommand:2030 com.android.modules.utils.BasicShellCommandHandler.exec:97 android.os.ShellCommand.exec:38 com.android.server.am.ActivityManagerService.onShellCommand:164 android.os.Binder.shellCommand:1187 
04-21 11:56:17.818  1793  1930 I HYPER-HAL: [RequestManager.cpp]acquire(): Acquired ID : 3032017  [2398 / 64]    HINT : APP_LAUNCH    list : [TIMEOUT / 700] 
04-21 11:56:17.818  2398  6898 W ActivityTaskManager: callingPackage for (uid=2000, pid=7854) has no WPC
04-21 11:56:17.818  2398  6898 D ActivityTaskManager: DesktopModeLaunchParamsModifier: task=null activity=null task null, skipping
04-21 11:56:17.818  6772  6772 I SemDvfsHyPerManager: acquire hyper - APP_START_SHORT/6772@22, type = -999
04-21 11:56:17.818  2398  6898 D ActivityTaskManager: TaskLaunchParamsModifier:task=null activity=null display-area-from-current-params=null display-area-from-default-fallback=DefaultTaskDisplayArea_d0@223752639 display-id=0 task-display-area-windowing-mode=1 suggested-display-area=DefaultTaskDisplayArea_d0@223752639
04-21 11:56:17.819  1793  1930 I HYPER-HAL: [RequestManager.cpp]acquire(): Acquired ID : 23082637  [6772 / 22]    HINT : APP_START    list : [TIMEOUT / 1500] 
04-21 11:56:17.820  2398  6898 W OptProp : Cannot read opt property android.window.PROPERTY_COMPAT_ALLOW_USER_ASPECT_RATIO_OVERRIDE
04-21 11:56:17.820  2398  6898 W OptProp : Cannot read opt property android.window.PROPERTY_COMPAT_ALLOW_USER_ASPECT_RATIO_FULLSCREEN_OVERRIDE
04-21 11:56:17.820  2398  6898 W OptProp : Cannot read opt property android.window.PROPERTY_COMPAT_ALLOW_RESIZEABLE_ACTIVITY_OVERRIDES
04-21 11:56:17.820  2398  6898 W OptProp : Cannot read opt property android.window.PROPERTY_COMPAT_ALLOW_MIN_ASPECT_RATIO_OVERRIDE
04-21 11:56:17.820  2398  6898 D WindowManager: Transition is created, t=TransitionRecord{8255f1d id=-1 type=OPEN flags=0x0}, caller=com.android.server.wm.Transition.<init>:182 com.android.server.wm.TransitionController.createAndStartCollecting:106 com.android.server.wm.ActivityStarter.executeRequest:3537 com.android.server.wm.ActivityStarter.execute:1752 com.android.server.wm.ActivityTaskManagerService.startActivityAsUser:87 
04-21 11:56:17.821  2398  6898 D BLASTSyncEngine: SyncGroup is created, id=5747, name=Transition-OPEN, caller=com.android.server.wm.BLASTSyncEngine$SyncGroup.<init>:52 com.android.server.wm.TransitionController.moveToCollecting:79 com.android.server.wm.TransitionController.createAndStartCollecting:109 com.android.server.wm.ActivityStarter.executeRequest:3537 com.android.server.wm.ActivityStarter.execute:1752 com.android.server.wm.ActivityTaskManagerService.startActivityAsUser:87 com.android.server.am.ActivityManagerService.startActivityAsUserWithFeature:27 
04-21 11:56:17.821  2398  6898 W BLASTSyncEngine: setSyncMethod, id=5747, method=0, caller=com.android.server.wm.TransitionController.moveToCollecting:91 com.android.server.wm.TransitionController.createAndStartCollecting:109 com.android.server.wm.ActivityStarter.executeRequest:3537 
04-21 11:56:17.821  2398  6898 V WindowManager: Start collecting in Transition: TransitionRecord{8255f1d id=5747 type=OPEN flags=0x0}, caller=com.android.server.wm.TransitionController.createAndStartCollecting:109 com.android.server.wm.ActivityStarter.executeRequest:3537 com.android.server.wm.ActivityStarter.execute:1752 com.android.server.wm.ActivityTaskManagerService.startActivityAsUser:87 com.android.server.am.ActivityManagerService.startActivityAsUserWithFeature:27 
04-21 11:56:17.821  2398  6898 V WindowManager: Collecting in transition 5747: ActivityRecord{139625874 u0 com.hermescourier.android/.MainActivity, caller=com.android.server.wm.TransitionController.collect:7 com.android.server.wm.ActivityStarter.startActivityUnchecked:192 com.android.server.wm.ActivityStarter.executeRequest:3581 com.android.server.wm.ActivityStarter.execute:1752 com.android.server.wm.ActivityTaskManagerService.startActivityAsUser:87 
04-21 11:56:17.821  2398  6898 D ActivityTaskManager: DesktopModeLaunchParamsModifier: task=null activity=ActivityRecord{139625874 u0 com.hermescourier.android/.MainActivity t-1} task null, skipping
04-21 11:56:17.821  2398  6898 D ActivityTaskManager: TaskLaunchParamsModifier:task=null activity=ActivityRecord{139625874 u0 com.hermescourier.android/.MainActivity t-1} display-area-from-current-params=null display-area-from-default-fallback=DefaultTaskDisplayArea_d0@223752639 display-id=0 task-display-area-windowing-mode=1 suggested-display-area=DefaultTaskDisplayArea_d0@223752639
04-21 11:56:17.821  2398  6898 D ActivityTaskManager: DesktopModeLaunchParamsModifier: task=null activity=ActivityRecord{139625874 u0 com.hermescourier.android/.MainActivity t-1} task null, skipping
04-21 11:56:17.821  2398  6898 D ActivityTaskManager: TaskLaunchParamsModifier:task=null activity=ActivityRecord{139625874 u0 com.hermescourier.android/.MainActivity t-1} display-area-from-current-params=null display-area-from-default-fallback=DefaultTaskDisplayArea_d0@223752639 display-id=0 task-display-area-windowing-mode=1 suggested-display-area=DefaultTaskDisplayArea_d0@223752639 non-freeform-task-display-area display-area=DefaultTaskDisplayArea_d0@223752639 default-portrait freeform-size-mismatch=Rect(97, 804 - 983, 1787)
04-21 11:56:17.821  2398  4604 I SemDvfsHyPerManager: acquire hyper - AMS_APP_SWITCH/2398@20, type = -999
04-21 11:56:17.821  1793  1930 I HYPER-HAL: [RequestManager.cpp]acquire(): Acquired ID : 2924591  [2398 / 20]    HINT : AMS_APP_SWITCH    list : 
04-21 11:56:17.821  2398  4604 D ActivityManagerPerformance: AMP_acquire() APP_SWITCH
04-21 11:56:17.822  6772  6772 I SemDvfsHyPerManager: acquire hyper - APP_START_SHORT/6772@22, type = -999
04-21 11:56:17.822  2398  5163 D FreecessController: restrictJobsByOlaf: restrict=true, uid=11016
04-21 11:56:17.822  4013  4013 D SecFlashlightController: onTaskCreated: 8491 null
04-21 11:56:17.822  1793  1930 I HYPER-HAL: [RequestManager.cpp]acquire(): Acquired ID : 23082637  [6772 / 22]    HINT : APP_START    list : [TIMEOUT / 1500] 
04-21 11:56:17.822  1931  4515 I SurfaceFlinger: id=94732 createSurf, flag=24004, Task=8491#94732
04-21 11:56:17.823  2398  2398 D OlafRestriction:  olaf state update: state=true
04-21 11:56:17.823  2398  2398 D OlafRestriction:  trigger onRestrictionStateChanged.
04-21 11:56:17.823  2398  6898 D ActivityTaskManager: DesktopModeLaunchParamsModifier: task=Task{c18b63 #8491 type=standard A=11016:com.hermescourier.android} activity=ActivityRecord{139625874 u0 com.hermescourier.android/.MainActivity t-1} non-desktop, skipping
04-21 11:56:17.823  2398  6898 D ActivityTaskManager: TaskLaunchParamsModifier:task=Task{c18b63 #8491 type=standard A=11016:com.hermescourier.android} activity=ActivityRecord{139625874 u0 com.hermescourier.android/.MainActivity t-1} display-from-task=0 display-id=0 task-display-area-windowing-mode=1 suggested-display-area=DefaultTaskDisplayArea_d0@223752639 inherit-from-task=fullscreen non-freeform-task-display-area display-area=DefaultTaskDisplayArea_d0@223752639 default-portrait freeform-size-mismatch=Rect(97, 804 - 983, 1787)
04-21 11:56:17.823  2398  6898 V WindowManager: Collecting in transition 5747: Task{c18b63 #8491 type=standard A=11016:com.hermescourier.android}, caller=com.android.server.wm.Transition.collectExistenceChange:40 com.android.server.wm.ActivityStarter.setNewTask:43 com.android.server.wm.ActivityStarter.startActivityInner:288 com.android.server.wm.ActivityStarter.startActivityUnchecked:205 com.android.server.wm.ActivityStarter.executeRequest:3581 
04-21 11:56:17.823  2398  6898 W OptProp : Cannot read opt property android.window.PROPERTY_COMPAT_ALLOW_ORIENTATION_OVERRIDE
04-21 11:56:17.823  6755  6755 W ContextImpl: Calling a method in the system process without a qualified user: android.app.ContextImpl.startService:2068 android.content.ContextWrapper.startService:872 android.content.ContextWrapper.startService:872 com.sec.android.diagmonagent.sa.receiver.CFLogReceiver.onReceive:56 android.app.ActivityThread.handleReceiver:5586 
04-21 11:56:17.823  1931  4515 I SurfaceFlinger: id=94733 createSurf, flag=84004, ActivityRecord{139625874 u0 com.hermescourier.android/.MainActivity t8491}#94733
04-21 11:56:17.824  2398  6898 D ActivityTaskManager: scheduleTopResumedActivityChanged, onTop=false, r=ActivityRecord{171712004 u0 com.sec.android.app.launcher/.activities.LauncherActivity t7886}, caller=com.android.server.wm.ActivityTaskSupervisor.scheduleTopResumedActivityStateLossIfNeeded:19 com.android.server.wm.ActivityTaskSupervisor.updateTopResumedActivityIfNeeded:18 com.android.server.wm.TaskDisplayArea.positionChildAt:252 com.android.server.wm.Task.moveToFront:40 com.android.server.wm.ActivityStarter.startActivityInner:315 com.android.server.wm.ActivityStarter.startActivityUnchecked:205 
04-21 11:56:17.824  2398  6898 V WindowManager: Checking theme of starting window: 0x7f0a0008
04-21 11:56:17.824  2398  6898 V WindowManager: Translucent=false Floating=false ShowWallpaper=false Disable=false
04-21 11:56:17.824  2398  6898 D ActivityTaskManager: addStartingWindow: type=2 typeParameter=8b
04-21 11:56:17.824  2398  6898 V WindowManager: Creating SplashScreenStartingData
04-21 11:56:17.824  2398  6898 V WindowManager: Add starting ActivityRecord{139625874 u0 com.hermescourier.android/.MainActivity t8491}: startingData=SplashScreenStartingData{53fa58c removeAfterTransaction= 0}
04-21 11:56:17.824  2398  6898 V WindowManager: Added starting ActivityRecord{139625874 u0 com.hermescourier.android/.MainActivity t8491}: startingWindow=null startingView=com.android.server.wm.StartingSurfaceController$StartingSurface@6d254d5
04-21 11:56:17.824  2398  6898 V WindowManager: Collecting in transition 5747: ActivityRecord{139625874 u0 com.hermescourier.android/.MainActivity t8491}, caller=com.android.server.wm.Transition.collectExistenceChange:40 com.android.server.wm.ActivityStarter.handleStartResult:662 com.android.server.wm.ActivityStarter.startActivityUnchecked:218 com.android.server.wm.ActivityStarter.executeRequest:3581 com.android.server.wm.ActivityStarter.execute:1752 
04-21 11:56:17.825  2398  6898 V WindowManager: Requesting StartTransition: TransitionRecord{8255f1d id=5747 type=OPEN flags=0x0 c=[
04-21 11:56:17.825  2398  6898 V WindowManager:    ChangeInfo{c078e78 container=Task{c18b63 #8491 type=standard A=11016:com.hermescourier.android} flags=0x0}
04-21 11:56:17.825  2398  6898 V WindowManager:    ChangeInfo{5706951 container=Display{#0 state=ON size=1080x2520 ROTATION_0} flags=0x0}
04-21 11:56:17.825  2398  6898 V WindowManager:    ChangeInfo{699b5b6 container=ActivityRecord{139625874 u0 com.hermescourier.android/.MainActivity t8491} flags=0x0}
04-21 11:56:17.825  2398  6898 V WindowManager:    ChangeInfo{59402b7 container=DefaultTaskDisplayArea_d0@223752639 flags=0x0}
04-21 11:56:17.825  2398  6898 V WindowManager: ]
04-21 11:56:17.825  2398  6898 V WindowManager: }, caller=com.android.server.wm.ActivityStarter.handleStartResult:874 com.android.server.wm.ActivityStarter.startActivityUnchecked:218 com.android.server.wm.ActivityStarter.executeRequest:3581 com.android.server.wm.ActivityStarter.execute:1752 com.android.server.wm.ActivityTaskManagerService.startActivityAsUser:87 
04-21 11:56:17.825  2398  6898 I Pageboost: stop alp
04-21 11:56:17.825  2398  6898 I ActivityTaskManager: START u0 {flg=0x10000000 xflg=0x5 cmp=com.hermescourier.android/.MainActivity} with LAUNCH_MULTIPLE from uid 2000 (BAL_ALLOW_PERMISSION) result code=0
04-21 11:56:17.825  2398  6898 I SemDvfsHyPerManager: acquire hyper - AMS_APP_LAUNCH/2398@17, type = -999
04-21 11:56:17.825  1793  1930 I HYPER-HAL: [RequestManager.cpp]acquire(): Acquired ID : 2917337  [2398 / 17]    HINT : AMS_APP_LAUNCH    list : 
04-21 11:56:17.825  4013  4068 V WindowManagerShell: Transition requested (#5747): android.os.BinderProxy@8eea83 TransitionRequestInfo { type = OPEN, triggerTask = TaskInfo{userId=0 taskId=8491 effectiveUid=11016 displayId=0 isRunning=true baseIntent=Intent { flg=0x10000000 cmp=com.hermescourier.android/.MainActivity } baseActivity=ComponentInfo{com.hermescourier.android/com.hermescourier.android.MainActivity} topActivity=ComponentInfo{com.hermescourier.android/com.hermescourier.android.MainActivity} origActivity=null realActivity=ComponentInfo{com.hermescourier.android/com.hermescourier.android.MainActivity} numActivities=1 lastActiveTime=1594311881 supportsMultiWindow=true resizeMode=1 isResizeable=true minWidth=-1 minHeight=-1 maxWidth=-1 maxHeight=-1 defaultMinSize=220 token=WCT{android.window.IWindowContainerToken$Stub$Proxy@c9ff400} topActivityType=1 pictureInPictureParams=null shouldDockBigOverlays=false launchIntoPipHostTaskId=-1 lastParentTaskIdBeforePip=-1 displayCutoutSafeInsets=Rect(0, 110 - 0, 0) topActivityInfo=ActivityInfo{4731439 com.hermescourier.android.MainActivity} launchCookies=[] positionInParent=Point(0, 0) parentTaskId=-1 isFocused=false isVisible=false isVisibleRequested=false isTopActivityNoDisplay=false isSleeping=false locusId=null displayAreaFeatureId=1 isTopActivityTransparent=false isActivityStackTransparent=false lastNonFullscreenBounds=Rect(97, 804 - 983, 1787) capturedLink=null capturedLinkTimestamp=0 requestedVisibleTypes=-9 topActivityRequestOpenInBrowserEducationTimestamp=0 appCompatTaskInfo=AppCompatTaskInfo { topActivityInSizeCompat=false eligibleForLetterboxEducation= false isLetterboxEducationEnabled= false isLetterboxDoubleTapEnabled= false eligibleForUserAspectRatioButton= false topActivityBoundsLetterboxed= false isFromLetterboxDoubleTap= false topActivityLetterboxVerticalPosition= -1 topActivityLetterboxHorizontalPosition= -1 topActivityLetterboxWidth=-1 topActivityLetterboxHeight=-1 topActivityAppBounds=Rect(0, 110 - 1080, 2481) isUserFullscreenOverrideEnabled=false isSystemFullscreenOverrideEnabled=false hasMinAspectRatioOverride=false topActivityLetterboxBounds=null cameraCompatTaskInfo=CameraCompatTaskInfo { freeformCameraCompatMode=inactive} topActivityBounds=null topActivityInDisplayCompat=false singleTapFromLetterbox=false} topActivityMainWindowFrame=null originallySupportedMultiWindow=true hasWallpaper=false rootAffinity=11016:com.hermescourier.android isTopTaskInStage=false CoverLauncherWidgetTask=false LaunchedFromAppsCoverLauncherTask=false LaunchedFromMultistarCoverLauncherTask=false isAllowedSeamlessRotation=false isTopTransparentActivity=false isAliasManaged=false hasConfigChanged=false snappingGuideBounds=null isAiKeyRemoveAppTask=false lastDesktopWindowingBounds=null lastExternalDesktopWindowingBounds=null isTopFullScreenWindow=true safeCutoutInsets=null}, pipChange = null, remoteTransition = null, displayChange = null, flags = 0, debugId = 5747 }
04-21 11:56:17.825  4013  4068 V ShellDesktopMode: DesktopTasksController: isDesktopModeShowing: hasVisibleTasks=false hasTopTransparentFullscreenTask=false
04-21 11:56:17.825  4013  4068 V ShellDesktopMode: DesktopTasksController: isDesktopModeShowing: hasVisibleTasks=false hasTopTransparentFullscreenTask=false
04-21 11:56:17.825  4013  4068 D ShellSplitScreen: logExit: no-op, mLoggerSessionId is null
04-21 11:56:17.825  4013  4068 D ShellDesktopMode: handleRequest: TransitionRequestInfo {type=1, tid=8491, debugId=5747}
04-21 11:56:17.826  5217  5217 E pageboostd: Received HALT command code 2
04-21 11:56:17.826  4658  4658 I HoneySpace.Launcher: !@Boot_EBS_D: Launcher.onPause()
04-21 11:56:17.826  6772  6772 I SemDvfsHyPerManager: acquire hyper - APP_START/6772@24, type = -999
04-21 11:56:17.826  4658  4658 I HoneySpace.Launcher: updateLauncherShowing true -> false
04-21 11:56:17.826  4658 19922 I HoneySpace.SPayHandler: updateSpayHandler launcher activity is paused false
04-21 11:56:17.826  4658 19916 I HoneySpace.TaskbarVisibilityController@90114604@OneUI: launcher showing: false recent showing: false 
04-21 11:56:17.826  4013  4068 V ShellDesktopMode: DesktopTasksController: handleFullscreenTaskLaunch
04-21 11:56:17.826  4013  4068 V ShellDesktopMode: DesktopTasksController: isDesktopModeShowing: hasVisibleTasks=false hasTopTransparentFullscreenTask=false
04-21 11:56:17.826  4013  4068 V ShellDesktopMode: DesktopTasksController: handleRequest result=null
04-21 11:56:17.826  2398  6898 V WindowManager: Checking theme of starting window: 0x7f0a0008
04-21 11:56:17.826  2398  6898 V WindowManager: Translucent=false Floating=false ShowWallpaper=false Disable=false
04-21 11:56:17.827  2398  6898 V WindowManager: Collecting in transition 5747: ActivityRecord{139625874 u0 com.hermescourier.android/.MainActivity t8491}, caller=com.android.server.wm.TransitionController.collect:7 com.android.server.wm.ActivityRecord.setVisibility:132 com.android.server.wm.EnsureActivitiesVisibleHelper.setActivityVisibilityState:221 com.android.server.wm.EnsureActivitiesVisibleHelper.process:281 com.android.server.wm.TaskFragment.updateActivityVisibilities:12 
04-21 11:56:17.827  2398  6898 V WindowManager: Collecting in transition 5747: ActivityRecord{171712004 u0 com.sec.android.app.launcher/.activities.LauncherActivity t7886}, caller=com.android.server.wm.TransitionController.collect:7 com.android.server.wm.ActivityRecord.setVisibility:132 com.android.server.wm.ActivityRecord.makeInvisible:33 com.android.server.wm.EnsureActivitiesVisibleHelper.setActivityVisibilityState:302 com.android.server.wm.EnsureActivitiesVisibleHelper.process:281 
04-21 11:56:17.827  2398  6898 D WindowManager: prepareSync <SYNC_STATE_WAITING_FOR_DRAW>, mPrepareSyncSeqId=0, win=Window{711228f u0 com.sec.android.app.launcher/com.sec.android.app.launcher.activities.LauncherActivity}
04-21 11:56:17.827  2398  6898 D WindowManager: prepareSync <SYNC_STATE_WAITING_FOR_DRAW>, mPrepareSyncSeqId=0, win=Window{2e4dc1d u0 com.sec.android.app.launcher/com.sec.android.app.launcher.activities.LauncherActivity}
04-21 11:56:17.827  2398  6898 V WindowManager: Collecting in transition 5747: WallpaperWindowToken{ba081c1 showWhenLocked=true}_<lock|non-primary>, caller=com.android.server.wm.Transition.collect:351 com.android.server.wm.TransitionController.collect:7 com.android.server.wm.ActivityRecord.setVisibility:132 com.android.server.wm.ActivityRecord.makeInvisible:33 com.android.server.wm.EnsureActivitiesVisibleHelper.setActivityVisibilityState:302 
04-21 11:56:17.827  4013  4139 D ViewRootImpl: desktopMode is false
04-21 11:56:17.827  2398  6898 V WindowManager: Collecting in transition 5747: WallpaperWindowToken{fe6cb78 showWhenLocked=false}_<system|non-primary>, caller=com.android.server.wm.Transition.collect:374 com.android.server.wm.TransitionController.collect:7 com.android.server.wm.ActivityRecord.setVisibility:132 com.android.server.wm.ActivityRecord.makeInvisible:33 com.android.server.wm.EnsureActivitiesVisibleHelper.setActivityVisibilityState:302 
04-21 11:56:17.827  4013  4139 I ViewRootImpl: dVRR is disabled
04-21 11:56:17.827  4013  4210 D NativeCustomFrequencyManager: [NativeCFMS] BpCustomFrequencyManager::BpCustomFrequencyManager()
04-21 11:56:17.827  2398  6898 V WindowManager: Collecting in transition 5747: WallpaperWindowToken{fe6cb78 showWhenLocked=false}_<system|non-primary>, caller=com.android.server.wm.TransitionController.collect:7 com.android.server.wm.WallpaperWindowToken.setVisibility:55 com.android.server.wm.WallpaperController.adjustWallpaperWindows:857 com.android.server.wm.RootWindowContainer.applySurfaceChangesTransaction$1:141 com.android.server.wm.RootWindowContainer.performSurfacePlacementNoTrace:86 
04-21 11:56:17.828  2398  4916 V WindowManager: Starting Transition 5747, caller=com.android.server.wm.WindowOrganizerController.startTransition:47 com.android.server.wm.WindowOrganizerController.startTransition:1 android.window.IWindowOrganizerController$Stub.onTransact:259 
04-21 11:56:17.829  4658  4787 I HoneySpace.TopTaskSource: onTaskMovedToFront : taskId = 8491, displayId = 0
04-21 11:56:17.829  1793  1930 I HYPER-HAL: [RequestManager.cpp]acquire(): Acquired ID : 23096230  [6772 / 24]    HINT : APP_START    list : 
04-21 11:56:17.829  4013  4013 D SecFlashlightController: onTaskCreated: 8491 ComponentInfo{com.hermescourier.android/com.hermescourier.android.MainActivity}
04-21 11:56:17.829  4013  4013 D SecFlashlightController: onTaskMovedToFront: false, 8491
04-21 11:56:17.829  1931  2440 I SurfaceFlinger: Capture layer list: 	 Wallpaper BBQ wrapper 17_system#105(seamlessTransition:0)
04-21 11:56:17.830  1931  2440 I SurfaceFlinger: Capture layer list: 	 com.sec.android.app.launcher/com.sec.android.app.launcher.activities.LauncherActivity$_4658#94724(seamlessTransition:0)
04-21 11:56:17.830  1931  2459 I VSyncReactor: Current= 120, Period= 120, Distance= 0
04-21 11:56:17.831  2398  3790 I CocktailBarManagerServiceContainer: handleMessage: entry what = 6
04-21 11:56:17.831  2398  3790 I CocktailBarManagerServiceImpl: notePauseComponent : no active host
04-21 11:56:17.832  2398  3806 D BackgroundInstallControlService: Package event received: 0
04-21 11:56:17.832  4658 19918 I HoneySpace.RecentTasks: onRecentTasksChanged
04-21 11:56:17.832  4658  4789 I HoneySpace.TopTaskUseCase: topTasks 8491 ComponentInfo{com.hermescourier.android/com.hermescourier.android.MainActivity}[displayId=0]
04-21 11:56:17.832  2398  3863 D SemWifiTransportLayerMonitor.TcpMonitorHandler: MSG_SAVE_PACKAGE_INFO
04-21 11:56:17.832  2398  3863 D SemWifiTransportLayerFileManager: saveWifiPackageInfoToFile
04-21 11:56:17.832  2398  3863 D SemWifiTransportLayerFileManager: writeWifiPackageInfoList
04-21 11:56:17.833  2398  2900 D SGM:FgCheckThread: notePauseComponent(), received pkgName: com.sec.android.app.launcher, userId: 0
04-21 11:56:17.833  2398  2900 D SGM:FgCheckThread: notePauseComponent(), received pkgName: com.sec.android.app.launcher, userId: 0
04-21 11:56:17.833  2398  2900 D SGM:FgCheckThread: notifyFocusInOut(). of pkg: com.sec.android.app.launcher, type: 20, isSecGameFamily: false, userId: 0
04-21 11:56:17.833  2398  2900 D SGM:GameManager: identifyGamePackage. com.sec.android.app.launcher, mCurrentUserId: 0, callingMethodInfo: com.samsung.android.game.SemGameManager.isGamePackage(SemGameManager.java:105)
04-21 11:56:17.833  2398  2900 D SGM:SemGameManager: isGamePackage(), pkgName=com.sec.android.app.launcher, ret=false
04-21 11:56:17.833  2398  2900 D SGM:FgCheckThread:   notifyFocusInOut(). unexpected type. 20
04-21 11:56:17.833  2398  6894 D InputTransport: Input channel constructed: '3bd89bc', fd=1735
04-21 11:56:17.833  1796  1796 I SS_POWER_HINT_SESSION: SS_ADPF 4013-10052-7a90 PowerHintSession createHintSession : , 4207, 4208, 4139, 4210 : 16666667
04-21 11:56:17.833  2398  6894 D InputTransport: Input channel constructed: '3bd89bc', fd=1736
04-21 11:56:17.833  2398  6894 D InputTransport: Input channel constructed: '3bd89bc', fd=1737
04-21 11:56:17.833  2398  6894 D InputTransport: Input channel destroyed: '3bd89bc', fd=1736
04-21 11:56:17.833  2398  6894 D WindowManager: prepareSync <SYNC_STATE_WAITING_FOR_DRAW>, mPrepareSyncSeqId=0, win=Window{3bd89bc u0 Splash Screen com.hermescourier.android}
04-21 11:56:17.834  1931  2091 I SurfaceFlinger: id=94734 createSurf, flag=84004, 3bd89bc Splash Screen com.hermescourier.android#94734
04-21 11:56:17.834  2398  6894 D RestrictionPolicy: isScreenCaptureEnabled : ret=true userId=0
04-21 11:56:17.834  2398  6894 V WindowManager: addWindow: ActivityRecord{139625874 u0 com.hermescourier.android/.MainActivity t8491} startingWindow=Window{3bd89bc u0 Splash Screen com.hermescourier.android}
04-21 11:56:17.834  1793  1930 I HYPER-HAL: [RequestManager.cpp]acquire(): Acquired ID : 661477581  [1796 / 34575]    HINT :      list : [TID_LOW_LATENCY / 1] [TID / 4207] [TID / 4208] [TID / 4139] [TID / 4210] 
04-21 11:56:17.835  2398  6894 V WindowManager: rotationForOrientation(orient=SCREEN_ORIENTATION_UNSPECIFIED (-1), last=ROTATION_0 (0)); user=ROTATION_0 (0) 
04-21 11:56:17.835  2398  6894 D WindowManager: rotationForOrientation, orientationSource=ActivityRecord{139625874 u0 com.hermescourier.android/.MainActivity t8491}
04-21 11:56:17.835  2398  6894 D InputTransport: Input channel destroyed: '3bd89bc', fd=1737
04-21 11:56:17.835  2398  6898 D HintManagerService: SystemUI make new AppHintSession but force pause
04-21 11:56:17.835  2418  2553 I CameraService: onUidStateChanged: uid=10052, procState is changed. (0 -> 1)
04-21 11:56:17.835  1931  1931 I SurfaceFlinger: [Display 0 name="Built-in Screen"#50] setFrameRateCategory: High
04-21 11:56:17.835  1931  1931 I SurfaceFlinger: [Task=8491#94732] attach to parent LayerHierarchy{RequestedLayerState{DefaultTaskDisplayArea_d0#11 parentId=10} 27 children}
04-21 11:56:17.835  1931  1931 I SurfaceFlinger: [ActivityRecord{139625874 u0 com.hermescourier.android/.MainActivity t8491}#94733] attach to parent LayerHierarchy{RequestedLayerState{Task=8491#94732 parentId=11} 1 children}
04-21 11:56:17.835  1931  1931 I SurfaceFlinger: [3bd89bc Splash Screen com.hermescourier.android#94734] attach to parent LayerHierarchy{RequestedLayerState{ActivityRecord{139625874 u0 com.hermescourier.android/.MainActivity t8491}#94733 parentId=94732} 1 children}
04-21 11:56:17.835  4013  4139 D InputTransport: Input channel constructed: '3bd89bc', fd=652
04-21 11:56:17.835  1793  1930 I HYPER-HAL: [RequestManager.cpp]acquire(): Acquired ID : 661477581  [1796 / 34575]    HINT :      list : [TID_LOW_LATENCY / 0] [TID / 4207] [TID / 4208] [TID / 4139] [TID / 4210] 
04-21 11:56:17.836  4013  4139 I InsetsController: onStateChanged: host=Splash Screen com.hermescourier.android, from=android.view.ViewRootImpl.onInsetsStateChanged:3011, state=InsetsState: {mDisplayFrame=Rect(0, 0 - 1080, 2520), mDisplayCutout=DisplayCutout{insets=Rect(0, 110 - 0, 0) waterfall=Insets{left=0, top=0, right=0, bottom=0} boundingRect={Bounds=[Rect(0, 0 - 0, 0), Rect(510, 0 - 570, 110), Rect(0, 0 - 0, 0), Rect(0, 0 - 0, 0)]} cutoutPathParserInfo={CutoutPathParserInfo{displayWidth=1080 displayHeight=2520 physicalDisplayWidth=1080 physicalDisplayHeight=2520 density={2.625} cutoutSpec={M 0,0 H -11.42857142857143 V 41.9047619047619 H 11.42857142857143 V 0 H 0 Z @dp} rotation={0} scale={1.0} physicalPixelDisplaySizeRatio={1.0}}} sideOverrides={}}, mRoundedCorners=RoundedCorners{[RoundedCorner{position=TopLeft, radius=13, center=Point(13, 13)}, RoundedCorner{position=TopRight, radius=13, center=Point(1067, 13)}, RoundedCorner{position=BottomRight, radius=13, center=Point(1067, 2507)}, RoundedCorner{position=BottomLeft, radius=13, center=Point(13, 2507)}]}  mRoundedCornerFrame=Rect(0, 0 - 1080, 2520), mPrivacyIndicatorBounds=PrivacyIndicatorBounds {static bounds=Rect(964, 0 - 1080, 110) rotation=0}, mDisplayShape=DisplayShape{ spec=-311912193 displayWidth=1080 displayHeight=2520 physicalPixelDisplaySizeRatio=1.0 rotation=0 offsetX=0 offsetY=0 scale=1.0}, mSources= { InsetsSource: {9b490004 mType=systemGestures mFrame=[0,0][0,0] mVisible=false mFlags= mSideHint=NONE mBoundingRects=null}, InsetsSource: {9b490005 mType=mandatorySystemGestures mFrame=[0,0][0,0] mVisible=false mFlags= mSideHint=NONE mBoundingRects=null}, InsetsSource: {9b490006 mType=tappableElement mFrame=[0,0][0,0] mVisible=false mFlags= mSideHint=NONE mBoundingRects=null}, InsetsSource: {9b490024 mType=systemGestures mFrame=[0,0][0,0] mVisible=false mFlags= mSideHint=NONE mBoundingRects=null}, InsetsSource: {fbc60000 mType=statusBars mFrame=[0,0][1080,110] mVisible=true mFlags= mSideHint=TOP mBoundingRects=null}, InsetsSource: {fbc60005 mType=mandatorySystemGestures mFrame=[0,0][1080,135] mVisible=true mFlags= mSideHint=TOP mBoundingRects=null}, InsetsSource: {fbc60006 mType=tappableElement mFrame=[0,0][1080,110] mVisible=true mFlags= mSideHint=TOP mBoundingRects=null}, InsetsSource: {3 mType=ime mFrame=[0,0][0,0] mVisible=false mFlags= mSideHint=NONE mBoundingRects=null}, InsetsSource: {27 mType=displayCutout mFrame=[0,0][1080,110] mVisible=true mFlags= mSideHint=TOP mBoundingRects=null}, InsetsSource: {45910001 mType=navigationBars mFrame=[0,2481][1080,2520] mVisible=true mFlags=SUPPRESS_SCRIM mSideHint=BOTTOM mBoundingRects=null}, InsetsSource: {45910004 mType=systemGestures mFrame=[0,0][78,2520] mVisible=true mFlags= mSideHint=LEFT mBoundingRects=null}, InsetsSource: {45910005 mType=mandatorySystemGestures mFrame=[0,2453][1080,2520] mVisible=true mFlags= mSideHint=BOTTOM mBoundingRects=null}, InsetsSource: {45910006 mType=tappableElement mFrame=[0,0][0,0] mVisible=true mFlags= mSideHint=NONE mBoundingRects=null}, InsetsSource: {45910024 mType=systemGestures mFrame=[1002,0][1080,2520] mVisible=true mFlags= mSideHint=RIGHT mBoundingRects=null} }
04-21 11:56:17.836  4013  4139 I VRI[android]@211d7d5: onActiveControlsChanged, removed=false, mAdded=true, caller=android.view.ViewRootImpl.handleInsetsControlChanged:2987 android.view.ViewRootImpl.setView:1999 android.view.WindowManagerGlobal.addView:604 com.android.wm.shell.startingsurface.SplashscreenWindowCreator.addWindow:38 com.android.wm.shell.startingsurface.StartingWindowController$$ExternalSyntheticLambda4.run:1348 
04-21 11:56:17.836  4013  4139 I VRI[android]@211d7d5: synced displayState. AttachInfo displayState=2
04-21 11:56:17.836  2418  2553 W IPCThreadState: Sending oneway calls to frozen process.
04-21 11:56:17.836  1793  1930 I HYPER-HAL: [RequestManager.cpp]releaseLocked(): Released ID : 661477581
04-21 11:56:17.836  1793  1930 I HYPER-HAL: [RequestManager.cpp]acquire(): Acquired ID : 661513954  [1796 / 34576]    HINT :      list : [UCLAMP_MIN_BOOST / 0] [TIMEOUT / 50] [TID / 4207] [TID / 4208] [TID / 4139] [TID / 4210] 
04-21 11:56:17.838  1931  2091 I VSyncReactor: Current= 120, Period= 120, Distance= 121
04-21 11:56:17.839  4013  4139 I VRI[android]@211d7d5: setView = android.widget.FrameLayout@2b96045 IsHRR=false mFlingFrameRateChange=0 TM=true
04-21 11:56:17.839  2398  6929 D InputDispatcher: Focus left window (0): 2e4dc1d com.sec.android.app.launcher/com.sec.android.app.launcher.activities.LauncherActivity
04-21 11:56:17.839  4658  4658 I ImeFocusController: onPreWindowFocus: skipped hasWindowFocus=false mHasImeFocus=true
04-21 11:56:17.839  4013  4210 D HWUI    : HWUI - treat SMPTE_170M as sRGB
04-21 11:56:17.840  4658  4658 I ImeFocusController: onPostWindowFocus: skipped hasWindowFocus=false mHasImeFocus=true
04-21 11:56:17.840  2398  6750 D CoreBackPreview: Window{3bd89bc u0 Splash Screen com.hermescourier.android}: Setting back callback OnBackInvokedCallbackInfo{mCallback=android.window.IOnBackInvokedCallback$Stub$Proxy@caba8d8, mPriority=0, mIsAnimationCallback=false, mOverrideBehavior=0}
04-21 11:56:17.840  2398  4916 I WindowManager: Relayout Window{3bd89bc u0 Splash Screen com.hermescourier.android}: viewVisibility=0 req=1080x2520 ty=3 d0
04-21 11:56:17.840  1931  2091 I SurfaceFlinger: id=94735 createSurf, flag=44004, Splash Screen com.hermescourier.android$_4013#94735
04-21 11:56:17.840  2398  4916 D WindowManager: makeSurface duration=0 name=Splash Screen com.hermescourier.android$_4013
04-21 11:56:17.840  2398  4916 D SurfaceComposerClient: setCornerRadius ## 3bd89bc Splash Screen com.hermescourier.android#94734 cornerRadius=0.000000
04-21 11:56:17.841  2398  4916 D SurfaceComposerClient: setCornerRadius ## 3bd89bc Splash Screen com.hermescourier.android#94734 cornerRadius=0.000000
04-21 11:56:17.841  2398  4916 D WindowManager: Changing focus from Window{2e4dc1d u0 com.sec.android.app.launcher/com.sec.android.app.launcher.activities.LauncherActivity} to null displayId=0 Callers=com.android.server.wm.WindowManagerService.relayoutWindow:1411 com.android.server.wm.Session.relayout:27 android.view.IWindowSession$Stub.onTransact:829 com.android.server.wm.Session.onTransact:1 
04-21 11:56:17.842  2398  3806 D BackgroundInstallControlService: Package event received: 0
04-21 11:56:17.844  1931  1931 I SurfaceFlinger: [LayerHierarchy{RequestedLayerState{ImeContainer#16 parentId=162 relativeParentId=162 z=1} 1 children}] RelativeParent to null
04-21 11:56:17.844  1931  1931 I SurfaceFlinger: [Splash Screen com.hermescourier.android$_4013#94735] attach to parent LayerHierarchy{RequestedLayerState{3bd89bc Splash Screen com.hermescourier.android#94734 parentId=94733} 1 children}
04-21 11:56:17.846  2398  4916 V SystemKeyManager: updateFocusedWindow() is called, 
04-21 11:56:17.846  1677  1677 D Zygote  : Forked child process 7875
04-21 11:56:17.846  2398  2900 I DisplayDeviceRepository: Display device changed render timings: "Built-in Screen", renderFrameRate=120.00001, presentationDeadlineNanos=9333333, appVsyncOffsetNanos=8333333, frameRateOverrides=[{uid=10052 frameRateHz=120.00001}, {uid=10153 frameRateHz=120.00001}]
04-21 11:56:17.846  2398  4916 I WindowManager: Relayout hash=3bd89bc, pid=4013, syncId=-1: mAttrs={(0,0)(fillxfill) sim={adjust=pan} ty=APPLICATION_STARTING fmt=TRANSLUCENT wanim=0x1030001
04-21 11:56:17.846  2398  4916 I WindowManager:   fl=81030118
04-21 11:56:17.846  2398  4916 I WindowManager:   pfl=10000010
04-21 11:56:17.846  2398  4916 I WindowManager:   bhv=1
04-21 11:56:17.846  2398  4916 I WindowManager:   fitSides=0
04-21 11:56:17.846  2398  4916 I WindowManager:   frameRateBoostOnTouch=true
04-21 11:56:17.846  2398  4916 I WindowManager:   dvrrWindowFrameRateHint=true naviIconColor=0}
04-21 11:56:17.846  2398  2927 I ActivityManager: Start proc 7875:com.hermescourier.android/u0a1016 for next-top-activity {com.hermescourier.android/com.hermescourier.android.MainActivity}
04-21 11:56:17.846  2398  2927 I ActivityManager: ProcessObserver broadcast disabled
04-21 11:56:17.847  4013  4139 I VRI[android]@211d7d5: onActiveControlsChanged, removed=false, mAdded=true, caller=android.view.ViewRootImpl.handleInsetsControlChanged:2987 android.view.ViewRootImpl.relayoutWindow:11558 android.view.ViewRootImpl.performTraversals:4755 android.view.ViewRootImpl.doTraversal:3904 android.view.ViewRootImpl$TraversalRunnable.run:12819 
04-21 11:56:17.848  4013  4139 W libc    : Access denied finding property "vendor.gpp.create_frc_extension"
04-21 11:56:17.848  4013  4139 I BufferQueueProducer: [](id:fad00001577,api:0,p:302916816,c:4013) setDequeueTimeout:2077252342
04-21 11:56:17.848  4013  4139 I BLASTBufferQueue_Java: new BLASTBufferQueue, mName= VRI[android]@211d7d5 mNativeObject= 0xb4000072423f6900 caller= android.view.ViewRootImpl.updateBlastSurfaceIfNeeded:3570 android.view.ViewRootImpl.relayoutWindow:11614 android.view.ViewRootImpl.performTraversals:4755 android.view.ViewRootImpl.doTraversal:3904 android.view.ViewRootImpl$TraversalRunnable.run:12819 android.view.Choreographer$CallbackRecord.run:1901 android.view.Choreographer$CallbackRecord.run:1910 android.view.Choreographer.doCallbacks:1367 android.view.Choreographer.doFrame:1292 android.view.Choreographer$FrameDisplayEventReceiver.run:1870 
04-21 11:56:17.848  4013  4139 I BLASTBufferQueue_Java: update, w= 1080 h= 2520 mName = VRI[android]@211d7d5 mNativeObject= 0xb4000072423f6900 sc.mNativeObject= 0xb4000072c206a6d0 format= -3 caller= android.view.ViewRootImpl.updateBlastSurfaceIfNeeded:3575 android.view.ViewRootImpl.relayoutWindow:11614 android.view.ViewRootImpl.performTraversals:4755 android.view.ViewRootImpl.doTraversal:3904 android.view.ViewRootImpl$TraversalRunnable.run:12819 android.view.Choreographer$CallbackRecord.run:1901 
04-21 11:56:17.848  4013  4139 W libc    : Access denied finding property "vendor.gpp.create_frc_extension"
04-21 11:56:17.848  4013  4139 I VRI[android]@211d7d5: Relayout returned: old=(0,0,1080,2520) new=(0,0,1080,2520) relayoutAsync=false req=(1080,2520)0 dur=7 res=0x3 s={true 0xb400007262c64cd0} ch=true seqId=0
04-21 11:56:17.848  4013  4139 I VRI[android]@211d7d5: performConfigurationChange setNightDimText nightDimLevel=0
04-21 11:56:17.849  2398  2901 D SurfaceComposerClient: setCornerRadius ## 3bd89bc Splash Screen com.hermescourier.android#94734 cornerRadius=0.000000
04-21 11:56:17.849  4013  4139 D VRI[android]@211d7d5: mThreadedRenderer.initialize() mSurface={isValid=true 0xb400007262c64cd0} hwInitialized=true
04-21 11:56:17.849  4013  4013 D DisplayLifecycle: updateDisplay id = 0
04-21 11:56:17.849  4658 10286 I HoneySpace.Memory-Monitor: current state = 2, didTrim = false
04-21 11:56:17.849  4013  4173 D StackScroller: onDisplayChanged for predraw skip to 2
04-21 11:56:17.849  2398  4916 D WifiDisplayAdapter: isFitToActiveDisplayLocked : false
04-21 11:56:17.849  4013  4139 D VRI[android]@211d7d5: reportNextDraw android.view.ViewRootImpl.performTraversals:5394 android.view.ViewRootImpl.doTraversal:3904 android.view.ViewRootImpl$TraversalRunnable.run:12819 android.view.Choreographer$CallbackRecord.run:1901 android.view.Choreographer$CallbackRecord.run:1910 
04-21 11:56:17.849  4013  4139 D VRI[android]@211d7d5: Setup new sync=wmsSync-VRI[android]@211d7d5#53
04-21 11:56:17.849  4013  4139 I VRI[android]@211d7d5: Creating new active sync group VRI[android]@211d7d5#54
04-21 11:56:17.850  4013  4139 D VRI[android]@211d7d5: registerCallbacksForSync syncBuffer=false
04-21 11:56:17.850  5714  5783 V OsAgent : broadcastSystemEvent - 7
04-21 11:56:17.851  4013  4208 D VRI[android]@211d7d5: Received frameDrawingCallback syncResult=0 frameNum=1.
04-21 11:56:17.851  4013  4208 I VRI[android]@211d7d5: mWNT: t=0xb40000721219b650 mBlastBufferQueue=0xb4000072423f6900 fn= 1 HdrRenderState mRenderHdrSdrRatio=1.0 caller= android.view.ViewRootImpl$12.onFrameDraw:15352 android.view.ThreadedRenderer$1.onFrameDraw:718 <bottom of call stack> 
04-21 11:56:17.851  4013  4208 I VRI[android]@211d7d5: Setting up sync and frameCommitCallback
04-21 11:56:17.852  4013  4210 I BLASTBufferQueue: [VRI[android]@211d7d5#5485](f:0,a:0,s:0) onFrameAvailable the first frame is available
04-21 11:56:17.852  4013  4210 I SurfaceComposerClient: apply transaction with the first frame. layerId: 94735, bufferData(ID: 17235704259733, frameNumber: 1)
04-21 11:56:17.852  4013  4210 I VRI[android]@211d7d5: Received frameCommittedCallback lastAttemptedDrawFrameNum=1 didProduceBuffer=true
04-21 11:56:17.852 19058 24648 V BinderSender: Uid 11016 starts
04-21 11:56:17.852  1931  4515 I SurfaceFlinger: [Splash Screen com.hermescourier.android$_4013#94735] setTransactionState with the first frame. bufferData(ID: 17235704259733, frameNumber: 1)
04-21 11:56:17.852  4013  4210 D HWUI    : CFMS:: SetUp Pid : 4013    Tid : 4210
04-21 11:56:17.852  4013  4139 D VRI[android]@211d7d5: reportDrawFinished seqId=0
04-21 11:56:17.852  2398  4916 D WindowManager: finishDrawingWindow: Window{3bd89bc u0 Splash Screen com.hermescourier.android} mDrawState=DRAW_PENDING seqId=0
04-21 11:56:17.852  2398  4916 V WindowManager: Finishing drawing window Window{3bd89bc u0 Splash Screen com.hermescourier.android}: mDrawState=DRAW_PENDING
04-21 11:56:17.852  2398  4916 V WindowManager: Draw state now committed in Window{3bd89bc u0 Splash Screen com.hermescourier.android}
04-21 11:56:17.853  2398  2901 D SurfaceComposerClient: setCornerRadius ## 3bd89bc Splash Screen com.hermescourier.android#94734 cornerRadius=0.000000
04-21 11:56:17.853  2398  2901 D SurfaceComposerClient: setCornerRadius ## 3bd89bc Splash Screen com.hermescourier.android#94734 cornerRadius=0.000000
04-21 11:56:17.853  2398  2901 V WindowManager: SyncGroup 5747: Finished!
04-21 11:56:17.853  2398  2901 V WindowManager: performShowLocked: mDrawState=HAS_DRAWN in Window{3bd89bc u0 Splash Screen com.hermescourier.android}
04-21 11:56:17.853  2398  2901 D WindowManagerServiceExt: updateTaskbarTargetIfNeeded: cn=ComponentInfo{com.hermescourier.android/com.hermescourier.android.MainActivity} occludesParent=true isInSplitScreenMode=false
04-21 11:56:17.853  2398  2901 D ChangeTransitionController: onTransactionReady: TransitionRecord{8255f1d id=5747 type=OPEN flags=0x0 c=[
04-21 11:56:17.853  2398  2901 D ChangeTransitionController:    ChangeInfo{93ca1c6 container=RemoteWallpaperAnim:1:1@363554 flags=0x0}
04-21 11:56:17.853  2398  2901 D ChangeTransitionController:    ChangeInfo{c078e78 container=Task{c18b63 #8491 type=standard A=11016:com.hermescourier.android} flags=0x0}
04-21 11:56:17.853  2398  2901 D ChangeTransitionController:    ChangeInfo{d3f6587 container=Task{2c88a8c #7886 type=home I=com.sec.android.app.launcher/.activities.LauncherActivity} flags=0x0}
04-21 11:56:17.853  2398  2901 D ChangeTransitionController:    ChangeInfo{5706951 container=Display{#0 state=ON size=1080x2520 ROTATION_0} flags=0x0}
04-21 11:56:17.853  2398  2901 D ChangeTransitionController:    ChangeInfo{699b5b6 container=ActivityRecord{139625874 u0 com.hermescourier.android/.MainActivity t8491} flags=0x0}
04-21 11:56:17.853  2398  2901 D ChangeTransitionController:    ChangeInfo{2578cb4 container=Task{8f6d308 #1 type=home} flags=0x0}
04-21 11:56:17.853  2398  2901 D ChangeTransitionController:    ChangeInfo{35df0dd container=ActivityRecord{171712004 u0 com.sec.android.app.launcher/.activities.LauncherActivity t7886} flags=0x0}
04-21 11:56:17.853  2398  2901 D ChangeTransitionController:    ChangeInfo{6511452 container=WallpaperWindowToken{ba081c1 showWhenLocked=true}_<lock|non-primary> flags=0x0}
04-21 11:56:17.853  2398  2901 D ChangeTransitionController:    ChangeInfo{59402b7 container=DefaultTaskDisplayArea_d0@223752639 flags=0x0}
04-21 11:56:17.853  2398  2901 D ChangeTransitionController:    ChangeInfo{e22d323 container=WallpaperWindowToken{fe6cb78 showWhenLocked=false}_<system|non-primary> flags=0x0}
04-21 11:56:17.853  2398  2901 D ChangeTransitionController: ]
04-21 11:56:17.853  2398  2901 D ChangeTransitionController: }
04-21 11:56:17.853  2398  2901 V WindowManager: Start calculating TransitionInfo based on participants: {Task{c18b63 #8491 type=standard A=11016:com.hermescourier.android}, ActivityRecord{139625874 u0 com.hermescourier.android/.MainActivity t8491}, ActivityRecord{171712004 u0 com.sec.android.app.launcher/.activities.LauncherActivity t7886}, WallpaperWindowToken{ba081c1 showWhenLocked=true}_<lock|non-primary>, WallpaperWindowToken{fe6cb78 showWhenLocked=false}_<system|non-primary>}
04-21 11:56:17.853  2398  2901 V WindowManager:   Final targets: [ChangeInfo{c078e78 container=Task{c18b63 #8491 type=standard A=11016:com.hermescourier.android} flags=0x10}, ChangeInfo{2578cb4 container=Task{8f6d308 #1 type=home} flags=0x10}, ChangeInfo{e22d323 container=WallpaperWindowToken{fe6cb78 showWhenLocked=false}_<system|non-primary> flags=0x0}]
04-21 11:56:17.853  4658  4658 I HoneySpace.TaskbarVisibilityController@90114604@OneUI: onTaskbarIconVisibleChangeRequest return by cover state
04-21 11:56:17.853  1931  4515 I SurfaceFlinger: id=94736 createSurf, flag=84004, Transition Root: Task=8491#94736
04-21 11:56:17.854  2398  2901 I SurfaceControlRegistry: show, t=StartTransaction_SyncId<5747> sc=ActivityRecord{139625874 u0 com.hermescourier.android/.MainActivity t8491}, caller=android.view.SurfaceControl$Transaction.show:3500 com.android.server.wm.Transition.onTransactionReady:1999 com.android.server.wm.BLASTSyncEngine$SyncGroup.finishNow:245 com.android.server.wm.BLASTSyncEngine.onSurfacePlacement:263 com.android.server.wm.RootWindowContainer.performSurfacePlacementNoTrace:1110 com.android.server.wm.WindowSurfacePlacer.performSurfacePlacement:166 
04-21 11:56:17.854  2398  2901 D SurfaceComposerClient: setCornerRadius ## WallpaperWindowToken{fe6cb78 showWhenLocked=false}#95 cornerRadius=0.000000
04-21 11:56:17.854  2398  2901 D SurfaceComposerClient: setCornerRadius ## Task=1#68 cornerRadius=0.000000
04-21 11:56:17.854  2398  2901 D SurfaceComposerClient: setCornerRadius ## Task=8491#94732 cornerRadius=0.000000
04-21 11:56:17.854  2398  2901 V WindowManager: Calling onTransitionReady: {id=5747 t=OPEN f=0x0 trk=0 r=[0@Point(0, 0)] c=[
04-21 11:56:17.854  2398  2901 V WindowManager:         {WCT{RemoteToken{a457e7f Task{c18b63 #8491 type=standard A=11016:com.hermescourier.android}}} m=OPEN f=NONE leash=Surface(name=Task=8491)/@0x54dbdd9 sb=Rect(0, 0 - 1080, 2520) eb=Rect(0, 0 - 1080, 2520) epz=Point(1080, 2520) d=0 taskParent=-1 inset=Rect(0, 110 - 0, 39) dim=true allowAppBgLayer=true},
04-21 11:56:17.854  2398  2901 V WindowManager:         {WCT{RemoteToken{dfc0ced Task{8f6d308 #1 type=home}}} m=TO_BACK f=SHOW_WALLPAPER|EDGE_EXTENSION_RESTRICTION leash=Surface(name=Task=1)/@0x7d64c19 sb=Rect(0, 0 - 1080, 2520) eb=Rect(0, 0 - 1080, 2520) epz=Point(1080, 2520) d=0 taskParent=-1 inset=Rect(0, 110 - 0, 39)},
04-21 11:56:17.854  2398  2901 V WindowManager:         {m=TO_BACK f=IS_WALLPAPER|IS_FIXED_PORTRAIT p=WCT{RemoteToken{94050c8 RemoteWallpaperAnim:1:1@363554}} leash=Surface(name=WallpaperWindowToken{fe6cb78 showWhenLocked=false})/@0xa5a7f17 sb=Rect(0, 0 - 1080, 2520) eb=Rect(0, 0 - 1080, 2520) epz=Point(1080, 2520) d=0 inset=Rect(0, 0 - 0, 0)}
04-21 11:56:17.854  2398  2901 V WindowManager:     ]}
04-21 11:56:17.854  2398  2901 D PowerManagerService: [api] setPowerBoost(L) boost:0, durationMs:0, caller (uid: 1000 pid: 2398) <- m() in com.android.server.display.DisplayManagerService$BinderService$$ExternalSyntheticOutline0:1
04-21 11:56:17.855  4013  6369 V WindowManagerShell: onTransitionReady(transaction=10299332255142)
04-21 11:56:17.855  4013  4068 V WindowManagerShell: onTransitionReady (#5747) android.os.BinderProxy@8eea83: {id=5747 t=OPEN f=0x0 trk=0 r=[0@Point(0, 0)] c=[
04-21 11:56:17.855  4013  4068 V WindowManagerShell:         {m=OPEN f=NONE leash=Surface(name=Task=8491)/@0x9f45243 sb=Rect(0, 0 - 1080, 2520) eb=Rect(0, 0 - 1080, 2520) epz=Point(1080, 2520) d=0 taskParent=-1 inset=Rect(0, 110 - 0, 39) dim=true allowAppBgLayer=true},
04-21 11:56:17.855  4013  4068 V WindowManagerShell:         {m=TO_BACK f=SHOW_WALLPAPER|EDGE_EXTENSION_RESTRICTION leash=Surface(name=Task=1)/@0xe9a0c0 sb=Rect(0, 0 - 1080, 2520) eb=Rect(0, 0 - 1080, 2520) epz=Point(1080, 2520) d=0 taskParent=-1 inset=Rect(0, 110 - 0, 39)},
04-21 11:56:17.855  4013  4068 V WindowManagerShell:         {m=TO_BACK f=IS_WALLPAPER|IS_FIXED_PORTRAIT p=WCT{android.window.IWindowContainerToken$Stub$Proxy@bffcf9f} leash=Surface(name=WallpaperWindowToken{fe6cb78 showWhenLocked=false})/@0x6f421f9 sb=Rect(0, 0 - 1080, 2520) eb=Rect(0, 0 - 1080, 2520) epz=Point(1080, 2520) d=0 inset=Rect(0, 0 - 0, 0)}
04-21 11:56:17.855  4013  4068 V WindowManagerShell:     ]}
04-21 11:56:17.855  1931  1931 I SurfaceFlinger: [Transition Root: Task=8491#94736] attach to parent LayerHierarchy{RequestedLayerState{DefaultTaskDisplayArea_d0#11 parentId=10} 28 children}
04-21 11:56:17.855  4013  4068 V ShellDesktopMode: DesktopModeLogger: taskInfo map after processing changes 0
04-21 11:56:17.855  2398  2890 V WindowManager: Sent Transition (#5747) createdAt=04-21 11:56:17.820 via request=TransitionRequestInfo { type = OPEN, triggerTask = TaskInfo{userId=0 taskId=8491 effectiveUid=11016 displayId=0 isRunning=true baseIntent=Intent { flg=0x10000000 cmp=com.hermescourier.android/.MainActivity } baseActivity=ComponentInfo{com.hermescourier.android/com.hermescourier.android.MainActivity} topActivity=ComponentInfo{com.hermescourier.android/com.hermescourier.android.MainActivity} origActivity=null realActivity=ComponentInfo{com.hermescourier.android/com.hermescourier.android.MainActivity} numActivities=1 lastActiveTime=1594311881 supportsMultiWindow=true resizeMode=1 isResizeable=true minWidth=-1 minHeight=-1 maxWidth=-1 maxHeight=-1 defaultMinSize=220 token=WCT{RemoteToken{a457e7f Task{c18b63 #8491 type=standard A=11016:com.hermescourier.android}}} topActivityType=1 pictureInPictureParams=null shouldDockBigOverlays=false launchIntoPipHostTaskId=-1 lastParentTaskIdBeforePip=-1 displayCutoutSafeInsets=Rect(0, 110 - 0, 0) topActivityInfo=ActivityInfo{15bbe4c com.hermescourier.android.MainActivity} launchCookies=[] positionInParent=Point(0, 0) parentTaskId=-1 isFocused=false isVisible=false isVisibleRequested=false isTopActivityNoDisplay=false isSleeping=false locusId=null displayAreaFeatureId=1 isTopActivityTransparent=false isActivityStackTransparent=false lastNonFullscreenBounds=Rect(97, 804 - 983, 1787) capturedLink=null capturedLinkTimestamp=0 requestedVisibleTypes=-9 topActivityRequestOpenInBrowserEducationTimestamp=0 appCompatTaskInfo=AppCompatTaskInfo { topActivityInSizeCompat=false eligibleForLetterboxEducation= false isLetterboxEducationEnabled= false isLetterboxDoubleTapEnabled= false eligibleForUserAspectRatioButton= false topActivityBoundsLetterboxed= false isFromLetterboxDoubleTap= false topActivityLetterboxVerticalPosition= -1 topActivityLetterboxHorizontalPosition= -1 topActivityLetterboxWidth=-1 topActivityLetterboxHeight=-1 topActivityAppBounds=Rect(0, 110 - 1080, 2481) isUserFullscreenOverrideEnabled=false isSystemFullscreenOverrideEnabled=false hasMinAspectRatioOverride=false topActivityLetterboxBounds=null cameraCompatTaskInfo=CameraCompatTaskInfo { freeformCameraCompatMode=inactive} topActivityBounds=null topActivityInDisplayCompat=false singleTapFromLetterbox=false} topActivityMainWindowFrame=null originallySupportedMultiWindow=true hasWallpaper=false rootAffinity=11016:com.hermescourier.android isTopTaskInStage=false CoverLauncherWidgetTask=false LaunchedFromAppsCoverLauncherTask=false LaunchedFromMultistarCoverLauncherTask=false isAllowedSeamlessRotation=false isTopTransparentActivity=false isAliasManaged=false hasConfigChanged=false snappingGuideBounds=null isAiKeyRemoveAppTask=false lastDesktopWindowingBounds=null lastExternalDesktopWindowingBounds=null isTopFullScreenWindow=true safeCutoutInsets=null}, pipChange = null, remoteTransition = null, displayChange = null, flags = 0, debugId = 5747 }
