04-21 11:56:17.855  2398  2901 I WindowManager: Cancelling animation restarting=true, leash=Surface(name=Surface(name=ee68606 NavigationBar0)/@0x9729b8a - animation-leash of insets_animation)/@0xefca493
04-21 11:56:17.855  2398  2890 V WindowManager:     startWCT=WindowContainerTransaction { changes= {} hops= [] errorCallbackToken=null taskFragmentOrganizer=null }
04-21 11:56:17.855  7875  7875 I courier.android: Late-enabling -Xcheck:jni
04-21 11:56:17.855  2398  2901 I WindowManager: Reparenting to original parent: Surface(name=WindowToken{6812c5c type=2019 android.os.BinderProxy@551bf2e})/@0x7ec75fb, destroy=false, surface=Surface(name=ee68606 NavigationBar0)/@0x9729b8a
04-21 11:56:17.855  2398  2890 V WindowManager:     info={id=5747 t=OPEN f=0x0 trk=0 r=[0@Point(0, 0)] c=[
04-21 11:56:17.855  2398  2890 V WindowManager:         {WCT{RemoteToken{a457e7f Task{c18b63 #8491 type=standard A=11016:com.hermescourier.android}}} m=OPEN f=NONE leash=Surface(name=Task=8491)/@0x54dbdd9 sb=Rect(0, 0 - 1080, 2520) eb=Rect(0, 0 - 1080, 2520) epz=Point(1080, 2520) d=0 taskParent=-1 inset=Rect(0, 110 - 0, 39) dim=true allowAppBgLayer=true},
04-21 11:56:17.855  2398  2890 V WindowManager:         {WCT{RemoteToken{dfc0ced Task{8f6d308 #1 type=home}}} m=TO_BACK f=SHOW_WALLPAPER|EDGE_EXTENSION_RESTRICTION leash=Surface(name=Task=1)/@0x7d64c19 sb=Rect(0, 0 - 1080, 2520) eb=Rect(0, 0 - 1080, 2520) epz=Point(1080, 2520) d=0 taskParent=-1 inset=Rect(0, 110 - 0, 39)},
04-21 11:56:17.855  2398  2890 V WindowManager:         {m=TO_BACK f=IS_WALLPAPER|IS_FIXED_PORTRAIT p=WCT{RemoteToken{94050c8 RemoteWallpaperAnim:1:1@363554}} leash=Surface(name=WallpaperWindowToken{fe6cb78 showWhenLocked=false})/@0xa5a7f17 sb=Rect(0, 0 - 1080, 2520) eb=Rect(0, 0 - 1080, 2520) epz=Point(1080, 2520) d=0 inset=Rect(0, 0 - 0, 0)}
04-21 11:56:17.855  2398  2890 V WindowManager:     ]}
04-21 11:56:17.855  2398  2901 I WindowManager: Reparenting to leash, surface=Surface(name=ee68606 NavigationBar0)/@0x9729b8a, leashParent=Surface(name=WindowToken{6812c5c type=2019 android.os.BinderProxy@551bf2e})/@0x7ec75fb
04-21 11:56:17.856  1931  4515 I SurfaceFlinger: id=94737 createSurf, flag=24000, Surface(name=ee68606 NavigationBar0)/@0x9729b8a - animation-leash of insets_animation#94737
04-21 11:56:17.856  2398  2901 D WindowManager: makeSurface duration=0 leash=Surface(name=Surface(name=ee68606 NavigationBar0)/@0x9729b8a - animation-leash of insets_animation)/@0xeac7338
04-21 11:56:17.856  4013  4068 D ShellDesktopMode: DesktopTaskChangeListener: onTaskOpening for taskId=8491, displayId=0
04-21 11:56:17.856  2398  2901 D InsetsSourceProvider: updateControlForTarget: control=InsetsSourceControl: {45910001 mType=navigationBars initiallyVisible mSurfacePosition=Point(0, 2394) mInsetsHint=Insets{left=0, top=0, right=0, bottom=39}}, target=Window{3bd89bc u0 Splash Screen com.hermescourier.android}, from=com.android.server.wm.InsetsStateController.onControlTargetChanged:83 com.android.server.wm.InsetsPolicy.updateBarControlTarget:188 com.android.server.wm.DisplayPolicy.updateSystemBarAttributes:250 com.android.server.wm.DisplayPolicy.finishPostLayoutPolicyLw:17 com.android.server.wm.RootWindowContainer.applySurfaceChangesTransaction$1:195 
04-21 11:56:17.856  2398  2901 I WindowManager: Cancelling animation restarting=true, leash=Surface(name=Surface(name=3b87977 StatusBar)/@0xd0f69cf - animation-leash of insets_animation)/@0xf8204c9
04-21 11:56:17.856  2398  2901 I WindowManager: Reparenting to original parent: Surface(name=WindowToken{4becf76 type=2000 android.os.BinderProxy@e772238})/@0x6e74f5c, destroy=false, surface=Surface(name=3b87977 StatusBar)/@0xd0f69cf
04-21 11:56:17.856  2398  2901 I WindowManager: Reparenting to leash, surface=Surface(name=3b87977 StatusBar)/@0xd0f69cf, leashParent=Surface(name=WindowToken{4becf76 type=2000 android.os.BinderProxy@e772238})/@0x6e74f5c
04-21 11:56:17.856  1931  4515 I SurfaceFlinger: id=94738 createSurf, flag=24000, Surface(name=3b87977 StatusBar)/@0xd0f69cf - animation-leash of insets_animation#94738
04-21 11:56:17.856  2398  2901 D WindowManager: makeSurface duration=0 leash=Surface(name=Surface(name=3b87977 StatusBar)/@0xd0f69cf - animation-leash of insets_animation)/@0xf570876
04-21 11:56:17.856  4013  4068 I SurfaceControlRegistry: hide, t=FinishTransaction_SyncId<5747> sc=Task=1, caller=android.view.SurfaceControl$Transaction.hide:3526 com.android.wm.shell.transition.Transitions.dispatchReady:1070 com.android.wm.shell.transition.Transitions.onTransitionReady:251 com.android.wm.shell.transition.Transitions$TransitionPlayerImpl$$ExternalSyntheticLambda0.run:13 android.os.Handler.handleCallback:995 android.os.Handler.dispatchMessage:103 
04-21 11:56:17.856  2398  2901 D InsetsSourceProvider: updateControlForTarget: control=InsetsSourceControl: {fbc60000 mType=statusBars initiallyVisible mSurfacePosition=Point(0, 0) mInsetsHint=Insets{left=0, top=110, right=0, bottom=0}}, target=Window{3bd89bc u0 Splash Screen com.hermescourier.android}, from=com.android.server.wm.InsetsStateController.onControlTargetChanged:83 com.android.server.wm.InsetsPolicy.updateBarControlTarget:175 com.android.server.wm.DisplayPolicy.updateSystemBarAttributes:250 com.android.server.wm.DisplayPolicy.finishPostLayoutPolicyLw:17 com.android.server.wm.RootWindowContainer.applySurfaceChangesTransaction$1:195 
04-21 11:56:17.856  2398  2901 I WindowManager: Cancelling animation restarting=true, leash=Surface(name=Surface(name=9fc5b0a TaskbarWindow)/@0x7d2c547 - animation-leash of insets_animation)/@0x42f6ef
04-21 11:56:17.856  2398  2901 I WindowManager: Reparenting to original parent: Surface(name=WindowToken{931682d type=2024 android.os.BinderProxy@f3e09a8})/@0x8c3d174, destroy=false, surface=Surface(name=9fc5b0a TaskbarWindow)/@0x7d2c547
04-21 11:56:17.856  4013  4068 I SurfaceControlRegistry: show, t=StartTransaction_SyncId<5747> sc=Task=8491, caller=android.view.SurfaceControl$Transaction.show:3500 com.android.wm.shell.transition.Transitions.dispatchReady:1087 com.android.wm.shell.transition.Transitions.onTransitionReady:251 com.android.wm.shell.transition.Transitions$TransitionPlayerImpl$$ExternalSyntheticLambda0.run:13 android.os.Handler.handleCallback:995 android.os.Handler.dispatchMessage:103 
04-21 11:56:17.856  2398  2901 I WindowManager: Reparenting to leash, surface=Surface(name=9fc5b0a TaskbarWindow)/@0x7d2c547, leashParent=Surface(name=WindowToken{931682d type=2024 android.os.BinderProxy@f3e09a8})/@0x8c3d174
04-21 11:56:17.856  4013  4068 I SurfaceControlRegistry: show, t=FinishTransaction_SyncId<5747> sc=Task=8491, caller=android.view.SurfaceControl$Transaction.show:3500 com.android.wm.shell.transition.Transitions.dispatchReady:1134 com.android.wm.shell.transition.Transitions.onTransitionReady:251 com.android.wm.shell.transition.Transitions$TransitionPlayerImpl$$ExternalSyntheticLambda0.run:13 android.os.Handler.handleCallback:995 android.os.Handler.dispatchMessage:103 
04-21 11:56:17.856  1931  4515 I SurfaceFlinger: id=94739 createSurf, flag=24000, Surface(name=9fc5b0a TaskbarWindow)/@0x7d2c547 - animation-leash of insets_animation#94739
04-21 11:56:17.856  4013  4068 V WindowManagerShell: Playing animation for (#5747) android.os.BinderProxy@8eea83@0
04-21 11:56:17.856  2398  2901 D WindowManager: makeSurface duration=0 leash=Surface(name=Surface(name=9fc5b0a TaskbarWindow)/@0x7d2c547 - animation-leash of insets_animation)/@0x518ae4
04-21 11:56:17.856  4013  4068 I SurfaceControlRegistry: show, t=StartTransaction_SyncId<5747> sc=Transition Root: Task=8491, caller=android.view.SurfaceControl$Transaction.show:3500 com.android.wm.shell.transition.Transitions.playTransition:79 com.android.wm.shell.transition.Transitions.processReadyQueue:239 com.android.wm.shell.transition.Transitions.dispatchReady:1156 com.android.wm.shell.transition.Transitions.onTransitionReady:251 com.android.wm.shell.transition.Transitions$TransitionPlayerImpl$$ExternalSyntheticLambda0.run:13 
04-21 11:56:17.856  2398  2901 D InsetsSourceProvider: updateControlForTarget: control=InsetsSourceControl: {9b490001 mType=navigationBars initiallyVisible mSurfacePosition=Point(0, 1608) mInsetsHint=Insets{left=0, top=0, right=0, bottom=31}}, target=Window{3bd89bc u0 Splash Screen com.hermescourier.android}, from=com.android.server.wm.InsetsStateController.onControlTargetChanged:83 com.android.server.wm.InsetsPolicy.updateBarControlTarget:188 com.android.server.wm.DisplayPolicy.updateSystemBarAttributes:250 com.android.server.wm.DisplayPolicy.finishPostLayoutPolicyLw:17 com.android.server.wm.RootWindowContainer.applySurfaceChangesTransaction$1:195 
04-21 11:56:17.856  2398  2901 D WindowManager: updateSystemBarAttributes: displayId=0, focusedCanBeNavColorWin=false, win=Window{3bd89bc u0 Splash Screen com.hermescourier.android}, navColorWin=Window{3bd89bc u0 Splash Screen com.hermescourier.android}, caller=com.android.server.wm.DisplayPolicy.finishPostLayoutPolicyLw:17 com.android.server.wm.RootWindowContainer.applySurfaceChangesTransaction$1:195 com.android.server.wm.RootWindowContainer.performSurfacePlacementNoTrace:86 
04-21 11:56:17.856  2398  2901 D WindowManager: updateSystemBarAttributes, bhv=1, apr=0, statusBarAprRegions=[AppearanceRegion{ bounds=[0,0][1080,2520]}], requestedVisibilities=-9
04-21 11:56:17.856  4013  4068 V ShellRecents: RecentsTransitionHandler.startAnimation: no controller found
04-21 11:56:17.857  2398  2901 D SurfaceComposerClient: setCornerRadius ## 3bd89bc Splash Screen com.hermescourier.android#94734 cornerRadius=0.000000
04-21 11:56:17.857  4013  4068 V ShellDesktopMode: DesktopMixedTransitionHandler: No pending desktop transition
04-21 11:56:17.857  4013  4068 V WindowManagerShell: Transition doesn't have explicit remote, search filters for match for {id=5747 t=OPEN f=0x0 trk=0 r=[0@Point(0, 0)] c=[{m=OPEN f=NONE leash=Surface(name=Task=8491)/@0x9f45243 sb=Rect(0, 0 - 1080, 2520) eb=Rect(0, 0 - 1080, 2520) epz=Point(1080, 2520) d=0 taskParent=-1 inset=Rect(0, 110 - 0, 39) dim=true allowAppBgLayer=true},{m=TO_BACK f=SHOW_WALLPAPER|EDGE_EXTENSION_RESTRICTION leash=Surface(name=Task=1)/@0xe9a0c0 sb=Rect(0, 0 - 1080, 2520) eb=Rect(0, 0 - 1080, 2520) epz=Point(1080, 2520) d=0 taskParent=-1 inset=Rect(0, 110 - 0, 39)},{m=TO_BACK f=IS_WALLPAPER|IS_FIXED_PORTRAIT p=WCT{android.window.IWindowContainerToken$Stub$Proxy@bffcf9f} leash=Surface(name=WallpaperWindowToken{fe6cb78 showWhenLocked=false})/@0x6f421f9 sb=Rect(0, 0 - 1080, 2520) eb=Rect(0, 0 - 1080, 2520) epz=Point(1080, 2520) d=0 inset=Rect(0, 0 - 0, 0)}]}
04-21 11:56:17.857  4013  4068 V WindowManagerShell:  Checking filter Pair{{types=[] flags=0x0] notFlags=0x100 checks=[{atype=home independent=true modes=[OPEN,TO_FRONT] flags=NONE mustBeTask=false order=TOP topActivity=ComponentInfo{com.sec.android.app.launcher/com.sec.android.app.launcher.Launcher} launchCookie=null windowingMode=undefined},{atype=recents independent=true modes=[CLOSE,TO_BACK] flags=NONE mustBeTask=false order=ANY topActivity=null launchCookie=null windowingMode=undefined}]} RemoteTransition { remoteTransition = android.window.IRemoteTransition$Stub$Proxy@8652cb7, appThread = android.app.IApplicationThread$Stub$Proxy@33dfc24, debugName = QuickstepLaunchHomeFromRecentsflags =NONE }}
04-21 11:56:17.857  4013  4068 V WindowManagerShell:  Checking filter Pair{{types=[] flags=0x0] notFlags=0x100 checks=[{atype=home independent=true modes=[OPEN,TO_FRONT] flags=NONE mustBeTask=false order=TOP topActivity=ComponentInfo{com.sec.android.app.launcher/com.sec.android.app.launcher.Launcher} launchCookie=null windowingMode=undefined},{atype=standard independent=true modes=[CLOSE,TO_BACK] flags=NONE mustBeTask=false order=ANY topActivity=null launchCookie=null windowingMode=undefined}]} RemoteTransition { remoteTransition = android.window.IRemoteTransition$Stub$Proxy@c0f838d, appThread = android.app.IApplicationThread$Stub$Proxy@8be2942, debugName = QuickstepLaunchHomeflags =NONE }}
04-21 11:56:17.857  4013  4068 V WindowManagerShell:  Delegate animation for (#5747) to null
04-21 11:56:17.857  4013  4068 V WindowManagerShell: start default transition animation, info = {id=5747 t=OPEN f=0x0 trk=0 r=[0@Point(0, 0)] c=[{m=OPEN f=NONE leash=Surface(name=Task=8491)/@0x9f45243 sb=Rect(0, 0 - 1080, 2520) eb=Rect(0, 0 - 1080, 2520) epz=Point(1080, 2520) d=0 taskParent=-1 inset=Rect(0, 110 - 0, 39) dim=true allowAppBgLayer=true},{m=TO_BACK f=SHOW_WALLPAPER|EDGE_EXTENSION_RESTRICTION leash=Surface(name=Task=1)/@0xe9a0c0 sb=Rect(0, 0 - 1080, 2520) eb=Rect(0, 0 - 1080, 2520) epz=Point(1080, 2520) d=0 taskParent=-1 inset=Rect(0, 110 - 0, 39)},{m=TO_BACK f=IS_WALLPAPER|IS_FIXED_PORTRAIT p=WCT{android.window.IWindowContainerToken$Stub$Proxy@bffcf9f} leash=Surface(name=WallpaperWindowToken{fe6cb78 showWhenLocked=false})/@0x6f421f9 sb=Rect(0, 0 - 1080, 2520) eb=Rect(0, 0 - 1080, 2520) epz=Point(1080, 2520) d=0 inset=Rect(0, 0 - 0, 0)}]}
04-21 11:56:17.857  4658 19910 I HoneySpace.SystemUiRepository: systemUiFlags: allow_gesture|awake
04-21 11:56:17.857  4658  4786 I HoneySpace.TaskbarEventTracker: invokeEvent() called with: event = SystemUiStateChanged(stateFlags=268566528)
04-21 11:56:17.857  1931  4515 I SurfaceFlinger: id=94740 createSurf, flag=84000, 37acbf4 ActivityRecordInputSink com.hermescourier.android/.MainActivity#94740
04-21 11:56:17.858  4013  4068 V WindowManagerShell: loadAnimation: anim=android.view.animation.AnimationSet@a1bc6bb animAttr=0x13 type=OPEN isEntrance=false
04-21 11:56:17.858  4013  4068 V WindowManagerShell:    wallpaperTransit=WALLPAPER_CLOSE translucent=false
04-21 11:56:17.858  4013  4068 V WindowManagerShell:    change={m=TO_BACK f=SHOW_WALLPAPER|EDGE_EXTENSION_RESTRICTION leash=Surface(name=Task=1)/@0xe9a0c0 sb=Rect(0, 0 - 1080, 2520) eb=Rect(0, 0 - 1080, 2520) epz=Point(1080, 2520) d=0 taskParent=-1 inset=Rect(0, 110 - 0, 39)}
04-21 11:56:17.859  4013  4068 V WindowManagerShell: loadAnimation: anim=android.view.animation.AnimationSet@c361397 animAttr=0x12 type=OPEN isEntrance=true
04-21 11:56:17.859  4013  4068 V WindowManagerShell:    wallpaperTransit=WALLPAPER_CLOSE translucent=false
04-21 11:56:17.859  4658  4658 I HoneySpace.TaskbarPot@21293610@OneUI: setDockedTaskBarBackground statFlags = 268566528
04-21 11:56:17.859  4013  4068 V WindowManagerShell:    change={m=OPEN f=NONE leash=Surface(name=Task=8491)/@0x9f45243 sb=Rect(0, 0 - 1080, 2520) eb=Rect(0, 0 - 1080, 2520) epz=Point(1080, 2520) d=0 taskParent=-1 inset=Rect(0, 110 - 0, 39) dim=true allowAppBgLayer=true}
04-21 11:56:17.859  1931  4515 I SurfaceFlinger: id=94741 createSurf, flag=20004, app-background-layer#94741
04-21 11:56:17.859  4013  4068 I SurfaceControlRegistry: show, t=StartTransaction_SyncId<5747> sc=app-background-layer, caller=android.view.SurfaceControl$Transaction.show:3500 com.android.wm.shell.transition.DefaultTransitionHandler.startAnimation:3058 com.android.wm.shell.transition.Transitions.dispatchTransition:90 com.android.wm.shell.transition.Transitions.playTransition:809 com.android.wm.shell.transition.Transitions.processReadyQueue:239 com.android.wm.shell.transition.Transitions.dispatchReady:1156 
04-21 11:56:17.860  4013  4068 I SurfaceControlRegistry: apply, t=StartTransaction_SyncId<5747>, caller=android.view.SurfaceControl$Transaction.apply:3402 android.view.SurfaceControl$Transaction.apply:3390 android.view.SurfaceControl$Transaction.apply:3340 com.android.wm.shell.transition.DefaultTransitionHandler.startAnimation:3309 com.android.wm.shell.transition.Transitions.dispatchTransition:90 com.android.wm.shell.transition.Transitions.playTransition:809 
04-21 11:56:17.860  4013  4068 V WindowManagerShell:  animated by com.android.wm.shell.transition.DefaultTransitionHandler@8d39acf
04-21 11:56:17.860  4013  4116 D SurfaceComposerClient: setCornerRadius ## Task=8491#94732 cornerRadius=13.000000
04-21 11:56:17.860  4658 19918 I HoneySpace.RecentTasks: onRunningTaskAppeared
04-21 11:56:17.860  4658 19918 I HoneySpace.RecentTasks: onRecentTasksChanged
04-21 11:56:17.863  1931  1931 I SurfaceFlinger: RequestedLayer [3bd89bc Splash Screen com.hermescourier.android#94734] hidden!! flag  from(1) --> to(0)
04-21 11:56:17.863  1931  1931 I SurfaceFlinger: RequestedLayer [Splash Screen com.hermescourier.android$_4013#94735] hidden!! flag  from(1) --> to(0)
04-21 11:56:17.863  1931  1931 I SurfaceFlinger: RequestedLayer [Task=8491#94732] hidden!! flag  from(1) --> to(0)
04-21 11:56:17.863  1931  1931 E SurfaceFlinger: alpha changed 1.000 -> 0.000 - Task=8491#94732
04-21 11:56:17.863  1931  1931 I SurfaceFlinger: RequestedLayer [Transition Root: Task=8491#94736] hidden!! flag  from(1) --> to(0)
04-21 11:56:17.863  1931  1931 I SurfaceFlinger: RequestedLayer [ActivityRecord{139625874 u0 com.herm[...]r.android/.MainActivity t8491}#94733] hidden!! flag  from(1) --> to(0)
04-21 11:56:17.863  1931  1931 I SurfaceFlinger: RequestedLayer [app-background-layer#94741] hidden!! flag  from(1) --> to(0)
04-21 11:56:17.863  1931  1931 E SurfaceFlinger: alpha changed 0.000 -> 0.000 - Task=8491#94732
04-21 11:56:17.863  1931  1931 I SurfaceFlinger: [LayerHierarchy{RequestedLayerState{9fc5b0a TaskbarWindow#3028 parentId=94739} 1 children}] reparent to LayerHierarchy{RequestedLayerState{Surface(name=9fc5b0a TaskbarWindow)/@0x7d2c547 - animation-leash of insets_animation#94739 parentId=3027} 1 children}
04-21 11:56:17.864  1931  1931 I SurfaceFlinger: [LayerHierarchy{RequestedLayerState{Task=1#68 parentId=94736 z=3} 1 children}] reparent to LayerHierarchy{RequestedLayerState{Transition Root: Task=8491#94736 parentId=11 z=24} 1 children}
04-21 11:56:17.864  1931  1931 I SurfaceFlinger: [LayerHierarchy{RequestedLayerState{ee68606 NavigationBar0#109 parentId=94737} 1 children}] reparent to LayerHierarchy{RequestedLayerState{Surface(name=ee68606 NavigationBar0)/@0x9729b8a - animation-leash of insets_animation#94737 parentId=108} 1 children}
04-21 11:56:17.864  1931  1931 I SurfaceFlinger: [LayerHierarchy{RequestedLayerState{3b87977 StatusBar#119 parentId=94738} 1 children}] reparent to LayerHierarchy{RequestedLayerState{Surface(name=3b87977 StatusBar)/@0xd0f69cf - animation-leash of insets_animation#94738 parentId=118} 1 children}
04-21 11:56:17.864  1931  1931 I SurfaceFlinger: [LayerHierarchy{RequestedLayerState{Surface(name=ee68606 NavigationBar0)/@0x9729b8a - animation-leash of insets_animation#94725} no children}] reparent to OffscreenRoot
04-21 11:56:17.864  1931  1931 I SurfaceFlinger: [LayerHierarchy{RequestedLayerState{Surface(name=ee68606 NavigationBar0)/@0x9729b8a - animation-leash of insets_animation#94725} no children}] RelativeParent to null
04-21 11:56:17.864  1931  1931 I SurfaceFlinger: [LayerHierarchy{RequestedLayerState{Surface(name=9fc5b0a TaskbarWindow)/@0x7d2c547 - animation-leash of insets_animation#94727} no children}] reparent to OffscreenRoot
04-21 11:56:17.864  1931  1931 I SurfaceFlinger: [LayerHierarchy{RequestedLayerState{Surface(name=9fc5b0a TaskbarWindow)/@0x7d2c547 - animation-leash of insets_animation#94727} no children}] RelativeParent to null
04-21 11:56:17.864  1931  1931 I SurfaceFlinger: [LayerHierarchy{RequestedLayerState{Surface(name=3b87977 StatusBar)/@0xd0f69cf - animation-leash of insets_animation#94726} no children}] reparent to OffscreenRoot
04-21 11:56:17.864  4013  4116 D SurfaceComposerClient: setCornerRadius ## Task=8491#94732 cornerRadius=13.000000
04-21 11:56:17.864  1931  1931 I SurfaceFlinger: [LayerHierarchy{RequestedLayerState{Surface(name=3b87977 StatusBar)/@0xd0f69cf - animation-leash of insets_animation#94726} no children}] RelativeParent to null
04-21 11:56:17.864  1931  1931 I SurfaceFlinger: [LayerHierarchy{RequestedLayerState{Task=8491#94732 parentId=94736 z=7} 1 children}] reparent to LayerHierarchy{RequestedLayerState{Transition Root: Task=8491#94736 parentId=11 z=24} 2 children}
04-21 11:56:17.864  1931  1931 I SurfaceFlinger: [Surface(name=ee68606 NavigationBar0)/@0x9729b8a - animation-leash of insets_animation#94737] attach to parent LayerHierarchy{RequestedLayerState{WindowToken{6812c5c type=2019 android.os.BinderProxy@551bf2e}#108 parentId=35} 1 children}
04-21 11:56:17.864  1931  1931 I SurfaceFlinger: [Surface(name=3b87977 StatusBar)/@0xd0f69cf - animation-leash of insets_animation#94738] attach to parent LayerHierarchy{RequestedLayerState{WindowToken{4becf76 type=2000 android.os.BinderProxy@e772238}#118 parentId=18} 1 children}
04-21 11:56:17.864  1931  1931 I SurfaceFlinger: [Surface(name=9fc5b0a TaskbarWindow)/@0x7d2c547 - animation-leash of insets_animation#94739] attach to parent LayerHierarchy{RequestedLayerState{WindowToken{931682d type=2024 android.os.BinderProxy@f3e09a8}#3027 parentId=35 z=3} 1 children}
04-21 11:56:17.864  1931  1931 I SurfaceFlinger: [37acbf4 ActivityRecordInputSink com.hermescourier.android/.MainActivity#94740] attach to parent LayerHierarchy{RequestedLayerState{ActivityRecord{139625874 u0 com.hermescourier.android/.MainActivity t8491}#94733 parentId=94732} 2 children}
04-21 11:56:17.864  1931  1931 I SurfaceFlinger: [app-background-layer#94741] attach to parent LayerHierarchy{RequestedLayerState{Task=8491#94732 parentId=94736 z=7} 2 children}
04-21 11:56:17.864  2398  2901 I WindowManager: notifyInsetsControlChanged, removed=false, win=Window{3bd89bc u0 Splash Screen com.hermescourier.android}, caller=com.android.server.wm.InsetsStateController$$ExternalSyntheticLambda1.run:137 com.android.server.wm.WindowAnimator$$ExternalSyntheticLambda2.onTransactionCommitted:26 android.view.SurfaceControl$Transaction$$ExternalSyntheticLambda4.run:0 android.os.Handler.handleCallback:995 android.os.Handler.dispatchMessage:103 android.os.Looper.loopOnce:273 
04-21 11:56:17.865  1931  4515 I SurfaceFlinger: id=94727 Removed Surface(name=9fc5b0a TaskbarWindow)/@0x7d2c547 - animation-leash of insets_animation#94727 (235)
04-21 11:56:17.865  4013  4139 I VRI[android]@211d7d5: onActiveControlsChanged, removed=false, mAdded=true, caller=android.view.ViewRootImpl.handleInsetsControlChanged:2987 android.view.ViewRootImpl$ViewRootHandler.handleMessageImpl:8292 android.view.ViewRootImpl$ViewRootHandler.handleMessage:8241 android.os.Handler.dispatchMessage:110 android.os.Looper.loopOnce:273 
04-21 11:56:17.865  1931  2091 I SurfaceFlinger: id=94725 Removed Surface(name=ee68606 NavigationBar0)/@0x9729b8a - animation-leash of insets_animation#94725 (235)
04-21 11:56:17.865  4013  4139 I InsetsSourceConsumer: applyRequestedVisibilityToControl: visible=true, type=navigationBars, host=Splash Screen com.hermescourier.android
04-21 11:56:17.865  1931  4515 I SurfaceFlinger: id=94726 Removed Surface(name=3b87977 StatusBar)/@0xd0f69cf - animation-leash of insets_animation#94726 (235)
04-21 11:56:17.865  4013  4139 I InsetsSourceConsumer: applyRequestedVisibilityToControl: visible=true, type=statusBars, host=Splash Screen com.hermescourier.android
04-21 11:56:17.872  1931  1931 I SurfaceFlinger: destroyed Surface(name=ee68606 NavigationBar0)/@0x9729b8a - animation-leash of insets_animation#94725 form LifecycleManager
04-21 11:56:17.872  1931  1931 I SurfaceFlinger: destroyed Surface(name=9fc5b0a TaskbarWindow)/@0x7d2c547 - animation-leash of insets_animation#94727 form LifecycleManager
04-21 11:56:17.872  4013  4116 D SurfaceComposerClient: setCornerRadius ## Task=8491#94732 cornerRadius=13.000000
04-21 11:56:17.872  1931  1931 I SurfaceFlinger: destroyed Surface(name=3b87977 StatusBar)/@0xd0f69cf - animation-leash of insets_animation#94726 form LifecycleManager
04-21 11:56:17.872  1931  1931 I SurfaceFlinger: id=94725 onLayerDestroyed from LayerHierarchyBuilder(RequestedLayerState{Surface(name=ee68606 NavigationBar0)/@0x9729b8a - animation-leash of insets_animation#94725 !handle})
04-21 11:56:17.872  1931  1931 I SurfaceFlinger: id=94727 onLayerDestroyed from LayerHierarchyBuilder(RequestedLayerState{Surface(name=9fc5b0a TaskbarWindow)/@0x7d2c547 - animation-leash of insets_animation#94727 !handle})
04-21 11:56:17.872  1931  1931 I SurfaceFlinger: id=94726 onLayerDestroyed from LayerHierarchyBuilder(RequestedLayerState{Surface(name=3b87977 StatusBar)/@0xd0f69cf - animation-leash of insets_animation#94726 !handle})
04-21 11:56:17.872  1931  1931 I Layer   : id=94725 Destroyed Surface(name=ee68606 NavigationBar0)/@0x9729b8a - animation-leash of insets_animation#94725
04-21 11:56:17.872  1931  1931 I Layer   : id=94727 Destroyed Surface(name=9fc5b0a TaskbarWindow)/@0x7d2c547 - animation-leash of insets_animation#94727
04-21 11:56:17.872  1931  1931 I Layer   : id=94726 Destroyed Surface(name=3b87977 StatusBar)/@0xd0f69cf - animation-leash of insets_animation#94726
04-21 11:56:17.877  7875  7875 I courier.android: Using CollectorTypeCMC GC.
04-21 11:56:17.879  5199  5281 I adbd    : jdwp connection from 7875
04-21 11:56:17.880  1931  1931 E SurfaceFlinger: alpha changed 0.000 -> 0.090 - Task=8491#94732
04-21 11:56:17.880  4013  4116 D SurfaceComposerClient: setCornerRadius ## Task=8491#94732 cornerRadius=13.000000
04-21 11:56:17.882  1931  5043 D NativeSemDvfsManager: acquire:: timeout = 2000 mIsAcquired = 1  mTagName : SurfaceFlinger 
04-21 11:56:17.882  1931  1931 D SurfaceFlinger: Display 4630946872173396372 HWC layers:
04-21 11:56:17.882  1931  1931 D SurfaceFlinger:        DEVICE |           17235703759058 | 00000100 | RGBA_8888    |    0.0    0.0 1080.0 2520.0 |    0    0 1080 2520 | Wallpaper BBQ wrapper 17_system#105 (2)
04-21 11:56:17.882  1931  1931 D SurfaceFlinger:        DEVICE |           20005957680628 | 00002100 | RGBA_8888    |    0.0    0.0 1080.0 2520.0 |    0    0 1080 2520 | com.sec.android.app.launcher/com.sec[...]ivities.LauncherActivity$_4658#94724 (125)
04-21 11:56:17.882  1931  1931 D SurfaceFlinger:        CLIENT |                        0 | 00000000 | N/A          |    0.0    0.0    0.0    0.0 |   78  183 1002 2337 | app-background-layer#94741 (0)
04-21 11:56:17.882  1931  1931 D SurfaceFlinger:        CLIENT |           17235704259733 | 00002100 | RGBA_8888    |    0.0    0.0 1080.0 2520.0 |   78  183 1002 2337 | Splash Screen com.hermescourier.android$_4013#94735 (1)
04-21 11:56:17.882  1931  1931 D SurfaceFlinger:        DEVICE |           17235704259550 | 00002100 | RGBA_8888    |    0.0    0.0 1080.0  110.0 |    0    0 1080  110 | StatusBar$_4013#130 (531162)
04-21 11:56:17.882  1931  1931 D SurfaceFlinger:        DEVICE |           17235704259548 | 00002100 | RGBA_8888    |    0.0    0.0 1080.0  126.0 |    0 2394 1080 2520 | NavigationBar0$_4
04-21 11:56:17.882  1931  1931 D SurfaceFlinger: 013#126 (96589)
04-21 11:56:17.882  1931  1931 D SurfaceFlinger: 
04-21 11:56:17.882  7875  7875 D nativeloader: Load libframework-connectivity-tiramisu-jni.so using APEX ns com_android_tethering for caller /apex/com.android.tethering/javalib/framework-connectivity-t.jar: ok
04-21 11:56:17.882  1931  5043 E NativeCustomFrequencyManager: [NativeCFMS] BpCustomFrequencyManager::acquire()
04-21 11:56:17.882  1793  1930 I HYPER-HAL: [RequestManager.cpp]acquire(): Acquired ID : 4297846  [1931 / 1000]    HINT : SF_GPU_MINLOCK    list : [TIMEOUT / 2000] 
04-21 11:56:17.884  7875  7875 D ActivityThread: setConscryptValidator
04-21 11:56:17.884  7875  7875 D ActivityThread: setConscryptValidator - put
04-21 11:56:17.887  1793  7874 I HYPER-HAL: [RequestManager.cpp]releaseLocked(): Released ID : 661513954
04-21 11:56:17.888  4013  4116 D SurfaceComposerClient: setCornerRadius ## Task=8491#94732 cornerRadius=13.000000
04-21 11:56:17.888  2398  4235 I ActivityManager: Changes in 11016 19 to 2, 0 to 255
04-21 11:56:17.888  2398  3806 D BackgroundInstallControlService: Package event received: 0
04-21 11:56:17.889  2398  2891 D SGM:GameManager: identifyForegroundApp. com.sec.android.app.launcher, mCurrentUserId: 0, callerUserId: 0
04-21 11:56:17.889  2398  2891 D SGM:SemGameManager: isForegroundGame(), ret=false
04-21 11:56:17.889  2398  3662 V NetworkPolicy: getFirewallRuleWifi UID:11016 policy:0
04-21 11:56:17.890  2398  2891 D SGM:GameManager: identifyForegroundApp. com.sec.android.app.launcher, mCurrentUserId: 0, callerUserId: 0
04-21 11:56:17.890  2398  2891 D SGM:SemGameManager: isForegroundGame(), ret=false
04-21 11:56:17.890  2398  2891 D NetworkPolicy: already checked 11016
04-21 11:56:17.890  2398  2891 D PkgPredictorService-SecIpmManagerServiceImpl: onForegroundActivitiesChanged pid:7875 uid:11016
04-21 11:56:17.890  2398  2891 W IPCThreadState: Sending oneway calls to frozen process.
04-21 11:56:17.890  5714  5783 V OsAgent : broadcastSystemEvent - 7
04-21 11:56:17.892 19058 31364 V BinderSender: Uid 11016 already starts
04-21 11:56:17.892 19058 31364 V BinderSender: Uid 11016 already starts
04-21 11:56:17.893  7875  7875 D CompatChangeReporter: Compat change id reported: 242716250; UID 11016; state: ENABLED
04-21 11:56:17.896  4013  4116 D SurfaceComposerClient: setCornerRadius ## Task=8491#94732 cornerRadius=13.000000
04-21 11:56:17.905  4013  4116 D SurfaceComposerClient: setCornerRadius ## Task=8491#94732 cornerRadius=13.000000
04-21 11:56:17.913  4013  4116 D SurfaceComposerClient: setCornerRadius ## Task=8491#94732 cornerRadius=13.000000
04-21 11:56:17.921  4013  4116 D SurfaceComposerClient: setCornerRadius ## Task=8491#94732 cornerRadius=13.000000
04-21 11:56:17.923  1844  1844 I SSC_DAEMON: handleSensorTestReqMsg:88, Sensor type :6, Msg type:5
04-21 11:56:17.927  4658 19918 I HoneySpace.RecentTasks: onRecentTasksChanged
04-21 11:56:17.927  6772 17524 I SDHMS:k : onTaskStackChanged
04-21 11:56:17.928  6772  7083 I SDHMS:k : no app is Resumed!!! mResumedPackages.size = 0
04-21 11:56:17.928  4658 10286 I HoneySpace.HistoryViewModel@82829708@OneUI: task bar is not showing. skip load history items
04-21 11:56:17.928  4658 10286 I HoneySpace.HistoryViewModel@82829708@OneUI: launcherShowing : false, recentShowing : false, isInteractive : true, state : 0, minusOne : false
04-21 11:56:17.928  9316  9316 I bvtw    : onPause
04-21 11:56:17.930  4013  4116 D SurfaceComposerClient: setCornerRadius ## Task=8491#94732 cornerRadius=13.000000
04-21 11:56:17.931  1931  2440 I SurfaceFlinger: Capture layer list: 	 Wallpaper BBQ wrapper 17_system#105(seamlessTransition:0)
04-21 11:56:17.931  1931  2440 I SurfaceFlinger: Capture layer list: 	 com.sec.android.app.launcher/com.sec.android.app.launcher.activities.LauncherActivity$_4658#94724(seamlessTransition:0)
04-21 11:56:17.938  4013  4116 D SurfaceComposerClient: setCornerRadius ## Task=8491#94732 cornerRadius=13.000000
04-21 11:56:17.946  4013  4116 D SurfaceComposerClient: setCornerRadius ## Task=8491#94732 cornerRadius=13.000000
04-21 11:56:17.955  4013  4116 D SurfaceComposerClient: setCornerRadius ## Task=8491#94732 cornerRadius=13.000000
04-21 11:56:17.960  1844  1844 I SSC_DAEMON: handleSensorTestReqMsg:88, Sensor type :6, Msg type:5
04-21 11:56:17.963  4013  4116 D SurfaceComposerClient: setCornerRadius ## Task=8491#94732 cornerRadius=13.000000
04-21 11:56:17.971  4013  4116 D SurfaceComposerClient: setCornerRadius ## Task=8491#94732 cornerRadius=13.000000
04-21 11:56:17.979  4013  4116 D SurfaceComposerClient: setCornerRadius ## Task=8491#94732 cornerRadius=13.000000
04-21 11:56:17.987  4013  4116 D SurfaceComposerClient: setCornerRadius ## Task=8491#94732 cornerRadius=13.000000
04-21 11:56:17.991  1844  1844 I SSC_DAEMON: handleSensorTestReqMsg:88, Sensor type :6, Msg type:5
04-21 11:56:17.996  4013  4116 D SurfaceComposerClient: setCornerRadius ## Task=8491#94732 cornerRadius=13.000000
04-21 11:56:18.004  4013  4116 D SurfaceComposerClient: setCornerRadius ## Task=8491#94732 cornerRadius=13.000000
04-21 11:56:18.012  4013  4116 D SurfaceComposerClient: setCornerRadius ## Task=8491#94732 cornerRadius=13.000000
04-21 11:56:18.019  2398  3747 D MdnieScenarioControlService:  packageName : com.hermescourier.android    className : com.hermescourier.android.MainActivity
04-21 11:56:18.019  2398  3747 V MdnieScenarioControlService: setUIMode from UI function(3)
04-21 11:56:18.021  4013  4116 D SurfaceComposerClient: setCornerRadius ## Task=8491#94732 cornerRadius=13.000000
04-21 11:56:18.023  1844  1844 I SSC_DAEMON: handleSensorTestReqMsg:88, Sensor type :6, Msg type:5
04-21 11:56:18.029  4013  4116 D SurfaceComposerClient: setCornerRadius ## Task=8491#94732 cornerRadius=13.000000
04-21 11:56:18.031  1931  2440 I SurfaceFlinger: Capture layer list: 	 Wallpaper BBQ wrapper 17_system#105(seamlessTransition:0)
04-21 11:56:18.031  1931  2440 I SurfaceFlinger: Capture layer list: 	 com.sec.android.app.launcher/com.sec.android.app.launcher.activities.LauncherActivity$_4658#94724(seamlessTransition:0)
04-21 11:56:18.031  1931  2440 I SurfaceFlinger: Capture layer list: 	 app-background-layer#94741(seamlessTransition:0)
04-21 11:56:18.031  1931  2440 I SurfaceFlinger: Capture layer list: 	 Splash Screen com.hermescourier.android$_4013#94735(seamlessTransition:0)
04-21 11:56:18.037  4013  4116 D SurfaceComposerClient: setCornerRadius ## Task=8491#94732 cornerRadius=13.000000
04-21 11:56:18.046  4013  4116 D SurfaceComposerClient: setCornerRadius ## Task=8491#94732 cornerRadius=13.000000
04-21 11:56:18.054  4013  4116 D SurfaceComposerClient: setCornerRadius ## Task=8491#94732 cornerRadius=13.000000
04-21 11:56:18.059  1844  1844 I SSC_DAEMON: handleSensorTestReqMsg:88, Sensor type :6, Msg type:5
04-21 11:56:18.062  4013  4116 D SurfaceComposerClient: setCornerRadius ## Task=8491#94732 cornerRadius=13.000000
04-21 11:56:18.071  4013  4116 D SurfaceComposerClient: setCornerRadius ## Task=8491#94732 cornerRadius=13.000000
04-21 11:56:18.079  4013  4116 D SurfaceComposerClient: setCornerRadius ## Task=8491#94732 cornerRadius=13.000000
04-21 11:56:18.087  4013  4116 D SurfaceComposerClient: setCornerRadius ## Task=8491#94732 cornerRadius=13.000000
04-21 11:56:18.090  1776  3978 I sensors-hal: handle_sns_std_sensor_event:127, [SSC_LIGHT] A: 6(6),c:0,b:70,m:37,cl:0,l:6,s:5,l0:1312,l1:288,s0:750,s1:0,acl:1,opr:0.04,f(r):113,u(bl):105,if:113,wi:31,si:0,0(N:1)
04-21 11:56:18.091  1844  1844 I SSC_DAEMON: handleSensorTestReqMsg:88, Sensor type :6, Msg type:5
04-21 11:56:18.095  4013  4116 D SurfaceComposerClient: setCornerRadius ## Task=8491#94732 cornerRadius=13.000000
04-21 11:56:18.104  4013  4116 D SurfaceComposerClient: setCornerRadius ## Task=8491#94732 cornerRadius=13.000000
04-21 11:56:18.112  4013  4116 D SurfaceComposerClient: setCornerRadius ## Task=8491#94732 cornerRadius=13.000000
04-21 11:56:18.116  1030  1030 D io_stats: !@   8,0 r 81567677 2708296396 w 56113172 1431606220 d 5242304 1627751664 f 796532 4435392 iot 12182812 0 th 0 0 0 pt 0 inp 0 0 1000035.456
04-21 11:56:18.119  2398  3747 D DisplayAiqeManager: getContentMode : start
04-21 11:56:18.119  2398  3747 D DisplayAiqeManagerService: getContentMode : start
04-21 11:56:18.119  2398  3747 D DisplayAiqeAidl: getContentMode : UI
04-21 11:56:18.119  2398  3747 D DisplayAiqeManagerService: getContentMode : mode - UI
04-21 11:56:18.119  2398  3747 D DisplayAiqeManager: getContentMode : mode - UI
04-21 11:56:18.119  2398  3747 V MdnieScenarioControlService: mAclOffEnabled : false
04-21 11:56:18.120  4013  4116 D SurfaceComposerClient: setCornerRadius ## Task=8491#94732 cornerRadius=13.000000
04-21 11:56:18.128  4013  4116 D SurfaceComposerClient: setCornerRadius ## Task=8491#94732 cornerRadius=13.000000
04-21 11:56:18.131  1931  2440 I SurfaceFlinger: Capture layer list: 	 Wallpaper BBQ wrapper 17_system#105(seamlessTransition:0)
04-21 11:56:18.131  1931  2440 I SurfaceFlinger: Capture layer list: 	 com.sec.android.app.launcher/com.sec.android.app.launcher.activities.LauncherActivity$_4658#94724(seamlessTransition:0)
04-21 11:56:18.131  1931  2440 I SurfaceFlinger: Capture layer list: 	 app-background-layer#94741(seamlessTransition:0)
04-21 11:56:18.131  1931  2440 I SurfaceFlinger: Capture layer list: 	 Splash Screen com.hermescourier.android$_4013#94735(seamlessTransition:0)
04-21 11:56:18.131  1844  1844 I SSC_DAEMON: handleSensorTestReqMsg:88, Sensor type :6, Msg type:5
04-21 11:56:18.137  4013  4116 D SurfaceComposerClient: setCornerRadius ## Task=8491#94732 cornerRadius=13.000000
04-21 11:56:18.140  2398  6750 D SGM:GameManager: identifyGamePackage. com.hermescourier.android, mCurrentUserId: 0, callingMethodInfo: com.samsung.android.game.IGameManagerService$Stub.onTransact(IGameManagerService.java:232)
04-21 11:56:18.145  4013  4116 D SurfaceComposerClient: setCornerRadius ## Task=8491#94732 cornerRadius=13.000000
04-21 11:56:18.148  7875  7875 D nativeloader: Configuring clns-9 for other apk /data/app/~~TzL1vXsdQawLJjvIKIR-_g==/com.hermescourier.android-j3ai3oSP7wVO26e8jtlPiQ==/base.apk. target_sdk_version=34, uses_libraries=, library_path=/data/app/~~TzL1vXsdQawLJjvIKIR-_g==/com.hermescourier.android-j3ai3oSP7wVO26e8jtlPiQ==/lib/arm64:/data/app/~~TzL1vXsdQawLJjvIKIR-_g==/com.hermescourier.android-j3ai3oSP7wVO26e8jtlPiQ==/base.apk!/lib/arm64-v8a, permitted_path=/data:/mnt/expand:/data/user/0/com.hermescourier.android
04-21 11:56:18.153  7875  7875 V GraphicsEnvironment: Currently set values for:
04-21 11:56:18.153  7875  7875 V GraphicsEnvironment:   angle_gl_driver_selection_pkgs=[]
04-21 11:56:18.153  7875  7875 V GraphicsEnvironment:   angle_gl_driver_selection_values=[]
04-21 11:56:18.153  7875  7875 V GraphicsEnvironment: com.hermescourier.android is not listed in per-application setting
04-21 11:56:18.153  7875  7875 V GraphicsEnvironment: ANGLE allowlist from config: 
04-21 11:56:18.153  7875  7875 V GraphicsEnvironment: com.hermescourier.android is not listed in ANGLE allowlist or settings, returning default
04-21 11:56:18.153  7875  7875 V GraphicsEnvironment: App is not on the allowlist for updatable production driver.
04-21 11:56:18.153  4013  4116 D SurfaceComposerClient: setCornerRadius ## Task=8491#94732 cornerRadius=13.000000
04-21 11:56:18.162  4013  4116 D SurfaceComposerClient: setCornerRadius ## Task=8491#94732 cornerRadius=13.000000
04-21 11:56:18.164  1844  1844 I SSC_DAEMON: handleSensorTestReqMsg:88, Sensor type :6, Msg type:5
04-21 11:56:18.170  4013  4116 D SurfaceComposerClient: setCornerRadius ## Task=8491#94732 cornerRadius=13.000000
04-21 11:56:18.178  4013  4116 D SurfaceComposerClient: setCornerRadius ## Task=8491#94732 cornerRadius=13.000000
04-21 11:56:18.183  2398  6929 V WindowManager: Computed rotation=ROTATION_0 (0) for display id=0 based on lastOrientation=SCREEN_ORIENTATION_UNSPECIFIED (-1) and oldRotation=ROTATION_0 (0), caller=com.android.server.wm.DisplayRotation.updateOrientation:79 com.android.server.wm.DisplayContent.updateOrientation:41 com.android.server.wm.DisplayContent.updateOrientationAndComputeConfig:48 com.android.server.wm.RootWindowContainer.ensureVisibilityAndConfig:7 com.android.server.wm.ActivityTaskSupervisor.realStartActivityLocked:195 com.android.server.wm.RootWindowContainer.attachApplication:92 
04-21 11:56:18.183  2398  6929 D SGM:FgCheckThread: notifyAppCreated(), packageName: com.hermescourier.android, userId: 0, sendRet: true
04-21 11:56:18.183  2398  3615 D SGM:FgCheckThread: onLooperPrepared(), msg: MSG_APP_CREATE, pkgName: com.hermescourier.android, userId: 0
04-21 11:56:18.184  2398  6929 D SGM:FgCheckThread: TaskStackListener.onTaskFocusChanged(), taskId=7886, focused=false
04-21 11:56:18.184  2398  6929 D SGM:FgCheckThread: TaskStackListener.onTaskFocusChanged(), taskId=8491, focused=true
04-21 11:56:18.184  2398  6929 D SGM:FgCheckThread:   sendRunningComponentFocus(), pkgName: com.hermescourier.android, userId: 0
04-21 11:56:18.184  4658  4658 I HoneySpace.HistoryViewModel@82829708@OneUI: Block stack change
04-21 11:56:18.184  2398  3615 D SGM:FgCheckThread: onLooperPrepared(), msg: MSG_TASK_FOCUSED, pkgName: com.hermescourier.android, userId: 0
04-21 11:56:18.184  2398  3615 D SGM:FgCheckThread: handleTaskFocused().
04-21 11:56:18.184  2398  3615 D SGM:FgCheckThread:   handleTaskFocused(), pkgName: com.hermescourier.android, userID:0
04-21 11:56:18.184  2398  6929 D InputDispatcher: Focused application(0): ActivityRecord{139625874 u0 com.hermescourier.android/.MainActivity t8491}
04-21 11:56:18.184  2398  3615 D SGM:FgCheckThread: handleResume().
04-21 11:56:18.184  2398  6929 D ActivityTaskManager: scheduleTopResumedActivityChanged, onTop=true, r=ActivityRecord{139625874 u0 com.hermescourier.android/.MainActivity t8491}, caller=com.android.server.wm.ActivityTaskSupervisor.scheduleTopResumedActivityStateIfNeeded:18 com.android.server.wm.ActivityTaskSupervisor.updateTopResumedActivityIfNeeded:52 com.android.server.wm.TaskFragment.setResumedActivity:75 com.android.server.wm.ActivityRecord.setState:116 com.android.server.wm.ActivityTaskSupervisor.realStartActivityLocked:497 com.android.server.wm.RootWindowContainer.attachApplication:92 
04-21 11:56:18.184  2398  3615 D SGM:FgCheckThread: sendFocusOutConditionally() - mPrevNotiPkg: KILL_YOURSELF, userId: 0
04-21 11:56:18.184  4658  4787 I HoneySpace.TopTaskSource: onTaskFocusChanged(): taskId = 8491
04-21 11:56:18.184  2398  3615 D SGM:FgCheckThread:   handleResume(). pkgName: com.hermescourier.android, userId: 0, category: non-game
04-21 11:56:18.184  2398  3615 D SGM:FgCheckThread: notifyFocusInOut(). of pkg: com.hermescourier.android, type: 4, isSecGameFamily: false, userId: 0
04-21 11:56:18.184  2398  3615 D SGM:FgCheckThread:   notifyFocusInOut(). do nothing
04-21 11:56:18.184  2398  3615 D SGM:SystemHelper: callReleaseBlock needReleaseBlock:false
04-21 11:56:18.184  4658 19918 I HoneySpace.HistoryViewModel@82829708@OneUI: task bar is not showing. skip load history items
04-21 11:56:18.185  4658 19918 I HoneySpace.HistoryViewModel@82829708@OneUI: launcherShowing : false, recentShowing : false, isInteractive : true, state : 0, minusOne : false
04-21 11:56:18.185  2398  3763 D AS.MultiSoundManager: mForegroundUid = 11016
04-21 11:56:18.185  4013  4013 I {OngoingActivityController}: onTaskFocusChanged focused:true, baseActivity:ComponentInfo{com.hermescourier.android/com.hermescourier.android.MainActivity}
04-21 11:56:18.185  4013  4013 I {OngoingActivityDataHelper}: setBaseActivityComponentName:ComponentInfo{com.hermescourier.android/com.hermescourier.android.MainActivity}
04-21 11:56:18.186  4013  4013 D {OngoingActivityDataHelper}: shouldHide() return false. baseActivityComponentName:ComponentInfo{com.hermescourier.android/com.hermescourier.android.MainActivity}, intent.component:ComponentInfo{org.kde.kdeconnect_tp/org.kde.kdeconnect.plugins.mpris.MprisActivity}, basePackageName:com.hermescourier.android, intent.creatorPackage:org.kde.kdeconnect_tp, pipEnabledComponentNameList:[]
04-21 11:56:18.186  2398  6929 D GraphicsStatsService: requestRenderEngineFor(com.hermescourier.android)
04-21 11:56:18.186  7875  7875 D ActivityThread: com.hermescourier.android will use render engine as VK
04-21 11:56:18.186  2398  2900 D SGM:GameManager: identifyGamePackage. com.hermescourier.android, mCurrentUserId: 0, callingMethodInfo: com.samsung.android.game.SemGameManager.isGamePackage(SemGameManager.java:105)
04-21 11:56:18.186  2398  2900 D SGM:SemGameManager: isGamePackage(), pkgName=com.hermescourier.android, ret=false
04-21 11:56:18.186  2398  3806 D BackgroundInstallControlService: Package event received: 0
04-21 11:56:18.186  7875  7875 D HWUI    : HWUI - treat SMPTE_170M as sRGB
04-21 11:56:18.187  4013  4116 D SurfaceComposerClient: setCornerRadius ## Task=8491#94732 cornerRadius=13.000000
04-21 11:56:18.187  2398  3790 I CocktailBarManagerServiceContainer: handleMessage: entry what = 5
04-21 11:56:18.187  2398  3790 I CocktailBarManagerServiceImpl: noteResumeComponent : no active host
04-21 11:56:18.187  7875  7899 I DisplayManager: Choreographer implicitly registered for the refresh rate.
04-21 11:56:18.188  7875  7899 D HWUI    : CacheManager constructor. deviceInfo=(1080, 1920)
04-21 11:56:18.189  2398  2900 D SGM:FgCheckThread: noteResumeComponent(), received pkgName: com.hermescourier.android, userId: 0
04-21 11:56:18.189  6772 17524 I SDHMS:k : handleResumeComponent : put = com.hermescourier.android, userid = 0 instanceid =95910591
04-21 11:56:18.189  2398  3615 D SGM:FgCheckThread: onLooperPrepared(), msg: MSG_APP_RESUME, pkgName: com.hermescourier.android, userid: 0
04-21 11:56:18.189  2398  3615 D SGM:FgCheckThread: handleResume().
04-21 11:56:18.189  2398  3615 D SGM:FgCheckThread:   handleResume(). same package with Prev KILL_YOURSELF. ignore
04-21 11:56:18.189  2398  3806 D BackgroundInstallControlService: Package event received: 0
04-21 11:56:18.190  7875  7899 D vulkan  : searching for layers in '/data/app/~~TzL1vXsdQawLJjvIKIR-_g==/com.hermescourier.android-j3ai3oSP7wVO26e8jtlPiQ==/lib/arm64'
04-21 11:56:18.190  7875  7899 D vulkan  : searching for layers in '/data/app/~~TzL1vXsdQawLJjvIKIR-_g==/com.hermescourier.android-j3ai3oSP7wVO26e8jtlPiQ==/base.apk!/lib/arm64-v8a'
04-21 11:56:18.193  7875  7875 E ashmem  : Pinning is deprecated since Android Q. Please use trim or other methods.
04-21 11:56:18.195  4013  4116 D SurfaceComposerClient: setCornerRadius ## Task=8491#94732 cornerRadius=13.000000
04-21 11:56:18.201  7875  7875 D DesktopModeFlags: Toggle override initialized to: OVERRIDE_UNSET
04-21 11:56:18.202  7875  7899 E Adreno-AppProfiles: QSPM AIDL service doesn't exist
04-21 11:56:18.202  7875  7875 I DecorView: setWindowBackground: isPopOver=false color=ff010102 d=android.graphics.drawable.StateListDrawable@d4ed9c7
04-21 11:56:18.203  7875  7899 I AdrenoVK-0: ===== BEGIN DUMP OF OVERRIDDEN SETTINGS =====
04-21 11:56:18.203  7875  7899 I AdrenoVK-0: ===== END DUMP OF OVERRIDDEN SETTINGS =====
04-21 11:56:18.203  4013  4116 D SurfaceComposerClient: setCornerRadius ## Task=8491#94732 cornerRadius=13.000000
04-21 11:56:18.206  7875  7899 D qdgralloc: Fetching IMapper5 from QtiMapper5
04-21 11:56:18.211  4013  4116 D SurfaceComposerClient: setCornerRadius ## Task=8491#94732 cornerRadius=13.000000
04-21 11:56:18.215  7875  7899 I SnapAlloc: Graphics lib is available
04-21 11:56:18.215  1844  1844 I SSC_DAEMON: handleSensorTestReqMsg:88, Sensor type :6, Msg type:5
04-21 11:56:18.220  4013  4116 D SurfaceComposerClient: setCornerRadius ## Task=8491#94732 cornerRadius=13.000000
04-21 11:56:18.220  4013  4068 V WindowManagerShell: Transition animation finished (aborted=false), notifying core (#5747) android.os.BinderProxy@8eea83@0
04-21 11:56:18.220  4013  4068 I SurfaceControlRegistry: apply, t=FinishTransaction_SyncId<5747>, caller=android.view.SurfaceControl$Transaction.apply:3402 android.view.SurfaceControl$Transaction.apply:3390 android.view.SurfaceControl$Transaction.apply:3340 com.android.wm.shell.transition.Transitions.onFinish:315 com.android.wm.shell.transition.Transitions$$ExternalSyntheticLambda7.onTransitionFinished:12 com.android.wm.shell.transition.DefaultTransitionHandler$$ExternalSyntheticLambda2.run:36 
04-21 11:56:18.221  7875  7899 I Adreno-UNKNOWN: Using previously loaded IMapper library.
04-21 11:56:18.221  2398  3242 V WindowManager: Finish Transition: TransitionRecord{8255f1d id=5747 type=OPEN flags=0x0 c=[
04-21 11:56:18.221  2398  3242 V WindowManager:    ChangeInfo{93ca1c6 container=RemoteWallpaperAnim:1:1@363554 flags=0x0}
04-21 11:56:18.221  2398  3242 V WindowManager:    ChangeInfo{c078e78 container=Task{c18b63 #8491 type=standard A=11016:com.hermescourier.android} flags=0x10}
04-21 11:56:18.221  2398  3242 V WindowManager:    ChangeInfo{d3f6587 container=Task{2c88a8c #7886 type=home I=com.sec.android.app.launcher/.activities.LauncherActivity} flags=0x10}
04-21 11:56:18.221  2398  3242 V WindowManager:    ChangeInfo{5706951 container=Display{#0 state=ON size=1080x2520 ROTATION_0} flags=0x0}
04-21 11:56:18.221  2398  3242 V WindowManager:    ChangeInfo{699b5b6 container=ActivityRecord{139625874 u0 com.hermescourier.android/.MainActivity t8491} flags=0x0}
04-21 11:56:18.221  2398  3242 V WindowManager:    ChangeInfo{2578cb4 container=Task{8f6d308 #1 type=home} flags=0x10}
04-21 11:56:18.221  2398  3242 V WindowManager:    ChangeInfo{35df0dd container=ActivityRecord{171712004 u0 com.sec.android.app.launcher/.activities.LauncherActivity t7886} flags=0x0}
04-21 11:56:18.221  2398  3242 V WindowManager:    ChangeInfo{6511452 container=WallpaperWindowToken{ba081c1 showWhenLocked=true}_<lock|non-primary> flags=0x0}
04-21 11:56:18.221  2398  3242 V WindowManager:    ChangeInfo{59402b7 container=DefaultTaskDisplayArea_d0@223752639 flags=0x0}
04-21 11:56:18.221  2398  3242 V WindowManager:    ChangeInfo{e22d323 container=WallpaperWindowToken{fe6cb78 showWhenLocked=false}_<system|non-primary> flags=0x0}
04-21 11:56:18.221  2398  3242 V WindowManager: ]
04-21 11:56:18.221  2398  3242 V WindowManager: }, caller=com.android.server.wm.WindowOrganizerController.finishTransitionInner:31 com.android.server.wm.WindowOrganizerController.finishAllTransitions:60 android.window.IWindowOrganizerController$Stub.onTransact:283 
04-21 11:56:18.221  7875  7875 D ViewRootImpl: desktopMode is false
04-21 11:56:18.221  2398  2890 V WindowManager: Finish Transition (#5747): created at 04-21 11:56:17.820 collect-started=0.336ms request-sent=4.177ms started=7.714ms ready=32.351ms sent=33.604ms commit=10.275ms finished=400.722ms
04-21 11:56:18.221  2398  3242 V WindowManager: Setting visibility of Window{711228f u0 com.sec.android.app.launcher/com.sec.android.app.launcher.activities.LauncherActivity}: false, caller=com.android.server.wm.WindowContainer.sendAppVisibilityToClients:19 com.android.server.wm.WindowToken.setClientVisible:48 com.android.server.wm.ActivityRecord.commitVisibility:186 com.android.server.wm.TransitionController.finishTransition:823 com.android.server.wm.WindowOrganizerController.finishTransitionInner:31 
