04-21 11:56:18.449  1058  1058 D keymint_swd: keymint_swd keymint [WRN] (swd_run_cb:263) swd_finish() returns 0
04-21 11:56:18.449  1058  1058 D android.hardware.security.keymint-service: finish: ret 0
04-21 11:56:18.449  1058  1058 W keymint_tee: [WRN]begin req PARAMS: A32, BM32, PD1, 
04-21 11:56:18.451  1058  1058 D keymint_swd: keymint_swd keymint [WRN] (km_add_tag:528) skip: non repetable tag already exists with different value: 268435458
04-21 11:56:18.451  1058  1058 D keymint_swd: keymint_swd keymint [WRN] (swd_run_cb:263) swd_begin() returns 0
04-21 11:56:18.451  1058  1058 D android.hardware.security.keymint-service: begin: ret 0
04-21 11:56:18.451  1041 26834 I keystore2: system/security/keystore2/src/security_level.rs:466 - In create_operation. Success to create IKeystoreOperation. 11016, None
04-21 11:56:18.451  1058  1058 D keymint_swd: keymint_swd keymint [WRN] (swd_run_cb:263) swd_update() returns 0
04-21 11:56:18.451  1058  1058 D android.hardware.security.keymint-service: update: ret 0
04-21 11:56:18.452  1058  1058 D keymint_swd: keymint_swd keymint [WRN] (swd_run_cb:263) swd_finish() returns 0
04-21 11:56:18.452  1058  1058 D android.hardware.security.keymint-service: finish: ret 0
04-21 11:56:18.452  1058  1058 W keymint_tee: [WRN]begin req PARAMS: A32, BM32, PD1, 
04-21 11:56:18.454  1058  1058 D keymint_swd: keymint_swd keymint [WRN] (km_add_tag:528) skip: non repetable tag already exists with different value: 268435458
04-21 11:56:18.454  1058  1058 D keymint_swd: keymint_swd keymint [WRN] (swd_run_cb:263) swd_begin() returns 0
04-21 11:56:18.454  1058  1058 D android.hardware.security.keymint-service: begin: ret 0
04-21 11:56:18.454  1041 26834 I keystore2: system/security/keystore2/src/security_level.rs:466 - In create_operation. Success to create IKeystoreOperation. 11016, None
04-21 11:56:18.454  1058  1058 D keymint_swd: keymint_swd keymint [WRN] (swd_run_cb:263) swd_update() returns 0
04-21 11:56:18.454  1058  1058 D android.hardware.security.keymint-service: update: ret 0
04-21 11:56:18.455  1058  1058 D keymint_swd: keymint_swd keymint [WRN] (swd_run_cb:263) swd_finish() returns 0
04-21 11:56:18.455  1058  1058 D android.hardware.security.keymint-service: finish: ret 0
04-21 11:56:18.460  1058  1058 W keymint_tee: [WRN]begin req PARAMS: A32, BM32, PD1, 
04-21 11:56:18.462  1058  1058 D keymint_swd: keymint_swd keymint [WRN] (km_add_tag:528) skip: non repetable tag already exists with different value: 268435458
04-21 11:56:18.462  1058  1058 D keymint_swd: keymint_swd keymint [WRN] (swd_run_cb:263) swd_begin() returns 0
04-21 11:56:18.462  1058  1058 D android.hardware.security.keymint-service: begin: ret 0
04-21 11:56:18.462  1041 26834 I keystore2: system/security/keystore2/src/security_level.rs:466 - In create_operation. Success to create IKeystoreOperation. 11016, None
04-21 11:56:18.462  1058  1058 D keymint_swd: keymint_swd keymint [WRN] (swd_run_cb:263) swd_update() returns 0
04-21 11:56:18.462  1058  1058 D android.hardware.security.keymint-service: update: ret 0
04-21 11:56:18.463  1058  1058 D keymint_swd: keymint_swd keymint [WRN] (swd_run_cb:263) swd_finish() returns 0
04-21 11:56:18.463  1058  1058 D android.hardware.security.keymint-service: finish: ret 0
04-21 11:56:18.463  1058  1058 W keymint_tee: [WRN]begin req PARAMS: A32, BM32, PD1, 
04-21 11:56:18.465  1058  1058 D keymint_swd: keymint_swd keymint [WRN] (km_add_tag:528) skip: non repetable tag already exists with different value: 268435458
04-21 11:56:18.465  1058  1058 D keymint_swd: keymint_swd keymint [WRN] (swd_run_cb:263) swd_begin() returns 0
04-21 11:56:18.465  1058  1058 D android.hardware.security.keymint-service: begin: ret 0
04-21 11:56:18.465  1041 26834 I keystore2: system/security/keystore2/src/security_level.rs:466 - In create_operation. Success to create IKeystoreOperation. 11016, None
04-21 11:56:18.466  1058  1058 D keymint_swd: keymint_swd keymint [WRN] (swd_run_cb:263) swd_update() returns 0
04-21 11:56:18.466  1058  1058 D android.hardware.security.keymint-service: update: ret 0
04-21 11:56:18.466  1058  1058 D keymint_swd: keymint_swd keymint [WRN] (swd_run_cb:263) swd_finish() returns 0
04-21 11:56:18.466  1058  1058 D android.hardware.security.keymint-service: finish: ret 0
04-21 11:56:18.467  1058  1058 W keymint_tee: [WRN]begin req PARAMS: A32, BM32, PD1, 
04-21 11:56:18.468  1058  1058 D keymint_swd: keymint_swd keymint [WRN] (km_add_tag:528) skip: non repetable tag already exists with different value: 268435458
04-21 11:56:18.468  1058  1058 D keymint_swd: keymint_swd keymint [WRN] (swd_run_cb:263) swd_begin() returns 0
04-21 11:56:18.468  1058  1058 D android.hardware.security.keymint-service: begin: ret 0
04-21 11:56:18.469  1041 26834 I keystore2: system/security/keystore2/src/security_level.rs:466 - In create_operation. Success to create IKeystoreOperation. 11016, None
04-21 11:56:18.469  1058  1058 D keymint_swd: keymint_swd keymint [WRN] (swd_run_cb:263) swd_update() returns 0
04-21 11:56:18.469  1058  1058 D android.hardware.security.keymint-service: update: ret 0
04-21 11:56:18.470  1058  1058 D keymint_swd: keymint_swd keymint [WRN] (swd_run_cb:263) swd_finish() returns 0
04-21 11:56:18.470  1058  1058 D android.hardware.security.keymint-service: finish: ret 0
04-21 11:56:18.471  1058  1058 W keymint_tee: [WRN]begin req PARAMS: A32, BM32, PD1, 
04-21 11:56:18.472  1058  1058 D keymint_swd: keymint_swd keymint [WRN] (km_add_tag:528) skip: non repetable tag already exists with different value: 268435458
04-21 11:56:18.472  1058  1058 D keymint_swd: keymint_swd keymint [WRN] (swd_run_cb:263) swd_begin() returns 0
04-21 11:56:18.472  1058  1058 D android.hardware.security.keymint-service: begin: ret 0
04-21 11:56:18.473  1041 26834 I keystore2: system/security/keystore2/src/security_level.rs:466 - In create_operation. Success to create IKeystoreOperation. 11016, None
04-21 11:56:18.473  1058  1058 D keymint_swd: keymint_swd keymint [WRN] (swd_run_cb:263) swd_update() returns 0
04-21 11:56:18.473  1058  1058 D android.hardware.security.keymint-service: update: ret 0
04-21 11:56:18.474  1058  1058 D keymint_swd: keymint_swd keymint [WRN] (swd_run_cb:263) swd_finish() returns 0
04-21 11:56:18.474  1058  1058 D android.hardware.security.keymint-service: finish: ret 0
04-21 11:56:18.474  1058  1058 W keymint_tee: [WRN]begin req PARAMS: A32, BM32, PD1, 
04-21 11:56:18.476  1058  1058 D keymint_swd: keymint_swd keymint [WRN] (km_add_tag:528) skip: non repetable tag already exists with different value: 268435458
04-21 11:56:18.476  1058  1058 D keymint_swd: keymint_swd keymint [WRN] (swd_run_cb:263) swd_begin() returns 0
04-21 11:56:18.476  1058  1058 D android.hardware.security.keymint-service: begin: ret 0
04-21 11:56:18.476  1041 26834 I keystore2: system/security/keystore2/src/security_level.rs:466 - In create_operation. Success to create IKeystoreOperation. 11016, None
04-21 11:56:18.476  1058  1058 D keymint_swd: keymint_swd keymint [WRN] (swd_run_cb:263) swd_update() returns 0
04-21 11:56:18.476  1058  1058 D android.hardware.security.keymint-service: update: ret 0
04-21 11:56:18.477  1058  1058 D keymint_swd: keymint_swd keymint [WRN] (swd_run_cb:263) swd_finish() returns 0
04-21 11:56:18.477  1058  1058 D android.hardware.security.keymint-service: finish: ret 0
04-21 11:56:18.478  1058  1058 W keymint_tee: [WRN]begin req PARAMS: A32, BM32, PD1, 
04-21 11:56:18.479  1058  1058 D keymint_swd: keymint_swd keymint [WRN] (km_add_tag:528) skip: non repetable tag already exists with different value: 268435458
04-21 11:56:18.479  1058  1058 D keymint_swd: keymint_swd keymint [WRN] (swd_run_cb:263) swd_begin() returns 0
04-21 11:56:18.479  1058  1058 D android.hardware.security.keymint-service: begin: ret 0
04-21 11:56:18.479  1041 26834 I keystore2: system/security/keystore2/src/security_level.rs:466 - In create_operation. Success to create IKeystoreOperation. 11016, None
04-21 11:56:18.480  1058  1058 D keymint_swd: keymint_swd keymint [WRN] (swd_run_cb:263) swd_update() returns 0
04-21 11:56:18.480  1058  1058 D android.hardware.security.keymint-service: update: ret 0
04-21 11:56:18.480  1058  1058 D keymint_swd: keymint_swd keymint [WRN] (swd_run_cb:263) swd_finish() returns 0
04-21 11:56:18.480  1058  1058 D android.hardware.security.keymint-service: finish: ret 0
04-21 11:56:18.485  1058  1058 W keymint_tee: [WRN]begin req PARAMS: A32, BM32, PD1, 
04-21 11:56:18.486  1058  1058 D keymint_swd: keymint_swd keymint [WRN] (km_add_tag:528) skip: non repetable tag already exists with different value: 268435458
04-21 11:56:18.486  1058  1058 D keymint_swd: keymint_swd keymint [WRN] (swd_run_cb:263) swd_begin() returns 0
04-21 11:56:18.486  1058  1058 D android.hardware.security.keymint-service: begin: ret 0
04-21 11:56:18.486  1041 26834 I keystore2: system/security/keystore2/src/security_level.rs:466 - In create_operation. Success to create IKeystoreOperation. 11016, None
04-21 11:56:18.487  1058  1058 D keymint_swd: keymint_swd keymint [WRN] (swd_run_cb:263) swd_update() returns 0
04-21 11:56:18.487  1058  1058 D android.hardware.security.keymint-service: update: ret 0
04-21 11:56:18.488  1058  1058 D keymint_swd: keymint_swd keymint [WRN] (swd_run_cb:263) swd_finish() returns 0
04-21 11:56:18.488  1058  1058 D android.hardware.security.keymint-service: finish: ret 0
04-21 11:56:18.488  1058  1058 W keymint_tee: [WRN]begin req PARAMS: A32, BM32, PD1, 
04-21 11:56:18.490  1058  1058 D keymint_swd: keymint_swd keymint [WRN] (km_add_tag:528) skip: non repetable tag already exists with different value: 268435458
04-21 11:56:18.490  1058  1058 D keymint_swd: keymint_swd keymint [WRN] (swd_run_cb:263) swd_begin() returns 0
04-21 11:56:18.490  1058  1058 D android.hardware.security.keymint-service: begin: ret 0
04-21 11:56:18.490  1041 26834 I keystore2: system/security/keystore2/src/security_level.rs:466 - In create_operation. Success to create IKeystoreOperation. 11016, None
04-21 11:56:18.490  1058  1058 D keymint_swd: keymint_swd keymint [WRN] (swd_run_cb:263) swd_update() returns 0
04-21 11:56:18.490  1058  1058 D android.hardware.security.keymint-service: update: ret 0
04-21 11:56:18.491  1058  1058 D keymint_swd: keymint_swd keymint [WRN] (swd_run_cb:263) swd_finish() returns 0
04-21 11:56:18.491  1058  1058 D android.hardware.security.keymint-service: finish: ret 0
04-21 11:56:18.491  1058  1058 W keymint_tee: [WRN]begin req PARAMS: A32, BM32, PD1, 
04-21 11:56:18.493  1058  1058 D keymint_swd: keymint_swd keymint [WRN] (km_add_tag:528) skip: non repetable tag already exists with different value: 268435458
04-21 11:56:18.493  1058  1058 D keymint_swd: keymint_swd keymint [WRN] (swd_run_cb:263) swd_begin() returns 0
04-21 11:56:18.493  1058  1058 D android.hardware.security.keymint-service: begin: ret 0
04-21 11:56:18.493  1041 26834 I keystore2: system/security/keystore2/src/security_level.rs:466 - In create_operation. Success to create IKeystoreOperation. 11016, None
04-21 11:56:18.494  1058  1058 D keymint_swd: keymint_swd keymint [WRN] (swd_run_cb:263) swd_update() returns 0
04-21 11:56:18.494  1058  1058 D android.hardware.security.keymint-service: update: ret 0
04-21 11:56:18.494  1058  1058 D keymint_swd: keymint_swd keymint [WRN] (swd_run_cb:263) swd_finish() returns 0
04-21 11:56:18.494  1058  1058 D android.hardware.security.keymint-service: finish: ret 0
04-21 11:56:18.495  1058  1058 W keymint_tee: [WRN]begin req PARAMS: A32, BM32, PD1, 
04-21 11:56:18.497  1058  1058 D keymint_swd: keymint_swd keymint [WRN] (km_add_tag:528) skip: non repetable tag already exists with different value: 268435458
04-21 11:56:18.497  1058  1058 D keymint_swd: keymint_swd keymint [WRN] (swd_run_cb:263) swd_begin() returns 0
04-21 11:56:18.497  1058  1058 D android.hardware.security.keymint-service: begin: ret 0
04-21 11:56:18.497  1041 26834 I keystore2: system/security/keystore2/src/security_level.rs:466 - In create_operation. Success to create IKeystoreOperation. 11016, None
04-21 11:56:18.497  1058  1058 D keymint_swd: keymint_swd keymint [WRN] (swd_run_cb:263) swd_update() returns 0
04-21 11:56:18.497  1058  1058 D android.hardware.security.keymint-service: update: ret 0
04-21 11:56:18.498  1058  1058 D keymint_swd: keymint_swd keymint [WRN] (swd_run_cb:263) swd_finish() returns 0
04-21 11:56:18.498  1058  1058 D android.hardware.security.keymint-service: finish: ret 0
04-21 11:56:18.499  1058  1058 W keymint_tee: [WRN]begin req PARAMS: A32, BM32, PD1, 
04-21 11:56:18.500  1058  1058 D keymint_swd: keymint_swd keymint [WRN] (km_add_tag:528) skip: non repetable tag already exists with different value: 268435458
04-21 11:56:18.500  1058  1058 D keymint_swd: keymint_swd keymint [WRN] (swd_run_cb:263) swd_begin() returns 0
04-21 11:56:18.500  1058  1058 D android.hardware.security.keymint-service: begin: ret 0
04-21 11:56:18.500  1041 26834 I keystore2: system/security/keystore2/src/security_level.rs:466 - In create_operation. Success to create IKeystoreOperation. 11016, None
04-21 11:56:18.501  1058  1058 D keymint_swd: keymint_swd keymint [WRN] (swd_run_cb:263) swd_update() returns 0
04-21 11:56:18.501  1058  1058 D android.hardware.security.keymint-service: update: ret 0
04-21 11:56:18.501  1058  1058 D keymint_swd: keymint_swd keymint [WRN] (swd_run_cb:263) swd_finish() returns 0
04-21 11:56:18.501  1058  1058 D android.hardware.security.keymint-service: finish: ret 0
04-21 11:56:18.502  1058  1058 W keymint_tee: [WRN]begin req PARAMS: A32, BM32, PD1, 
04-21 11:56:18.504  1058  1058 D keymint_swd: keymint_swd keymint [WRN] (km_add_tag:528) skip: non repetable tag already exists with different value: 268435458
04-21 11:56:18.504  1058  1058 D keymint_swd: keymint_swd keymint [WRN] (swd_run_cb:263) swd_begin() returns 0
04-21 11:56:18.504  1058  1058 D android.hardware.security.keymint-service: begin: ret 0
04-21 11:56:18.504  1041 26834 I keystore2: system/security/keystore2/src/security_level.rs:466 - In create_operation. Success to create IKeystoreOperation. 11016, None
04-21 11:56:18.504  1058  1058 D keymint_swd: keymint_swd keymint [WRN] (swd_run_cb:263) swd_update() returns 0
04-21 11:56:18.504  1058  1058 D android.hardware.security.keymint-service: update: ret 0
04-21 11:56:18.505  1058  1058 D keymint_swd: keymint_swd keymint [WRN] (swd_run_cb:263) swd_finish() returns 0
04-21 11:56:18.505  1058  1058 D android.hardware.security.keymint-service: finish: ret 0
04-21 11:56:18.519  1793  7863 I HYPER-HAL: [RequestManager.cpp]releaseLocked(): Released ID : 3032017
04-21 11:56:18.529  1793  1930 I HYPER-HAL: [RequestManager.cpp]acquire(): Acquired ID : 661586703  [1796 / 34578]    HINT :      list : [UCLAMP_MIN_BOOST / 0] [TIMEOUT / 350] [TID / 7904] [TID / 7905] [TID / 7875] [TID / 7899] 
04-21 11:56:18.532  2398  6897 D CoreBackPreview: Window{a831a1a u0 com.hermescourier.android/com.hermescourier.android.MainActivity}: Setting back callback OnBackInvokedCallbackInfo{mCallback=android.window.IOnBackInvokedCallback$Stub$Proxy@5da55d4, mPriority=0, mIsAnimationCallback=false, mOverrideBehavior=0}
04-21 11:56:18.569  1776  6495 I sensors-hal: handle_sns_client_event:379, [0][21985965] accel_sample [-0.006,  8.577,  4.616] 1594312574553132
04-21 11:56:18.626  7875  7875 W courier.android: Method boolean androidx.compose.runtime.snapshots.SnapshotStateList.conditionalUpdate(boolean, kotlin.jvm.functions.Function1) failed lock verification and will run slower.
04-21 11:56:18.626  7875  7875 W courier.android: Common causes for lock verification issues are non-optimized dex code
04-21 11:56:18.626  7875  7875 W courier.android: and incorrect proguard optimizations.
04-21 11:56:18.626  7875  7875 W courier.android: Method boolean androidx.compose.runtime.snapshots.SnapshotStateList.conditionalUpdate$default(androidx.compose.runtime.snapshots.SnapshotStateList, boolean, kotlin.jvm.functions.Function1, int, java.lang.Object) failed lock verification and will run slower.
04-21 11:56:18.626  7875  7875 W courier.android: Method java.lang.Object androidx.compose.runtime.snapshots.SnapshotStateList.mutate(kotlin.jvm.functions.Function1) failed lock verification and will run slower.
04-21 11:56:18.626  7875  7875 W courier.android: Method void androidx.compose.runtime.snapshots.SnapshotStateList.update(boolean, kotlin.jvm.functions.Function1) failed lock verification and will run slower.
04-21 11:56:18.626  7875  7875 W courier.android: Method void androidx.compose.runtime.snapshots.SnapshotStateList.update$default(androidx.compose.runtime.snapshots.SnapshotStateList, boolean, kotlin.jvm.functions.Function1, int, java.lang.Object) failed lock verification and will run slower.
04-21 11:56:18.679  2398  3850 I SemTwtInfo: Waiting grant 0.95397115 8192 49152
04-21 11:56:18.715  2398  6897 I WindowManager: Relayout Window{a831a1a u0 com.hermescourier.android/com.hermescourier.android.MainActivity}: viewVisibility=0 req=1080x2520 ty=1 d0
04-21 11:56:18.715  1931  2458 I SurfaceFlinger: id=94743 createSurf, flag=44004, com.hermescourier.android/com.hermescourier.android.MainActivity$_7875#94743
04-21 11:56:18.716  2398  6897 D WindowManager: makeSurface duration=1 name=com.hermescourier.android/com.hermescourier.android.MainActivity$_7875
04-21 11:56:18.716  2398  6897 D SurfaceComposerClient: setCornerRadius ## 3bd89bc Splash Screen com.hermescourier.android#94734 cornerRadius=0.000000
04-21 11:56:18.716  2398  6897 D SurfaceComposerClient: setCornerRadius ## a831a1a com.hermescourier.android/com.hermescourier.android.MainActivity#94742 cornerRadius=0.000000
04-21 11:56:18.716  2398  6897 D SurfaceComposerClient: setCornerRadius ## 3bd89bc Splash Screen com.hermescourier.android#94734 cornerRadius=0.000000
04-21 11:56:18.716  2398  6897 D SurfaceComposerClient: setCornerRadius ## a831a1a com.hermescourier.android/com.hermescourier.android.MainActivity#94742 cornerRadius=0.000000
04-21 11:56:18.717  2398  6897 D WindowManager: Changing focus from null to Window{a831a1a u0 com.hermescourier.android/com.hermescourier.android.MainActivity} displayId=0 Callers=com.android.server.wm.WindowManagerService.relayoutWindow:1411 com.android.server.wm.Session.relayout:27 android.view.IWindowSession$Stub.onTransact:829 com.android.server.wm.Session.onTransact:1 
04-21 11:56:18.717  2398  6897 I WindowManager: Cancelling animation restarting=true, leash=Surface(name=Surface(name=ee68606 NavigationBar0)/@0x9729b8a - animation-leash of insets_animation)/@0xeac7338
04-21 11:56:18.717  2398  6897 I WindowManager: Reparenting to original parent: Surface(name=WindowToken{6812c5c type=2019 android.os.BinderProxy@551bf2e})/@0x7ec75fb, destroy=false, surface=Surface(name=ee68606 NavigationBar0)/@0x9729b8a
04-21 11:56:18.717  2398  6897 I WindowManager: Reparenting to leash, surface=Surface(name=ee68606 NavigationBar0)/@0x9729b8a, leashParent=Surface(name=WindowToken{6812c5c type=2019 android.os.BinderProxy@551bf2e})/@0x7ec75fb
04-21 11:56:18.717  1931  2458 I SurfaceFlinger: id=94744 createSurf, flag=24000, Surface(name=ee68606 NavigationBar0)/@0x9729b8a - animation-leash of insets_animation#94744
04-21 11:56:18.717  2398  6897 D WindowManager: makeSurface duration=0 leash=Surface(name=Surface(name=ee68606 NavigationBar0)/@0x9729b8a - animation-leash of insets_animation)/@0x570fb40
04-21 11:56:18.717  2398  6897 D InsetsSourceProvider: updateControlForTarget: control=InsetsSourceControl: {45910001 mType=navigationBars initiallyVisible mSurfacePosition=Point(0, 2394) mInsetsHint=Insets{left=0, top=0, right=0, bottom=39}}, target=Window{a831a1a u0 com.hermescourier.android/com.hermescourier.android.MainActivity}, from=com.android.server.wm.InsetsStateController.onControlTargetChanged:83 com.android.server.wm.InsetsPolicy.updateBarControlTarget:188 com.android.server.wm.DisplayPolicy.updateSystemBarAttributes:250 com.android.server.wm.WindowManagerService.updateFocusedWindowLocked:372 com.android.server.wm.WindowManagerService.relayoutWindow:1411 
04-21 11:56:18.717  2398  6897 I WindowManager: Cancelling animation restarting=true, leash=Surface(name=Surface(name=3b87977 StatusBar)/@0xd0f69cf - animation-leash of insets_animation)/@0xf570876
04-21 11:56:18.717  2398  6897 I WindowManager: Reparenting to original parent: Surface(name=WindowToken{4becf76 type=2000 android.os.BinderProxy@e772238})/@0x6e74f5c, destroy=false, surface=Surface(name=3b87977 StatusBar)/@0xd0f69cf
04-21 11:56:18.717  2398  6897 I WindowManager: Reparenting to leash, surface=Surface(name=3b87977 StatusBar)/@0xd0f69cf, leashParent=Surface(name=WindowToken{4becf76 type=2000 android.os.BinderProxy@e772238})/@0x6e74f5c
04-21 11:56:18.717  1931  2458 I SurfaceFlinger: id=94745 createSurf, flag=24000, Surface(name=3b87977 StatusBar)/@0xd0f69cf - animation-leash of insets_animation#94745
04-21 11:56:18.717  2398  6897 D WindowManager: makeSurface duration=0 leash=Surface(name=Surface(name=3b87977 StatusBar)/@0xd0f69cf - animation-leash of insets_animation)/@0x4d7a3be
04-21 11:56:18.717  2398  6897 D InsetsSourceProvider: updateControlForTarget: control=InsetsSourceControl: {fbc60000 mType=statusBars initiallyVisible mSurfacePosition=Point(0, 0) mInsetsHint=Insets{left=0, top=110, right=0, bottom=0}}, target=Window{a831a1a u0 com.hermescourier.android/com.hermescourier.android.MainActivity}, from=com.android.server.wm.InsetsStateController.onControlTargetChanged:83 com.android.server.wm.InsetsPolicy.updateBarControlTarget:175 com.android.server.wm.DisplayPolicy.updateSystemBarAttributes:250 com.android.server.wm.WindowManagerService.updateFocusedWindowLocked:372 com.android.server.wm.WindowManagerService.relayoutWindow:1411 
04-21 11:56:18.717  2398  6897 I WindowManager: Cancelling animation restarting=true, leash=Surface(name=Surface(name=9fc5b0a TaskbarWindow)/@0x7d2c547 - animation-leash of insets_animation)/@0x518ae4
04-21 11:56:18.717  2398  6897 I WindowManager: Reparenting to original parent: Surface(name=WindowToken{931682d type=2024 android.os.BinderProxy@f3e09a8})/@0x8c3d174, destroy=false, surface=Surface(name=9fc5b0a TaskbarWindow)/@0x7d2c547
04-21 11:56:18.717  2398  6897 I WindowManager: Reparenting to leash, surface=Surface(name=9fc5b0a TaskbarWindow)/@0x7d2c547, leashParent=Surface(name=WindowToken{931682d type=2024 android.os.BinderProxy@f3e09a8})/@0x8c3d174
04-21 11:56:18.717  1931  2458 I SurfaceFlinger: id=94746 createSurf, flag=24000, Surface(name=9fc5b0a TaskbarWindow)/@0x7d2c547 - animation-leash of insets_animation#94746
04-21 11:56:18.718  2398  6897 D WindowManager: makeSurface duration=0 leash=Surface(name=Surface(name=9fc5b0a TaskbarWindow)/@0x7d2c547 - animation-leash of insets_animation)/@0x30a8b6c
04-21 11:56:18.718  2398  6897 D InsetsSourceProvider: updateControlForTarget: control=InsetsSourceControl: {9b490001 mType=navigationBars initiallyVisible mSurfacePosition=Point(0, 1608) mInsetsHint=Insets{left=0, top=0, right=0, bottom=31}}, target=Window{a831a1a u0 com.hermescourier.android/com.hermescourier.android.MainActivity}, from=com.android.server.wm.InsetsStateController.onControlTargetChanged:83 com.android.server.wm.InsetsPolicy.updateBarControlTarget:188 com.android.server.wm.DisplayPolicy.updateSystemBarAttributes:250 com.android.server.wm.WindowManagerService.updateFocusedWindowLocked:372 com.android.server.wm.WindowManagerService.relayoutWindow:1411 
04-21 11:56:18.718  2398  6897 V SystemKeyManager: updateFocusedWindow() is called, com.hermescourier.android/com.hermescourier.android.MainActivity
04-21 11:56:18.718  2398  6897 I WindowManager: Relayout hash=a831a1a, pid=7875, syncId=-1: mAttrs={(0,0)(fillxfill) sim={adjust=pan forwardNavigation} layoutInDisplayCutoutMode=always ty=BASE_APPLICATION wanim=0x1030001
04-21 11:56:18.718  2398  6897 I WindowManager:   fl=1810100
04-21 11:56:18.718  2398  6897 I WindowManager:   pfl=100080c0
04-21 11:56:18.718  2398  6897 I WindowManager:   bhv=1
04-21 11:56:18.718  2398  6897 I WindowManager:   fitSides=0
04-21 11:56:18.718  2398  6897 I WindowManager:   frameRateBoostOnTouch=true
04-21 11:56:18.718  2398  6897 I WindowManager:   dvrrWindowFrameRateHint=true naviIconColor=0}
04-21 11:56:18.719  7875  7875 E courier.android: Unable to open libpenguin.so: dlopen failed: library "libpenguin.so" not found.
04-21 11:56:18.719  7875  7875 W libc    : Access denied finding property "vendor.gpp.create_frc_extension"
04-21 11:56:18.719  7875  7875 I BufferQueueProducer: [](id:1ec300000000,api:0,p:0,c:7875) setDequeueTimeout:2077252342
04-21 11:56:18.720  7875  7875 I BLASTBufferQueue_Java: new BLASTBufferQueue, mName= VRI[MainActivity]@de4a1b5 mNativeObject= 0xb400007241fa03e0 caller= android.view.ViewRootImpl.updateBlastSurfaceIfNeeded:3570 android.view.ViewRootImpl.relayoutWindow:11614 android.view.ViewRootImpl.performTraversals:4755 android.view.ViewRootImpl.doTraversal:3904 android.view.ViewRootImpl$TraversalRunnable.run:12819 android.view.Choreographer$CallbackRecord.run:1901 android.view.Choreographer$CallbackRecord.run:1910 android.view.Choreographer.doCallbacks:1367 android.view.Choreographer.doFrame:1292 android.view.Choreographer$FrameDisplayEventReceiver.run:1870 
04-21 11:56:18.720  7875  7875 I BLASTBufferQueue_Java: update, w= 1080 h= 2520 mName = VRI[MainActivity]@de4a1b5 mNativeObject= 0xb400007241fa03e0 sc.mNativeObject= 0xb4000072c1f7a3d0 format= -1 caller= android.view.ViewRootImpl.updateBlastSurfaceIfNeeded:3575 android.view.ViewRootImpl.relayoutWindow:11614 android.view.ViewRootImpl.performTraversals:4755 android.view.ViewRootImpl.doTraversal:3904 android.view.ViewRootImpl$TraversalRunnable.run:12819 android.view.Choreographer$CallbackRecord.run:1901 
04-21 11:56:18.720  7875  7875 W libc    : Access denied finding property "vendor.gpp.create_frc_extension"
04-21 11:56:18.720  7875  7875 I VRI[MainActivity]@de4a1b5: Relayout returned: old=(0,0,1080,2520) new=(0,0,1080,2520) relayoutAsync=false req=(1080,2520)0 dur=5 res=0x3 s={true 0xb400007261f859b0} ch=true seqId=0
04-21 11:56:18.720  7875  7875 I VRI[MainActivity]@de4a1b5: performConfigurationChange setNightDimText nightDimLevel=0
04-21 11:56:18.721  7875  7875 D VRI[MainActivity]@de4a1b5: mThreadedRenderer.initialize() mSurface={isValid=true 0xb400007261f859b0} hwInitialized=true
04-21 11:56:18.721  1931  2440 I SurfaceFlinger: Capture layer list: 	 Splash Screen com.hermescourier.android$_4013#94735(seamlessTransition:0)
04-21 11:56:18.725  1931  2458 I VSyncReactor: Current= 120, Period= 120, Distance= 1
04-21 11:56:18.728  1931  1931 I SurfaceFlinger: [LayerHierarchy{RequestedLayerState{9fc5b0a TaskbarWindow#3028 parentId=94746} 1 children}] reparent to LayerHierarchy{RequestedLayerState{Surface(name=9fc5b0a TaskbarWindow)/@0x7d2c547 - animation-leash of insets_animation#94746 parentId=3027} 1 children}
04-21 11:56:18.728  1931  1931 I SurfaceFlinger: [LayerHierarchy{RequestedLayerState{ee68606 NavigationBar0#109 parentId=94744} 1 children}] reparent to LayerHierarchy{RequestedLayerState{Surface(name=ee68606 NavigationBar0)/@0x9729b8a - animation-leash of insets_animation#94744 parentId=108} 1 children}
04-21 11:56:18.728  1931  1931 I SurfaceFlinger: [LayerHierarchy{RequestedLayerState{3b87977 StatusBar#119 parentId=94745} 1 children}] reparent to LayerHierarchy{RequestedLayerState{Surface(name=3b87977 StatusBar)/@0xd0f69cf - animation-leash of insets_animation#94745 parentId=118} 1 children}
04-21 11:56:18.728  1931  1931 I SurfaceFlinger: [LayerHierarchy{RequestedLayerState{Surface(name=9fc5b0a TaskbarWindow)/@0x7d2c547 - animation-leash of insets_animation#94739} no children}] reparent to OffscreenRoot
04-21 11:56:18.728  1931  1931 I SurfaceFlinger: [LayerHierarchy{RequestedLayerState{Surface(name=9fc5b0a TaskbarWindow)/@0x7d2c547 - animation-leash of insets_animation#94739} no children}] RelativeParent to null
04-21 11:56:18.728  1931  1931 I SurfaceFlinger: [LayerHierarchy{RequestedLayerState{Surface(name=3b87977 StatusBar)/@0xd0f69cf - animation-leash of insets_animation#94738} no children}] reparent to OffscreenRoot
04-21 11:56:18.728  1931  1931 I SurfaceFlinger: [LayerHierarchy{RequestedLayerState{Surface(name=3b87977 StatusBar)/@0xd0f69cf - animation-leash of insets_animation#94738} no children}] RelativeParent to null
04-21 11:56:18.728  1931  1931 I SurfaceFlinger: [LayerHierarchy{RequestedLayerState{Surface(name=ee68606 NavigationBar0)/@0x9729b8a - animation-leash of insets_animation#94737} no children}] reparent to OffscreenRoot
04-21 11:56:18.728  1931  1931 I SurfaceFlinger: [LayerHierarchy{RequestedLayerState{Surface(name=ee68606 NavigationBar0)/@0x9729b8a - animation-leash of insets_animation#94737} no children}] RelativeParent to null
04-21 11:56:18.728  1931  1931 I SurfaceFlinger: [com.hermescourier.android/com.hermescourier.android.MainActivity$_7875#94743] attach to parent LayerHierarchy{RequestedLayerState{a831a1a com.hermescourier.android/com.hermescourier.android.MainActivity#94742 parentId=94733} 1 children}
04-21 11:56:18.728  1931  1931 I SurfaceFlinger: [Surface(name=ee68606 NavigationBar0)/@0x9729b8a - animation-leash of insets_animation#94744] attach to parent LayerHierarchy{RequestedLayerState{WindowToken{6812c5c type=2019 android.os.BinderProxy@551bf2e}#108 parentId=35} 1 children}
04-21 11:56:18.728  1931  1931 I SurfaceFlinger: [Surface(name=3b87977 StatusBar)/@0xd0f69cf - animation-leash of insets_animation#94745] attach to parent LayerHierarchy{RequestedLayerState{WindowToken{4becf76 type=2000 android.os.BinderProxy@e772238}#118 parentId=18} 1 children}
04-21 11:56:18.728  1931  1931 I SurfaceFlinger: [Surface(name=9fc5b0a TaskbarWindow)/@0x7d2c547 - animation-leash of insets_animation#94746] attach to parent LayerHierarchy{RequestedLayerState{WindowToken{931682d type=2024 android.os.BinderProxy@f3e09a8}#3027 parentId=35 z=3} 1 children}
04-21 11:56:18.729  1931  2458 I SurfaceFlinger: id=94739 Removed Surface(name=9fc5b0a TaskbarWindow)/@0x7d2c547 - animation-leash of insets_animation#94739 (235)
04-21 11:56:18.729  2398  2901 I WindowManager: notifyInsetsControlChanged, removed=false, win=Window{3bd89bc u0 Splash Screen com.hermescourier.android}, caller=com.android.server.wm.InsetsStateController$$ExternalSyntheticLambda1.run:137 com.android.server.wm.WindowAnimator$$ExternalSyntheticLambda2.onTransactionCommitted:26 android.view.SurfaceControl$Transaction$$ExternalSyntheticLambda4.run:0 android.os.Handler.handleCallback:995 android.os.Handler.dispatchMessage:103 android.os.Looper.loopOnce:273 
04-21 11:56:18.729  1931  2464 D SurfaceFlinger: [input] setFocusedWindow: a831a1a com.hermescourier.android/com.hermescourier.android.MainActivity
04-21 11:56:18.729  2398  5593 D InputDispatcher: Once focus requested (0): a831a1a com.hermescourier.android/com.hermescourier.android.MainActivity
04-21 11:56:18.729  2398  5593 D InputDispatcher: Focus request (0): a831a1a com.hermescourier.android/com.hermescourier.android.MainActivity but waiting because NO_WINDOW
04-21 11:56:18.730  4013  4139 I VRI[android]@211d7d5: onActiveControlsChanged, removed=false, mAdded=true, caller=android.view.ViewRootImpl.handleInsetsControlChanged:2987 android.view.ViewRootImpl$ViewRootHandler.handleMessageImpl:8292 android.view.ViewRootImpl$ViewRootHandler.handleMessage:8241 android.os.Handler.dispatchMessage:110 android.os.Looper.loopOnce:273 
04-21 11:56:18.730  1931  2458 I SurfaceFlinger: id=94737 Removed Surface(name=ee68606 NavigationBar0)/@0x9729b8a - animation-leash of insets_animation#94737 (235)
04-21 11:56:18.730  1931  2458 I SurfaceFlinger: id=94738 Removed Surface(name=3b87977 StatusBar)/@0xd0f69cf - animation-leash of insets_animation#94738 (235)
04-21 11:56:18.734  1931  2458 I VSyncReactor: Current= 120, Period= 120, Distance= 121
04-21 11:56:18.736  1931  1931 I SurfaceFlinger: destroyed Surface(name=9fc5b0a TaskbarWindow)/@0x7d2c547 - animation-leash of insets_animation#94739 form LifecycleManager
04-21 11:56:18.736  1931  1931 I SurfaceFlinger: destroyed Surface(name=3b87977 StatusBar)/@0xd0f69cf - animation-leash of insets_animation#94738 form LifecycleManager
04-21 11:56:18.736  1931  1931 I SurfaceFlinger: destroyed Surface(name=ee68606 NavigationBar0)/@0x9729b8a - animation-leash of insets_animation#94737 form LifecycleManager
04-21 11:56:18.736  1931  1931 I SurfaceFlinger: id=94739 onLayerDestroyed from LayerHierarchyBuilder(RequestedLayerState{Surface(name=9fc5b0a TaskbarWindow)/@0x7d2c547 - animation-leash of insets_animation#94739 !handle})
04-21 11:56:18.736  1931  1931 I SurfaceFlinger: id=94738 onLayerDestroyed from LayerHierarchyBuilder(RequestedLayerState{Surface(name=3b87977 StatusBar)/@0xd0f69cf - animation-leash of insets_animation#94738 !handle})
04-21 11:56:18.736  1931  1931 I SurfaceFlinger: id=94737 onLayerDestroyed from LayerHierarchyBuilder(RequestedLayerState{Surface(name=ee68606 NavigationBar0)/@0x9729b8a - animation-leash of insets_animation#94737 !handle})
04-21 11:56:18.736  1931  1931 I Layer   : id=94739 Destroyed Surface(name=9fc5b0a TaskbarWindow)/@0x7d2c547 - animation-leash of insets_animation#94739
04-21 11:56:18.736  1931  1931 I Layer   : id=94738 Destroyed Surface(name=3b87977 StatusBar)/@0xd0f69cf - animation-leash of insets_animation#94738
04-21 11:56:18.736  1931  1931 I Layer   : id=94737 Destroyed Surface(name=ee68606 NavigationBar0)/@0x9729b8a - animation-leash of insets_animation#94737
04-21 11:56:18.746  7875  7875 D VRI[MainActivity]@de4a1b5: reportNextDraw android.view.ViewRootImpl.performTraversals:5394 android.view.ViewRootImpl.doTraversal:3904 android.view.ViewRootImpl$TraversalRunnable.run:12819 android.view.Choreographer$CallbackRecord.run:1901 android.view.Choreographer$CallbackRecord.run:1910 
04-21 11:56:18.746  7763  7763 D BoundBrokerSvc: onUnbind: Intent { act=com.google.android.gms.inappreach.service.START dat=chimera-action:/... xflg=0x4 cmp=com.google.android.gms/.chimera.GmsApiService }
04-21 11:56:18.746  7875  7875 D VRI[MainActivity]@de4a1b5: Setup new sync=wmsSync-VRI[MainActivity]@de4a1b5#0
04-21 11:56:18.746  7875  7875 I VRI[MainActivity]@de4a1b5: Creating new active sync group VRI[MainActivity]@de4a1b5#1
04-21 11:56:18.747  7875  7875 D VRI[MainActivity]@de4a1b5: registerCallbacksForSync syncBuffer=false
04-21 11:56:18.747  7763  7763 D BoundBrokerSvc: onUnbind: Intent { act=com.google.android.gms.auth.service.START xflg=0x4 pkg=com.google.android.gms }
04-21 11:56:18.752  7763  7774 I Checkin : [CheckinApiChimeraService] onGetService
04-21 11:56:18.761  7763  7763 D BoundBrokerSvc: onRebind: Intent { act=com.google.android.gms.inappreach.service.START dat=chimera-action:/... xflg=0x4 cmp=com.google.android.gms/.chimera.GmsApiService }
04-21 11:56:18.761  2398  3806 D BackgroundInstallControlService: Package event received: 0
04-21 11:56:18.762  7763  7763 D BoundBrokerSvc: onBind: Intent { act=com.google.android.gms.auth.service.START xflg=0x4 pkg=com.google.android.gms }
04-21 11:56:18.762  7763  7763 D BoundBrokerSvc: Loading bound service for intent: Intent { act=com.google.android.gms.auth.service.START xflg=0x4 pkg=com.google.android.gms }
04-21 11:56:18.765  7875  7904 D VRI[MainActivity]@de4a1b5: Received frameDrawingCallback syncResult=0 frameNum=1.
04-21 11:56:18.765  7875  7904 I VRI[MainActivity]@de4a1b5: mWNT: t=0xb400007211f8fd10 mBlastBufferQueue=0xb400007241fa03e0 fn= 1 HdrRenderState mRenderHdrSdrRatio=1.0 caller= android.view.ViewRootImpl$12.onFrameDraw:15352 android.view.ThreadedRenderer$1.onFrameDraw:718 <bottom of call stack> 
04-21 11:56:18.765  7875  7904 I VRI[MainActivity]@de4a1b5: Setting up sync and frameCommitCallback
04-21 11:56:18.766  7875  7899 I AdrenoUtils: <ReadGpuID:366>: Reading chip ID through GSL
04-21 11:56:18.778  7875  7899 I BLASTBufferQueue: [VRI[MainActivity]@de4a1b5#0](f:0,a:0,s:0) onFrameAvailable the first frame is available
04-21 11:56:18.778  7875  7899 I SurfaceComposerClient: apply transaction with the first frame. layerId: 94743, bufferData(ID: 33822867456003, frameNumber: 1)
04-21 11:56:18.778  7875  7899 I VRI[MainActivity]@de4a1b5: Received frameCommittedCallback lastAttemptedDrawFrameNum=1 didProduceBuffer=true
04-21 11:56:18.778  1931  2458 I SurfaceFlinger: [com.hermescourier.android/com.hermescourier.android.MainActivity$_7875#94743] setTransactionState with the first frame. bufferData(ID: 33822867456003, frameNumber: 1)
04-21 11:56:18.778  7875  7899 D HWUI    : CFMS:: SetUp Pid : 7875    Tid : 7899
04-21 11:56:18.779  7875  7875 D VRI[MainActivity]@de4a1b5: reportDrawFinished seqId=0
04-21 11:56:18.779  2398  3242 D WindowManager: finishDrawingWindow: Window{a831a1a u0 com.hermescourier.android/com.hermescourier.android.MainActivity} mDrawState=DRAW_PENDING seqId=0
04-21 11:56:18.779  7875  7875 I Choreographer: Skipped 62 frames!  The application may be doing too much work on its main thread.
04-21 11:56:18.779  2398  2901 D SurfaceComposerClient: setCornerRadius ## 3bd89bc Splash Screen com.hermescourier.android#94734 cornerRadius=0.000000
04-21 11:56:18.779  2398  2901 D SurfaceComposerClient: setCornerRadius ## a831a1a com.hermescourier.android/com.hermescourier.android.MainActivity#94742 cornerRadius=0.000000
04-21 11:56:18.779  2398  2901 D SurfaceComposerClient: setCornerRadius ## 3bd89bc Splash Screen com.hermescourier.android#94734 cornerRadius=0.000000
04-21 11:56:18.779  2398  2901 V WindowManager: Finish starting ActivityRecord{139625874 u0 com.hermescourier.android/.MainActivity t8491}: first real window is shown, no animation
04-21 11:56:18.779  2398  2901 V WindowManager: Schedule remove starting ActivityRecord{139625874 u0 com.hermescourier.android/.MainActivity t8491} startingWindow=Window{3bd89bc u0 Splash Screen com.hermescourier.android} animate=true Callers=com.android.server.wm.ActivityRecord.removeStartingWindow:178 com.android.server.wm.WindowState.performShowLocked:155 com.android.server.wm.WindowStateAnimator.commitFinishDrawingLocked:73 com.android.server.wm.DisplayContent$$ExternalSyntheticLambda1.accept$com$android$server$wm$DisplayContent$$ExternalSyntheticLambda37:23 com.android.server.wm.DisplayContent$$ExternalSyntheticLambda1.accept:155 
04-21 11:56:18.780  2398  2901 D TaskOrganizerController: applyStartingWindowAnimation, window=Window{a831a1a u0 com.hermescourier.android/com.hermescourier.android.MainActivity}, caller=com.android.server.wm.TaskOrganizerController.removeStartingWindow:132 com.android.server.wm.StartingSurfaceController$StartingSurface.remove:23 com.android.server.wm.ActivityRecord.removeStartingWindowAnimation:171 
04-21 11:56:18.780  2398  2901 I WindowManager: Reparenting to leash, surface=Surface(name=a831a1a com.hermescourier.android/com.hermescourier.android.MainActivity)/@0xca2fb0f, leashParent=Surface(name=ActivityRecord{139625874 u0 com.hermescourier.android/.MainActivity t8491})/@0x67da79c
04-21 11:56:18.780  1931  2458 I SurfaceFlinger: id=94747 createSurf, flag=24000, Surface(name=a831a1a com.hermescourier.android/com.hermescourier.android.MainActivity)/@0xca2fb0f - animation-leash of starting_reveal#94747
04-21 11:56:18.780  2398  2901 D WindowManager: makeSurface duration=0 leash=Surface(name=Surface(name=a831a1a com.hermescourier.android/com.hermescourier.android.MainActivity)/@0xca2fb0f - animation-leash of starting_reveal)/@0xb3a15a5
04-21 11:56:18.780  2398  2901 V WindowManager: performShowLocked: mDrawState=HAS_DRAWN in Window{a831a1a u0 com.hermescourier.android/com.hermescourier.android.MainActivity}
04-21 11:56:18.780  2398  2901 D SurfaceComposerClient: setCornerRadius ## a831a1a com.hermescourier.android/com.hermescourier.android.MainActivity#94742 cornerRadius=0.000000
04-21 11:56:18.780  4013  4068 D ShellTaskOrganizer: removeStartingWindow, removalInfo=StartingWindowRemovalInfo{taskId=8491 frame=Rect(0, 0 - 1080, 2520) playRevealAnimation=true roundedCornerRadius=0.0 deferRemoveMode=0 windowlessSurface=false removeImmediately=false}
04-21 11:56:18.780  2398  2901 D SurfaceComposerClient: setCornerRadius ## 3bd89bc Splash Screen com.hermescourier.android#94734 cornerRadius=0.000000
04-21 11:56:18.780  2398  2901 D SurfaceComposerClient: setCornerRadius ## a831a1a com.hermescourier.android/com.hermescourier.android.MainActivity#94742 cornerRadius=0.000000
04-21 11:56:18.780  2398  2901 D SurfaceComposerClient: setCornerRadius ## 3bd89bc Splash Screen com.hermescourier.android#94734 cornerRadius=0.000000
04-21 11:56:18.780  2398  2901 D SurfaceComposerClient: setCornerRadius ## a831a1a com.hermescourier.android/com.hermescourier.android.MainActivity#94742 cornerRadius=0.000000
04-21 11:56:18.781  2398  2890 D [secipm]: mSecIpmManager report to nap
04-21 11:56:18.781  2398  2890 I PkgPredictorService-SecIpmManagerServiceImpl: reportToNAP uid:11016 com.hermescourier.android/com.hermescourier.android.MainActivity thisTime:961
04-21 11:56:18.781  2398  2890 D PkgPredictorService-SecIpmManagerServiceImpl: reportToNAP: mHeavyLaunchCounter is false
04-21 11:56:18.781  2398  2890 I ActivityTaskManager: Displayed com.hermescourier.android/.MainActivity for user 0: +961ms
04-21 11:56:18.781  2398  2890 I Pageboost: Launch time gathered : pid 7875 com.hermescourier.android 961
04-21 11:56:18.781  5217  5217 E pageboostd: Received HALT command code 2
04-21 11:56:18.783  1931  1931 I SurfaceFlinger: [Surface(name=a831a1a com.hermescourier.android/com.hermescourier.android.MainActivity)/@0xca2fb0f - animation-leash of starting_reveal#94747] attach to parent LayerHierarchy{RequestedLayerState{ActivityRecord{139625874 u0 com.hermescourier.android/.MainActivity t8491}#94733 parentId=94732} 4 children}
04-21 11:56:18.784  4013  4207 I VRI[android]@211d7d5: mWNT: t=0xb4000072121a7350 mBlastBufferQueue=0xb4000072423f6900 fn= 2 HdrRenderState mRenderHdrSdrRatio=1.0 caller= android.view.SyncRtSurfaceTransactionApplier.applyTransaction:100 android.view.SyncRtSurfaceTransactionApplier.lambda$scheduleApply$0:73 android.view.SyncRtSurfaceTransactionApplier.$r8$lambda$afI4fXg3U3-nBZQEDQMiNy-B06s:0 
04-21 11:56:18.784  4013  4207 I VRI[android]@211d7d5: mWNT: t=0xb400007212196790 mBlastBufferQueue=0xb4000072423f6900 fn= 2 HdrRenderState mRenderHdrSdrRatio=1.0 caller= android.view.SyncRtSurfaceTransactionApplier.applyTransaction:100 android.view.SyncRtSurfaceTransactionApplier.lambda$scheduleApply$0:73 android.view.SyncRtSurfaceTransactionApplier.$r8$lambda$afI4fXg3U3-nBZQEDQMiNy-B06s:0 
04-21 11:56:18.792  1931  1931 I SurfaceFlinger: [Display 0 name="Built-in Screen"#50] setFrameRateCategory: High
04-21 11:56:18.792  1931  1931 I SurfaceFlinger: RequestedLayer [com.hermescourier.android/com.hermescourier.android.MainActivity$_7875#94743] hidden!! flag  from(1) --> to(0)
04-21 11:56:18.792  1931  1931 I SurfaceFlinger: [LayerHierarchy{RequestedLayerState{a831a1a com.hermescourier.android/com.hermescourier.android.MainActivity#94742 parentId=94747} 1 children}] reparent to LayerHierarchy{RequestedLayerState{Surface(name=a831a1a com.hermescourier.android/com.hermescourier.android.MainActivity)/@0xca2fb0f - animation-leash of starting_reveal#94747 parentId=94733} 1 children}
04-21 11:56:18.792  4013  4208 I VRI[android]@211d7d5: mWNT: t=0xb400007212216390 mBlastBufferQueue=0xb4000072423f6900 fn= 3 HdrRenderState mRenderHdrSdrRatio=1.0 caller= android.view.SyncRtSurfaceTransactionApplier.applyTransaction:100 android.view.SyncRtSurfaceTransactionApplier.lambda$scheduleApply$0:73 android.view.SyncRtSurfaceTransactionApplier.$r8$lambda$afI4fXg3U3-nBZQEDQMiNy-B06s:0 
04-21 11:56:18.793  2398  2900 I DisplayDeviceRepository: Display device changed render timings: "Built-in Screen", renderFrameRate=120.00001, presentationDeadlineNanos=9333333, appVsyncOffsetNanos=8333333, frameRateOverrides=[{uid=10052 frameRateHz=120.00001}, {uid=11016 frameRateHz=120.00001}]
04-21 11:56:18.794  4013  4013 D DisplayLifecycle: updateDisplay id = 0
04-21 11:56:18.794  2398  2901 D SurfaceComposerClient: setCornerRadius ## 3bd89bc Splash Screen com.hermescourier.android#94734 cornerRadius=0.000000
04-21 11:56:18.794  2398  2901 D SurfaceComposerClient: setCornerRadius ## a831a1a com.hermescourier.android/com.hermescourier.android.MainActivity#94742 cornerRadius=0.000000
04-21 11:56:18.794  4013  4173 D StackScroller: onDisplayChanged for predraw skip to 2
04-21 11:56:18.794  2398  3242 D WifiDisplayAdapter: isFitToActiveDisplayLocked : false
04-21 11:56:18.794  1931  1931 D SurfaceFlinger: Display 4630946872173396372 HWC layers:
04-21 11:56:18.794  1931  1931 D SurfaceFlinger:        DEVICE |           33822867456003 | 00002102 | RGBA_8888    |    0.0    0.0 1080.0 2467.0 |    0   53 1080 2520 | com.hermescourier.android/com.hermescourier.android.MainActivity$_7875#94743 (1)
04-21 11:56:18.794  1931  1931 D SurfaceFlinger:        DEVICE |           17235704259732 | 00002100 | RGBA_8888    |    0.0    0.0 1080.0 2520.0 |    0    0 1080 2520 | Splash Screen com.hermescourier.android$_4013#94735 (2)
04-21 11:56:18.794  1931  1931 D SurfaceFlinger:        DEVICE |           17235704259550 | 00002100 | RGBA_8888    |    0.0    0.0 1080.0  110.0 |    0    0 1080  110 | StatusBar$_4013#130 (531162)
04-21 11:56:18.794  1931  1931 D SurfaceFlinger:        DEVICE |           17235704259548 | 00002100 | RGBA_8888    |    0.0    0.0 1080.0  126.0 |    0 2394 1080 2520 | NavigationBar0$_4013#126 (96589)
04-21 11:56:18.794  1931  1931 D SurfaceFlinger: 
04-21 11:56:18.795  2398  3242 D InputDispatcher: Focus entered window (0): a831a1a com.hermescourier.android/com.hermescourier.android.MainActivity
04-21 11:56:18.801  4013  4207 I VRI[android]@211d7d5: mWNT: t=0xb40000721222ac90 mBlastBufferQueue=0xb4000072423f6900 fn= 4 HdrRenderState mRenderHdrSdrRatio=1.0 caller= android.view.SyncRtSurfaceTransactionApplier.applyTransaction:100 android.view.SyncRtSurfaceTransactionApplier.lambda$scheduleApply$0:73 android.view.SyncRtSurfaceTransactionApplier.$r8$lambda$afI4fXg3U3-nBZQEDQMiNy-B06s:0 
04-21 11:56:18.809  4013  4208 I VRI[android]@211d7d5: mWNT: t=0xb4000072121575d0 mBlastBufferQueue=0xb4000072423f6900 fn= 5 HdrRenderState mRenderHdrSdrRatio=1.0 caller= android.view.SyncRtSurfaceTransactionApplier.applyTransaction:100 android.view.SyncRtSurfaceTransactionApplier.lambda$scheduleApply$0:73 android.view.SyncRtSurfaceTransactionApplier.$r8$lambda$afI4fXg3U3-nBZQEDQMiNy-B06s:0 
04-21 11:56:18.817  4013  4207 I VRI[android]@211d7d5: mWNT: t=0xb4000072120e5b90 mBlastBufferQueue=0xb4000072423f6900 fn= 6 HdrRenderState mRenderHdrSdrRatio=1.0 caller= android.view.SyncRtSurfaceTransactionApplier.applyTransaction:100 android.view.SyncRtSurfaceTransactionApplier.lambda$scheduleApply$0:73 android.view.SyncRtSurfaceTransactionApplier.$r8$lambda$afI4fXg3U3-nBZQEDQMiNy-B06s:0 
04-21 11:56:18.821  1931  2440 I SurfaceFlinger: Capture layer list: 	 com.hermescourier.android/com.hermescourier.android.MainActivity$_7875#94743(seamlessTransition:0)
04-21 11:56:18.821  1931  2440 I SurfaceFlinger: Capture layer list: 	 Splash Screen com.hermescourier.android$_4013#94735(seamlessTransition:0)
04-21 11:56:18.825  4013  4208 I VRI[android]@211d7d5: mWNT: t=0xb400007212068d10 mBlastBufferQueue=0xb4000072423f6900 fn= 7 HdrRenderState mRenderHdrSdrRatio=1.0 caller= android.view.SyncRtSurfaceTransactionApplier.applyTransaction:100 android.view.SyncRtSurfaceTransactionApplier.lambda$scheduleApply$0:73 android.view.SyncRtSurfaceTransactionApplier.$r8$lambda$afI4fXg3U3-nBZQEDQMiNy-B06s:0 
04-21 11:56:18.830  1793  7869 I HYPER-HAL: [RequestManager.cpp]releaseLocked(): Released ID : 2917337
04-21 11:56:18.835  2398  5619 I WindowManager: Relayout Window{3bd89bc u0 Splash Screen com.hermescourier.android}: viewVisibility=8 req=1080x2520 ty=3 d0
04-21 11:56:18.835  2398  5619 D SurfaceComposerClient: setCornerRadius ## a831a1a com.hermescourier.android/com.hermescourier.android.MainActivity#94742 cornerRadius=0.000000
04-21 11:56:18.835  2398  5619 D SurfaceComposerClient: setCornerRadius ## 3bd89bc Splash Screen com.hermescourier.android#94734 cornerRadius=0.000000
04-21 11:56:18.835  2398  5619 D SurfaceComposerClient: setCornerRadius ## a831a1a com.hermescourier.android/com.hermescourier.android.MainActivity#94742 cornerRadius=0.000000
04-21 11:56:18.835  2418  2553 I CameraService: onUidStateChanged: uid=10052, procState is changed. (1 -> 0)
04-21 11:56:18.836  2418  2553 W IPCThreadState: Sending oneway calls to frozen process.
04-21 11:56:18.836  2398  5619 I WindowManager: Relayout hash=3bd89bc, pid=4013, syncId=-1: mAttrs={(0,0)(fillxfill) sim={adjust=pan} ty=APPLICATION_STARTING fmt=TRANSLUCENT wanim=0x1030001
04-21 11:56:18.836  2398  5619 I WindowManager:   fl=81030118
04-21 11:56:18.836  2398  5619 I WindowManager:   pfl=10000010
04-21 11:56:18.836  2398  5619 I WindowManager:   bhv=1
04-21 11:56:18.836  2398  5619 I WindowManager:   fitSides=0
04-21 11:56:18.836  2398  5619 I WindowManager:   frameRateBoostOnTouch=true
04-21 11:56:18.836  2398  5619 I WindowManager:   dvrrWindowFrameRateHint=true naviIconColor=0}
04-21 11:56:18.836  4013  4139 I VRI[android]@211d7d5: onActiveControlsChanged, removed=false, mAdded=true, caller=android.view.ViewRootImpl.handleInsetsControlChanged:2987 android.view.ViewRootImpl.relayoutWindow:11558 android.view.ViewRootImpl.performTraversals:4755 android.view.ViewRootImpl.doTraversal:3904 android.view.ViewRootImpl$TraversalRunnable.run:12819 
04-21 11:56:18.837  4013  4139 I VRI[android]@211d7d5: Relayout returned: old=(0,0,1080,2520) new=(0,0,1080,2520) relayoutAsync=false req=(1080,2520)8 dur=2 res=0x2 s={false 0x0} ch=true seqId=0
04-21 11:56:18.837  4013  4139 D VRI[android]@211d7d5: Not drawing due to not visible. Reason=View.GONE
04-21 11:56:18.837  4013  4139 W WindowOnBackDispatcher: sendCancelIfRunning: isInProgress=false callback=android.view.ViewRootImpl$$ExternalSyntheticLambda16@ea1339a
04-21 11:56:18.837  2398  5619 D CoreBackPreview: Window{3bd89bc u0 Splash Screen com.hermescourier.android}: Setting back callback null
