04-21 11:04:38.432  2398  6898 I ActivityTaskManager: START u0 {flg=0x10000000 xflg=0x5 cmp=com.hermescourier.android/.MainActivity} with LAUNCH_MULTIPLE from uid 2000 (BAL_ALLOW_PERMISSION) result code=0
04-21 11:04:38.432  2398  6898 I SemDvfsHyPerManager: acquire hyper - AMS_APP_LAUNCH/2398@17, type = -999
04-21 11:04:38.432  1793  1930 I HYPER-HAL: [RequestManager.cpp]acquire(): Acquired ID : 2917337  [2398 / 17]    HINT : AMS_APP_LAUNCH    list : 
04-21 11:04:38.433  6772  6772 I SemDvfsHyPerManager: acquire hyper - APP_START_SHORT/6772@22, type = -999
04-21 11:04:38.433 10320 10422 I LPAPSH  : retry count 0                                                                                       [at com.samsung.euicc.push.SmpInitializer.getRetryTimeMins(SmpInitializer.java:515)]
04-21 11:04:38.433  6772  6772 I SemDvfsHyPerManager: acquire hyper - APP_START/6772@24, type = -999
04-21 11:04:38.434  1793  1930 I HYPER-HAL: [RequestManager.cpp]acquire(): Acquired ID : 23082637  [6772 / 22]    HINT : APP_START    list : [TIMEOUT / 1500] 
04-21 11:04:38.434  1793  1930 I HYPER-HAL: [RequestManager.cpp]acquire(): Acquired ID : 23096230  [6772 / 24]    HINT : APP_START    list : 
04-21 11:04:38.434  4013  4068 V WindowManagerShell: Transition requested (#5722): android.os.BinderProxy@4899f4b TransitionRequestInfo { type = OPEN, triggerTask = TaskInfo{userId=0 taskId=8485 effectiveUid=11016 displayId=0 isRunning=true baseIntent=Intent { flg=0x10000000 cmp=com.hermescourier.android/.MainActivity } baseActivity=ComponentInfo{com.hermescourier.android/com.hermescourier.android.MainActivity} topActivity=ComponentInfo{com.hermescourier.android/com.hermescourier.android.MainActivity} origActivity=null realActivity=ComponentInfo{com.hermescourier.android/com.hermescourier.android.MainActivity} numActivities=1 lastActiveTime=1591212487 supportsMultiWindow=true resizeMode=1 isResizeable=true minWidth=-1 minHeight=-1 maxWidth=-1 maxHeight=-1 defaultMinSize=220 token=WCT{android.window.IWindowContainerToken$Stub$Proxy@c23dd28} topActivityType=1 pictureInPictureParams=null shouldDockBigOverlays=false launchIntoPipHostTaskId=-1 lastParentTaskIdBeforePip=-1 displayCutoutSafeInsets=Rect(0, 110 - 0, 0) topActivityInfo=ActivityInfo{d978a41 com.hermescourier.android.MainActivity} launchCookies=[] positionInParent=Point(0, 0) parentTaskId=-1 isFocused=false isVisible=false isVisibleRequested=false isTopActivityNoDisplay=false isSleeping=false locusId=null displayAreaFeatureId=1 isTopActivityTransparent=false isActivityStackTransparent=false lastNonFullscreenBounds=Rect(97, 804 - 983, 1787) capturedLink=null capturedLinkTimestamp=0 requestedVisibleTypes=-9 topActivityRequestOpenInBrowserEducationTimestamp=0 appCompatTaskInfo=AppCompatTaskInfo { topActivityInSizeCompat=false eligibleForLetterboxEducation= false isLetterboxEducationEnabled= false isLetterboxDoubleTapEnabled= false eligibleForUserAspectRatioButton= false topActivityBoundsLetterboxed= false isFromLetterboxDoubleTap= false topActivityLetterboxVerticalPosition= -1 topActivityLetterboxHorizontalPosition= -1 topActivityLetterboxWidth=-1 topActivityLetterboxHeight=-1 topActivityAppBounds=Rect(0, 110 - 1080, 2481) isUserFullscreenOverrideEnabled=false isSystemFullscreenOverrideEnabled=false hasMinAspectRatioOverride=false topActivityLetterboxBounds=null cameraCompatTaskInfo=CameraCompatTaskInfo { freeformCameraCompatMode=inactive} topActivityBounds=null topActivityInDisplayCompat=false singleTapFromLetterbox=false} topActivityMainWindowFrame=null originallySupportedMultiWindow=true hasWallpaper=false rootAffinity=11016:com.hermescourier.android isTopTaskInStage=false CoverLauncherWidgetTask=false LaunchedFromAppsCoverLauncherTask=false LaunchedFromMultistarCoverLauncherTask=false isAllowedSeamlessRotation=false isTopTransparentActivity=false isAliasManaged=false hasConfigChanged=false snappingGuideBounds=null isAiKeyRemoveAppTask=false lastDesktopWindowingBounds=null lastExternalDesktopWindowingBounds=null isTopFullScreenWindow=true safeCutoutInsets=null}, pipChange = null, remoteTransition = null, displayChange = null, flags = 0, debugId = 5722 }
04-21 11:04:38.434  9004  9131 W AppFunctions: Unknown schema [category=device_state, name=getUncategorizedDeviceState, version=1]
04-21 11:04:38.434  4013  4068 V ShellDesktopMode: DesktopTasksController: isDesktopModeShowing: hasVisibleTasks=false hasTopTransparentFullscreenTask=false
04-21 11:04:38.434  9004  9131 W AppFunctions: Unknown schema [category=device_state, name=getPermissionsDeviceState, version=1]
04-21 11:04:38.434  4013  4068 V ShellDesktopMode: DesktopTasksController: isDesktopModeShowing: hasVisibleTasks=false hasTopTransparentFullscreenTask=false
04-21 11:04:38.435  4013  4068 D ShellSplitScreen: logExit: no-op, mLoggerSessionId is null
04-21 11:04:38.435  4013  4068 D ShellDesktopMode: handleRequest: TransitionRequestInfo {type=1, tid=8485, debugId=5722}
04-21 11:04:38.435 10320 10517 I SLPASVC : 0x00000065 was opened                                                                               [at com.samsung.euicc.lpaService.gsma.phase2.es10.uicc.EuiccLogicalChannel.openBySlot(EuiccLogicalChannel.java:293)]
04-21 11:04:38.435  4013  4068 V ShellDesktopMode: DesktopTasksController: handleFullscreenTaskLaunch
04-21 11:04:38.435  4013  4068 V ShellDesktopMode: DesktopTasksController: isDesktopModeShowing: hasVisibleTasks=false hasTopTransparentFullscreenTask=false
04-21 11:04:38.435  4013  4068 V ShellDesktopMode: DesktopTasksController: handleRequest result=null
04-21 11:04:38.435  4658  4658 I HoneySpace.Launcher: !@Boot_EBS_D: Launcher.onPause()
04-21 11:04:38.436  2398  6928 V WindowManager: Starting Transition 5722, caller=com.android.server.wm.WindowOrganizerController.startTransition:47 com.android.server.wm.WindowOrganizerController.startTransition:1 android.window.IWindowOrganizerController$Stub.onTransact:259 
04-21 11:04:38.436  4658  4658 I HoneySpace.Launcher: updateLauncherShowing true -> false
04-21 11:04:38.436  4658 10286 I HoneySpace.SPayHandler: updateSpayHandler launcher activity is paused false
04-21 11:04:38.436  4013  4139 D ViewRootImpl: desktopMode is false
04-21 11:04:38.436  4013  4139 I ViewRootImpl: dVRR is disabled
04-21 11:04:38.436  4658  9141 I HoneySpace.TaskbarVisibilityController@90114604@OneUI: launcher showing: false recent showing: false 
04-21 11:04:38.436  5217  5217 E pageboostd: Received HALT command code 2
04-21 11:04:38.436  4013  4210 D NativeCustomFrequencyManager: [NativeCFMS] BpCustomFrequencyManager::BpCustomFrequencyManager()
04-21 11:04:38.436  2398  5592 V WindowManager: Checking theme of starting window: 0x7f0a0008
04-21 11:04:38.436  2398  5592 V WindowManager: Translucent=false Floating=false ShowWallpaper=false Disable=false
04-21 11:04:38.437  2398  5592 V WindowManager: Collecting in transition 5722: ActivityRecord{93756274 u0 com.hermescourier.android/.MainActivity t8485}, caller=com.android.server.wm.TransitionController.collect:7 com.android.server.wm.ActivityRecord.setVisibility:132 com.android.server.wm.EnsureActivitiesVisibleHelper.setActivityVisibilityState:221 com.android.server.wm.EnsureActivitiesVisibleHelper.process:281 com.android.server.wm.TaskFragment.updateActivityVisibilities:12 
04-21 11:04:38.437  2398  5592 V WindowManager: Collecting in transition 5722: ActivityRecord{171712004 u0 com.sec.android.app.launcher/.activities.LauncherActivity t7886}, caller=com.android.server.wm.TransitionController.collect:7 com.android.server.wm.ActivityRecord.setVisibility:132 com.android.server.wm.ActivityRecord.makeInvisible:33 com.android.server.wm.EnsureActivitiesVisibleHelper.setActivityVisibilityState:302 com.android.server.wm.EnsureActivitiesVisibleHelper.process:281 
04-21 11:04:38.437 10320 10517 I SLPASVC :  cla: 80 ins: E2 Le: 00                                                                             [at com.samsung.euicc.lpaService.gsma.phase2.es10.uicc.EuiccLogicalChannel.storeData(EuiccLogicalChannel.java:68)]
04-21 11:04:38.437  2398 15334 D PerProcessNandswap$NandswapHandler: nandswap end for non-activity com.samsung.android.mapsagent(pid 8923) ret:-16 adj:925
04-21 11:04:38.437  2398  5592 D WindowManager: prepareSync <SYNC_STATE_WAITING_FOR_DRAW>, mPrepareSyncSeqId=0, win=Window{711228f u0 com.sec.android.app.launcher/com.sec.android.app.launcher.activities.LauncherActivity}
04-21 11:04:38.437  2398  5592 D WindowManager: prepareSync <SYNC_STATE_WAITING_FOR_DRAW>, mPrepareSyncSeqId=0, win=Window{2e4dc1d u0 com.sec.android.app.launcher/com.sec.android.app.launcher.activities.LauncherActivity}
04-21 11:04:38.437 10320 10517 I SLPASVC : [STORE DATA] blockNumber : 0                                                                        [at com.samsung.euicc.lpaService.gsma.phase2.es10.uicc.EuiccLogicalChannel.storeData(EuiccLogicalChannel.java:78)]
04-21 11:04:38.437  2398  5592 V WindowManager: Collecting in transition 5722: WallpaperWindowToken{ba081c1 showWhenLocked=true}_<lock|non-primary>, caller=com.android.server.wm.Transition.collect:351 com.android.server.wm.TransitionController.collect:7 com.android.server.wm.ActivityRecord.setVisibility:132 com.android.server.wm.ActivityRecord.makeInvisible:33 com.android.server.wm.EnsureActivitiesVisibleHelper.setActivityVisibilityState:302 
04-21 11:04:38.437 10320 10517 I SLPASVC : case 4 command APDU                                                                                 [at com.samsung.euicc.lpaService.gsma.phase2.es10.uicc.EuiccLogicalChannel.getCmdApdu(EuiccLogicalChannel.java:206)]
04-21 11:04:38.437  2398  5592 V WindowManager: Collecting in transition 5722: WallpaperWindowToken{fe6cb78 showWhenLocked=false}_<system|non-primary>, caller=com.android.server.wm.Transition.collect:374 com.android.server.wm.TransitionController.collect:7 com.android.server.wm.ActivityRecord.setVisibility:132 com.android.server.wm.ActivityRecord.makeInvisible:33 com.android.server.wm.EnsureActivitiesVisibleHelper.setActivityVisibilityState:302 
04-21 11:04:38.437  4013  4013 D SecFlashlightController: onTaskCreated: 8485 ComponentInfo{com.hermescourier.android/com.hermescourier.android.MainActivity}
04-21 11:04:38.438  2398  5592 V WindowManager: Collecting in transition 5722: WallpaperWindowToken{fe6cb78 showWhenLocked=false}_<system|non-primary>, caller=com.android.server.wm.TransitionController.collect:7 com.android.server.wm.WallpaperWindowToken.setVisibility:55 com.android.server.wm.WallpaperController.adjustWallpaperWindows:857 com.android.server.wm.RootWindowContainer.applySurfaceChangesTransaction$1:141 com.android.server.wm.RootWindowContainer.performSurfacePlacementNoTrace:86 
04-21 11:04:38.438  1796  1796 I SS_POWER_HINT_SESSION: SS_ADPF 4013-10052-1690 PowerHintSession createHintSession : , 4207, 4208, 4139, 4210 : 16666667
04-21 11:04:38.439  4658  4787 I HoneySpace.TopTaskSource: onTaskMovedToFront : taskId = 8485, displayId = 0
04-21 11:04:38.439  4013  4013 D SecFlashlightController: onTaskMovedToFront: false, 8485
04-21 11:04:38.439  1058  1058 D keymint_swd: keymint_swd keymint [WRN] (swd_run_cb:263) swd_add_rng_entropy() returns 0
04-21 11:04:38.439  1058  1058 D android.hardware.security.keymint-service: addRngEntropy: ret 0
04-21 11:04:38.439  2398  6894 D InputTransport: Input channel constructed: '8bbb21e', fd=1417
04-21 11:04:38.439  2398  6894 D InputTransport: Input channel constructed: '8bbb21e', fd=1510
04-21 11:04:38.440  4658  4789 I HoneySpace.TopTaskUseCase: topTasks 8485 ComponentInfo{com.hermescourier.android/com.hermescourier.android.MainActivity}[displayId=0]
04-21 11:04:38.440  1793  1930 I HYPER-HAL: [RequestManager.cpp]acquire(): Acquired ID : 656322768  [1796 / 34433]    HINT :      list : [TID_LOW_LATENCY / 1] [TID / 4207] [TID / 4208] [TID / 4139] [TID / 4210] 
04-21 11:04:38.441  2398  6894 D InputTransport: Input channel constructed: '8bbb21e', fd=1515
04-21 11:04:38.441  2398  6894 D InputTransport: Input channel destroyed: '8bbb21e', fd=1510
04-21 11:04:38.441  2398  6894 D WindowManager: prepareSync <SYNC_STATE_WAITING_FOR_DRAW>, mPrepareSyncSeqId=0, win=Window{8bbb21e u0 Splash Screen com.hermescourier.android}
04-21 11:04:38.441  1931  4515 I SurfaceFlinger: id=94316 createSurf, flag=84004, 8bbb21e Splash Screen com.hermescourier.android#94316
04-21 11:04:38.441  2398  6894 D RestrictionPolicy: isScreenCaptureEnabled : ret=true userId=0
04-21 11:04:38.441  2398  6894 V WindowManager: addWindow: ActivityRecord{93756274 u0 com.hermescourier.android/.MainActivity t8485} startingWindow=Window{8bbb21e u0 Splash Screen com.hermescourier.android}
04-21 11:04:38.441  2398  6894 V WindowManager: rotationForOrientation(orient=SCREEN_ORIENTATION_UNSPECIFIED (-1), last=ROTATION_0 (0)); user=ROTATION_0 (0) 
04-21 11:04:38.441  2398  6894 D WindowManager: rotationForOrientation, orientationSource=ActivityRecord{93756274 u0 com.hermescourier.android/.MainActivity t8485}
04-21 11:04:38.441  2398  6894 D InputTransport: Input channel destroyed: '8bbb21e', fd=1515
04-21 11:04:38.442  4013  4139 D InputTransport: Input channel constructed: '8bbb21e', fd=656
04-21 11:04:38.442  4013  4139 I InsetsController: onStateChanged: host=Splash Screen com.hermescourier.android, from=android.view.ViewRootImpl.onInsetsStateChanged:3011, state=InsetsState: {mDisplayFrame=Rect(0, 0 - 1080, 2520), mDisplayCutout=DisplayCutout{insets=Rect(0, 110 - 0, 0) waterfall=Insets{left=0, top=0, right=0, bottom=0} boundingRect={Bounds=[Rect(0, 0 - 0, 0), Rect(510, 0 - 570, 110), Rect(0, 0 - 0, 0), Rect(0, 0 - 0, 0)]} cutoutPathParserInfo={CutoutPathParserInfo{displayWidth=1080 displayHeight=2520 physicalDisplayWidth=1080 physicalDisplayHeight=2520 density={2.625} cutoutSpec={M 0,0 H -11.42857142857143 V 41.9047619047619 H 11.42857142857143 V 0 H 0 Z @dp} rotation={0} scale={1.0} physicalPixelDisplaySizeRatio={1.0}}} sideOverrides={}}, mRoundedCorners=RoundedCorners{[RoundedCorner{position=TopLeft, radius=13, center=Point(13, 13)}, RoundedCorner{position=TopRight, radius=13, center=Point(1067, 13)}, RoundedCorner{position=BottomRight, radius=13, center=Point(1067, 2507)}, RoundedCorner{position=BottomLeft, radius=13, center=Point(13, 2507)}]}  mRoundedCornerFrame=Rect(0, 0 - 1080, 2520), mPrivacyIndicatorBounds=PrivacyIndicatorBounds {static bounds=Rect(964, 0 - 1080, 110) rotation=0}, mDisplayShape=DisplayShape{ spec=-311912193 displayWidth=1080 displayHeight=2520 physicalPixelDisplaySizeRatio=1.0 rotation=0 offsetX=0 offsetY=0 scale=1.0}, mSources= { InsetsSource: {9b490004 mType=systemGestures mFrame=[0,0][0,0] mVisible=false mFlags= mSideHint=NONE mBoundingRects=null}, InsetsSource: {9b490005 mType=mandatorySystemGestures mFrame=[0,0][0,0] mVisible=false mFlags= mSideHint=NONE mBoundingRects=null}, InsetsSource: {9b490006 mType=tappableElement mFrame=[0,0][0,0] mVisible=false mFlags= mSideHint=NONE mBoundingRects=null}, InsetsSource: {9b490024 mType=systemGestures mFrame=[0,0][0,0] mVisible=false mFlags= mSideHint=NONE mBoundingRects=null}, InsetsSource: {fbc60000 mType=statusBars mFrame=[0,0][1080,110] mVisible=true mFlags= mSideHint=TOP mBoundingRects=null}, InsetsSource: {fbc60005 mType=mandatorySystemGestures mFrame=[0,0][1080,135] mVisible=true mFlags= mSideHint=TOP mBoundingRects=null}, InsetsSource: {fbc60006 mType=tappableElement mFrame=[0,0][1080,110] mVisible=true mFlags= mSideHint=TOP mBoundingRects=null}, InsetsSource: {3 mType=ime mFrame=[0,0][0,0] mVisible=false mFlags= mSideHint=NONE mBoundingRects=null}, InsetsSource: {27 mType=displayCutout mFrame=[0,0][1080,110] mVisible=true mFlags= mSideHint=TOP mBoundingRects=null}, InsetsSource: {45910001 mType=navigationBars mFrame=[0,2481][1080,2520] mVisible=true mFlags=SUPPRESS_SCRIM mSideHint=BOTTOM mBoundingRects=null}, InsetsSource: {45910004 mType=systemGestures mFrame=[0,0][78,2520] mVisible=true mFlags= mSideHint=LEFT mBoundingRects=null}, InsetsSource: {45910005 mType=mandatorySystemGestures mFrame=[0,2453][1080,2520] mVisible=true mFlags= mSideHint=BOTTOM mBoundingRects=null}, InsetsSource: {45910006 mType=tappableElement mFrame=[0,0][0,0] mVisible=true mFlags= mSideHint=NONE mBoundingRects=null}, InsetsSource: {45910024 mType=systemGestures mFrame=[1002,0][1080,2520] mVisible=true mFlags= mSideHint=RIGHT mBoundingRects=null} }
04-21 11:04:38.442  4013  4139 I VRI[android]@e6da3d4: onActiveControlsChanged, removed=false, mAdded=true, caller=android.view.ViewRootImpl.handleInsetsControlChanged:2987 android.view.ViewRootImpl.setView:1999 android.view.WindowManagerGlobal.addView:604 com.android.wm.shell.startingsurface.SplashscreenWindowCreator.addWindow:38 com.android.wm.shell.startingsurface.StartingWindowController$$ExternalSyntheticLambda4.run:1348 
04-21 11:04:38.442  4013  4139 I VRI[android]@e6da3d4: synced displayState. AttachInfo displayState=2
04-21 11:04:38.443  4013  4139 I VRI[android]@e6da3d4: setView = android.widget.FrameLayout@42baa04 IsHRR=false mFlingFrameRateChange=0 TM=true
04-21 11:04:38.443  4013  4210 D HWUI    : HWUI - treat SMPTE_170M as sRGB
04-21 11:04:38.444  2398  2494 D HintManagerService: SystemUI make new AppHintSession but force pause
04-21 11:04:38.444  2398  6750 D CoreBackPreview: Window{8bbb21e u0 Splash Screen com.hermescourier.android}: Setting back callback OnBackInvokedCallbackInfo{mCallback=android.window.IOnBackInvokedCallback$Stub$Proxy@39e7af7, mPriority=0, mIsAnimationCallback=false, mOverrideBehavior=0}
04-21 11:04:38.444  1793  1930 I HYPER-HAL: [RequestManager.cpp]acquire(): Acquired ID : 656322768  [1796 / 34433]    HINT :      list : [TID_LOW_LATENCY / 0] [TID / 4207] [TID / 4208] [TID / 4139] [TID / 4210] 
04-21 11:04:38.444  2398  4075 I WindowManager: Relayout Window{8bbb21e u0 Splash Screen com.hermescourier.android}: viewVisibility=0 req=1080x2520 ty=3 d0
04-21 11:04:38.444  1793  1930 I HYPER-HAL: [RequestManager.cpp]releaseLocked(): Released ID : 656322768
04-21 11:04:38.444  1793  1930 I HYPER-HAL: [RequestManager.cpp]acquire(): Acquired ID : 656358999  [1796 / 34434]    HINT :      list : [UCLAMP_MIN_BOOST / 0] [TIMEOUT / 50] [TID / 4207] [TID / 4208] [TID / 4139] [TID / 4210] 
04-21 11:04:38.444  1931  2458 I SurfaceFlinger: id=94317 createSurf, flag=44004, Splash Screen com.hermescourier.android$_4013#94317
04-21 11:04:38.444  2398  4075 D WindowManager: makeSurface duration=0 name=Splash Screen com.hermescourier.android$_4013
04-21 11:04:38.444  2398  4075 D SurfaceComposerClient: setCornerRadius ## 8bbb21e Splash Screen com.hermescourier.android#94316 cornerRadius=0.000000
04-21 11:04:38.444  2398  4075 D SurfaceComposerClient: setCornerRadius ## 8bbb21e Splash Screen com.hermescourier.android#94316 cornerRadius=0.000000
04-21 11:04:38.444 10320 10494 W JobInfo : Requested important-while-foreground flag for job3669 is ignored and takes no effect
04-21 11:04:38.445  2398  4075 D WindowManager: Changing focus from Window{2e4dc1d u0 com.sec.android.app.launcher/com.sec.android.app.launcher.activities.LauncherActivity} to null displayId=0 Callers=com.android.server.wm.WindowManagerService.relayoutWindow:1411 com.android.server.wm.Session.relayout:27 android.view.IWindowSession$Stub.onTransact:829 com.android.server.wm.Session.onTransact:1 
04-21 11:04:38.445  2398  4075 V SystemKeyManager: updateFocusedWindow() is called, 
04-21 11:04:38.446  2398  4075 I WindowManager: Relayout hash=8bbb21e, pid=4013, syncId=-1: mAttrs={(0,0)(fillxfill) sim={adjust=pan} ty=APPLICATION_STARTING fmt=TRANSLUCENT wanim=0x1030001
04-21 11:04:38.446  2398  4075 I WindowManager:   fl=81030118
04-21 11:04:38.446  2398  4075 I WindowManager:   pfl=10000010
04-21 11:04:38.446  2398  4075 I WindowManager:   bhv=1
04-21 11:04:38.446  2398  4075 I WindowManager:   fitSides=0
04-21 11:04:38.446  2398  4075 I WindowManager:   frameRateBoostOnTouch=true
04-21 11:04:38.446  2398  4075 I WindowManager:   dvrrWindowFrameRateHint=true naviIconColor=0}
04-21 11:04:38.446  4013  4139 I VRI[android]@e6da3d4: onActiveControlsChanged, removed=false, mAdded=true, caller=android.view.ViewRootImpl.handleInsetsControlChanged:2987 android.view.ViewRootImpl.relayoutWindow:11558 android.view.ViewRootImpl.performTraversals:4755 android.view.ViewRootImpl.doTraversal:3904 android.view.ViewRootImpl$TraversalRunnable.run:12819 
04-21 11:04:38.447  4013  4139 W libc    : Access denied finding property "vendor.gpp.create_frc_extension"
04-21 11:04:38.447  4013  4139 I BufferQueueProducer: [](id:fad00001560,api:0,p:301819728,c:4013) setDequeueTimeout:2077252342
04-21 11:04:38.447  4013  4139 I BLASTBufferQueue_Java: new BLASTBufferQueue, mName= VRI[android]@e6da3d4 mNativeObject= 0xb40000724258a220 caller= android.view.ViewRootImpl.updateBlastSurfaceIfNeeded:3570 android.view.ViewRootImpl.relayoutWindow:11614 android.view.ViewRootImpl.performTraversals:4755 android.view.ViewRootImpl.doTraversal:3904 android.view.ViewRootImpl$TraversalRunnable.run:12819 android.view.Choreographer$CallbackRecord.run:1901 android.view.Choreographer$CallbackRecord.run:1910 android.view.Choreographer.doCallbacks:1367 android.view.Choreographer.doFrame:1292 android.view.Choreographer$FrameDisplayEventReceiver.run:1870 
04-21 11:04:38.448  1931  1931 I SurfaceFlinger: [LayerHierarchy{RequestedLayerState{ImeContainer#16 parentId=162 relativeParentId=162 z=1} 1 children}] RelativeParent to null
04-21 11:04:38.448  1931  1931 I SurfaceFlinger: [8bbb21e Splash Screen com.hermescourier.android#94316] attach to parent LayerHierarchy{RequestedLayerState{ActivityRecord{93756274 u0 com.hermescourier.android/.MainActivity t8485}#94315 parentId=94314} 1 children}
04-21 11:04:38.448  1931  1931 I SurfaceFlinger: [Splash Screen com.hermescourier.android$_4013#94317] attach to parent LayerHierarchy{RequestedLayerState{8bbb21e Splash Screen com.hermescourier.android#94316 parentId=94315} 1 children}
04-21 11:04:38.449  4013  4139 I BLASTBufferQueue_Java: update, w= 1080 h= 2520 mName = VRI[android]@e6da3d4 mNativeObject= 0xb40000724258a220 sc.mNativeObject= 0xb4000072c1fd9950 format= -3 caller= android.view.ViewRootImpl.updateBlastSurfaceIfNeeded:3575 android.view.ViewRootImpl.relayoutWindow:11614 android.view.ViewRootImpl.performTraversals:4755 android.view.ViewRootImpl.doTraversal:3904 android.view.ViewRootImpl$TraversalRunnable.run:12819 android.view.Choreographer$CallbackRecord.run:1901 
04-21 11:04:38.450  4013  4068 V WindowManagerShell: Transition animation finished (aborted=false), notifying core (#5721) android.os.BinderProxy@ecbae@0
04-21 11:04:38.450  4013  4068 I SurfaceControlRegistry: apply, t=FinishTransaction_SyncId<5721>, caller=android.view.SurfaceControl$Transaction.apply:3402 android.view.SurfaceControl$Transaction.apply:3390 android.view.SurfaceControl$Transaction.apply:3340 com.android.wm.shell.transition.Transitions.onFinish:315 com.android.wm.shell.transition.Transitions$$ExternalSyntheticLambda7.onTransitionFinished:12 com.android.wm.shell.transition.DefaultTransitionHandler$$ExternalSyntheticLambda2.run:36 
04-21 11:04:38.450  4013  4139 W libc    : Access denied finding property "vendor.gpp.create_frc_extension"
04-21 11:04:38.451  4013  4139 I VRI[android]@e6da3d4: Relayout returned: old=(0,0,1080,2520) new=(0,0,1080,2520) relayoutAsync=false req=(1080,2520)0 dur=4 res=0x3 s={true 0xb400007262aab070} ch=true seqId=0
04-21 11:04:38.451  4013  4139 I VRI[android]@e6da3d4: performConfigurationChange setNightDimText nightDimLevel=0
04-21 11:04:38.451  4013  4139 D VRI[android]@e6da3d4: mThreadedRenderer.initialize() mSurface={isValid=true 0xb400007262aab070} hwInitialized=true
04-21 11:04:38.451  4013  4139 D VRI[android]@e6da3d4: reportNextDraw android.view.ViewRootImpl.performTraversals:5394 android.view.ViewRootImpl.doTraversal:3904 android.view.ViewRootImpl$TraversalRunnable.run:12819 android.view.Choreographer$CallbackRecord.run:1901 android.view.Choreographer$CallbackRecord.run:1910 
04-21 11:04:38.451  4013  4139 D VRI[android]@e6da3d4: Setup new sync=wmsSync-VRI[android]@e6da3d4#9
04-21 11:04:38.451  4013  4139 I VRI[android]@e6da3d4: Creating new active sync group VRI[android]@e6da3d4#10
04-21 11:04:38.452  2398  6928 D InputDispatcher: Focus left window (0): 2e4dc1d com.sec.android.app.launcher/com.sec.android.app.launcher.activities.LauncherActivity
04-21 11:04:38.452  2398  4235 V WindowManager: Finish Transition: TransitionRecord{7cc5c00 id=5721 type=CLOSE flags=0x0 c=[
04-21 11:04:38.452  2398  4235 V WindowManager:    ChangeInfo{f770cee container=RemoteWallpaperAnim:1:1@363554 flags=0x0}
04-21 11:04:38.452  2398  4235 V WindowManager:    ChangeInfo{9b5358f container=Task{2c88a8c #7886 type=home I=com.sec.android.app.launcher/.activities.LauncherActivity} flags=0x30}
04-21 11:04:38.452  2398  4235 V WindowManager:    ChangeInfo{413901c container=Task{3674c7e #8484 type=standard A=11016:com.hermescourier.android} flags=0x0}
04-21 11:04:38.452  2398  4235 V WindowManager:    ChangeInfo{3e51425 container=ActivityRecord{82691203 u0 com.hermescourier.android/.MainActivity t-1 f}} flags=0x0}
04-21 11:04:38.452  2398  4235 V WindowManager:    ChangeInfo{e4b09fa container=Display{#0 state=ON size=1080x2520 ROTATION_0} flags=0x0}
04-21 11:04:38.452  2398  4235 V WindowManager:    ChangeInfo{4599bab container=Task{8f6d308 #1 type=home} flags=0x30}
04-21 11:04:38.452  2398  4235 V WindowManager:    ChangeInfo{8d79208 container=ActivityRecord{171712004 u0 com.sec.android.app.launcher/.activities.LauncherActivity t7886} flags=0x0}
04-21 11:04:38.452  2398  4235 V WindowManager:    ChangeInfo{c77cda1 container=DefaultTaskDisplayArea_d0@223752639 flags=0x0}
04-21 11:04:38.452  2398  4235 V WindowManager:    ChangeInfo{b2fcbc6 container=WallpaperWindowToken{fe6cb78 showWhenLocked=false}_<system|non-primary> flags=0x0}
04-21 11:04:38.452  2398  4235 V WindowManager: ]
04-21 11:04:38.452  2398  4235 V WindowManager: }, caller=com.android.server.wm.WindowOrganizerController.finishTransitionInner:31 com.android.server.wm.WindowOrganizerController.finishAllTransitions:60 android.window.IWindowOrganizerController$Stub.onTransact:283 
04-21 11:04:38.452  4658  4658 I ImeFocusController: onPreWindowFocus: skipped hasWindowFocus=false mHasImeFocus=true
04-21 11:04:38.452  1931  2090 I SurfaceFlinger: id=94306 Removed Task=8484#94306 (236)
04-21 11:04:38.452  1931  2090 I SurfaceFlinger: id=94277 Removed ActivityRecord{82691203 u0 com.hermescourier.android/.MainActivity t8484}#94277 (236)
04-21 11:04:38.452  4013  4139 D VRI[android]@e6da3d4: registerCallbacksForSync syncBuffer=false
04-21 11:04:38.452  4658  4658 I ImeFocusController: onPostWindowFocus: skipped hasWindowFocus=false mHasImeFocus=true
04-21 11:04:38.452  4658  4658 I HoneySpace.Launcher: onEnterAnimationComplete
04-21 11:04:38.452  2398  4235 D ChangeTransitionController: onTransitionFinished: TransitionRecord{7cc5c00 id=5721 type=CLOSE flags=0x0 c=[
04-21 11:04:38.452  2398  4235 D ChangeTransitionController:    ChangeInfo{f770cee container=RemoteWallpaperAnim:1:1@363554 flags=0x0}
04-21 11:04:38.452  2398  4235 D ChangeTransitionController:    ChangeInfo{9b5358f container=Task{2c88a8c #7886 type=home I=com.sec.android.app.launcher/.activities.LauncherActivity} flags=0x30}
04-21 11:04:38.452  2398  4235 D ChangeTransitionController:    ChangeInfo{413901c container=Task{3674c7e #8484 type=standard A=11016:com.hermescourier.android} flags=0x0}
04-21 11:04:38.452  2398  4235 D ChangeTransitionController:    ChangeInfo{3e51425 container=ActivityRecord{82691203 u0 com.hermescourier.android/.MainActivity t-1 f}} flags=0x0}
04-21 11:04:38.452  2398  4235 D ChangeTransitionController:    ChangeInfo{e4b09fa container=Display{#0 state=ON size=1080x2520 ROTATION_0} flags=0x0}
04-21 11:04:38.452  2398  4235 D ChangeTransitionController:    ChangeInfo{4599bab container=Task{8f6d308 #1 type=home} flags=0x30}
04-21 11:04:38.452  2398  4235 D ChangeTransitionController:    ChangeInfo{8d79208 container=ActivityRecord{171712004 u0 com.sec.android.app.launcher/.activities.LauncherActivity t7886} flags=0x0}
04-21 11:04:38.452  2398  4235 D ChangeTransitionController:    ChangeInfo{c77cda1 container=DefaultTaskDisplayArea_d0@223752639 flags=0x0}
04-21 11:04:38.452  2398  4235 D ChangeTransitionController:    ChangeInfo{b2fcbc6 container=WallpaperWindowToken{fe6cb78 showWhenLocked=false}_<system|non-primary> flags=0x0}
04-21 11:04:38.452  2398  4235 D ChangeTransitionController: ]
04-21 11:04:38.452  2398  4235 D ChangeTransitionController: }
04-21 11:04:38.453  4013  4068 V WindowManagerShell: Track 0 became idle
04-21 11:04:38.454  2398  2890 V WindowManager: Finish Transition (#5721): created at 04-21 11:04:37.896 collect-started=0.28ms request-sent=0.427ms started=10.085ms ready=10.078ms sent=33.108ms commit=13.386ms finished=555.455ms
04-21 11:04:38.456  1931  1931 I SurfaceFlinger: destroyed 8616b3d ActivityRecordInputSink com.hermescourier.android/.MainActivity#94284 form LifecycleManager
04-21 11:04:38.456  1931  1931 I SurfaceFlinger: destroyed ActivityRecord{82691203 u0 com.hermescourier.android/.MainActivity t8484}#94277 form LifecycleManager
04-21 11:04:38.456  1931  1931 I SurfaceFlinger: destroyed Task=8484#94306 form LifecycleManager
04-21 11:04:38.456  1931  1931 I SurfaceFlinger: [LayerHierarchy{RequestedLayerState{Task=1#68 parentId=11} 1 children}] reparent to LayerHierarchy{RequestedLayerState{DefaultTaskDisplayArea_d0#11 parentId=10} 28 children}
04-21 11:04:38.456  1931  1931 I SurfaceFlinger: [LayerHierarchy{RequestedLayerState{WallpaperWindowToken{fe6cb78 showWhenLocked=false}#95 parentId=9 z=2} 1 children}] reparent to LayerHierarchy{RequestedLayerState{Leaf:1:1#9 parentId=8} 3 children}
04-21 11:04:38.456  1931  1931 I SurfaceFlinger: [LayerHierarchy{RequestedLayerState{Transition Root: Task=1#94312} no children}] reparent to OffscreenRoot
04-21 11:04:38.456  1931  1931 I SurfaceFlinger: [LayerHierarchy{RequestedLayerState{Transition Root: Task=1#94312} no children}] RelativeParent to null
04-21 11:04:38.456  1931  1931 I SurfaceFlinger: id=94284 onLayerDestroyed from LayerHierarchyBuilder(RequestedLayerState{8616b3d ActivityRecordInputSink com.hermescourier.android/.MainActivity#94284 !handle z=-2147483648})
04-21 11:04:38.456  1931  1931 I SurfaceFlinger: id=94277 onLayerDestroyed from LayerHierarchyBuilder(RequestedLayerState{ActivityRecord{82691203 u0 com.hermescourier.android/.MainActivity t8484}#94277 !handle})
04-21 11:04:38.456  1931  1931 I SurfaceFlinger: id=94306 onLayerDestroyed from LayerHierarchyBuilder(RequestedLayerState{Task=8484#94306 !handle z=24})
04-21 11:04:38.456  1931  1931 I Layer   : id=94284 Destroyed 8616b3d ActivityRecordInputSink com.hermescourier.android/.MainActivity#94284
04-21 11:04:38.456  1931  1931 I Layer   : id=94277 Destroyed ActivityRecord{82691203 u0 com.hermescourier.android/.MainActivity t8484}#94277
04-21 11:04:38.456  1931  1931 I Layer   : id=94306 Destroyed Task=8484#94306
04-21 11:04:38.456  1931  1931 I SurfaceFlinger: id=94312 Removed Transition Root: Task=1#94312 (233)
04-21 11:04:38.458  2398  2901 D SurfaceComposerClient: setCornerRadius ## 8bbb21e Splash Screen com.hermescourier.android#94316 cornerRadius=0.000000
04-21 11:04:38.461  4013  4207 D VRI[android]@e6da3d4: Received frameDrawingCallback syncResult=0 frameNum=1.
04-21 11:04:38.461  4013  4207 I VRI[android]@e6da3d4: mWNT: t=0xb40000721232d750 mBlastBufferQueue=0xb40000724258a220 fn= 1 HdrRenderState mRenderHdrSdrRatio=1.0 caller= android.view.ViewRootImpl$12.onFrameDraw:15352 android.view.ThreadedRenderer$1.onFrameDraw:718 <bottom of call stack> 
04-21 11:04:38.461  4013  4207 I VRI[android]@e6da3d4: Setting up sync and frameCommitCallback
04-21 11:04:38.464  2398  3612 I AccessibilityServiceInfo: took more than 100ms mComponentName : ComponentInfo{com.lgeha.nuts/com.connectsdk.service.webos.lgcast.screenmirroring.uibc.UibcAccessibilityService}, elapsedTime : 146
04-21 11:04:38.464  1931  1931 I SurfaceFlinger: destroyed Transition Root: Task=1#94312 form LifecycleManager
04-21 11:04:38.464  1931  1931 I SurfaceFlinger: id=94312 onLayerDestroyed from LayerHierarchyBuilder(RequestedLayerState{Transition Root: Task=1#94312 !handle})
04-21 11:04:38.464  1931  1931 I Layer   : id=94312 Destroyed Transition Root: Task=1#94312
04-21 11:04:38.465  2398  8880 E oneway spamming:   #00 pc 00000000000635f8  /system/lib64/libbinder.so (android::BpBinder::transact(unsigned int, android::Parcel const&, android::Parcel*, unsigned int)+204) (BuildId: bbe71fcac42d619320b2231ef062f037)
04-21 11:04:38.465  2398  8880 E oneway spamming:   #01 pc 00000000001f9294  /system/lib64/libandroid_runtime.so (android_os_BinderProxy_transact(_JNIEnv*, _jobject*, int, _jobject*, _jobject*, int)+156) (BuildId: 591287214b650df0cc771075dd83920f)
04-21 11:04:38.465  2398  8880 E oneway spamming:   #02 pc 0000000000de01fc  /data/misc/apexdata/com.android.art/dalvik-cache/arm64/boot.oat (art_jni_trampoline+140)
04-21 11:04:38.465  2398  8880 E oneway spamming:   #03 pc 000000000094f9f0  /data/misc/apexdata/com.android.art/dalvik-cache/arm64/boot.oat (android.os.BinderProxy.transact+3600)
04-21 11:04:38.465  2398  8880 E oneway spamming:   #04 pc 000000000066a79c  /apex/com.android.art/lib64/libart.so (nterp_helper+9292) (BuildId: a1fcb66a9fb3fa9071e8a42dcf9cd5ea)
04-21 11:04:38.465  2398  8880 E oneway spamming:   #05 pc 0000000000331120  /system/framework/framework.jar (offset 0x7000) (android.app.usage.ICacheQuotaService$Stub$Proxy.computeCacheQuotaHints+48)
04-21 11:04:38.465  2398  8880 E oneway spamming:   #06 pc 000000000066a0c4  /apex/com.android.art/lib64/libart.so (nterp_helper+7540) (BuildId: a1fcb66a9fb3fa9071e8a42dcf9cd5ea)
04-21 11:04:38.465  2398  8880 E oneway spamming:   #07 pc 0000000000e39324  /system/framework/services.jar (com.android.server.storage.CacheQuotaStrategy$1$1.run+84)
04-21 11:04:38.465  2398  8880 E oneway spamming:   #08 pc 0000000000947310  /data/misc/apexdata/com.android.art/dalvik-cache/arm64/boot.oat (android.os.AsyncTask$SerialExecutor$1.run+64)
04-21 11:04:38.465  2398  8880 E oneway spamming:   #09 pc 00000000004c22cc  /data/misc/apexdata/com.android.art/dalvik-cache/arm64/boot.oat (java.util.concurrent.ThreadPoolExecutor.runWorker+956)
04-21 11:04:38.465  2398  8880 E oneway spamming:   #10 pc 00000000004c67e8  /data/misc/apexdata/com.android.art/dalvik-cache/arm64/boot.oat (java.util.concurrent.ThreadPoolExecutor$Worker.run+56)
04-21 11:04:38.465  2398  8880 E oneway spamming:   #11 pc 000000000034d5f0  /data/misc/apexdata/com.android.art/dalvik-cache/arm64/boot.oat (java.lang.Thread.run+64)
04-21 11:04:38.466  4658 10319 I HoneySpace.RecentTasks: onRecentTasksChanged
04-21 11:04:38.468  1844  1844 I SSC_DAEMON: handleSensorTestReqMsg:88, Sensor type :6, Msg type:5
04-21 11:04:38.469  4013  4210 I BLASTBufferQueue: [VRI[android]@e6da3d4#5462](f:0,a:0,s:0) onFrameAvailable the first frame is available
04-21 11:04:38.470  4013  4210 I SurfaceComposerClient: apply transaction with the first frame. layerId: 94317, bufferData(ID: 17235704259569, frameNumber: 1)
04-21 11:04:38.470  1931  4515 I SurfaceFlinger: [Splash Screen com.hermescourier.android$_4013#94317] setTransactionState with the first frame. bufferData(ID: 17235704259569, frameNumber: 1)
04-21 11:04:38.470  4013  4210 I VRI[android]@e6da3d4: Received frameCommittedCallback lastAttemptedDrawFrameNum=1 didProduceBuffer=true
04-21 11:04:38.471  4013  4210 D HWUI    : CFMS:: SetUp Pid : 4013    Tid : 4210
04-21 11:04:38.471  4013  4139 D VRI[android]@e6da3d4: reportDrawFinished seqId=0
04-21 11:04:38.471  2398  8880 E oneway spamming:   #12 pc 00000000002aaf94  /apex/com.android.art/lib64/libart.so (art_quick_invoke_stub+612) (BuildId: a1fcb66a9fb3fa9071e8a42dcf9cd5ea)
04-21 11:04:38.471  2398  8880 E oneway spamming:   #13 pc 00000000002708ec  /apex/com.android.art/lib64/libart.so (art::ArtMethod::Invoke(art::Thread*, unsigned int*, unsigned int, art::JValue*, char const*)+220) (BuildId: a1fcb66a9fb3fa9071e8a42dcf9cd5ea)
04-21 11:04:38.471  2398  8880 E oneway spamming:   #14 pc 00000000004bdfe0  /apex/com.android.art/lib64/libart.so (art::Thread::CreateCallback(void*)+1184) (BuildId: a1fcb66a9fb3fa9071e8a42dcf9cd5ea)
04-21 11:04:38.471  2398  8880 E oneway spamming:   #15 pc 00000000004bdb30  /apex/com.android.art/lib64/libart.so (art::Thread::CreateCallbackWithUffdGc(void*)+8) (BuildId: a1fcb66a9fb3fa9071e8a42dcf9cd5ea)
04-21 11:04:38.471  2398  8880 E oneway spamming:   #16 pc 0000000000082740  /apex/com.android.runtime/lib64/bionic/libc.so (__pthread_start(void*)+184) (BuildId: 61a049a7ad18156ebc52d8d483539df9)
04-21 11:04:38.471  2398  8880 E oneway spamming:   #17 pc 0000000000074b98  /apex/com.android.runtime/lib64/bionic/libc.so (__start_thread+68) (BuildId: 61a049a7ad18156ebc52d8d483539df9)
04-21 11:04:38.471  2398  8880 W BpBinder: Large outgoing transaction of 424964 bytes, interface descriptor , code 1 was sent
04-21 11:04:38.471  2398  2900 D SGM:FgCheckThread: notePauseComponent(), received pkgName: com.sec.android.app.launcher, userId: 0
04-21 11:04:38.472  2398  2900 D SGM:FgCheckThread: notePauseComponent(), received pkgName: com.sec.android.app.launcher, userId: 0
04-21 11:04:38.472  2398  2900 D SGM:FgCheckThread: notifyFocusInOut(). of pkg: com.sec.android.app.launcher, type: 20, isSecGameFamily: false, userId: 0
04-21 11:04:38.473  2398  2900 D SGM:GameManager: identifyGamePackage. com.sec.android.app.launcher, mCurrentUserId: 0, callingMethodInfo: com.samsung.android.game.SemGameManager.isGamePackage(SemGameManager.java:105)
04-21 11:04:38.473  2398  3790 I CocktailBarManagerServiceContainer: handleMessage: entry what = 6
04-21 11:04:38.473  2398  2900 D SGM:SemGameManager: isGamePackage(), pkgName=com.sec.android.app.launcher, ret=false
04-21 11:04:38.473  2398  2900 D SGM:FgCheckThread:   notifyFocusInOut(). unexpected type. 20
04-21 11:04:38.473  2398  3790 I CocktailBarManagerServiceImpl: notePauseComponent : no active host
04-21 11:04:38.473  2398  3806 D BackgroundInstallControlService: Package event received: 0
04-21 11:04:38.473  9223  9223 I AiPrivacy::AppEventReceiver: com.hermescourier.android Uninstalled !!!
04-21 11:04:38.474   549   549 I AccountReloadObserver: [C] received action: android.intent.action.PACKAGE_REMOVED, dat: package:com.hermescourier.android
04-21 11:04:38.474  9004  9131 W AppFunctions: Unknown schema [category=files, name=getFileContentUris, version=1]
04-21 11:04:38.474   549   549 I AccountReloadObserver: [C] request reload: 3
04-21 11:04:38.474   549   549 I AccountReloadObserver: [C] received action: android.intent.action.PACKAGE_ADDED, dat: package:com.hermescourier.android
04-21 11:04:38.474   549   549 I AccountReloadObserver: [C] request reload: 3, but skipped
04-21 11:04:38.474  9223  9223 I AiPrivacy::AppEventReceiver: com.hermescourier.android Installed !!!
04-21 11:04:38.474   549   671 I AccountTypeModel: [C] account reload start: 3
04-21 11:04:38.474  2398  3863 D SemWifiTransportLayerMonitor.TcpMonitorHandler: MSG_SAVE_PACKAGE_INFO
04-21 11:04:38.474  2398  6928 D WindowManager: finishDrawingWindow: Window{8bbb21e u0 Splash Screen com.hermescourier.android} mDrawState=DRAW_PENDING seqId=0
04-21 11:04:38.474  2398  6928 V WindowManager: Finishing drawing window Window{8bbb21e u0 Splash Screen com.hermescourier.android}: mDrawState=DRAW_PENDING
04-21 11:04:38.474  2398  6928 V WindowManager: Draw state now committed in Window{8bbb21e u0 Splash Screen com.hermescourier.android}
04-21 11:04:38.474  2398  6898 D SecContentProvider: query(), uri = 30 selection = isLocalContactStorageAllowed
04-21 11:04:38.474  2398  6898 D SecContentProvider: called from com.samsung.android.app.contacts
04-21 11:04:38.474  2398  6898 D RestrictionPolicy: isLocalContactStorageAllowed
04-21 11:04:38.474  2398  6898 D RestrictionPolicy: isLocalContactStorageAllowed(0) : true
04-21 11:04:38.475  2398  3863 D SemWifiTransportLayerFileManager: saveWifiPackageInfoToFile
04-21 11:04:38.475  2398  3863 D SemWifiTransportLayerFileManager: writeWifiPackageInfoList
04-21 11:04:38.475   549   671 I CscFeatureUtil: [C] getOpStyleVariation mOpStyleVariation (CAN)
04-21 11:04:38.475   549   671 I CscFeatureUtil: [C] getOpStyleVariation mOpStyleVariation (CAN)
04-21 11:04:38.476   549   671 I AccountTypeLoader: [C] add secure accounts (Knox:false, table:false)
04-21 11:04:38.476  2398  2398 D OlafRestriction:  olaf state update: state=true
04-21 11:04:38.476  2398  2398 D OlafRestriction:  trigger onRestrictionStateChanged.
04-21 11:04:38.476   549   671 I CscFeatureUtil: [C] getOpStyleVariation mOpStyleVariation (CAN)
04-21 11:04:38.476   549   671 I CscFeatureUtil: [C] getOpStyleVariation mOpStyleVariation (CAN)
04-21 11:04:38.476  2418  2553 I CameraService: onUidStateChanged: uid=10052, procState is changed. (0 -> 1)
04-21 11:04:38.476  2398  2901 D SurfaceComposerClient: setCornerRadius ## 8bbb21e Splash Screen com.hermescourier.android#94316 cornerRadius=0.000000
04-21 11:04:38.476  2398  2901 D SurfaceComposerClient: setCornerRadius ## 8bbb21e Splash Screen com.hermescourier.android#94316 cornerRadius=0.000000
04-21 11:04:38.476  2398  2901 V WindowManager: SyncGroup 5722: Finished!
04-21 11:04:38.476  2398  2901 V WindowManager: performShowLocked: mDrawState=HAS_DRAWN in Window{8bbb21e u0 Splash Screen com.hermescourier.android}
04-21 11:04:38.476  2398  2901 D WindowManagerServiceExt: updateTaskbarTargetIfNeeded: cn=ComponentInfo{com.hermescourier.android/com.hermescourier.android.MainActivity} occludesParent=true isInSplitScreenMode=false
04-21 11:04:38.476  2398  2901 D ChangeTransitionController: onTransactionReady: TransitionRecord{2f6a07d id=5722 type=OPEN flags=0x0 c=[
04-21 11:04:38.476  2398  2901 D ChangeTransitionController:    ChangeInfo{31f3f63 container=RemoteWallpaperAnim:1:1@363554 flags=0x0}
04-21 11:04:38.476  2398  2901 D ChangeTransitionController:    ChangeInfo{3305760 container=Task{2c88a8c #7886 type=home I=com.sec.android.app.launcher/.activities.LauncherActivity} flags=0x0}
04-21 11:04:38.476  2398  2901 D ChangeTransitionController:    ChangeInfo{331d67a container=Display{#0 state=ON size=1080x2520 ROTATION_0} flags=0x0}
04-21 11:04:38.476  2398  2901 D ChangeTransitionController:    ChangeInfo{7edae2b container=ActivityRecord{93756274 u0 com.hermescourier.android/.MainActivity t8485} flags=0x0}
04-21 11:04:38.476  2398  2901 D ChangeTransitionController:    ChangeInfo{b867288 container=Task{6f7b11f #8485 type=standard A=11016:com.hermescourier.android} flags=0x0}
04-21 11:04:38.476  2398  2901 D ChangeTransitionController:    ChangeInfo{a74a419 container=Task{8f6d308 #1 type=home} flags=0x0}
04-21 11:04:38.476  2398  2901 D ChangeTransitionController:    ChangeInfo{1ffacde container=ActivityRecord{171712004 u0 com.sec.android.app.launcher/.activities.LauncherActivity t7886} flags=0x0}
04-21 11:04:38.476  2398  2901 D ChangeTransitionController:    ChangeInfo{23c6ebf container=WallpaperWindowToken{ba081c1 showWhenLocked=true}_<lock|non-primary> flags=0x0}
04-21 11:04:38.476  2398  2901 D ChangeTransitionController:    ChangeInfo{c546421 container=DefaultTaskDisplayArea_d0@223752639 flags=0x0}
04-21 11:04:38.476  2398  2901 D ChangeTransitionController:    ChangeInfo{433898c container=WallpaperWindowToken{fe6cb78 showWhenLocked=false}_<system|non-primary> flags=0x0}
04-21 11:04:38.476  2398  2901 D ChangeTransitionController: ]
04-21 11:04:38.476  2398  2901 D ChangeTransitionController: }
04-21 11:04:38.476  2398  2901 V WindowManager: Start calculating TransitionInfo based on participants: {ActivityRecord{93756274 u0 com.hermescourier.android/.MainActivity t8485}, Task{6f7b11f #8485 type=standard A=11016:com.hermescourier.android}, ActivityRecord{171712004 u0 com.sec.android.app.launcher/.activities.LauncherActivity t7886}, WallpaperWindowToken{ba081c1 showWhenLocked=true}_<lock|non-primary>, WallpaperWindowToken{fe6cb78 showWhenLocked=false}_<system|non-primary>}
04-21 11:04:38.476  2398  2901 V WindowManager:   Final targets: [ChangeInfo{b867288 container=Task{6f7b11f #8485 type=standard A=11016:com.hermescourier.android} flags=0x10}, ChangeInfo{a74a419 container=Task{8f6d308 #1 type=home} flags=0x10}, ChangeInfo{433898c container=WallpaperWindowToken{fe6cb78 showWhenLocked=false}_<system|non-primary> flags=0x0}]
04-21 11:04:38.477  1931  2459 I SurfaceFlinger: id=94318 createSurf, flag=84004, Transition Root: Task=8485#94318
04-21 11:04:38.477   549   671 I CscFeatureUtil: [C] getOpStyleVariation mOpStyleVariation (CAN)
04-21 11:04:38.477   549   671 I CscFeatureUtil: [C] getOpStyleVariation mOpStyleVariation (CAN)
04-21 11:04:38.477   549   671 I CscFeatureUtil: [C] getOpStyleVariation mOpStyleVariation (CAN)
04-21 11:04:38.477   549   671 I CscFeatureUtil: [C] getOpStyleVariation mOpStyleVariation (CAN)
04-21 11:04:38.477   549   671 I CscFeatureUtil: [C] getOpStyleVariation mOpStyleVariation (CAN)
04-21 11:04:38.477   549   671 I CscFeatureUtil: [C] getOpStyleVariation mOpStyleVariation (CAN)
04-21 11:04:38.478  2398  2901 V WindowManager: Playing #5722 in parallel on track #1
04-21 11:04:38.478   549   671 I CscFeatureUtil: [C] getOpStyleVariation mOpStyleVariation (CAN)
04-21 11:04:38.478   549   671 I AccountTypeLoader: [C] add readonly account (readonly:false, table:false, att:false)
04-21 11:04:38.478   549   671 I TelephonyDataSource: [C] isMultiSimModel multiSimConfig : dsds
04-21 11:04:38.478   549   671 I SimModel: [C] isMultiSimModel : true
04-21 11:04:38.478   549   671 I AccountTypeLoader: [C] add sim1 account(support:true, multi:true)
04-21 11:04:38.478  2398  2901 I SurfaceControlRegistry: show, t=StartTransaction_SyncId<5722> sc=ActivityRecord{93756274 u0 com.hermescourier.android/.MainActivity t8485}, caller=android.view.SurfaceControl$Transaction.show:3500 com.android.server.wm.Transition.onTransactionReady:1999 com.android.server.wm.BLASTSyncEngine$SyncGroup.finishNow:245 com.android.server.wm.BLASTSyncEngine.onSurfacePlacement:263 com.android.server.wm.RootWindowContainer.performSurfacePlacementNoTrace:1110 com.android.server.wm.WindowSurfacePlacer.performSurfacePlacement:166 
04-21 11:04:38.478  2398  2901 D SurfaceComposerClient: setCornerRadius ## WallpaperWindowToken{fe6cb78 showWhenLocked=false}#95 cornerRadius=0.000000
04-21 11:04:38.478  2398  2901 D SurfaceComposerClient: setCornerRadius ## Task=1#68 cornerRadius=0.000000
04-21 11:04:38.478  2398  2901 D SurfaceComposerClient: setCornerRadius ## Task=8485#94314 cornerRadius=0.000000
04-21 11:04:38.478  2398  2901 V WindowManager: Calling onTransitionReady: {id=5722 t=OPEN f=0x0 trk=1 r=[0@Point(0, 0)] c=[
04-21 11:04:38.478  2398  2901 V WindowManager:         {WCT{RemoteToken{55b278 Task{6f7b11f #8485 type=standard A=11016:com.hermescourier.android}}} m=OPEN f=NONE leash=Surface(name=Task=8485)/@0xc2268d5 sb=Rect(0, 0 - 1080, 2520) eb=Rect(0, 0 - 1080, 2520) epz=Point(1080, 2520) d=0 taskParent=-1 inset=Rect(0, 110 - 0, 39) dim=true allowAppBgLayer=true},
04-21 11:04:38.478  2398  2901 V WindowManager:         {WCT{RemoteToken{dfc0ced Task{8f6d308 #1 type=home}}} m=TO_BACK f=SHOW_WALLPAPER|EDGE_EXTENSION_RESTRICTION leash=Surface(name=Task=1)/@0x7d64c19 sb=Rect(0, 0 - 1080, 2520) eb=Rect(0, 0 - 1080, 2520) epz=Point(1080, 2520) d=0 taskParent=-1 inset=Rect(0, 110 - 0, 39)},
04-21 11:04:38.478  2398  2901 V WindowManager:         {m=TO_BACK f=IS_WALLPAPER|IS_FIXED_PORTRAIT p=WCT{RemoteToken{94050c8 RemoteWallpaperAnim:1:1@363554}} leash=Surface(name=WallpaperWindowToken{fe6cb78 showWhenLocked=false})/@0xa5a7f17 sb=Rect(0, 0 - 1080, 2520) eb=Rect(0, 0 - 1080, 2520) epz=Point(1080, 2520) d=0 inset=Rect(0, 0 - 0, 0)}
04-21 11:04:38.478  2398  2901 V WindowManager:     ]}
04-21 11:04:38.478  1677  1677 D Zygote  : Forked child process 10563
04-21 11:04:38.479  2398  2901 I WindowManager: Cancelling animation restarting=true, leash=Surface(name=Surface(name=ee68606 NavigationBar0)/@0x9729b8a - animation-leash of insets_animation)/@0x248b830
04-21 11:04:38.479  2398  2901 I WindowManager: Reparenting to original parent: Surface(name=WindowToken{6812c5c type=2019 android.os.BinderProxy@551bf2e})/@0x7ec75fb, destroy=false, surface=Surface(name=ee68606 NavigationBar0)/@0x9729b8a
