04-21 11:03:43.103 25781 25781 I SafetyCenterAccessibilityListener: accessibility event occurred, safety center feature not enabled.
04-21 11:03:43.104  2398  2492 V AccessibilityManagerService: onUserStateChangedLocked for userId: 0, forceUpdate: false
04-21 11:03:43.104  2398  2492 D KNOX_MDM_SettingsProvider: isChangeAllowed() : name = accessibility_enabled
04-21 11:03:43.104  2398  2492 D MagnificationConnectionManager: requestConnection :false mConnectionState : 3
04-21 11:03:43.104  2398  2492 W MagnificationConnectionManager: requestConnection duplicated request: connect=false, mConnectionState=DISCONNECTED
04-21 11:03:43.104 25781 25781 I SafetyCenterAccessibilityListener: accessibility event occurred, safety center feature not enabled.
04-21 11:03:43.105  2398  2398 I AccessibilityManagerService: semIsAccessibilityServiceEnabled()
04-21 11:03:43.105  2398  2398 I AccessibilityManagerService: semIsAccessibilityServiceEnabled()
04-21 11:03:43.105  2398  2398 D AS.AudioService: Accessibility volume enabled = false
04-21 11:03:43.105  2398  2398 I AccessibilityManagerService: semIsAccessibilityServiceEnabled()
04-21 11:03:43.105  2398  2398 I AccessibilityManagerService: semIsAccessibilityServiceEnabled()
04-21 11:03:43.105  2398  2398 D AS.AudioService: Accessibility volume enabled = false
04-21 11:03:43.105  2398  2398 I AccessibilityManagerService: semIsAccessibilityServiceEnabled()
04-21 11:03:43.105  2398  2398 I AccessibilityManagerService: semIsAccessibilityServiceEnabled()
04-21 11:03:43.105  2398  2398 D AS.AudioService: Accessibility volume enabled = false
04-21 11:03:43.105  6294  6294 V A11yInputMethod: startInput(): editor=android.view.inputmethod.EditorInfo@45d9907
04-21 11:03:43.105  6294  6294 V A11yInputMethod: CALL: onStartInput
04-21 11:03:43.105  2398  6750 V AccessibilityManagerService: onUserStateChangedLocked for userId: 0, forceUpdate: false
04-21 11:03:43.106  2398  6750 D KNOX_MDM_SettingsProvider: isChangeAllowed() : name = accessibility_enabled
04-21 11:03:43.106  2398  6750 D MagnificationConnectionManager: requestConnection :false mConnectionState : 3
04-21 11:03:43.106  2398  6750 W MagnificationConnectionManager: requestConnection duplicated request: connect=false, mConnectionState=DISCONNECTED
04-21 11:03:43.106 25781 25781 I SafetyCenterAccessibilityListener: accessibility event occurred, safety center feature not enabled.
04-21 11:03:43.107  1931  1931 I SurfaceFlinger: RequestedLayer [WindowToken{4e0be96 type=2032 android.os.Binder@67c89b1}#94299] hidden!! flag  from(1) --> to(0)
04-21 11:03:43.107 25781 25781 I SafetyCenterAccessibilityListener: accessibility event occurred, safety center feature not enabled.
04-21 11:03:43.107  1931  1931 I SurfaceFlinger: destroyed WindowToken{dc632f type=2032 android.os.Binder@16ded0e}#94297 form LifecycleManager
04-21 11:03:43.107  2398  2398 I AccessibilityManagerService: semIsAccessibilityServiceEnabled()
04-21 11:03:43.107  1931  1931 I SurfaceFlinger: [WindowToken{d9c7e04 type=2032 android.os.Binder@bc70a17}#94300] attach to parent LayerHierarchy{RequestedLayerState{Leaf:26:31#39 parentId=38} 5 children}
04-21 11:03:43.107  1931  1931 I SurfaceFlinger: id=94297 onLayerDestroyed from LayerHierarchyBuilder(RequestedLayerState{WindowToken{dc632f type=2032 android.os.Binder@16ded0e}#94297 !handle z=2})
04-21 11:03:43.107  2398  2398 I AccessibilityManagerService: semIsAccessibilityServiceEnabled()
04-21 11:03:43.107  2398  2398 D AS.AudioService: Accessibility volume enabled = false
04-21 11:03:43.107  2398  2398 I AccessibilityManagerService: semIsAccessibilityServiceEnabled()
04-21 11:03:43.107  2398  2398 I AccessibilityManagerService: semIsAccessibilityServiceEnabled()
04-21 11:03:43.107  2398  2398 D AS.AudioService: Accessibility volume enabled = false
04-21 11:03:43.107  1931  1931 I Layer   : id=94297 Destroyed WindowToken{dc632f type=2032 android.os.Binder@16ded0e}#94297
04-21 11:03:43.113  2398  3028 D PowerManagerService: displayReady: false groupId=0
04-21 11:03:43.113  2398  3028 D DisplayPowerController[0]: animateScreenStateChange: target=ON, mIsEnabled=true
04-21 11:03:43.113  2398  3028 D DisplayPowerController[1]: animateScreenStateChange: target=OFF, mIsEnabled=false
04-21 11:03:43.113  2398  3028 D PowerManagerService: displayReady: true groupId=0
04-21 11:03:43.118  1931  1931 I SurfaceFlinger: RequestedLayer [WindowToken{d9c7e04 type=2032 android.os.Binder@bc70a17}#94300] hidden!! flag  from(1) --> to(0)
04-21 11:03:43.130  1793  9824 I HYPER-HAL: [RequestManager.cpp]releaseLocked(): Released ID : 349944943
04-21 11:03:43.196  1805  2408 I SDM     : DisplayBase::CommitThread: Received idle timeout, panel: cmd, timeout: 70000 us
04-21 11:03:43.200  1931  2440 I SurfaceFlinger: Capture layer list: 	 com.hermescourier.android/com.hermescourier.android.MainActivity$_9377#94287(seamlessTransition:0)
04-21 11:03:43.313  2398  3028 D PowerManagerService: displayReady: false groupId=0
04-21 11:03:43.313  2398  3028 D DisplayPowerController[0]: animateScreenStateChange: target=ON, mIsEnabled=true
04-21 11:03:43.313  2398  3028 D DisplayPowerController[1]: animateScreenStateChange: target=OFF, mIsEnabled=false
04-21 11:03:43.313  2398  3028 D PowerManagerService: displayReady: true groupId=0
04-21 11:03:43.332  1776  6495 I sensors-hal: handle_sns_client_event:379, [0][21954829] accel_sample [-0.016,  8.575,  4.615] 1591157337048259
04-21 11:03:43.349  1030  1030 D io_stats: !@   8,0 r 81322225 2704703052 w 55816519 1425122996 d 5227288 1621250492 f 793828 4420833 iot 12135136 0 th 0 0 0 pt 0 inp 0 0 996880.689
04-21 11:03:43.349  1030  1030 D io_stats: !@ Read_top(KB): kworker/u17:0:/(2250) 260 com.samsung.cmh:low(29589) 224 rs.media.module:high(6667) 72
04-21 11:03:43.349  1030  1030 D io_stats: !@ Write_top(KB): kworker/u17:2:/(30006) 6724 system_server:normal(2398) 736 soft.macrodroid:low(6294) 84
04-21 11:03:43.349  1030  1030 D io_stats: !@ fuse-log: WORST (2000 35 6 1 6) (0 18 0 1 0) (2000 1 0 1 0) TOTAL_LATENCY (2000 6 35 6 1 1 0 1 25 0 1) (0 0 18 0 1) TOTAL_CNT (2000 4 1 1 25 1 35 1) (0 1 18 1) 
04-21 11:03:43.513  2398  3028 D PowerManagerService: displayReady: false groupId=0
04-21 11:03:43.513  2398  3028 D DisplayPowerController[0]: animateScreenStateChange: target=ON, mIsEnabled=true
04-21 11:03:43.513  2398  3028 D DisplayPowerController[1]: animateScreenStateChange: target=OFF, mIsEnabled=false
04-21 11:03:43.513  2398  3028 D PowerManagerService: displayReady: true groupId=0
04-21 11:03:43.556  2398  3266 I ActivityManager: Changes in 10119 19 to 8, 0 to 128
04-21 11:03:43.557 19058 19146 V BinderSender: Uid 10119 already starts
04-21 11:03:43.566   928   928 I SCS@AiSearch user 0: (ObserverWorker::AOSP_MP) [main] entering in startWork triggered by [content://media/external/file/9663]():  
04-21 11:03:43.566   928   928 I SCS@AiSearch user 0: (BaseCollector::AOSP_MP) [main] entering in onChange():  
04-21 11:03:43.566   928 30116 I SCS@AiSearch user 0: (BaseCollector::AOSP_MP) [AOSP_MP-0] entering in collectChanges():  
04-21 11:03:43.567  2398  4679 D PackageManager: setEnabledSetting : userId = 0 packageName = com.samsung.android.scs cmp = androidx.work.impl.background.systemalarm.RescheduleReceiver newState = 1 callingPackage = com.samsung.android.scs
04-21 11:03:43.568  2398  4679 D ApplicationPolicy: getApplicationStateEnabled : pkg = com.samsung.android.scs userId : 0
04-21 11:03:43.568  2398  4679 D ApplicationPolicy: getApplicationComponentState : pkg = com.samsung.android.scs userId : 0
04-21 11:03:43.576  2398  2925 I ActivityManager: Changes in 10409 5 to 15, 144 to 0
04-21 11:03:43.577   928 30116 I SCS@AiSearch user 0: (BaseCollector::AOSP_MP) fetchInternal values : maxSyncId: 9660 indexCount: 1893 sourceCount: 1893
04-21 11:03:43.585   928 30116 I SCS@AiSearch user 0: (IndexManager) [AOSP_MP-0] entering in addIndex():  
04-21 11:03:43.585   928 30116 I SCS@AiSearch user 0: (BaseCollector::AOSP_MP) fetch: fetching took  14 ms
04-21 11:03:43.585   928 30116 I SCS@AiSearch user 0: (BaseCollector::AOSP_MP) fetchChanges: applied 0 items
04-21 11:03:43.585   928 30116 I SCS@AiSearch user 0: (BaseCollector::AOSP_MP) Collect finished. Result: true
04-21 11:03:43.586   928 30116 I SCS@AiSearch user 0: (BaseCollector::AOSP_MP) enqueue ObserverWorker name: com.sec.android.app.myfiles, policy: APPEND_OR_REPLACE
04-21 11:03:43.586   928  1055 I WM-WorkerWrapper: Worker result SUCCESS for Work [ id=2fdf3269-875b-423d-9d31-9c4c476b6b33, tags={ com.sec.android.app.myfiles, com.samsung.android.scs.ai.search.data.collector.base.ObserverWorker } ]
04-21 11:03:43.587  2398  6750 I ActivityManager: Changes in 10119 8 to 10, 128 to 0
04-21 11:03:43.589   928   928 I SCS@AiSearch user 0: (SearchProvider) onTrimMemory(): 40
04-21 11:03:43.591  2398  6750 D PackageManager: setEnabledSetting : userId = 0 packageName = com.samsung.android.scs cmp = androidx.work.impl.background.systemalarm.RescheduleReceiver newState = 1 callingPackage = com.samsung.android.scs
04-21 11:03:43.591  2398  6750 D ApplicationPolicy: getApplicationStateEnabled : pkg = com.samsung.android.scs userId : 0
04-21 11:03:43.591  2398  6750 D ApplicationPolicy: getApplicationComponentState : pkg = com.samsung.android.scs userId : 0
04-21 11:03:43.593   928  1055 W JobInfo : Requested important-while-foreground flag for job247785 is ignored and takes no effect
04-21 11:03:43.713  2398  3028 D PowerManagerService: displayReady: false groupId=0
04-21 11:03:43.713  2398  3028 D DisplayPowerController[0]: animateScreenStateChange: target=ON, mIsEnabled=true
04-21 11:03:43.714  2398  3028 D DisplayPowerController[1]: animateScreenStateChange: target=OFF, mIsEnabled=false
04-21 11:03:43.714  2398  3028 D PowerManagerService: displayReady: true groupId=0
04-21 11:03:43.742  9827  9827 W dumpsys : Thread Pool max thread count is 0. Cannot cache binder as linkToDeath cannot be implemented. serviceName: deviceidle
04-21 11:03:43.752  2398  6750 I WifiService: releaseMulticastLock uid=10868 lockTag=SERVER_SEARCH
04-21 11:03:43.759  9830  9830 W dumpsys : Thread Pool max thread count is 0. Cannot cache binder as linkToDeath cannot be implemented. serviceName: battery
04-21 11:03:43.759  2398  6750 D [SS][BattInfo]BattInfoManager: [getIcAuthenticationResults]IcAuthenticationResults:[false]
04-21 11:03:43.759  2398  6750 D [SS]BattUtils: [readNode]path:/efs/FactoryApp/batt_beginning_date ,value:20250815
04-21 11:03:43.759  2398  6750 D [SS]BattUtils: [readNode]path:/efs/FactoryApp/asoc ,value:96
04-21 11:03:43.759  2398  6750 D [SS]BattUtils: [isExist]path:/efs/FactoryApp/batt_hist ,result:false
04-21 11:03:43.759  2398  6750 D [SS]BattUtils: [readNode]path:/efs/FactoryApp/batt_discharge_level ,value:19678
04-21 11:03:43.759  2398  6750 D [SS]BattUtils: [readNode]path:/efs/FactoryApp/batt_full_status_usage ,value:0
04-21 11:03:43.760  2398  6750 D [SS]BattUtils: [readNode]path:/efs/FactoryApp/bsoh ,value:100
04-21 11:03:43.760  2398  6750 W FastPrintWriter: Write failure
04-21 11:03:43.760  2398  6750 W FastPrintWriter: java.io.IOException: write failed: EPIPE (Broken pipe)
04-21 11:03:43.760  2398  6750 W FastPrintWriter: 	at libcore.io.IoBridge.write(IoBridge.java:651)
04-21 11:03:43.760  2398  6750 W FastPrintWriter: 	at java.io.FileOutputStream.write(FileOutputStream.java:436)
04-21 11:03:43.760  2398  6750 W FastPrintWriter: 	at com.android.internal.util.FastPrintWriter.flushBytesLocked(FastPrintWriter.java:355)
04-21 11:03:43.760  2398  6750 W FastPrintWriter: 	at com.android.internal.util.FastPrintWriter.flushLocked(FastPrintWriter.java:378)
04-21 11:03:43.760  2398  6750 W FastPrintWriter: 	at com.android.internal.util.FastPrintWriter.flush(FastPrintWriter.java:413)
04-21 11:03:43.760  2398  6750 W FastPrintWriter: 	at android.os.Binder.dump(Binder.java:1100)
04-21 11:03:43.760  2398  6750 W FastPrintWriter: 	at android.os.Binder.onTransact(Binder.java:958)
04-21 11:03:43.760  2398  6750 W FastPrintWriter: 	at android.os.Binder.execTransactInternal(Binder.java:1462)
04-21 11:03:43.760  2398  6750 W FastPrintWriter: 	at android.os.Binder.execTransact(Binder.java:1401)
04-21 11:03:43.760  2398  6750 W FastPrintWriter: Caused by: android.system.ErrnoException: write failed: EPIPE (Broken pipe)
04-21 11:03:43.760  2398  6750 W FastPrintWriter: 	at libcore.io.Linux.writeBytes(Native Method)
04-21 11:03:43.760  2398  6750 W FastPrintWriter: 	at libcore.io.Linux.write(Linux.java:338)
04-21 11:03:43.760  2398  6750 W FastPrintWriter: 	at libcore.io.ForwardingOs.write(ForwardingOs.java:954)
04-21 11:03:43.760  2398  6750 W FastPrintWriter: 	at libcore.io.BlockGuardOs.write(BlockGuardOs.java:448)
04-21 11:03:43.760  2398  6750 W FastPrintWriter: 	at libcore.io.IoBridge.write(IoBridge.java:646)
04-21 11:03:43.760  2398  6750 W FastPrintWriter: 	... 8 more
04-21 11:03:43.774  9832  9832 W dumpsys : Thread Pool max thread count is 0. Cannot cache binder as linkToDeath cannot be implemented. serviceName: deviceidle
04-21 11:03:43.788  3957  4645 D SatelliteController: isInCarrierRoamingNbIotNtn: satellite is disabled
04-21 11:03:43.790  3957  4645 V SatelliteController: getWwanIsInService: return true
04-21 11:03:43.790  9835  9835 W dumpsys : Thread Pool max thread count is 0. Cannot cache binder as linkToDeath cannot be implemented. serviceName: activity
04-21 11:03:43.821  9022  9035 W ng.android.dkey: userfaultfd: MOVE ioctl seems unsupported: Connection timed out
04-21 11:03:43.858  2398  3665 E WifiStaIfaceAidlImpl: getCachedScanData failed with service-specific exception: android.os.ServiceSpecificException:  (code 4)
04-21 11:03:43.859  2398  6462 D SemWifiUsabilityStatsMonitor: onWifiUsabilityStats - seqNum 182483, isSameBssidAndFreq true
04-21 11:03:43.860  2398  3839 E SemWifiLinkQualityMonitor: Too old or invalid TMI: currentTime=1776783823860 lastDateWindow=1776783809000
04-21 11:03:43.861  2398  3839 I SemWifiLinkQualityMonitor: Link stat: 1058 / 42 / 1.18 (13) / 1080 / -59.0 || 100.0 : 1080.00 / 0.5 : 0.85 / 0.55 : 0.04 / G (G) || 8a7d27aa6935: 0.082 / 97.106 / N || N N / 0 0 / N 2.0 / N X 1 / 996881199 0 || 2026-04-21 11:03:29  / 0: 0 0 0 0 0 0 / 0: 0 0 0 0 0 0 / 0: 0 0 0 0 0 0
04-21 11:03:43.861  2398  3840 D InsDataManager: onOutageCountUpdate() - Outage Data: 0, LQ : N. Outage Triggered: false
04-21 11:03:43.862  2398  3840 E InsController: Error in onOutageCountUpdate: android.net.VpnTransportInfo cannot be cast to android.net.wifi.WifiInfo
04-21 11:03:43.862  2398  3840 D SemInsManager: {"bssid": "8a7d27aa6935","rssi": -59.0,"latency": 0.0823837853601633,"outage_count": 0,"lq_callback_triggered": false,"outage_log": "Link stat: 1058 / 42 / 1.18 (13) / 1080 / -59.0 || 100.0 : 1080.00 / 0.5 : 0.85 / 0.55 : 0.04 / G (G) || 8a7d27aa6935: 0.082 / 97.106 / N || N N / 0 0 / N 2.0 / N X 1 / 996881199 0 || 2026-04-21 11:03:29  / 0: 0 0 0 0 0 0 / 0: 0 0 0 0 0 0 / 0: 0 0 0 0 0 0""Magnetic Sensor Events size": "0""Pressure Sensor Events size": "0"}
04-21 11:03:43.914  2398  3028 D PowerManagerService: displayReady: false groupId=0
04-21 11:03:43.914  2398  3028 D DisplayPowerController[0]: animateScreenStateChange: target=ON, mIsEnabled=true
04-21 11:03:43.915  2398  3028 D DisplayPowerController[1]: animateScreenStateChange: target=OFF, mIsEnabled=false
04-21 11:03:43.916  2398  3028 D PowerManagerService: displayReady: true groupId=0
04-21 11:03:43.945  1820  2586 I thermal_core: pivot(AP) : 315, skin : 316
04-21 11:03:43.945  1820  2586 I vendor.samsung.hardware.thermal-service: index = 2.400000
04-21 11:03:43.945  1820  2586 I vendor.samsung.hardware.thermal-service: 4 / 10
04-21 11:03:43.982  2398  4679 D InputDispatcher: Inject key (9881/2000): action=0, f=0x0, d=-1, time=996881321810292
04-21 11:03:43.982  2398  4679 D SingleKeyGesture: interceptKeyDown, info : KeyCode=KEYCODE_UNKNOWN, size=0
04-21 11:03:43.982  2398  4679 D PhoneWindowManager: interceptKeyTq interceptKeyResult=1
04-21 11:03:43.982  2398  3591 D PowerManagerService: [api] userActivityFromNative : button displayId=0 eventTime=996881321
04-21 11:03:43.982  6772  6772 I SemDvfsHyPerManager: acquire hyper - TA_TOUCH_SHARE/6772@30, type = -999
04-21 11:03:43.983  1793  1930 I HYPER-HAL: [RequestManager.cpp]acquire(): Acquired ID : 23137033  [6772 / 30]    HINT : TA_TOUCH_SHARE    list : [TIMEOUT / 1500] 
04-21 11:03:43.984  2398  3591 D KeyGestureController: shortcutValue= 0 / 36
04-21 11:03:43.985  2398  3591 I InputDispatcher: Delivering key to (9377): action: 0x0 (0), f=0x0, m=0x0, d=0, 'cc12207'
04-21 11:03:43.995  9377  9377 I VRI[MainActivity]@de4a1b5: The input has been finished in ImeInputStage.
04-21 11:03:43.995  2398  4679 D InputDispatcher: Inject key (9881/2000): action=1, f=0x0, d=-1, time=996881321810292
04-21 11:03:43.995  2398  4679 D PhoneWindowManager: interceptKeyTq interceptKeyResult=1
04-21 11:03:43.995  9377  9377 I VRI[MainActivity]@de4a1b5: setInTouchMode(false), android.view.ViewRootImpl.checkForLeavingTouchModeAndConsume:10912 android.view.ViewRootImpl.-$$Nest$mcheckForLeavingTouchModeAndConsume:0 android.view.ViewRootImpl$EarlyPostImeInputStage.processKeyEvent:9378 android.view.ViewRootImpl$EarlyPostImeInputStage.onProcess:9362 android.view.ViewRootImpl$InputStage.deliver:8841 android.view.ViewRootImpl.deliverInputEvent:12701 android.view.ViewRootImpl.doProcessInputEvents:12589 android.view.ViewRootImpl.enqueueInputEvent:12544 android.view.ViewRootImpl$ViewRootHandler.handleMessageImpl:8362 android.view.ViewRootImpl$ViewRootHandler.handleMessage:8241 
04-21 11:03:43.995  2398  3591 D KeyGestureController: shortcutValue= 0 / 36
04-21 11:03:43.995  2398  3591 I InputDispatcher: Delivering key to (9377): action: 0x1 (0), f=0x0, m=0x0, d=0, 'cc12207'
04-21 11:03:44.002  9377  9377 I VRI[MainActivity]@de4a1b5: ViewPostIme key 0
04-21 11:03:44.003  9377  9377 I VRI[MainActivity]@de4a1b5: ViewPostIme key 1
04-21 11:03:44.005  9377  9377 I VRI[MainActivity]@de4a1b5: The input has been finished in ImeInputStage.
04-21 11:03:44.005  2398  4679 D InputDispatcher: Inject key (9881/2000): action=0, f=0x0, d=-1, time=996881321810292
04-21 11:03:44.005  2398  4679 D SingleKeyGesture: interceptKeyDown, info : KeyCode=KEYCODE_UNKNOWN, size=0
04-21 11:03:44.005  2398  4679 D PhoneWindowManager: interceptKeyTq interceptKeyResult=1
04-21 11:03:44.005  2398  3591 I InputDispatcher: Delivering key to (9377): action: 0x0 (0), f=0x0, m=0x0, d=0, 'cc12207'
04-21 11:03:44.005  9377  9377 D InputMethodManagerUtils: startInputInner - Id : 0
04-21 11:03:44.005  9377  9377 I InputMethodManager: startInputInner - IInputMethodManagerGlobalInvoker.startInputOrWindowGainedFocus
04-21 11:03:44.006  9377  9377 I VRI[MainActivity]@de4a1b5: The input has been finished in ImeInputStage.
04-21 11:03:44.006  2398  4679 D InputDispatcher: Inject key (9881/2000): action=1, f=0x0, d=-1, time=996881321810292
04-21 11:03:44.006  2398  4679 D PhoneWindowManager: interceptKeyTq interceptKeyResult=1
04-21 11:03:44.006  2398  3591 I InputDispatcher: Delivering key to (9377): action: 0x1 (0), f=0x0, m=0x0, d=0, 'cc12207'
04-21 11:03:44.006  2398  3608 V InputMethodManagerService: startInputOrWindowGainedFocusInternalLocked: reason=SCHEDULED_CHECK_FOCUS client=android.os.BinderProxy@847a0e9 inputContext=null editorInfo=android.view.inputmethod.EditorInfo@522e401 startInputFlags=VIEW_HAS_FOCUS|INITIAL_CONNECTION softInputMode=STATE_UNSPECIFIED|ADJUST_PAN windowFlags=#1810100 unverifiedTargetSdkVersion=34 bindingController=com.android.server.inputmethod.InputMethodBindingController@8644fec imeDispatcher=android.window.ImeOnBackInvokedDispatcher@b1992a6 cs=ClientState{46b7fb9 mUid=11016 mPid=9377 mSelfReportedDisplayId=0} imeRequestedVisible=false
04-21 11:03:44.006  2398  3608 V InputMethodManagerService: setWindowStateInner, windowToken=android.os.BinderProxy@7f58046, state=ImeTargetWindowState{ imeToken null imeFocusChanged false hasEditorFocused false requestedImeVisible false imeDisplayId 0 softInputModeState STATE_UNSPECIFIED|ADJUST_PAN isStartInputByGainFocus false}
04-21 11:03:44.006  2398  3608 D SemInputMethodManagerServiceUtil: restorePreviousUsedInputMethod : failed to return the previous ime becuase the stored info is null or do not need restore
04-21 11:03:44.006  2398  3608 V InputMethodManagerService: semComputeImeDisplayIdForTarget: displayToShowIme=0
04-21 11:03:44.006  2398  3608 V InputMethodManagerService: Creating new accessibility sessions for client ClientState{46b7fb9 mUid=11016 mPid=9377 mSelfReportedDisplayId=0}
04-21 11:03:44.006  2398  3608 D InputMethodManagerService: isImeSwitcherDisabledPackage : false
04-21 11:03:44.006  2398  3608 D InputMethodManagerService: shouldShowImeSwitcherLocked : checking vis : 3
04-21 11:03:44.006  6294  6294 V A11yInputMethod: startInput(): editor=android.view.inputmethod.EditorInfo@7b0bea3
04-21 11:03:44.006  6294  6294 V A11yInputMethod: CALL: doFinishInput
04-21 11:03:44.006  6294  6294 V A11yInputMethod: CALL: onFinishInput
04-21 11:03:44.006  2398  3608 D InputMethodManagerService: checkDisplayOfStartInputAndUpdateKeyboard: displayId=0, mFocusedDisplayId=0
04-21 11:03:44.006  2398  3608 D InputTransport: Input channel constructed: 'ClientS', fd=1417
04-21 11:03:44.007 25971 25971 D InputMethodService: unregisterCompatOnBackInvokedCallback return because registered : false
04-21 11:03:44.007 25971 25971 D InputMethodService: updateClientDisplayId: displayId=0, mClientDisplayId=0
04-21 11:03:44.007  2398  3608 D InputTransport: Input channel destroyed: 'ClientS', fd=1417
04-21 11:03:44.007  9377  9401 D InputTransport: Input channel constructed: 'ClientS', fd=151
04-21 11:03:44.011  1931  2440 I SurfaceFlinger: Capture layer list: 	 com.hermescourier.android/com.hermescourier.android.MainActivity$_9377#94287(seamlessTransition:0)
04-21 11:03:44.013  1931  2091 I VSyncReactor: Current= 120, Period= 120, Distance= 1
04-21 11:03:44.021  1931  2091 I VSyncReactor: Current= 120, Period= 120, Distance= 121
04-21 11:03:44.054  9377  9377 I VRI[MainActivity]@de4a1b5: ViewPostIme key 0
04-21 11:03:44.054  9377  9377 I VRI[MainActivity]@de4a1b5: ViewPostIme key 1
04-21 11:03:44.056 25971 25971 W y       : onStartInput event aborted
04-21 11:03:44.056 25971 25971 W y       : yb0.v: could not obtain extracted text
04-21 11:03:44.056 25971 25971 W y       : 	at yb0.m0.H(Unknown Source:329)
04-21 11:03:44.056 25971 25971 W y       : 	at c70.h0.h(Unknown Source:283)
04-21 11:03:44.056 25971 25971 W y       : 	at c70.o5.h(Unknown Source:2)
04-21 11:03:44.056 25971 25971 W y       : 	at com.touchtype.KeyboardService.onStartInput(Unknown Source:11)
04-21 11:03:44.056 25971 25971 W y       : 	at android.inputmethodservice.InputMethodService.doStartInput(InputMethodService.java:3917)
04-21 11:03:44.056 25971 25971 W y       : 	at android.inputmethodservice.InputMethodService$InputMethodImpl.startInput(InputMethodService.java:924)
04-21 11:03:44.056 25971 25971 W y       : 	at android.inputmethodservice.InputMethodService$InputMethodImpl.dispatchStartInput(InputMethodService.java:953)
04-21 11:03:44.056 25971 25971 W y       : 	at android.inputmethodservice.IInputMethodWrapper.executeMessage(IInputMethodWrapper.java:206)
04-21 11:03:44.056 25971 25971 W y       : 	at com.android.internal.os.HandlerCaller$MyHandler.handleMessage(HandlerCaller.java:44)
04-21 11:03:44.056 25971 25971 W y       : 	at android.os.Handler.dispatchMessage(Handler.java:110)
04-21 11:03:44.056 25971 25971 W y       : 	at android.os.Looper.loopOnce(Looper.java:273)
04-21 11:03:44.056 25971 25971 W y       : 	at android.os.Looper.loop(Looper.java:363)
04-21 11:03:44.056 25971 25971 W y       : 	at android.app.ActivityThread.main(ActivityThread.java:9939)
04-21 11:03:44.056 25971 25971 W y       : 	at java.lang.reflect.Method.invoke(Native Method)
04-21 11:03:44.056 25971 25971 W y       : 	at com.android.internal.os.RuntimeInit$MethodAndArgsCaller.run(RuntimeInit.java:632)
04-21 11:03:44.056 25971 25971 W y       : 	at com.android.internal.os.ZygoteInit.main(ZygoteInit.java:975)
04-21 11:03:44.066  9377  9377 I VRI[MainActivity]@de4a1b5: The input has been finished in ImeInputStage.
04-21 11:03:44.066  2398  4679 D InputDispatcher: Inject key (9881/2000): action=0, f=0x0, d=-1, time=996881321810292
04-21 11:03:44.066  2398  4679 D SingleKeyGesture: interceptKeyDown, info : KeyCode=KEYCODE_UNKNOWN, size=0
04-21 11:03:44.066  2398  4679 D PhoneWindowManager: interceptKeyTq interceptKeyResult=1
04-21 11:03:44.066  2398  3591 I InputDispatcher: Delivering key to (9377): action: 0x0 (0), f=0x0, m=0x0, d=0, 'cc12207'
04-21 11:03:44.067  9377  9377 I VRI[MainActivity]@de4a1b5: The input has been finished in ImeInputStage.
04-21 11:03:44.067  2398  4679 D InputDispatcher: Inject key (9881/2000): action=1, f=0x0, d=-1, time=996881321810292
04-21 11:03:44.067  9377  9377 I VRI[MainActivity]@de4a1b5: ViewPostIme key 0
04-21 11:03:44.067  2398  4679 D PhoneWindowManager: interceptKeyTq interceptKeyResult=1
04-21 11:03:44.067  2398  3591 I InputDispatcher: Delivering key to (9377): action: 0x1 (0), f=0x0, m=0x0, d=0, 'cc12207'
04-21 11:03:44.067  9377  9377 I VRI[MainActivity]@de4a1b5: ViewPostIme key 1
04-21 11:03:44.067  9377  9377 I VRI[MainActivity]@de4a1b5: The input has been finished in ImeInputStage.
04-21 11:03:44.067  2398  4679 D InputDispatcher: Inject key (9881/2000): action=0, f=0x0, d=-1, time=996881321810292
04-21 11:03:44.068  2398  4679 D SingleKeyGesture: interceptKeyDown, info : KeyCode=KEYCODE_UNKNOWN, size=0
04-21 11:03:44.068  2398  4679 D PhoneWindowManager: interceptKeyTq interceptKeyResult=1
04-21 11:03:44.068  2398  3591 D KeyGestureController: shortcutValue= 0 / 44
04-21 11:03:44.068  2398  3591 I InputDispatcher: Delivering key to (9377): action: 0x0 (0), f=0x0, m=0x0, d=0, 'cc12207'
04-21 11:03:44.068  9377  9377 I VRI[MainActivity]@de4a1b5: The input has been finished in ImeInputStage.
04-21 11:03:44.068  9377  9377 I VRI[MainActivity]@de4a1b5: ViewPostIme key 0
04-21 11:03:44.068  2398  4679 D InputDispatcher: Inject key (9881/2000): action=1, f=0x0, d=-1, time=996881321810292
04-21 11:03:44.068  2398  4679 D PhoneWindowManager: interceptKeyTq interceptKeyResult=1
04-21 11:03:44.068  9377  9377 I VRI[MainActivity]@de4a1b5: ViewPostIme key 1
04-21 11:03:44.068  2398  3591 D KeyGestureController: shortcutValue= 0 / 44
04-21 11:03:44.068  2398  3591 I InputDispatcher: Delivering key to (9377): action: 0x1 (0), f=0x0, m=0x0, d=0, 'cc12207'
04-21 11:03:44.068  9377  9377 I VRI[MainActivity]@de4a1b5: The input has been finished in ImeInputStage.
04-21 11:03:44.068  2398  4679 D InputDispatcher: Inject key (9881/2000): action=0, f=0x0, d=-1, time=996881321810292
04-21 11:03:44.068  2398  4679 D SingleKeyGesture: interceptKeyDown, info : KeyCode=KEYCODE_UNKNOWN, size=0
04-21 11:03:44.068  2398  4679 D PhoneWindowManager: interceptKeyTq interceptKeyResult=1
04-21 11:03:44.069  2398  3591 I InputDispatcher: Delivering key to (9377): action: 0x0 (0), f=0x0, m=0x41, d=0, 'cc12207'
04-21 11:03:44.069  9377  9377 I VRI[MainActivity]@de4a1b5: ViewPostIme key 0
04-21 11:03:44.069  2398  4679 D InputDispatcher: Inject key (9881/2000): action=0, f=0x0, d=-1, time=996881321810292
04-21 11:03:44.071  2398  4679 D KeyCombinationManager: There is no active rule. mDownTimes clear
04-21 11:03:44.071  2398  4679 D SingleKeyGesture: interceptKeyDown, info : KeyCode=KEYCODE_UNKNOWN, size=0
04-21 11:03:44.071  2398  4679 D PhoneWindowManager: interceptKeyTq interceptKeyResult=1
04-21 11:03:44.071  2398  3591 I InputDispatcher: Delivering key to (9377): action: 0x0 (0), f=0x0, m=0x41, d=0, 'cc12207'
04-21 11:03:44.072 25971 25971 I Kumiho-Kumiho: getPackageName: com.touchtype.swiftkey
04-21 11:03:44.073 25971 25971 I Kumiho-Kumiho: getPackageName: com.touchtype.swiftkey
04-21 11:03:44.073  9377  9377 I VRI[MainActivity]@de4a1b5: The input has been finished in ImeInputStage.
04-21 11:03:44.073  9377  9377 I VRI[MainActivity]@de4a1b5: ViewPostIme key 0
04-21 11:03:44.073  2398  4679 D InputDispatcher: Inject key (9881/2000): action=1, f=0x0, d=-1, time=996881321810292
04-21 11:03:44.073  9377  9377 I VRI[MainActivity]@de4a1b5: ViewPostIme key 0
04-21 11:03:44.073  2398  4679 D PhoneWindowManager: interceptKeyTq interceptKeyResult=1
04-21 11:03:44.073  2398  3591 I InputDispatcher: Delivering key to (9377): action: 0x1 (0), f=0x0, m=0x41, d=0, 'cc12207'
04-21 11:03:44.074  9377  9377 I VRI[MainActivity]@de4a1b5: ViewPostIme key 1
04-21 11:03:44.074  9377  9377 I VRI[MainActivity]@de4a1b5: ViewPostIme key 1
04-21 11:03:44.074  9377  9377 I VRI[MainActivity]@de4a1b5: The input has been finished in ImeInputStage.
04-21 11:03:44.074  2398  4679 D InputDispatcher: Inject key (9881/2000): action=1, f=0x0, d=-1, time=996881321810292
04-21 11:03:44.074  2398  4679 D PhoneWindowManager: interceptKeyTq interceptKeyResult=1
04-21 11:03:44.074  2398  3591 I InputDispatcher: Delivering key to (9377): action: 0x1 (0), f=0x0, m=0x0, d=0, 'cc12207'
04-21 11:03:44.075 25971 25971 I Kumiho-Kumiho: getPackageName: com.touchtype.swiftkey
04-21 11:03:44.076 25971 25971 I Kumiho-Kumiho: getPackageName: com.touchtype.swiftkey
04-21 11:03:44.077 25971 25971 W y       : onHardKeyUp event aborted
04-21 11:03:44.077 25971 25971 W y       : yb0.v: Could not create reset composing text event
04-21 11:03:44.077 25971 25971 W y       : 	at yb0.y.u0(Unknown Source:17)
04-21 11:03:44.077 25971 25971 W y       : 	at c70.h0.onKeyUp(Unknown Source:150)
04-21 11:03:44.077 25971 25971 W y       : 	at com.touchtype.KeyboardService.onKeyUp(Unknown Source:11)
04-21 11:03:44.077 25971 25971 W y       : 	at android.view.KeyEvent.dispatch(KeyEvent.java:4071)
04-21 11:03:44.077 25971 25971 W y       : 	at android.inputmethodservice.AbstractInputMethodService$AbstractInputMethodSessionImpl.dispatchKeyEvent(AbstractInputMethodService.java:200)
04-21 11:03:44.077 25971 25971 W y       : 	at android.inputmethodservice.IInputMethodSessionWrapper$ImeInputEventReceiver.onInputEvent(IInputMethodSessionWrapper.java:276)
04-21 11:03:44.077 25971 25971 W y       : 	at android.view.InputEventReceiver.dispatchInputEvent(InputEventReceiver.java:392)
04-21 11:03:44.077 25971 25971 W y       : 	at android.os.MessageQueue.nativePollOnce(Native Method)
04-21 11:03:44.077 25971 25971 W y       : 	at android.os.MessageQueue.nextLegacy(MessageQueue.java:913)
04-21 11:03:44.077 25971 25971 W y       : 	at android.os.MessageQueue.next(MessageQueue.java:1025)
04-21 11:03:44.077 25971 25971 W y       : 	at android.os.Looper.loopOnce(Looper.java:221)
04-21 11:03:44.077 25971 25971 W y       : 	at android.os.Looper.loop(Looper.java:363)
04-21 11:03:44.077 25971 25971 W y       : 	at android.app.ActivityThread.main(ActivityThread.java:9939)
04-21 11:03:44.077 25971 25971 W y       : 	at java.lang.reflect.Method.invoke(Native Method)
04-21 11:03:44.077 25971 25971 W y       : 	at com.android.internal.os.RuntimeInit$MethodAndArgsCaller.run(RuntimeInit.java:632)
04-21 11:03:44.077 25971 25971 W y       : 	at com.android.internal.os.ZygoteInit.main(ZygoteInit.java:975)
04-21 11:03:44.077  9377  9377 I VRI[MainActivity]@de4a1b5: ViewPostIme key 1
04-21 11:03:44.077  2398  4679 D InputDispatcher: Inject key (9881/2000): action=0, f=0x0, d=-1, time=996881321810292
04-21 11:03:44.077  2398  4679 D SingleKeyGesture: interceptKeyDown, info : KeyCode=KEYCODE_UNKNOWN, size=0
04-21 11:03:44.077  2398  4679 D PhoneWindowManager: interceptKeyTq interceptKeyResult=1
04-21 11:03:44.077  2398  3591 I InputDispatcher: Delivering key to (9377): action: 0x0 (0), f=0x0, m=0x0, d=0, 'cc12207'
04-21 11:03:44.078  9377  9377 I VRI[MainActivity]@de4a1b5: The input has been finished in ImeInputStage.
04-21 11:03:44.078  9377  9377 I VRI[MainActivity]@de4a1b5: ViewPostIme key 0
04-21 11:03:44.078  2398  4679 D InputDispatcher: Inject key (9881/2000): action=1, f=0x0, d=-1, time=996881321810292
04-21 11:03:44.078  2398  4679 D PhoneWindowManager: interceptKeyTq interceptKeyResult=1
04-21 11:03:44.078  9377  9377 I VRI[MainActivity]@de4a1b5: ViewPostIme key 1
04-21 11:03:44.078  2398  3591 I InputDispatcher: Delivering key to (9377): action: 0x1 (0), f=0x0, m=0x0, d=0, 'cc12207'
04-21 11:03:44.078  9377  9377 I VRI[MainActivity]@de4a1b5: The input has been finished in ImeInputStage.
04-21 11:03:44.078  2398  4679 D InputDispatcher: Inject key (9881/2000): action=0, f=0x0, d=-1, time=996881321810292
04-21 11:03:44.078  2398  4679 D SingleKeyGesture: interceptKeyDown, info : KeyCode=KEYCODE_UNKNOWN, size=0
04-21 11:03:44.078  2398  4679 D PhoneWindowManager: interceptKeyTq interceptKeyResult=1
04-21 11:03:44.078  2398  3591 I InputDispatcher: Delivering key to (9377): action: 0x0 (0), f=0x0, m=0x0, d=0, 'cc12207'
04-21 11:03:44.079  9377  9377 I VRI[MainActivity]@de4a1b5: ViewPostIme key 0
04-21 11:03:44.079  9377  9377 I VRI[MainActivity]@de4a1b5: The input has been finished in ImeInputStage.
04-21 11:03:44.079  9377  9377 I VRI[MainActivity]@de4a1b5: ViewPostIme key 1
04-21 11:03:44.079  2398  4679 D InputDispatcher: Inject key (9881/2000): action=1, f=0x0, d=-1, time=996881321810292
04-21 11:03:44.079  2398  4679 D PhoneWindowManager: interceptKeyTq interceptKeyResult=1
04-21 11:03:44.079  2398  3591 I InputDispatcher: Delivering key to (9377): action: 0x1 (0), f=0x0, m=0x0, d=0, 'cc12207'
04-21 11:03:44.079  9377  9377 I VRI[MainActivity]@de4a1b5: The input has been finished in ImeInputStage.
04-21 11:03:44.079  2398  4679 D InputDispatcher: Inject key (9881/2000): action=0, f=0x0, d=-1, time=996881321810292
04-21 11:03:44.079  2398  4679 D SingleKeyGesture: interceptKeyDown, info : KeyCode=KEYCODE_UNKNOWN, size=0
04-21 11:03:44.079  2398  4679 D PhoneWindowManager: interceptKeyTq interceptKeyResult=1
04-21 11:03:44.080  2398  3591 I InputDispatcher: Delivering key to (9377): action: 0x0 (0), f=0x0, m=0x0, d=0, 'cc12207'
04-21 11:03:44.080  9377  9377 I VRI[MainActivity]@de4a1b5: The input has been finished in ImeInputStage.
04-21 11:03:44.080  2398  4679 D InputDispatcher: Inject key (9881/2000): action=1, f=0x0, d=-1, time=996881321810292
04-21 11:03:44.080  2398  4679 D PhoneWindowManager: interceptKeyTq interceptKeyResult=1
04-21 11:03:44.080  2398  3591 I InputDispatcher: Delivering key to (9377): action: 0x1 (0), f=0x0, m=0x0, d=0, 'cc12207'
04-21 11:03:44.080  9377  9377 I VRI[MainActivity]@de4a1b5: ViewPostIme key 0
04-21 11:03:44.080  9377  9377 I VRI[MainActivity]@de4a1b5: The input has been finished in ImeInputStage.
04-21 11:03:44.080  9377  9377 I VRI[MainActivity]@de4a1b5: ViewPostIme key 1
04-21 11:03:44.080  2398  4679 D InputDispatcher: Inject key (9881/2000): action=0, f=0x0, d=-1, time=996881321810292
04-21 11:03:44.080  2398  4679 D SingleKeyGesture: interceptKeyDown, info : KeyCode=KEYCODE_UNKNOWN, size=0
04-21 11:03:44.080  2398  4679 D PhoneWindowManager: interceptKeyTq interceptKeyResult=1
04-21 11:03:44.080  2398  3591 I InputDispatcher: Delivering key to (9377): action: 0x0 (0), f=0x0, m=0x0, d=0, 'cc12207'
04-21 11:03:44.081  9377  9377 I VRI[MainActivity]@de4a1b5: The input has been finished in ImeInputStage.
04-21 11:03:44.081  9377  9377 I VRI[MainActivity]@de4a1b5: ViewPostIme key 0
04-21 11:03:44.081  2398  4679 D InputDispatcher: Inject key (9881/2000): action=1, f=0x0, d=-1, time=996881321810292
04-21 11:03:44.081  2398  4679 D PhoneWindowManager: interceptKeyTq interceptKeyResult=1
04-21 11:03:44.081  9377  9377 I VRI[MainActivity]@de4a1b5: ViewPostIme key 1
04-21 11:03:44.081  2398  3591 I InputDispatcher: Delivering key to (9377): action: 0x1 (0), f=0x0, m=0x0, d=0, 'cc12207'
04-21 11:03:44.081  9377  9377 I VRI[MainActivity]@de4a1b5: The input has been finished in ImeInputStage.
04-21 11:03:44.081  2398  4679 D InputDispatcher: Inject key (9881/2000): action=0, f=0x0, d=-1, time=996881321810292
04-21 11:03:44.081  2398  4679 D SingleKeyGesture: interceptKeyDown, info : KeyCode=KEYCODE_UNKNOWN, size=0
04-21 11:03:44.081  2398  4679 D PhoneWindowManager: interceptKeyTq interceptKeyResult=1
04-21 11:03:44.081  2398  3591 I InputDispatcher: Delivering key to (9377): action: 0x0 (0), f=0x0, m=0x0, d=0, 'cc12207'
04-21 11:03:44.082  9377  9377 I VRI[MainActivity]@de4a1b5: The input has been finished in ImeInputStage.
04-21 11:03:44.082  9377  9377 I VRI[MainActivity]@de4a1b5: ViewPostIme key 0
04-21 11:03:44.082  2398  4679 D InputDispatcher: Inject key (9881/2000): action=1, f=0x0, d=-1, time=996881321810292
04-21 11:03:44.082  2398  4679 D PhoneWindowManager: interceptKeyTq interceptKeyResult=1
04-21 11:03:44.082  2398  3591 I InputDispatcher: Delivering key to (9377): action: 0x1 (0), f=0x0, m=0x0, d=0, 'cc12207'
04-21 11:03:44.082  9377  9377 I VRI[MainActivity]@de4a1b5: ViewPostIme key 1
04-21 11:03:44.082  9377  9377 I VRI[MainActivity]@de4a1b5: The input has been finished in ImeInputStage.
04-21 11:03:44.082  2398  4679 D InputDispatcher: Inject key (9881/2000): action=0, f=0x0, d=-1, time=996881321810292
04-21 11:03:44.082  2398  4679 D SingleKeyGesture: interceptKeyDown, info : KeyCode=KEYCODE_UNKNOWN, size=0
04-21 11:03:44.082  2398  4679 D PhoneWindowManager: interceptKeyTq interceptKeyResult=1
04-21 11:03:44.082  2398  3591 I InputDispatcher: Delivering key to (9377): action: 0x0 (0), f=0x0, m=0x0, d=0, 'cc12207'
04-21 11:03:44.082  9377  9377 I VRI[MainActivity]@de4a1b5: The input has been finished in ImeInputStage.
04-21 11:03:44.082  9377  9377 I VRI[MainActivity]@de4a1b5: ViewPostIme key 0
04-21 11:03:44.082  2398  4679 D InputDispatcher: Inject key (9881/2000): action=1, f=0x0, d=-1, time=996881321810292
04-21 11:03:44.082  2398  4679 D PhoneWindowManager: interceptKeyTq interceptKeyResult=1
04-21 11:03:44.083  9377  9377 I VRI[MainActivity]@de4a1b5: ViewPostIme key 1
04-21 11:03:44.083  2398  3591 I InputDispatcher: Delivering key to (9377): action: 0x1 (0), f=0x0, m=0x0, d=0, 'cc12207'
04-21 11:03:44.083  9377  9377 I VRI[MainActivity]@de4a1b5: The input has been finished in ImeInputStage.
04-21 11:03:44.083  2398  4679 D InputDispatcher: Inject key (9881/2000): action=0, f=0x0, d=-1, time=996881321810292
04-21 11:03:44.083  2398  4679 D SingleKeyGesture: interceptKeyDown, info : KeyCode=KEYCODE_UNKNOWN, size=0
04-21 11:03:44.083  2398  4679 D PhoneWindowManager: interceptKeyTq interceptKeyResult=1
04-21 11:03:44.083  2398  3591 I InputDispatcher: Delivering key to (9377): action: 0x0 (0), f=0x0, m=0x0, d=0, 'cc12207'
04-21 11:03:44.083  9377  9377 I VRI[MainActivity]@de4a1b5: The input has been finished in ImeInputStage.
04-21 11:03:44.083  9377  9377 I VRI[MainActivity]@de4a1b5: ViewPostIme key 0
04-21 11:03:44.083  2398  4679 D InputDispatcher: Inject key (9881/2000): action=1, f=0x0, d=-1, time=996881321810292
04-21 11:03:44.083  2398  4679 D PhoneWindowManager: interceptKeyTq interceptKeyResult=1
04-21 11:03:44.083  2398  3591 I InputDispatcher: Delivering key to (9377): action: 0x1 (0), f=0x0, m=0x0, d=0, 'cc12207'
04-21 11:03:44.083  9377  9377 I VRI[MainActivity]@de4a1b5: ViewPostIme key 1
04-21 11:03:44.083  9377  9377 I VRI[MainActivity]@de4a1b5: The input has been finished in ImeInputStage.
04-21 11:03:44.084  2398  4679 D InputDispatcher: Inject key (9881/2000): action=0, f=0x0, d=-1, time=996881321810292
04-21 11:03:44.084  2398  4679 D SingleKeyGesture: interceptKeyDown, info : KeyCode=KEYCODE_UNKNOWN, size=0
04-21 11:03:44.084  2398  4679 D PhoneWindowManager: interceptKeyTq interceptKeyResult=1
04-21 11:03:44.084  2398  3591 I InputDispatcher: Delivering key to (9377): action: 0x0 (0), f=0x0, m=0x0, d=0, 'cc12207'
04-21 11:03:44.084  9377  9377 I VRI[MainActivity]@de4a1b5: The input has been finished in ImeInputStage.
04-21 11:03:44.084  2398  4679 D InputDispatcher: Inject key (9881/2000): action=1, f=0x0, d=-1, time=996881321810292
04-21 11:03:44.084  9377  9377 I VRI[MainActivity]@de4a1b5: ViewPostIme key 0
04-21 11:03:44.084  2398  4679 D PhoneWindowManager: interceptKeyTq interceptKeyResult=1
04-21 11:03:44.084  2398  3591 I InputDispatcher: Delivering key to (9377): action: 0x1 (0), f=0x0, m=0x0, d=0, 'cc12207'
04-21 11:03:44.084  9377  9377 I VRI[MainActivity]@de4a1b5: ViewPostIme key 1
04-21 11:03:44.084  9377  9377 I VRI[MainActivity]@de4a1b5: The input has been finished in ImeInputStage.
04-21 11:03:44.084  2398  4679 D InputDispatcher: Inject key (9881/2000): action=0, f=0x0, d=-1, time=996881321810292
04-21 11:03:44.084  2398  4679 D SingleKeyGesture: interceptKeyDown, info : KeyCode=KEYCODE_UNKNOWN, size=0
04-21 11:03:44.084  2398  4679 D PhoneWindowManager: interceptKeyTq interceptKeyResult=1
04-21 11:03:44.084  2398  3591 I InputDispatcher: Delivering key to (9377): action: 0x0 (0), f=0x0, m=0x0, d=0, 'cc12207'
04-21 11:03:44.085  9377  9377 I VRI[MainActivity]@de4a1b5: The input has been finished in ImeInputStage.
04-21 11:03:44.085  9377  9377 I VRI[MainActivity]@de4a1b5: ViewPostIme key 0
04-21 11:03:44.085  2398  4679 D InputDispatcher: Inject key (9881/2000): action=1, f=0x0, d=-1, time=996881321810292
04-21 11:03:44.085  2398  4679 D PhoneWindowManager: interceptKeyTq interceptKeyResult=1
04-21 11:03:44.085  9377  9377 I VRI[MainActivity]@de4a1b5: ViewPostIme key 1
04-21 11:03:44.085  2398  3591 I InputDispatcher: Delivering key to (9377): action: 0x1 (0), f=0x0, m=0x0, d=0, 'cc12207'
04-21 11:03:44.085  9377  9377 I VRI[MainActivity]@de4a1b5: The input has been finished in ImeInputStage.
04-21 11:03:44.085  2398  4679 D InputDispatcher: Inject key (9881/2000): action=0, f=0x0, d=-1, time=996881321810292
04-21 11:03:44.085  2398  4679 D SingleKeyGesture: interceptKeyDown, info : KeyCode=KEYCODE_UNKNOWN, size=0
04-21 11:03:44.085  2398  4679 D PhoneWindowManager: interceptKeyTq interceptKeyResult=1
04-21 11:03:44.085  2398  3591 I InputDispatcher: Delivering key to (9377): action: 0x0 (0), f=0x0, m=0x0, d=0, 'cc12207'
04-21 11:03:44.085  9377  9377 I VRI[MainActivity]@de4a1b5: The input has been finished in ImeInputStage.
04-21 11:03:44.085  2398  4679 D InputDispatcher: Inject key (9881/2000): action=1, f=0x0, d=-1, time=996881321810292
04-21 11:03:44.085  9377  9377 I VRI[MainActivity]@de4a1b5: ViewPostIme key 0
04-21 11:03:44.085  2398  4679 D PhoneWindowManager: interceptKeyTq interceptKeyResult=1
04-21 11:03:44.085  2398  3591 I InputDispatcher: Delivering key to (9377): action: 0x1 (0), f=0x0, m=0x0, d=0, 'cc12207'
04-21 11:03:44.086  9377  9377 I VRI[MainActivity]@de4a1b5: ViewPostIme key 1
04-21 11:03:44.086  9377  9377 I VRI[MainActivity]@de4a1b5: The input has been finished in ImeInputStage.
04-21 11:03:44.086  2398  4679 D InputDispatcher: Inject key (9881/2000): action=0, f=0x0, d=-1, time=996881321810292
04-21 11:03:44.086  2398  4679 D SingleKeyGesture: interceptKeyDown, info : KeyCode=KEYCODE_UNKNOWN, size=0
04-21 11:03:44.086  2398  4679 D PhoneWindowManager: interceptKeyTq interceptKeyResult=1
04-21 11:03:44.086  2398  3591 I InputDispatcher: Delivering key to (9377): action: 0x0 (0), f=0x0, m=0x0, d=0, 'cc12207'
04-21 11:03:44.086  9377  9377 I VRI[MainActivity]@de4a1b5: The input has been finished in ImeInputStage.
04-21 11:03:44.086  9377  9377 I VRI[MainActivity]@de4a1b5: ViewPostIme key 0
04-21 11:03:44.086  2398  4679 D InputDispatcher: Inject key (9881/2000): action=1, f=0x0, d=-1, time=996881321810292
04-21 11:03:44.086  2398  4679 D PhoneWindowManager: interceptKeyTq interceptKeyResult=1
04-21 11:03:44.086  9377  9377 I VRI[MainActivity]@de4a1b5: ViewPostIme key 1
04-21 11:03:44.086  2398  3591 I InputDispatcher: Delivering key to (9377): action: 0x1 (0), f=0x0, m=0x0, d=0, 'cc12207'
04-21 11:03:44.086  9377  9377 I VRI[MainActivity]@de4a1b5: The input has been finished in ImeInputStage.
04-21 11:03:44.086  2398  4679 D InputDispatcher: Inject key (9881/2000): action=0, f=0x0, d=-1, time=996881321810292
04-21 11:03:44.087  2398  4679 D SingleKeyGesture: interceptKeyDown, info : KeyCode=KEYCODE_UNKNOWN, size=0
04-21 11:03:44.087  2398  4679 D PhoneWindowManager: interceptKeyTq interceptKeyResult=1
04-21 11:03:44.087  2398  3591 I InputDispatcher: Delivering key to (9377): action: 0x0 (0), f=0x0, m=0x41, d=0, 'cc12207'
04-21 11:03:44.087  9377  9377 I VRI[MainActivity]@de4a1b5: ViewPostIme key 0
04-21 11:03:44.087  2398  4679 D InputDispatcher: Inject key (9881/2000): action=0, f=0x0, d=-1, time=996881321810292
04-21 11:03:44.087  2398  4679 D KeyCombinationManager: There is no active rule. mDownTimes clear
04-21 11:03:44.087  2398  4679 D SingleKeyGesture: interceptKeyDown, info : KeyCode=KEYCODE_UNKNOWN, size=0
04-21 11:03:44.087  2398  4679 D PhoneWindowManager: interceptKeyTq interceptKeyResult=1
04-21 11:03:44.087  2398  3591 I InputDispatcher: Delivering key to (9377): action: 0x0 (0), f=0x0, m=0x41, d=0, 'cc12207'
04-21 11:03:44.088 25971 25971 I Kumiho-Kumiho: getPackageName: com.touchtype.swiftkey
04-21 11:03:44.089 25971 25971 I Kumiho-Kumiho: getPackageName: com.touchtype.swiftkey
04-21 11:03:44.089  9377  9377 I VRI[MainActivity]@de4a1b5: The input has been finished in ImeInputStage.
04-21 11:03:44.089  9377  9377 I VRI[MainActivity]@de4a1b5: ViewPostIme key 0
04-21 11:03:44.089  2398  4679 D InputDispatcher: Inject key (9881/2000): action=1, f=0x0, d=-1, time=996881321810292
04-21 11:03:44.089  2398  4679 D PhoneWindowManager: interceptKeyTq interceptKeyResult=1
04-21 11:03:44.089  9377  9377 I VRI[MainActivity]@de4a1b5: ViewPostIme key 0
04-21 11:03:44.089  2398  3591 I InputDispatcher: Delivering key to (9377): action: 0x1 (0), f=0x0, m=0x41, d=0, 'cc12207'
04-21 11:03:44.089  9377  9377 I VRI[MainActivity]@de4a1b5: ViewPostIme key 1
04-21 11:03:44.089  9377  9377 I VRI[MainActivity]@de4a1b5: ViewPostIme key 1
04-21 11:03:44.090 25971 25971 I Kumiho-Kumiho: getPackageName: com.touchtype.swiftkey
04-21 11:03:44.090 25971 25971 I Kumiho-Kumiho: getPackageName: com.touchtype.swiftkey
04-21 11:03:44.091  9377  9377 I VRI[MainActivity]@de4a1b5: The input has been finished in ImeInputStage.
04-21 11:03:44.091  2398  4679 D InputDispatcher: Inject key (9881/2000): action=1, f=0x0, d=-1, time=996881321810292
04-21 11:03:44.091  2398  4679 D PhoneWindowManager: interceptKeyTq interceptKeyResult=1
04-21 11:03:44.091  2398  3591 I InputDispatcher: Delivering key to (9377): action: 0x1 (0), f=0x0, m=0x0, d=0, 'cc12207'
04-21 11:03:44.091 25971 25971 W y       : onHardKeyUp event aborted
04-21 11:03:44.091 25971 25971 W y       : yb0.v: Could not create reset composing text event
04-21 11:03:44.091 25971 25971 W y       : 	at yb0.y.u0(Unknown Source:17)
04-21 11:03:44.091 25971 25971 W y       : 	at c70.h0.onKeyUp(Unknown Source:150)
04-21 11:03:44.091 25971 25971 W y       : 	at com.touchtype.KeyboardService.onKeyUp(Unknown Source:11)
04-21 11:03:44.091 25971 25971 W y       : 	at android.view.KeyEvent.dispatch(KeyEvent.java:4071)
04-21 11:03:44.091 25971 25971 W y       : 	at android.inputmethodservice.AbstractInputMethodService$AbstractInputMethodSessionImpl.dispatchKeyEvent(AbstractInputMethodService.java:200)
04-21 11:03:44.091 25971 25971 W y       : 	at android.inputmethodservice.IInputMethodSessionWrapper$ImeInputEventReceiver.onInputEvent(IInputMethodSessionWrapper.java:276)
04-21 11:03:44.091 25971 25971 W y       : 	at android.view.InputEventReceiver.dispatchInputEvent(InputEventReceiver.java:392)
04-21 11:03:44.091 25971 25971 W y       : 	at android.os.MessageQueue.nativePollOnce(Native Method)
04-21 11:03:44.091 25971 25971 W y       : 	at android.os.MessageQueue.nextLegacy(MessageQueue.java:913)
04-21 11:03:44.091 25971 25971 W y       : 	at android.os.MessageQueue.next(MessageQueue.java:1025)
04-21 11:03:44.091 25971 25971 W y       : 	at android.os.Looper.loopOnce(Looper.java:221)
04-21 11:03:44.091 25971 25971 W y       : 	at android.os.Looper.loop(Looper.java:363)
04-21 11:03:44.091 25971 25971 W y       : 	at android.app.ActivityThread.main(ActivityThread.java:9939)
04-21 11:03:44.091 25971 25971 W y       : 	at java.lang.reflect.Method.invoke(Native Method)
04-21 11:03:44.091 25971 25971 W y       : 	at com.android.internal.os.RuntimeInit$MethodAndArgsCaller.run(RuntimeInit.java:632)
04-21 11:03:44.091 25971 25971 W y       : 	at com.android.internal.os.ZygoteInit.main(ZygoteInit.java:975)
04-21 11:03:44.091  9377  9377 I VRI[MainActivity]@de4a1b5: ViewPostIme key 1
04-21 11:03:44.091  2398  4679 D InputDispatcher: Inject key (9881/2000): action=0, f=0x0, d=-1, time=996881321810292
04-21 11:03:44.092  2398  4679 D SingleKeyGesture: interceptKeyDown, info : KeyCode=KEYCODE_UNKNOWN, size=0
04-21 11:03:44.092  2398  4679 D PhoneWindowManager: interceptKeyTq interceptKeyResult=1
04-21 11:03:44.092  2398  3591 I InputDispatcher: Delivering key to (9377): action: 0x0 (0), f=0x0, m=0x0, d=0, 'cc12207'
04-21 11:03:44.092  9377  9377 I VRI[MainActivity]@de4a1b5: The input has been finished in ImeInputStage.
04-21 11:03:44.092  9377  9377 I VRI[MainActivity]@de4a1b5: ViewPostIme key 0
04-21 11:03:44.092  2398  4679 D InputDispatcher: Inject key (9881/2000): action=1, f=0x0, d=-1, time=996881321810292
04-21 11:03:44.092  2398  4679 D PhoneWindowManager: interceptKeyTq interceptKeyResult=1
04-21 11:03:44.092  2398  3591 I InputDispatcher: Delivering key to (9377): action: 0x1 (0), f=0x0, m=0x0, d=0, 'cc12207'
04-21 11:03:44.092  9377  9377 I VRI[MainActivity]@de4a1b5: ViewPostIme key 1
04-21 11:03:44.092  9377  9377 I VRI[MainActivity]@de4a1b5: The input has been finished in ImeInputStage.
04-21 11:03:44.092  2398  4679 D InputDispatcher: Inject key (9881/2000): action=0, f=0x0, d=-1, time=996881321810292
04-21 11:03:44.092  2398  4679 D SingleKeyGesture: interceptKeyDown, info : KeyCode=KEYCODE_UNKNOWN, size=0
04-21 11:03:44.092  2398  4679 D PhoneWindowManager: interceptKeyTq interceptKeyResult=1
04-21 11:03:44.092  2398  3591 I InputDispatcher: Delivering key to (9377): action: 0x0 (0), f=0x0, m=0x0, d=0, 'cc12207'
04-21 11:03:44.093  9377  9377 I VRI[MainActivity]@de4a1b5: The input has been finished in ImeInputStage.
04-21 11:03:44.093  9377  9377 I VRI[MainActivity]@de4a1b5: ViewPostIme key 0
