04-21 11:03:31.035  1793  1930 I HYPER-HAL: [RequestManager.cpp]acquire(): Acquired ID : 655670781  [1796 / 34415]    HINT :      list : [TID_LOW_LATENCY / 0] [TID / 32342] [TID / 32343] [TID / 9316] [TID / 32344] 
04-21 11:03:31.035  1931  1931 I SurfaceFlinger: [LayerHierarchy{RequestedLayerState{com.sec.android.app.launcher/com.sec.android.app.launcher.activities.LauncherActivity$_4658#94257} no children}] reparent to OffscreenRoot
04-21 11:03:31.035  1931  1931 I SurfaceFlinger: [LayerHierarchy{RequestedLayerState{com.sec.android.app.launcher/com.sec.android.app.launcher.activities.LauncherActivity$_4658#94257} no children}] RelativeParent to null
04-21 11:03:31.035  1931  1931 I SurfaceFlinger: [LayerHierarchy{RequestedLayerState{com.sec.android.app.launcher/com.sec.android.app.launcher.activities.LauncherActivity$_9316#94256} no children}] reparent to OffscreenRoot
04-21 11:03:31.035  1931  1931 I SurfaceFlinger: [LayerHierarchy{RequestedLayerState{com.sec.android.app.launcher/com.sec.android.app.launcher.activities.LauncherActivity$_9316#94256} no children}] RelativeParent to null
04-21 11:03:31.035  1931  1931 I SurfaceFlinger: [LayerHierarchy{RequestedLayerState{5d6e1de Splash Screen com.hermescourier.android#94278 z=2147483647} 1 children}] reparent to OffscreenRoot
04-21 11:03:31.035  1931  1931 I SurfaceFlinger: [LayerHierarchy{RequestedLayerState{5d6e1de Splash Screen com.hermescourier.android#94278 z=2147483647} 1 children}] RelativeParent to null
04-21 11:03:31.035  1931  1931 I SurfaceFlinger: [LayerHierarchy{RequestedLayerState{Splash Screen com.hermescourier.android$_4013#94279} no children}] reparent to OffscreenRoot
04-21 11:03:31.035  1931  1931 I SurfaceFlinger: [LayerHierarchy{RequestedLayerState{Splash Screen com.hermescourier.android$_4013#94279} no children}] RelativeParent to null
04-21 11:03:31.035  1931  1931 I SurfaceFlinger: [LayerHierarchy{RequestedLayerState{cc12207 com.hermescourier.android/com.hermescourier.android.MainActivity#94286 parentId=94277} 1 children}] reparent to LayerHierarchy{RequestedLayerState{ActivityRecord{82691203 u0 com.hermescourier.android/.MainActivity t8484}#94277 parentId=94276} 3 children}
04-21 11:03:31.035  1931  1931 I SurfaceFlinger: [LayerHierarchy{RequestedLayerState{Surface(name=cc12207 com.hermescourier.android/com.hermescourier.android.MainActivity)/@0x21ab9da - animation-leash of starting_reveal#94291} no children}] reparent to OffscreenRoot
04-21 11:03:31.035  1931  1931 I SurfaceFlinger: [LayerHierarchy{RequestedLayerState{Surface(name=cc12207 com.hermescourier.android/com.hermescourier.android.MainActivity)/@0x21ab9da - animation-leash of starting_reveal#94291} no children}] RelativeParent to null
04-21 11:03:31.035  1793  1930 I HYPER-HAL: [RequestManager.cpp]releaseLocked(): Released ID : 655670781
04-21 11:03:31.035  1793  1930 I HYPER-HAL: [RequestManager.cpp]acquire(): Acquired ID : 655706994  [1796 / 34416]    HINT :      list : [UCLAMP_MIN_BOOST / 0] [TIMEOUT / 50] [TID / 32342] [TID / 32343] [TID / 9316] [TID / 32344] 
04-21 11:03:31.035  2398  2891 D SGM:GameManager: identifyForegroundApp. com.hermescourier.android, mCurrentUserId: 0, callerUserId: 0
04-21 11:03:31.035  2398  2891 D SGM:SemGameManager: isForegroundGame(), ret=false
04-21 11:03:31.035  1931  1931 I SurfaceFlinger: id=94257 Removed com.sec.android.app.launcher/com.sec.android.app.launcher.activities.LauncherActivity$_4658#94257 (234)
04-21 11:03:31.035  1931  1931 I SurfaceFlinger: id=94256 Removed com.sec.android.app.launcher/com.sec.android.app.launcher.activities.LauncherActivity$_9316#94256 (234)
04-21 11:03:31.035  1931  1931 I SurfaceFlinger: id=94279 Removed Splash Screen com.hermescourier.android$_4013#94279 (234)
04-21 11:03:31.035  1931  1931 I SurfaceFlinger: id=94278 Removed 5d6e1de Splash Screen com.hermescourier.android#94278 (234)
04-21 11:03:31.036  2398  2891 D SGM:GameManager: identifyForegroundApp. com.hermescourier.android, mCurrentUserId: 0, callerUserId: 0
04-21 11:03:31.036  2398  2891 D SGM:SemGameManager: isForegroundGame(), ret=false
04-21 11:03:31.036  2398  2900 I DisplayDeviceRepository: Display device changed render timings: "Built-in Screen", renderFrameRate=120.00001, presentationDeadlineNanos=9333333, appVsyncOffsetNanos=8333333, frameRateOverrides=[]
04-21 11:03:31.037  1931  1931 D SurfaceFlinger: Display 4630946872173396372 HWC layers:
04-21 11:03:31.037  1931  1931 D SurfaceFlinger:        DEVICE |           40273908334595 | 00002102 | RGBA_8888    |    0.0    0.0 1080.0 2520.0 |    0    0 1080 2520 | com.hermescourier.android/com.hermescourier.android.MainActivity$_9377#94287 (1)
04-21 11:03:31.037  1931  1931 D SurfaceFlinger:        DEVICE |           17235704259550 | 00002100 | RGBA_8888    |    0.0    0.0 1080.0  110.0 |    0    0 1080  110 | StatusBar$_4013#130 (524834)
04-21 11:03:31.037  1931  1931 D SurfaceFlinger:        DEVICE |           17235704259552 | 00002100 | RGBA_8888    |    0.0    0.0 1080.0  126.0 |    0 2394 1080 2520 | NavigationBar0$_4013#126 (96100)
04-21 11:03:31.037  1931  1931 D SurfaceFlinger: 
04-21 11:03:31.037  2398  5163 D FreecessController: BG freezed, skip OLAF unfreeze for (com.samsung.android.app.reminder, 10328)
04-21 11:03:31.038  4013  4013 D DisplayLifecycle: updateDisplay id = 0
04-21 11:03:31.038  2398  2891 D PkgPredictorService-SecIpmManagerServiceImpl: bg information pid:4658 uid:10153 pkgName:com.sec.android.app.launcher
04-21 11:03:31.038  2398  2398 I WALLPAPER_SVC:SemWallpaperManagerService: isHomeActivityVisible : false 
04-21 11:03:31.038  2398  2398 D WALLPAPER_SVC:WallpaperData: getWallpaperFile: file = /data/system/users/0/wallpaper_sub_display_orig 
04-21 11:03:31.038  2398  2398 D WALLPAPER_SVC:WallpaperData: getWallpaperFile: file = /data/system/users/0/wallpaper_sub_display_orig 
04-21 11:03:31.038  4013  4173 D StackScroller: onDisplayChanged for predraw skip to 2
04-21 11:03:31.039  2398  2398 D WALLPAPER_SVC:WallpaperManagerService: dispatchHomeVisibilityChanged: visible = false, connection = com.android.server.wallpaper.WallpaperManagerService$WallpaperConnection@b557490, systemWallpaper = WallpaperData@4b8db60, id: 120, which: 17, file mod: 0, info: null, engine(s): Proxy@b0ac217, type = 0, userId = 0, uri= android.resource://com.samsung.android.wallpaper.res/drawable/sub_wallpaper_003.png, allowBackup= false, wallpaperComponent = ComponentInfo{com.android.systemui/com.android.systemui.wallpapers.ImageWallpaper}, nextWallpaperComponent = ComponentInfo{com.android.systemui/com.android.systemui.wallpapers.ImageWallpaper} 
04-21 11:03:31.039  2398  3243 D WifiDisplayAdapter: isFitToActiveDisplayLocked : false
04-21 11:03:31.039  2398  5163 D FreecessController: BG freezed, skip OLAF unfreeze for (com.apkvision.apps, 10337)
04-21 11:03:31.039  1844  1844 I SSC_DAEMON: handleSensorTestReqMsg:88, Sensor type :6, Msg type:5
04-21 11:03:31.040 14755 14764 I SAMSUNGWALLET: [Hint_ProcessStatusChange] fg Change, pid : 9377 , isNotify : true , isForeground : true , fg list : []
04-21 11:03:31.040  2398  2901 D SurfaceComposerClient: setCornerRadius ## cc12207 com.hermescourier.android/com.hermescourier.android.MainActivity#94286 cornerRadius=0.000000
04-21 11:03:31.040 14755 14764 I SAMSUNGWALLET: [Hint_ProcessStatusChange] fg Change, pid : 4658 , isNotify : true , isForeground : false , fg list : []
04-21 11:03:31.040  2398  2901 D SurfaceComposerClient: setCornerRadius ## cc12207 com.hermescourier.android/com.hermescourier.android.MainActivity#94286 cornerRadius=0.000000
04-21 11:03:31.043  1931  1931 I SurfaceFlinger: destroyed com.sec.android.app.launcher/com.sec.android.app.launcher.activities.LauncherActivity$_4658#94257 form LifecycleManager
04-21 11:03:31.043  1931  1931 I SurfaceFlinger: destroyed com.sec.android.app.launcher/com.sec.android.app.launcher.activities.LauncherActivity$_9316#94256 form LifecycleManager
04-21 11:03:31.043  1931  1931 I SurfaceFlinger: destroyed 5d6e1de Splash Screen com.hermescourier.android#94278 form LifecycleManager
04-21 11:03:31.043  1931  1931 I SurfaceFlinger: destroyed Splash Screen com.hermescourier.android$_4013#94279 form LifecycleManager
04-21 11:03:31.043  1931  1931 I SurfaceFlinger: id=94257 onLayerDestroyed from LayerHierarchyBuilder(RequestedLayerState{com.sec.android.app.launcher/com.sec.android.app.launcher.activities.LauncherActivity$_4658#94257 !handle})
04-21 11:03:31.043  1931  1931 I SurfaceFlinger: id=94256 onLayerDestroyed from LayerHierarchyBuilder(RequestedLayerState{com.sec.android.app.launcher/com.sec.android.app.launcher.activities.LauncherActivity$_9316#94256 !handle})
04-21 11:03:31.043  1931  1931 I SurfaceFlinger: id=94278 onLayerDestroyed from LayerHierarchyBuilder(RequestedLayerState{5d6e1de Splash Screen com.hermescourier.android#94278 !handle z=2147483647})
04-21 11:03:31.043  1931  1931 I SurfaceFlinger: id=94279 onLayerDestroyed from LayerHierarchyBuilder(RequestedLayerState{Splash Screen com.hermescourier.android$_4013#94279 !handle})
04-21 11:03:31.043  1931  1931 I Layer   : id=94257 Destroyed com.sec.android.app.launcher/com.sec.android.app.launcher.activities.LauncherActivity$_4658#94257
04-21 11:03:31.044 14755 14762 I SAMSUNGWALLET: [Hint_ProcessStatusChange] fg Change, pid : 9377 , isNotify : false , isForeground : true , fg list : []
04-21 11:03:31.044 14755 14762 I SAMSUNGWALLET: [Hint_ProcessStatusChange] fg Change, pid : 4658 , isNotify : false , isForeground : false , fg list : []
04-21 11:03:31.044  1931  1931 I Layer   : id=94256 Destroyed com.sec.android.app.launcher/com.sec.android.app.launcher.activities.LauncherActivity$_9316#94256
04-21 11:03:31.044  1931  1931 I Layer   : id=94278 Destroyed 5d6e1de Splash Screen com.hermescourier.android#94278
04-21 11:03:31.044  1931  1931 I Layer   : id=94279 Destroyed Splash Screen com.hermescourier.android$_4013#94279
04-21 11:03:31.047 14755 14755 I SAMSUNGWALLET: [Hint_PayHintService] Hint Status - already invisible, skip hide : Disable on home
04-21 11:03:31.047 14755 14755 I SAMSUNGWALLET: [Hint_PayHintService] Hint Status - already invisible, skip hide : Disable on home
04-21 11:03:31.049  2398  5163 D FreecessController: BG freezed, skip OLAF unfreeze for (com.samsung.android.multistar, 10366)
04-21 11:03:31.049  2398  5163 D FreecessController: BG freezed, skip OLAF unfreeze for (dev.imranr.obtainium, 10373)
04-21 11:03:31.050  2398  5163 D FreecessController: BG freezed, skip OLAF unfreeze for (com.whatsapp, 10444)
04-21 11:03:31.050  2398  5163 D FreecessController: BG freezed, skip OLAF unfreeze for (com.lonelycatgames.Xplore, 10498)
04-21 11:03:31.050 31288 31299 I [-0400]oneconnect[1.8.45.24_01][BEACON_MANAGER_CONTROL_SERVICE]: TvOcfParser.onReceive - TV Popup Onboarding is skipped - ($)
04-21 11:03:31.051  2398  5163 D FreecessController: restrictJobsByOlaf: restrict=false, uid=-1
04-21 11:03:31.052  2398  5163 I NSLocationMonitor: getGPSUsingApps() called
04-21 11:03:31.052 29903 29903 I Finsky  : [2] SCH: job service start with id 9228.
04-21 11:03:31.052  5141 28526 I NSLocationManager_FLP: getGPSUsingApps, No change
04-21 11:03:31.052  2398  2398 D OlafRestriction:  olaf state update: state=false
04-21 11:03:31.052  2398  2398 D OlafRestriction:  trigger onRestrictionStateChanged.
04-21 11:03:31.052  2398  5163 W Binder  : Outgoing transactions from this process must be FLAG_ONEWAY
04-21 11:03:31.052  2398  5163 W Binder  : java.lang.Throwable
04-21 11:03:31.052  2398  5163 W Binder  : 	at android.os.BinderProxy.transact(BinderProxy.java:566)
04-21 11:03:31.052  2398  5163 W Binder  : 	at android.bluetooth.IBluetoothGatt$Stub$Proxy.getAdvertisingSetUids(IBluetoothGatt.java:1678)
04-21 11:03:31.052  2398  5163 W Binder  : 	at android.bluetooth.BluetoothAdapter.getAdvertisingSetUids(BluetoothAdapter.java:8471)
04-21 11:03:31.052  2398  5163 W Binder  : 	at android.bluetooth.BluetoothAdapter.getHWUsingApps(BluetoothAdapter.java:1342)
04-21 11:03:31.052  2398  5163 W Binder  : 	at com.android.server.am.mars.filter.filter.BlueToothConnectedFilter.updateBTUsingPackages(qb/105188684 2c3b4686d9b51fe9c8edcea2c898b99b268f9e1f3e94519e4e7410520e43cdea:22)
04-21 11:03:31.052  2398  5163 W Binder  : 	at com.android.server.am.FreecessController.freeze(qb/105188684 2c3b4686d9b51fe9c8edcea2c898b99b268f9e1f3e94519e4e7410520e43cdea:117)
04-21 11:03:31.052  2398  5163 W Binder  : 	at com.android.server.am.FreecessHandler$MainHandler.handleLcdOnFreeze(qb/105188684 2c3b4686d9b51fe9c8edcea2c898b99b268f9e1f3e94519e4e7410520e43cdea:55)
04-21 11:03:31.052  2398  5163 W Binder  : 	at com.android.server.am.FreecessHandler$MainHandler.handleMessage(qb/105188684 2c3b4686d9b51fe9c8edcea2c898b99b268f9e1f3e94519e4e7410520e43cdea:793)
04-21 11:03:31.052  2398  5163 W Binder  : 	at android.os.Handler.dispatchMessage(Handler.java:110)
04-21 11:03:31.052  2398  5163 W Binder  : 	at android.os.Looper.loopOnce(Looper.java:273)
04-21 11:03:31.052  2398  5163 W Binder  : 	at android.os.Looper.loop(Looper.java:363)
04-21 11:03:31.052  2398  5163 W Binder  : 	at android.os.HandlerThread.run(HandlerThread.java:85)
04-21 11:03:31.054  2398  5163 D FreecessHandler: freeze com.google.android.apps.photos(10274) result : 51
04-21 11:03:31.054  2398  5163 D FreecessHandler: stop trying to freeze com.google.android.apps.photos
04-21 11:03:31.054  2398  5163 I NSLocationMonitor: getGPSUsingApps() called
04-21 11:03:31.054  5141 28526 I NSLocationManager_FLP: getGPSUsingApps, No change
04-21 11:03:31.055 29903  8577 I Finsky  : [498] SCH: Satisfied jobs for 9228 are: 12-1
04-21 11:03:31.055 29903  8849 I Finsky  : [504] SCH: Job 12-1 starting
04-21 11:03:31.055 29903 29903 I Finsky  : [2] WM::SCH: Logging work start for 12-1
04-21 11:03:31.055 29903 29903 I Finsky  : [2] [ContentSync] job started
04-21 11:03:31.056  2398  5163 D FreecessHandler: freeze com.google.android.gm(10285) result : 51
04-21 11:03:31.056  2398  5163 D FreecessHandler: stop trying to freeze com.google.android.gm
04-21 11:03:31.056  2398  5163 I NSLocationMonitor: getGPSUsingApps() called
04-21 11:03:31.056  5141 28526 I NSLocationManager_FLP: getGPSUsingApps, No change
04-21 11:03:31.057  2398  5163 D FreecessHandler: freeze com.facebook.orca(10376) result : 51
04-21 11:03:31.057  2398  5163 D FreecessHandler: stop trying to freeze com.facebook.orca
04-21 11:03:31.057  2398  5163 I NSLocationMonitor: getGPSUsingApps() called
04-21 11:03:31.058  5141 28526 I NSLocationManager_FLP: getGPSUsingApps, No change
04-21 11:03:31.059  2398  5163 D FreecessHandler: freeze com.google.android.apps.walletnfcrel(10398) result : 51
04-21 11:03:31.059  2398  5163 D FreecessHandler: stop trying to freeze com.google.android.apps.walletnfcrel
04-21 11:03:31.059  2398  5163 I NSLocationMonitor: getGPSUsingApps() called
04-21 11:03:31.059  5141 28526 I NSLocationManager_FLP: getGPSUsingApps, No change
04-21 11:03:31.061  2398  5163 D FreecessController: FZ : com.samsung.android.app.galaxyregistry(10409) [30507] reason: Bg [cached:O
04-21 11:03:31.061  2398  5163 D FreecessHandler: freeze com.samsung.android.app.galaxyregistry(10409) result : 0
04-21 11:03:31.061  2398  5163 I NSLocationMonitor: getGPSUsingApps() called
04-21 11:03:31.061  5141 28526 I NSLocationManager_FLP: getGPSUsingApps, No change
04-21 11:03:31.062  2398  5163 D FreecessHandler: freeze org.telegram.messenger(10996) result : 51
04-21 11:03:31.062  2398  5163 D FreecessHandler: stop trying to freeze org.telegram.messenger
04-21 11:03:31.062  2398  5163 W LocationManagerService: onFreezeStateChanged, uid[10409]=true
04-21 11:03:31.063  2398  5163 I PowerManagerService: [PWL] SetWakeLockEnableDisable uid = 10409 , disable= true
04-21 11:03:31.063  2398  5163 I PowerManagerService: [PWL] can not change uid =  10409
04-21 11:03:31.068 29903 29906 W android.vending: Missing inline cache for java.lang.Object odj.apply(java.lang.Object)
04-21 11:03:31.069 29903 29906 W android.vending: Missing inline cache for java.lang.Object odj.apply(java.lang.Object)
04-21 11:03:31.069 29903 29906 W android.vending: Missing inline cache for java.lang.Object odj.apply(java.lang.Object)
04-21 11:03:31.069 29903 29906 W android.vending: Missing inline cache for java.lang.Object odj.apply(java.lang.Object)
04-21 11:03:31.069 29903 29906 W android.vending: Missing inline cache for java.lang.Object odj.apply(java.lang.Object)
04-21 11:03:31.069 29903 29906 W android.vending: Missing inline cache for java.lang.Object odj.apply(java.lang.Object)
04-21 11:03:31.069 29903 29906 W android.vending: Missing inline cache for java.lang.Object odj.apply(java.lang.Object)
04-21 11:03:31.069 29903 29906 W android.vending: Missing inline cache for java.lang.Object odj.apply(java.lang.Object)
04-21 11:03:31.069 29903 29906 W android.vending: Missing inline cache for java.lang.Object odj.apply(java.lang.Object)
04-21 11:03:31.069 29903 29906 W android.vending: Missing inline cache for java.lang.Object odj.apply(java.lang.Object)
04-21 11:03:31.071  1844  1844 I SSC_DAEMON: handleSensorTestReqMsg:88, Sensor type :6, Msg type:5
04-21 11:03:31.080  9538  9538 W dumpsys : Thread Pool max thread count is 0. Cannot cache binder as linkToDeath cannot be implemented. serviceName: deviceidle
04-21 11:03:31.085  1793  9531 I HYPER-HAL: [RequestManager.cpp]releaseLocked(): Released ID : 655706994
04-21 11:03:31.089  2398  3028 D PowerManagerService: displayReady: false groupId=0
04-21 11:03:31.089  2398  3028 D DisplayPowerController[0]: animateScreenStateChange: target=ON, mIsEnabled=true
04-21 11:03:31.089  2398  3028 D DisplayPowerController[1]: animateScreenStateChange: target=OFF, mIsEnabled=false
04-21 11:03:31.089  2398  3028 D PowerManagerService: displayReady: true groupId=0
04-21 11:03:31.092  9316  9325 W chbox:googleapp: Reducing the number of considered missed Gc histogram windows from 110 to 100
04-21 11:03:31.094  1931  2440 I SurfaceFlinger: Capture layer list: 	 com.hermescourier.android/com.hermescourier.android.MainActivity$_9377#94287(seamlessTransition:0)
04-21 11:03:31.097  9545  9545 W dumpsys : Thread Pool max thread count is 0. Cannot cache binder as linkToDeath cannot be implemented. serviceName: battery
04-21 11:03:31.097  2398  2494 D [SS][BattInfo]BattInfoManager: [getIcAuthenticationResults]IcAuthenticationResults:[false]
04-21 11:03:31.097  2398  2494 D [SS]BattUtils: [readNode]path:/efs/FactoryApp/batt_beginning_date ,value:20250815
04-21 11:03:31.097  2398  2494 D [SS]BattUtils: [readNode]path:/efs/FactoryApp/asoc ,value:96
04-21 11:03:31.098  2398  2494 D [SS]BattUtils: [isExist]path:/efs/FactoryApp/batt_hist ,result:false
04-21 11:03:31.098  2398  2494 D [SS]BattUtils: [readNode]path:/efs/FactoryApp/batt_discharge_level ,value:19678
04-21 11:03:31.098  2398  2494 D [SS]BattUtils: [readNode]path:/efs/FactoryApp/batt_full_status_usage ,value:0
04-21 11:03:31.098  2398  2494 D [SS]BattUtils: [readNode]path:/efs/FactoryApp/bsoh ,value:100
04-21 11:03:31.111  9377  9403 I HWUI    : Davey! duration=894ms; Flags=0, FrameTimelineVsyncId=398538217, IntendedVsync=996867554433141, Vsync=996868300474101, InputEventId=0, HandleInputStart=996868301167015, AnimationStart=996868301167588, PerformTraversalsStart=996868444538734, DrawStart=996868444909828, FrameDeadline=996868308750671, FrameStartTime=996868301056859, FrameInterval=8289344, WorkloadTarget=8333333, SyncQueued=996868445958890, SyncStart=996868446078578, IssueDrawCommandsStart=996868446171859, SwapBuffers=996868447791859, FrameCompleted=996868448664463, DequeueBufferDuration=12291, QueueBufferDuration=247812, GpuCompleted=996868448664463, SwapBuffersCompleted=996868448077953, DisplayPresentTime=2314885530818453536, CommandSubmissionCompleted=996868447791859, 
04-21 11:03:31.113  9547  9547 W dumpsys : Thread Pool max thread count is 0. Cannot cache binder as linkToDeath cannot be implemented. serviceName: deviceidle
04-21 11:03:31.116  1058  1058 W keymint_tee: [WRN]begin req PARAMS: A32, BM32, PD1, 
04-21 11:03:31.117  1058  1058 D keymint_swd: keymint_swd keymint [WRN] (km_add_tag:528) skip: non repetable tag already exists with different value: 268435458
04-21 11:03:31.117  1058  1058 D keymint_swd: keymint_swd keymint [WRN] (swd_run_cb:263) swd_begin() returns 0
04-21 11:03:31.117  1058  1058 D android.hardware.security.keymint-service: begin: ret 0
04-21 11:03:31.117  1041 16145 I keystore2: system/security/keystore2/src/security_level.rs:466 - In create_operation. Success to create IKeystoreOperation. 11016, None
04-21 11:03:31.118  1058  1058 D keymint_swd: keymint_swd keymint [WRN] (swd_run_cb:263) swd_update() returns 0
04-21 11:03:31.118  1058  1058 D android.hardware.security.keymint-service: update: ret 0
04-21 11:03:31.119  1058  1058 D keymint_swd: keymint_swd keymint [WRN] (swd_run_cb:263) swd_finish() returns 0
04-21 11:03:31.119  1058  1058 D android.hardware.security.keymint-service: finish: ret 0
04-21 11:03:31.119  1058  1058 W keymint_tee: [WRN]begin req PARAMS: A32, BM32, PD1, 
04-21 11:03:31.121  1058  1058 D keymint_swd: keymint_swd keymint [WRN] (km_add_tag:528) skip: non repetable tag already exists with different value: 268435458
04-21 11:03:31.121  1058  1058 D keymint_swd: keymint_swd keymint [WRN] (swd_run_cb:263) swd_begin() returns 0
04-21 11:03:31.121  1058  1058 D android.hardware.security.keymint-service: begin: ret 0
04-21 11:03:31.121  1041 16145 I keystore2: system/security/keystore2/src/security_level.rs:466 - In create_operation. Success to create IKeystoreOperation. 11016, None
04-21 11:03:31.121  1058  1058 D keymint_swd: keymint_swd keymint [WRN] (swd_run_cb:263) swd_update() returns 0
04-21 11:03:31.121  1058  1058 D android.hardware.security.keymint-service: update: ret 0
04-21 11:03:31.122  1058  1058 D keymint_swd: keymint_swd keymint [WRN] (swd_run_cb:263) swd_finish() returns 0
04-21 11:03:31.122  1058  1058 D android.hardware.security.keymint-service: finish: ret 0
04-21 11:03:31.123  1058  1058 W keymint_tee: [WRN]begin req PARAMS: A32, BM32, PD1, 
04-21 11:03:31.124  2398  4312 W ParceledListSlice: Element #767 is 17292 bytes.
04-21 11:03:31.124  1058  1058 D keymint_swd: keymint_swd keymint [WRN] (km_add_tag:528) skip: non repetable tag already exists with different value: 268435458
04-21 11:03:31.124  1058  1058 D keymint_swd: keymint_swd keymint [WRN] (swd_run_cb:263) swd_begin() returns 0
04-21 11:03:31.124  1058  1058 D android.hardware.security.keymint-service: begin: ret 0
04-21 11:03:31.125  1041 26834 I keystore2: system/security/keystore2/src/security_level.rs:466 - In create_operation. Success to create IKeystoreOperation. 11016, None
04-21 11:03:31.125  1058  1058 D keymint_swd: keymint_swd keymint [WRN] (swd_run_cb:263) swd_update() returns 0
04-21 11:03:31.125  1058  1058 D android.hardware.security.keymint-service: update: ret 0
04-21 11:03:31.126  1058  1058 D keymint_swd: keymint_swd keymint [WRN] (swd_run_cb:263) swd_finish() returns 0
04-21 11:03:31.126  1058  1058 D android.hardware.security.keymint-service: finish: ret 0
04-21 11:03:31.127  1058  1058 W keymint_tee: [WRN]begin req PARAMS: A32, BM32, PD1, 
04-21 11:03:31.128  1058  1058 D keymint_swd: keymint_swd keymint [WRN] (km_add_tag:528) skip: non repetable tag already exists with different value: 268435458
04-21 11:03:31.128  1058  1058 D keymint_swd: keymint_swd keymint [WRN] (swd_run_cb:263) swd_begin() returns 0
04-21 11:03:31.128  1058  1058 D android.hardware.security.keymint-service: begin: ret 0
04-21 11:03:31.128  1041 16145 I keystore2: system/security/keystore2/src/security_level.rs:466 - In create_operation. Success to create IKeystoreOperation. 11016, None
04-21 11:03:31.129  1058  1058 D keymint_swd: keymint_swd keymint [WRN] (swd_run_cb:263) swd_update() returns 0
04-21 11:03:31.129  1058  1058 D android.hardware.security.keymint-service: update: ret 0
04-21 11:03:31.129  1058  1058 D keymint_swd: keymint_swd keymint [WRN] (swd_run_cb:263) swd_finish() returns 0
04-21 11:03:31.129  1058  1058 D android.hardware.security.keymint-service: finish: ret 0
04-21 11:03:31.130  1058  1058 W keymint_tee: [WRN]begin req PARAMS: A32, BM32, PD1, 
04-21 11:03:31.131  9560  9560 W dumpsys : Thread Pool max thread count is 0. Cannot cache binder as linkToDeath cannot be implemented. serviceName: activity
04-21 11:03:31.131  1058  1058 D keymint_swd: keymint_swd keymint [WRN] (km_add_tag:528) skip: non repetable tag already exists with different value: 268435458
04-21 11:03:31.131  1058  1058 D keymint_swd: keymint_swd keymint [WRN] (swd_run_cb:263) swd_begin() returns 0
04-21 11:03:31.131  1058  1058 D android.hardware.security.keymint-service: begin: ret 0
04-21 11:03:31.131  1041 16145 I keystore2: system/security/keystore2/src/security_level.rs:466 - In create_operation. Success to create IKeystoreOperation. 11016, None
04-21 11:03:31.132  1058  1058 D keymint_swd: keymint_swd keymint [WRN] (swd_run_cb:263) swd_update() returns 0
04-21 11:03:31.132  1058  1058 D android.hardware.security.keymint-service: update: ret 0
04-21 11:03:31.132  1058  1058 D keymint_swd: keymint_swd keymint [WRN] (swd_run_cb:263) swd_finish() returns 0
04-21 11:03:31.132  1058  1058 D android.hardware.security.keymint-service: finish: ret 0
04-21 11:03:31.133  1058  1058 W keymint_tee: [WRN]begin req PARAMS: A32, BM32, PD1, 
04-21 11:03:31.134  1058  1058 D keymint_swd: keymint_swd keymint [WRN] (km_add_tag:528) skip: non repetable tag already exists with different value: 268435458
04-21 11:03:31.134  1058  1058 D keymint_swd: keymint_swd keymint [WRN] (swd_run_cb:263) swd_begin() returns 0
04-21 11:03:31.134  1058  1058 D android.hardware.security.keymint-service: begin: ret 0
04-21 11:03:31.135  1041 16145 I keystore2: system/security/keystore2/src/security_level.rs:466 - In create_operation. Success to create IKeystoreOperation. 11016, None
04-21 11:03:31.135  1058  1058 D keymint_swd: keymint_swd keymint [WRN] (swd_run_cb:263) swd_update() returns 0
04-21 11:03:31.135  1058  1058 D android.hardware.security.keymint-service: update: ret 0
04-21 11:03:31.136  1058  1058 D keymint_swd: keymint_swd keymint [WRN] (swd_run_cb:263) swd_finish() returns 0
04-21 11:03:31.136  1058  1058 D android.hardware.security.keymint-service: finish: ret 0
04-21 11:03:31.139  9377  9377 I InsetsSourceConsumer: applyRequestedVisibilityToControl: visible=true, type=navigationBars, host=com.hermescourier.android/com.hermescourier.android.MainActivity
04-21 11:03:31.139  9377  9377 I InsetsSourceConsumer: applyRequestedVisibilityToControl: visible=true, type=statusBars, host=com.hermescourier.android/com.hermescourier.android.MainActivity
04-21 11:03:31.144  2398  3806 D BackgroundInstallControlService: Package event received: 0
04-21 11:03:31.144  2398  3806 D BackgroundInstallControlService: Package event received: 0
04-21 11:03:31.144  2398  3806 D BackgroundInstallControlService: Package event received: 0
04-21 11:03:31.145 22520 22553 I FontLog : (REDACTED) Received query %s, URI %s
04-21 11:03:31.145 22520 22553 I FontLog : (REDACTED) Query [%s] resolved to %s
04-21 11:03:31.146 22520 22553 I FontLog : (REDACTED) Fetch %s end status %s
04-21 11:03:31.149 22520 23428 I FontLog : (REDACTED) Pulling font file for id = %d, cache size = %d
04-21 11:03:31.151 22520 23428 I FontLog : (REDACTED) Pulling font file for id = %d, cache size = %d
04-21 11:03:31.170  2398  3747 D MdnieScenarioControlService:  packageName : com.hermescourier.android    className : com.hermescourier.android.MainActivity
04-21 11:03:31.170  2398  3747 V MdnieScenarioControlService: setUIMode from UI function(3)
04-21 11:03:31.181 29903 29903 W Finsky  : [2] STU: Failed to get storage stats for package 'com.android.wifi' (1601: Error getting stats: android.content.pm.PackageManager.NameNotFoundException)
04-21 11:03:31.187 29903 29903 W Finsky  : [2] STU: Failed to get storage stats for package 'com.samsung.android.camera.unihal' (1601: Error getting stats: android.content.pm.PackageManager.NameNotFoundException)
04-21 11:03:31.195  1931  2440 I SurfaceFlinger: Capture layer list: 	 com.hermescourier.android/com.hermescourier.android.MainActivity$_9377#94287(seamlessTransition:0)
04-21 11:03:31.214  1805  2408 I SDM     : DisplayBase::CommitThread: Received idle timeout, panel: cmd, timeout: 70000 us
04-21 11:03:31.252  9377  9377 D VRI[MainActivity]@de4a1b5: mThreadedRenderer.initializeIfNeeded()#2 mSurface={isValid=true 0xb400007261f86020}
04-21 11:03:31.253  9377  9377 D InputMethodManagerUtils: startInputInner - Id : 0
04-21 11:03:31.253  9377  9377 I InputMethodManager: startInputInner - IInputMethodManagerGlobalInvoker.startInputOrWindowGainedFocus
04-21 11:03:31.254  2398  3608 V InputMethodManagerService: startInputOrWindowGainedFocusInternalLocked: reason=WINDOW_FOCUS_GAIN client=android.os.BinderProxy@847a0e9 inputContext=null editorInfo=android.view.inputmethod.EditorInfo@ab38a03 startInputFlags=VIEW_HAS_FOCUS|INITIAL_CONNECTION softInputMode=STATE_UNSPECIFIED|ADJUST_PAN|IS_FORWARD_NAVIGATION windowFlags=#1810100 unverifiedTargetSdkVersion=34 bindingController=com.android.server.inputmethod.InputMethodBindingController@8644fec imeDispatcher=android.window.ImeOnBackInvokedDispatcher@3d0dd80 cs=ClientState{46b7fb9 mUid=11016 mPid=9377 mSelfReportedDisplayId=0} imeRequestedVisible=false
04-21 11:03:31.254  2398  3608 V InputMethodManagerService: setWindowStateInner, windowToken=android.os.BinderProxy@7f58046, state=ImeTargetWindowState{ imeToken null imeFocusChanged true hasEditorFocused false requestedImeVisible false imeDisplayId 0 softInputModeState STATE_UNSPECIFIED|ADJUST_PAN|IS_FORWARD_NAVIGATION isStartInputByGainFocus true}
04-21 11:03:31.254  2398  3608 V InputMethodManagerService: Unspecified window will hide input
04-21 11:03:31.254  2398  3608 I ImeTracker: com.hermescourier.android:db170f89: onRequestHide at ORIGIN_SERVER reason HIDE_UNSPECIFIED_WINDOW fromUser false
04-21 11:03:31.254  2398  3608 V InputMethodManagerService: applyImeVisibility state=6
04-21 11:03:31.254  2398  3608 D SemInputMethodManagerServiceUtil: restorePreviousUsedInputMethod : failed to return the previous ime becuase the stored info is null or do not need restore
04-21 11:03:31.254  2398  3608 V InputMethodManagerService: semComputeImeDisplayIdForTarget: displayToShowIme=0
04-21 11:03:31.254  2398  3608 V InputMethodManagerService: unbindCurrentInputLocked: client=android.os.BinderProxy@4fb2a04
04-21 11:03:31.255  2398  3608 V InputMethodManagerService: Creating new session for client ClientState{46b7fb9 mUid=11016 mPid=9377 mSelfReportedDisplayId=0}
04-21 11:03:31.255  2398  3608 V InputMethodManagerService: Creating new session for client ClientState{46b7fb9 mUid=11016 mPid=9377 mSelfReportedDisplayId=0}
04-21 11:03:31.255  2398  3608 D InputTransport: Input channel constructed: 'ClientS', fd=1118
04-21 11:03:31.255  2398  3608 D InputTransport: Input channel constructed: 'ClientS', fd=1472
04-21 11:03:31.255  2398  3608 D InputTransport: Input channel destroyed: 'ClientS', fd=1472
04-21 11:03:31.255  2398  3608 V InputMethodManagerService: Creating new accessibility sessions for client ClientState{46b7fb9 mUid=11016 mPid=9377 mSelfReportedDisplayId=0}
04-21 11:03:31.256 25971 25988 D InputTransport: Input channel constructed: 'ClientS', fd=149
04-21 11:03:31.256  2398  4312 D InputMethodManagerService: isImeSwitcherDisabledPackage : false
04-21 11:03:31.256  2398  4312 D InputMethodManagerService: shouldShowImeSwitcherLocked : checking vis : 3
04-21 11:03:31.256  2398  4312 V InputMethodManagerService: Disabling: SessionState{uid=10153 pid=4658 method=92159c session=370eba5 channel=ClientState{dbfc1cf mUid=10153 mPid=4658 mSelfReportedDisplayId=0} userId=0}
04-21 11:03:31.256  2398  4312 V InputMethodManagerService: Enabling: SessionState{uid=11016 pid=9377 method=92159c session=62651ac channel=ClientState{46b7fb9 mUid=11016 mPid=9377 mSelfReportedDisplayId=0} userId=0}
04-21 11:03:31.256  2398  4312 D InputMethodManagerService: checkDisplayOfStartInputAndUpdateKeyboard: displayId=0, mFocusedDisplayId=0
04-21 11:03:31.256  2398  4312 D InputTransport: Input channel constructed: 'ClientS', fd=1472
04-21 11:03:31.256  6294 15272 E AccessibilityService: bindInput must be paired with unbindInput.
04-21 11:03:31.257  2398  4312 D InputTransport: Input channel destroyed: 'ClientS', fd=1472
04-21 11:03:31.257  9377  9403 D InputTransport: Input channel constructed: 'ClientS', fd=147
04-21 11:03:31.257  2398  2492 D RestrictionPolicy: isScreenCaptureEnabled : ret=true userId=0
04-21 11:03:31.257  2398  2492 I WindowManager: Cancelling animation restarting=true, leash=Surface(name=Surface(name=c158a04 InputMethod)/@0xc401a22 - animation-leash of insets_animation)/@0xf4512f
04-21 11:03:31.257  2398  2492 I WindowManager: Reparenting to original parent: Surface(name=WindowToken{d260ee type=2011 android.os.Binder@e705e69})/@0x78dacb3, destroy=false, surface=Surface(name=c158a04 InputMethod)/@0xc401a22
04-21 11:03:31.257  2398  2492 I WindowManager: Reparenting to leash, surface=Surface(name=c158a04 InputMethod)/@0xc401a22, leashParent=Surface(name=WindowToken{d260ee type=2011 android.os.Binder@e705e69})/@0x78dacb3
04-21 11:03:31.257 25971 25971 D InputMethodService: unregisterCompatOnBackInvokedCallback return because registered : false
04-21 11:03:31.257  1793  9365 I HYPER-HAL: [RequestManager.cpp]releaseLocked(): Released ID : 23082637
04-21 11:03:31.257 25971 25971 D InputMethodService: updateClientDisplayId: displayId=0, mClientDisplayId=0
04-21 11:03:31.257  1931  2459 I SurfaceFlinger: id=94292 createSurf, flag=24004, Surface(name=c158a04 InputMethod)/@0xc401a22 - animation-leash of insets_animation#94292
04-21 11:03:31.257  2398  2492 D WindowManager: makeSurface duration=1 leash=Surface(name=Surface(name=c158a04 InputMethod)/@0xc401a22 - animation-leash of insets_animation)/@0xd8d0e0a
04-21 11:03:31.258  2398  2492 D InsetsSourceProvider: updateControlForTarget: control=InsetsSourceControl: {3 mType=ime mSurfacePosition=Point(0, 110) mInsetsHint=Insets{left=0, top=0, right=0, bottom=828}}, target=Window{cc12207 u0 com.hermescourier.android/com.hermescourier.android.MainActivity}, from=com.android.server.wm.ImeInsetsSourceProvider.updateControlForTarget:17 com.android.server.wm.InsetsStateController.onControlTargetChanged:83 com.android.server.wm.DisplayContent.updateImeControlTarget:21 com.android.server.wm.DisplayContent.updateImeInputAndControlTarget:156 com.android.server.wm.WindowManagerService$LocalService.updateInputMethodTargetWindow:64 
04-21 11:03:31.258  2398  2492 I ImeTracker: system_server:ab77244d: onRequestHide at ORIGIN_SERVER reason IME_REQUESTED_CHANGED_LISTENER fromUser false
04-21 11:03:31.258  2398  2900 V InputMethodManagerService: Client requesting input be hidden
04-21 11:03:31.258  2398  2900 V InputMethodManagerService: setWindowStateInner, windowToken=android.os.BinderProxy@7f58046, state=ImeTargetWindowState{ imeToken android.os.Binder@37cdc98 imeFocusChanged true hasEditorFocused false requestedImeVisible false imeDisplayId 0 softInputModeState STATE_UNSPECIFIED|ADJUST_PAN|IS_FORWARD_NAVIGATION isStartInputByGainFocus true}
04-21 11:03:31.258  2398  2900 I ImeTracker: system_server:ab77244d: onCancelled at PHASE_SERVER_SHOULD_HIDE
04-21 11:03:31.258  2398  2900 V InputMethodManagerService: hideCurrentInputLocked : canceled, shouldHideSoftInput=false, mInputShown=false, mImeWindowVis=0
04-21 11:03:31.258  2398  2901 D SurfaceComposerClient: setCornerRadius ## cc12207 com.hermescourier.android/com.hermescourier.android.MainActivity#94286 cornerRadius=0.000000
04-21 11:03:31.258  1931  1931 I SurfaceFlinger: [Surface(name=c158a04 InputMethod)/@0xc401a22 - animation-leash of insets_animation#94292] attach to parent LayerHierarchy{RequestedLayerState{WindowToken{d260ee type=2011 android.os.Binder@e705e69}#54821 parentId=16} 2 children}
04-21 11:03:31.270  2398  3747 D DisplayAiqeManager: getContentMode : start
04-21 11:03:31.270  2398  3747 D DisplayAiqeManagerService: getContentMode : start
04-21 11:03:31.270  2398  3747 D DisplayAiqeAidl: getContentMode : UI
04-21 11:03:31.270  2398  3747 D DisplayAiqeManagerService: getContentMode : mode - UI
04-21 11:03:31.270  2398  3747 D DisplayAiqeManager: getContentMode : mode - UI
04-21 11:03:31.270  2398  3747 V MdnieScenarioControlService: mAclOffEnabled : false
04-21 11:03:31.275  1931  1931 I SurfaceFlinger: RequestedLayer [Surface(name=c158a04 InputMethod)/@0[...]tion-leash of insets_animation#94292] hidden!! flag  from(1) --> to(0)
04-21 11:03:31.275  1931  1931 E SurfaceFlinger: alpha changed 1.000 -> 0.000 - Surface(name=c158a04 InputMethod)/@0xc401a22 - animation-leash of insets_animation#94292
04-21 11:03:31.275  1931  1931 I SurfaceFlinger: [LayerHierarchy{RequestedLayerState{ImeContainer#16 parentId=94277 relativeParentId=94286 z=1} 1 children}] reparent to LayerHierarchy{RequestedLayerState{ActivityRecord{82691203 u0 com.hermescourier.android/.MainActivity t8484}#94277 parentId=94276} 3 children}
04-21 11:03:31.275  1931  1931 I SurfaceFlinger: [LayerHierarchy{RequestedLayerState{ImeContainer#16 parentId=94277 relativeParentId=94286 z=1} 1 children}] RelativeParent to LayerHierarchy{RequestedLayerState{cc12207 com.hermescourier.android/com.hermescourier.android.MainActivity#94286 parentId=94277} 2 children}
04-21 11:03:31.275  1931  1931 I SurfaceFlinger: [LayerHierarchy{RequestedLayerState{c158a04 InputMethod#54822 parentId=94292} no children}] reparent to LayerHierarchy{RequestedLayerState{Surface(name=c158a04 InputMethod)/@0xc401a22 - animation-leash of insets_animation#94292 parentId=54821} 1 children}
04-21 11:03:31.275  1931  1931 I SurfaceFlinger: [LayerHierarchy{RequestedLayerState{Surface(name=c158a04 InputMethod)/@0xc401a22 - animation-leash of insets_animation#94265} no children}] reparent to OffscreenRoot
04-21 11:03:31.275  1931  1931 I SurfaceFlinger: [LayerHierarchy{RequestedLayerState{Surface(name=c158a04 InputMethod)/@0xc401a22 - animation-leash of insets_animation#94265} no children}] RelativeParent to null
04-21 11:03:31.276  1931  2459 I SurfaceFlinger: id=94265 Removed Surface(name=c158a04 InputMethod)/@0xc401a22 - animation-leash of insets_animation#94265 (231)
04-21 11:03:31.283  1931  1931 I SurfaceFlinger: destroyed Surface(name=c158a04 InputMethod)/@0xc401a22 - animation-leash of insets_animation#94265 form LifecycleManager
04-21 11:03:31.283  1931  1931 I SurfaceFlinger: id=94265 onLayerDestroyed from LayerHierarchyBuilder(RequestedLayerState{Surface(name=c158a04 InputMethod)/@0xc401a22 - animation-leash of insets_animation#94265 !handle})
04-21 11:03:31.284  1931  1931 I Layer   : id=94265 Destroyed Surface(name=c158a04 InputMethod)/@0xc401a22 - animation-leash of insets_animation#94265
04-21 11:03:31.289  2398  3028 D PowerManagerService: displayReady: false groupId=0
04-21 11:03:31.289  2398  3028 D DisplayPowerController[0]: animateScreenStateChange: target=ON, mIsEnabled=true
04-21 11:03:31.289  2398  3028 D DisplayPowerController[1]: animateScreenStateChange: target=OFF, mIsEnabled=false
04-21 11:03:31.289  2398  3028 D PowerManagerService: displayReady: true groupId=0
04-21 11:03:31.295  1931  2440 I SurfaceFlinger: Capture layer list: 	 com.hermescourier.android/com.hermescourier.android.MainActivity$_9377#94287(seamlessTransition:0)
04-21 11:03:31.312  1844  1844 I SSC_DAEMON: handleSensorTestReqMsg:88, Sensor type :6, Msg type:5
04-21 11:03:31.323  1793  9526 I HYPER-HAL: [RequestManager.cpp]releaseLocked(): Released ID : 2919754
04-21 11:03:31.341  6294  6294 V A11yInputMethod: startInput(): editor=android.view.inputmethod.EditorInfo@b302679
04-21 11:03:31.341  6294  6294 V A11yInputMethod: CALL: onStartInput
04-21 11:03:31.345  9377  9377 I InputMethodManager: handleMessage: setImeVisibility visible=false
04-21 11:03:31.345  9377  9377 D InsetsController: hide(ime(), fromIme=false)
04-21 11:03:31.345  9377  9377 I ImeTracker: com.hermescourier.android:db170f89: onCancelled at PHASE_CLIENT_ALREADY_HIDDEN
04-21 11:03:31.346  1030  1030 D io_stats: !@   8,0 r 81246753 2704136412 w 55816321 1425105444 d 5227288 1621250492 f 793826 4420820 iot 12132720 0 th 0 0 0 pt 0 inp 0 0 996868.687
04-21 11:03:31.347  1030  1030 D io_stats: !@ Read_top(KB): init:normal(9474) 62572 binder:1041_2:normal(1041) 16196 courier.android:top(9377) 14324
04-21 11:03:31.347  1030  1030 D io_stats: !@ Write_top(KB): system_server:normal(2398) 2328 f2fs_ckpt-254:6:/(1331) 696 kworker/2:0:/(30121) 464
04-21 11:03:31.348 25971 25971 W y       : onStartInput event aborted
04-21 11:03:31.348 25971 25971 W y       : yb0.v: could not obtain extracted text
04-21 11:03:31.348 25971 25971 W y       : 	at yb0.m0.H(Unknown Source:329)
04-21 11:03:31.348 25971 25971 W y       : 	at c70.h0.h(Unknown Source:283)
04-21 11:03:31.348 25971 25971 W y       : 	at c70.o5.h(Unknown Source:2)
04-21 11:03:31.348 25971 25971 W y       : 	at com.touchtype.KeyboardService.onStartInput(Unknown Source:11)
04-21 11:03:31.348 25971 25971 W y       : 	at android.inputmethodservice.InputMethodService.doStartInput(InputMethodService.java:3917)
04-21 11:03:31.348 25971 25971 W y       : 	at android.inputmethodservice.InputMethodService$InputMethodImpl.startInput(InputMethodService.java:924)
04-21 11:03:31.348 25971 25971 W y       : 	at android.inputmethodservice.InputMethodService$InputMethodImpl.dispatchStartInput(InputMethodService.java:953)
04-21 11:03:31.348 25971 25971 W y       : 	at android.inputmethodservice.IInputMethodWrapper.executeMessage(IInputMethodWrapper.java:206)
04-21 11:03:31.348 25971 25971 W y       : 	at com.android.internal.os.HandlerCaller$MyHandler.handleMessage(HandlerCaller.java:44)
04-21 11:03:31.348 25971 25971 W y       : 	at android.os.Handler.dispatchMessage(Handler.java:110)
04-21 11:03:31.348 25971 25971 W y       : 	at android.os.Looper.loopOnce(Looper.java:273)
04-21 11:03:31.348 25971 25971 W y       : 	at android.os.Looper.loop(Looper.java:363)
04-21 11:03:31.348 25971 25971 W y       : 	at android.app.ActivityThread.main(ActivityThread.java:9939)
04-21 11:03:31.348 25971 25971 W y       : 	at java.lang.reflect.Method.invoke(Native Method)
04-21 11:03:31.348 25971 25971 W y       : 	at com.android.internal.os.RuntimeInit$MethodAndArgsCaller.run(RuntimeInit.java:632)
04-21 11:03:31.348 25971 25971 W y       : 	at com.android.internal.os.ZygoteInit.main(ZygoteInit.java:975)
04-21 11:03:31.348 25971 25971 I InputMethodService: scheduleImeSurfaceRemoval: removeImeSurface is posted.
04-21 11:03:31.395  1931  2440 I SurfaceFlinger: Capture layer list: 	 com.hermescourier.android/com.hermescourier.android.MainActivity$_9377#94287(seamlessTransition:0)
04-21 11:03:31.412 29903 29903 W Finsky  : [2] STU: Failed to get storage stats for package 'com.google.android.resolv' (1601: Error getting stats: android.content.pm.PackageManager.NameNotFoundException)
04-21 11:03:31.438 29903 29903 W Finsky  : [2] STU: Failed to get storage stats for package 'com.google.android.sdkext' (1601: Error getting stats: android.content.pm.PackageManager.NameNotFoundException)
04-21 11:03:31.440 29903 29903 W Finsky  : [2] STU: Failed to get storage stats for package 'com.google.android.adservices' (1601: Error getting stats: android.content.pm.PackageManager.NameNotFoundException)
04-21 11:03:31.440 29903 29903 W Finsky  : [2] STU: Failed to get storage stats for package 'com.google.android.tethering' (1601: Error getting stats: android.content.pm.PackageManager.NameNotFoundException)
04-21 11:03:31.454  1805  2408 I SDM     : DisplayBase::CommitThread: Received idle timeout, panel: cmd, timeout: 70000 us
04-21 11:03:31.489  2398  3028 D PowerManagerService: displayReady: false groupId=0
04-21 11:03:31.490  2398  3028 D DisplayPowerController[0]: animateScreenStateChange: target=ON, mIsEnabled=true
04-21 11:03:31.490  2398  3028 D DisplayPowerController[1]: animateScreenStateChange: target=OFF, mIsEnabled=false
04-21 11:03:31.490  2398  3028 D PowerManagerService: displayReady: true groupId=0
04-21 11:03:31.526 29903 29903 W Finsky  : [2] STU: Failed to get storage stats for package 'com.google.android.cellbroadcast' (1601: Error getting stats: android.content.pm.PackageManager.NameNotFoundException)
04-21 11:03:31.552 29903 29903 W Finsky  : [2] STU: Failed to get storage stats for package 'com.samsung.android.vital' (1601: Error getting stats: android.content.pm.PackageManager.NameNotFoundException)
04-21 11:03:31.565 29903 29903 W Finsky  : [2] STU: Failed to get storage stats for package 'com.android.compos' (1601: Error getting stats: android.content.pm.PackageManager.NameNotFoundException)
04-21 11:03:31.577  2398  2494 D SGM:GameManager: identifyForegroundApp. com.hermescourier.android, mCurrentUserId: 0, callerUserId: 0
04-21 11:03:31.577 29589 29740 I PolicyManager: [#CMH#] Is foreground game app: false
04-21 11:03:31.629 29903 29903 W Finsky  : [2] STU: Failed to get storage stats for package 'com.android.uprobestats' (1601: Error getting stats: android.content.pm.PackageManager.NameNotFoundException)
04-21 11:03:31.635 29903 29903 W Finsky  : [2] STU: Failed to get storage stats for package 'com.android.profiling' (1601: Error getting stats: android.content.pm.PackageManager.NameNotFoundException)
04-21 11:03:31.644 29903 29903 W Finsky  : [2] STU: Failed to get storage stats for package 'com.samsung.android.media.extractor' (1601: Error getting stats: android.content.pm.PackageManager.NameNotFoundException)
04-21 11:03:31.691  2398  3028 D PowerManagerService: displayReady: false groupId=0
04-21 11:03:31.691  2398  3028 D DisplayPowerController[0]: animateScreenStateChange: target=ON, mIsEnabled=true
04-21 11:03:31.691  2398  3028 D DisplayPowerController[1]: animateScreenStateChange: target=OFF, mIsEnabled=false
04-21 11:03:31.691  2398  3028 D PowerManagerService: displayReady: true groupId=0
04-21 11:03:31.759  2398  9633 D SemInputDeviceManager: setProperty: (0) CMD,GRIP_DATA,1,15,4,4,0
04-21 11:03:31.760  2398  9633 D TspStateManager: wrote command: cmd=1,15,4,4,0, type=1
04-21 11:03:31.760  2398  3792 D SemInputDevice:TSP_SUB: SetPropertyTask: CMD,set_grip_data,1,15,4,4,0 [04-21 11:03:31.759]
04-21 11:03:31.761  1818  1861 I sysinput:aidl: onReportInformation:93, 2, cmd@set_grip_data,1,15,4,4,0:0
04-21 11:03:31.761  2398  3792 D SysinputHAL_AIDL: setProperty(TSP_SUB(2)): CMD, set_grip_data,1,15,4,4,0 ret=0
04-21 11:03:31.761  1818  1861 I sysinput:Touch2: operator():241, OK
04-21 11:03:31.819  1793  9386 I HYPER-HAL: [RequestManager.cpp]releaseLocked(): Released ID : 4297846
04-21 11:03:31.821  2398  3665 E WifiStaIfaceAidlImpl: getCachedScanData failed with service-specific exception: android.os.ServiceSpecificException:  (code 4)
04-21 11:03:31.822  2398  6462 D SemWifiUsabilityStatsMonitor: onWifiUsabilityStats - seqNum 182479, isSameBssidAndFreq true
04-21 11:03:31.824  2398  3839 I SemWifiLinkQualityMonitor: Link stat: 732 / 33 / 1.56 (14) / 960 / -58.0 || 100.0 : 960.00 / 0.5 : 0.64 / 0.55 : 0.05 / G (G) || 8a7d27aa6935: 0.243 / 32.940 / N || N N / 0 0 / N 2.0 / N X 1 / 996869162 0 || 2026-04-21 11:03:29  / 0: 0 0 0 0 0 0 / 0: 0 0 0 0 0 0 / 0: 0 0 0 0 0 0
04-21 11:03:31.824  2398  3840 D InsDataManager: onOutageCountUpdate() - Outage Data: 0, LQ : N. Outage Triggered: false
04-21 11:03:31.824  2398  3840 E InsController: Error in onOutageCountUpdate: android.net.VpnTransportInfo cannot be cast to android.net.wifi.WifiInfo
04-21 11:03:31.824  2398  3840 D SemInsManager: {"bssid": "8a7d27aa6935","rssi": -58.0,"latency": 0.2428640915593705,"outage_count": 0,"lq_callback_triggered": false,"outage_log": "Link stat: 732 / 33 / 1.56 (14) / 960 / -58.0 || 100.0 : 960.00 / 0.5 : 0.64 / 0.55 : 0.05 / G (G) || 8a7d27aa6935: 0.243 / 32.940 / N || N N / 0 0 / N 2.0 / N X 1 / 996869162 0 || 2026-04-21 11:03:29  / 0: 0 0 0 0 0 0 / 0: 0 0 0 0 0 0 / 0: 0 0 0 0 0 0""Magnetic Sensor Events size": "0""Pressure Sensor Events size": "0"}
04-21 11:03:31.849 25971 25971 I InputMethodService: removeImeSurface
04-21 11:03:31.849 25971 25971 I InputMethodService: cancelImeSurfaceRemoval: removeCallbacks
04-21 11:03:31.871  2398  3869 D WifiConnectivityMonitor.NetworkStatsAnalyzer: Backhaul result - RSSI:-58, CE:28, PE:28, TI:37, PTI:37, TW:0, PTW:0, Tx:67, Rx:589, TxS:63, RxS:81, RESULT:true, IC:0, ICT:5, WC:0, WCT:5, R:0, RC:0, IE:0, EC:0
04-21 11:03:31.888  1820  2586 I thermal_core: pivot(AP) : 330, skin : 312
04-21 11:03:31.888  1820  2586 I vendor.samsung.hardware.thermal-service: index = 1.800000
04-21 11:03:31.888  1820  2586 I vendor.samsung.hardware.thermal-service: 2 / 10
04-21 11:03:31.891  2398  3028 D PowerManagerService: displayReady: false groupId=0
04-21 11:03:31.891  2398  3028 D DisplayPowerController[0]: animateScreenStateChange: target=ON, mIsEnabled=true
04-21 11:03:31.891  2398  3028 D DisplayPowerController[1]: animateScreenStateChange: target=OFF, mIsEnabled=false
04-21 11:03:31.891  2398  3028 D PowerManagerService: displayReady: true groupId=0
04-21 11:03:31.996  9474  9478 I snap_api::V6: SNAP v25.01.23~~bdbf08cc (64-bit): aig_classifier_cnn.tflite, Type:9, CUnit:1, ExType:1, Session Open time taken: 1840.819 ms
04-21 11:03:31.996  9474  9478 I snap_api::V6:  
04-21 11:03:31.996  9474  9478 I snap_service_aidl: ashmem create region called on input size 602112
04-21 11:03:31.996  9474  9478 I snap_service_aidl: FD = 10
04-21 11:03:31.996  9474  9478 I snap_service_aidl: ptr 0x74af4f7000
04-21 11:03:31.996  9474  9478 I snap_service_aidl: input size 2408448
04-21 11:03:31.996  9474  9478 I snap_service_aidl: out_inputFd dup = 11
04-21 11:03:31.996  9474  9478 I snap_service_aidl: ashmem create region called on input size 797184
04-21 11:03:31.996  9474  9478 I snap_service_aidl: FD = 10
04-21 11:03:31.996  9474  9478 I snap_service_aidl: ptr 0x74ae8fb000
04-21 11:03:31.996  9474  9478 I snap_service_aidl: input size 3188736
04-21 11:03:31.996  9474  9478 I snap_service_aidl: out_inputFd dup = 12
