04-21 11:04:39.602  1793  1930 I HYPER-HAL: [RequestManager.cpp]acquire(): Acquired ID : 656250309  [1796 / 34431]    HINT :      list : [TID_LOW_LATENCY / 0] [TID / 32342] [TID / 32343] [TID / 9316] [TID / 32344] 
04-21 11:04:39.602  2398  5163 D FreecessController: BG freezed, skip OLAF unfreeze for (com.samsung.android.app.reminder, 10328)
04-21 11:04:39.602  1793  1930 I HYPER-HAL: [RequestManager.cpp]releaseLocked(): Released ID : 656250309
04-21 11:04:39.602  1793  1930 I HYPER-HAL: [RequestManager.cpp]acquire(): Acquired ID : 656286538  [1796 / 34432]    HINT :      list : [UCLAMP_MIN_BOOST / 0] [TIMEOUT / 50] [TID / 32342] [TID / 32343] [TID / 9316] [TID / 32344] 
04-21 11:04:39.602  2398  2901 D SurfaceComposerClient: setCornerRadius ## 9b36143 com.hermescourier.android/com.hermescourier.android.MainActivity#94324 cornerRadius=0.000000
04-21 11:04:39.603  2398  5163 D FreecessController: BG freezed, skip OLAF unfreeze for (com.apkvision.apps, 10337)
04-21 11:04:39.604 14755 14762 I SAMSUNGWALLET: [Hint_ProcessStatusChange] fg Change, pid : 10563 , isNotify : true , isForeground : true , fg list : []
04-21 11:04:39.604 14755 14763 I SAMSUNGWALLET: [Hint_ProcessStatusChange] fg Change, pid : 10563 , isNotify : true , isForeground : true , fg list : []
04-21 11:04:39.604  4013  4013 D DisplayLifecycle: updateDisplay id = 0
04-21 11:04:39.604  2398  4075 D WifiDisplayAdapter: isFitToActiveDisplayLocked : false
04-21 11:04:39.605  2398  2891 D SGM:GameManager: identifyForegroundApp. com.hermescourier.android, mCurrentUserId: 0, callerUserId: 0
04-21 11:04:39.605  2398  2891 D SGM:SemGameManager: isForegroundGame(), ret=false
04-21 11:04:39.605 14755 24283 I SAMSUNGWALLET: [Hint_ProcessStatusChange] fg Change, pid : 4658 , isNotify : true , isForeground : false , fg list : []
04-21 11:04:39.605 14755 29782 I SAMSUNGWALLET: [Hint_ProcessStatusChange] fg Change, pid : 4658 , isNotify : false , isForeground : false , fg list : []
04-21 11:04:39.606 14755 14755 I SAMSUNGWALLET: [Hint_PayHintService] Hint Status - already invisible, skip hide : Disable on home
04-21 11:04:39.606  2398  2891 D SGM:GameManager: identifyForegroundApp. com.hermescourier.android, mCurrentUserId: 0, callerUserId: 0
04-21 11:04:39.606  2398  2891 D SGM:SemGameManager: isForegroundGame(), ret=false
04-21 11:04:39.606  4013  4173 D StackScroller: onDisplayChanged for predraw skip to 2
04-21 11:04:39.608  1931  1931 I SurfaceFlinger: destroyed com.sec.android.app.launcher/com.sec.android.app.launcher.activities.LauncherActivity$_4658#94308 form LifecycleManager
04-21 11:04:39.608  1931  1931 I SurfaceFlinger: destroyed Splash Screen com.hermescourier.android$_4013#94317 form LifecycleManager
04-21 11:04:39.608  1931  1931 I SurfaceFlinger: destroyed com.sec.android.app.launcher/com.sec.android.app.launcher.activities.LauncherActivity$_9316#94307 form LifecycleManager
04-21 11:04:39.608  1931  1931 I SurfaceFlinger: destroyed 8bbb21e Splash Screen com.hermescourier.android#94316 form LifecycleManager
04-21 11:04:39.608  1931  1931 I SurfaceFlinger: id=94308 onLayerDestroyed from LayerHierarchyBuilder(RequestedLayerState{com.sec.android.app.launcher/com.sec.android.app.launcher.activities.LauncherActivity$_4658#94308 !handle})
04-21 11:04:39.608  1931  1931 I SurfaceFlinger: id=94317 onLayerDestroyed from LayerHierarchyBuilder(RequestedLayerState{Splash Screen com.hermescourier.android$_4013#94317 !handle})
04-21 11:04:39.608  1931  1931 I SurfaceFlinger: id=94307 onLayerDestroyed from LayerHierarchyBuilder(RequestedLayerState{com.sec.android.app.launcher/com.sec.android.app.launcher.activities.LauncherActivity$_9316#94307 !handle})
04-21 11:04:39.608  1931  1931 I SurfaceFlinger: id=94316 onLayerDestroyed from LayerHierarchyBuilder(RequestedLayerState{8bbb21e Splash Screen com.hermescourier.android#94316 !handle z=2147483647})
04-21 11:04:39.608  1931  1931 I Layer   : id=94308 Destroyed com.sec.android.app.launcher/com.sec.android.app.launcher.activities.LauncherActivity$_4658#94308
04-21 11:04:39.608  1931  1931 I Layer   : id=94317 Destroyed Splash Screen com.hermescourier.android$_4013#94317
04-21 11:04:39.609  1931  1931 I Layer   : id=94307 Destroyed com.sec.android.app.launcher/com.sec.android.app.launcher.activities.LauncherActivity$_9316#94307
04-21 11:04:39.609  1931  1931 I Layer   : id=94316 Destroyed 8bbb21e Splash Screen com.hermescourier.android#94316
04-21 11:04:39.609 14755 14755 I SAMSUNGWALLET: [Hint_PayHintService] Hint Status - already invisible, skip hide : Disable on home
04-21 11:04:39.610  2398  5163 D FreecessController: BG freezed, skip OLAF unfreeze for (com.samsung.android.multistar, 10366)
04-21 11:04:39.611  2398  2891 D PkgPredictorService-SecIpmManagerServiceImpl: bg information pid:4658 uid:10153 pkgName:com.sec.android.app.launcher
04-21 11:04:39.611  2398  5163 D FreecessController: BG freezed, skip OLAF unfreeze for (dev.imranr.obtainium, 10373)
04-21 11:04:39.612 14755 14755 I SAMSUNGWALLET: [Hint_PayHintService] Hint Status - already invisible, skip hide : Disable on home
04-21 11:04:39.612  2398  5163 D FreecessController: BG freezed, skip OLAF unfreeze for (com.whatsapp, 10444)
04-21 11:04:39.612  2398  5163 D FreecessController: BG freezed, skip OLAF unfreeze for (com.lonelycatgames.Xplore, 10498)
04-21 11:04:39.613  2398  5163 D FreecessController: UFZ : org.kde.kdeconnect_tp(10503) [10729] reason: Binder(1)-android.view.accessibility.IAccessibility
04-21 11:04:39.614  2398  2398 I ActivityManager: Changes in 10921 4 to 4, 255 to 248
04-21 11:04:39.614  2398  2398 I WALLPAPER_SVC:SemWallpaperManagerService: isHomeActivityVisible : false 
04-21 11:04:39.614  2398  2398 D WALLPAPER_SVC:WallpaperData: getWallpaperFile: file = /data/system/users/0/wallpaper_sub_display_orig 
04-21 11:04:39.614  2398  2398 D WALLPAPER_SVC:WallpaperData: getWallpaperFile: file = /data/system/users/0/wallpaper_sub_display_orig 
04-21 11:04:39.614  2398  5163 D FreecessController: restrictJobsByOlaf: restrict=false, uid=-1
04-21 11:04:39.614  2398  2398 D WALLPAPER_SVC:WallpaperManagerService: dispatchHomeVisibilityChanged: visible = false, connection = com.android.server.wallpaper.WallpaperManagerService$WallpaperConnection@b557490, systemWallpaper = WallpaperData@4b8db60, id: 120, which: 17, file mod: 0, info: null, engine(s): Proxy@b0ac217, type = 0, userId = 0, uri= android.resource://com.samsung.android.wallpaper.res/drawable/sub_wallpaper_003.png, allowBackup= false, wallpaperComponent = ComponentInfo{com.android.systemui/com.android.systemui.wallpapers.ImageWallpaper}, nextWallpaperComponent = ComponentInfo{com.android.systemui/com.android.systemui.wallpapers.ImageWallpaper} 
04-21 11:04:39.614  2398  5163 I NSLocationMonitor: getGPSUsingApps() called
04-21 11:04:39.614  5141 28526 I NSLocationManager_FLP: getGPSUsingApps, No change
04-21 11:04:39.615  9004 10714 I Routine@Core[4.9.06.0]: RunningNotificationUpdater: update
04-21 11:04:39.615  2398  5163 W Binder  : Outgoing transactions from this process must be FLAG_ONEWAY
04-21 11:04: