04-21 11:13:54.507  1931  2440 I SurfaceFlinger: Capture layer list: 	 com.hermescourier.android/com.hermescourier.android.MainActivity$_26467#94485(seamlessTransition:0)
04-21 11:13:54.610  1931  2440 I SurfaceFlinger: Capture layer list: 	 com.hermescourier.android/com.hermescourier.android.MainActivity$_26467#94485(seamlessTransition:0)
04-21 11:13:54.711  1931  2440 I SurfaceFlinger: Capture layer list: 	 com.hermescourier.android/com.hermescourier.android.MainActivity$_26467#94485(seamlessTransition:0)
04-21 11:13:55.144  1931  2440 I SurfaceFlinger: Capture layer list: 	 com.hermescourier.android/com.hermescourier.android.MainActivity$_26467#94485(seamlessTransition:0)
04-21 11:13:55.316  1931  2440 I SurfaceFlinger: Capture layer list: 	 com.hermescourier.android/com.hermescourier.android.MainActivity$_26467#94485(seamlessTransition:0)
04-21 11:13:55.416  1931  2440 I SurfaceFlinger: Capture layer list: 	 com.hermescourier.android/com.hermescourier.android.MainActivity$_26467#94485(seamlessTransition:0)
04-21 11:13:55.641  1931  2440 I SurfaceFlinger: Capture layer list: 	 com.hermescourier.android/com.hermescourier.android.MainActivity$_26467#94485(seamlessTransition:0)
04-21 11:13:56.146  1931  1931 I LayerHistory: com.hermescourier.android/com.hermescourier.android.MainActivity$_26467#94485 is infrequent
04-21 11:13:56.149  1931  2440 I SurfaceFlinger: Capture layer list: 	 com.hermescourier.android/com.hermescourier.android.MainActivity$_26467#94485(seamlessTransition:0)
04-21 11:13:56.158  4013  4013 D DisplayLifecycle: updateDisplay id = 0
04-21 11:13:56.158  4013  4173 D StackScroller: onDisplayChanged for predraw skip to 2
04-21 11:13:56.157  1845 13401 D AudioFlinger: setParameters: filtered dev setParameters keyvalue screen_state=on
04-21 11:13:56.161  2398  2891 D SurfaceComposerClient: setCornerRadius ## 92e5af4 com.hermescourier.android/com.hermescourier.android.MainActivity#94484 cornerRadius=0.000000
04-21 11:13:56.249  1931  2440 I SurfaceFlinger: Capture layer list: 	 com.hermescourier.android/com.hermescourier.android.MainActivity$_26467#94485(seamlessTransition:0)
04-21 11:13:56.360  1931  2440 I SurfaceFlinger: Capture layer list: 	 com.hermescourier.android/com.hermescourier.android.MainActivity$_26467#94485(seamlessTransition:0)
04-21 11:13:56.460  1931  2440 I SurfaceFlinger: Capture layer list: 	 com.hermescourier.android/com.hermescourier.android.MainActivity$_26467#94485(seamlessTransition:0)
04-21 11:13:56.641  1931  2440 I SurfaceFlinger: Capture layer list: 	 com.hermescourier.android/com.hermescourier.android.MainActivity$_26467#94485(seamlessTransition:0)
04-21 11:13:57.139  1931  2440 I SurfaceFlinger: Capture layer list: 	 com.hermescourier.android/com.hermescourier.android.MainActivity$_26467#94485(seamlessTransition:0)
04-21 11:13:57.303  4013  4250 D PluginActionManager: queryPkg com.google.android.gms com.android.systemui.action.PLUGIN_NOTIFICATION_MENU_ROW
04-21 11:13:57.305  4013  4013 D ControlsListingControllerImpl: ServiceConfig reloaded, count: 10
04-21 11:13:57.305  4013  4013 D KeyguardUpdateMonitor: received broadcast android.intent.action.PACKAGE_CHANGED
04-21 11:13:57.305  4013  4013 D SPluginManagerImpl: onReceive: android.intent.action.PACKAGE_CHANGED, size:{com.samsung.android.systemui.multistar.MultiStarManager$2@3decdfc=SPluginInstanceManager@176276825 (action=com.samsung.systemui.action.PLUGIN_MULTISTAR), com.android.systemui.noticenter.NotiCenterPlugin$NotiCenterPluginListener@643a3df=SPluginInstanceManager@255350046 (action=com.samsung.systemui.action.PLUGIN_NOTICENTER), com.android.systemui.lockstar.PluginLockStarManager@777f0c6=SPluginInstanceManager@136286719 (action=com.samsung.systemui.action.PLUGIN_LOCK_STAR), com.android.systemui.navigationbar.plugin.PluginBarInteractionManager$pluginListener$1@7b08f9e=SPluginInstanceManager@237439948 (action=com.samsung.systemui.navigationbar.PLUGIN), com.android.systemui.pluginlock.PluginLockMediatorImpl@91c60ea=SPluginInstanceManager@134241813 (action=com.samsung.systemui.action.PLUGIN_LOCK), com.android.systemui.volume.VolumeStarInteractor$start$1@a3bd760=SPluginInstanceManager@235971882 (action=com.samsung.systemui.volume.PLUGIN), com.android.systemui.slimindicator.SlimIndicatorPluginMediator@fa3fc3a=SPluginInstanceManager@132468507 (action=com.samsung.systemui.action.SPLUGIN_SLIMINDICATOR)}
04-21 11:13:57.305  4013  4013 I GoodLockLifecycle: onPackageChanged: com.google.android.gms
04-21 11:13:57.305  4013  4013 I SharedAppWidgetFacade:  onPackageChanged com.google.android.gms
04-21 11:13:57.307  4013  4250 D PluginActionManager: Found 0 plugins
04-21 11:13:57.307  4013  4250 D PluginActionManager: queryPkg com.google.android.gms com.android.systemui.action.PLUGIN_SENSOR_MANAGER
04-21 11:13:57.308  4013  4250 D PluginActionManager: Found 0 plugins
04-21 11:13:57.308  4013  4250 D PluginActionManager: queryPkg com.google.android.gms com.android.systemui.action.PLUGIN_NOTIFICATION_MENU_ROW
04-21 11:13:57.310  4013  4250 D PluginActionManager: Found 0 plugins
04-21 11:13:57.310  4013  4250 D PluginActionManager: queryPkg com.google.android.gms com.android.systemui.action.PLUGIN_NOTIFICATION_MENU_ROW
04-21 11:13:57.312  4013  4250 D PluginActionManager: Found 0 plugins
04-21 11:13:57.312  4013  4250 D PluginActionManager: queryPkg com.google.android.gms com.android.systemui.action.PLUGIN_NOTIFICATION_MENU_ROW
04-21 11:13:57.313  4013  4173 D SecSTQuickControlRequestReceiver: onReceive intent = Intent { act=android.intent.action.PACKAGE_CHANGED dat=package: flg=0x45000010 (has extras) }
04-21 11:13:57.313  4013  4013 D SecSTQuickControlRequestReceiver: onReceiveForPackage action = android.intent.action.PACKAGE_CHANGED, pkgName = com.google.android.gms
04-21 11:13:57.314  4013  4250 D PluginActionManager: Found 0 plugins
04-21 11:13:57.314  4013  4250 D PluginActionManager: queryPkg com.google.android.gms com.android.systemui.action.PLUGIN_NOTIFICATION_MENU_ROW
04-21 11:13:57.316  4013  4250 D PluginActionManager: Found 0 plugins
04-21 11:13:57.316  4013  4250 D PluginActionManager: queryPkg com.google.android.gms com.android.systemui.action.PLUGIN_CLOCK_PROVIDER
04-21 11:13:57.318  4013  4250 D PluginActionManager: Found 0 plugins
04-21 11:13:57.318  4013  4250 D PluginActionManager: queryPkg com.google.android.gms com.android.systemui.action.PLUGIN_GLOBAL_ACTIONS
04-21 11:13:57.318  4013  4250 D PluginActionManager: Found 0 plugins
04-21 11:13:57.318  4013  4250 D PluginActionManager: queryPkg com.google.android.gms com.android.systemui.action.PLUGIN_QS
04-21 11:13:57.318  4013  4250 D PluginActionManager: Found 0 plugins
04-21 11:13:57.318  4013  4250 D PluginActionManager: queryPkg com.google.android.gms com.android.systemui.action.PLUGIN_NOTIFICATION_MENU_ROW
04-21 11:13:57.319  3957  3957 V SatelliteController: Neither SMS or SatelliteGateway package
04-21 11:13:57.319  4013  4250 D PluginActionManager: Found 0 plugins
04-21 11:13:57.319  4013  4250 D PluginActionManager: queryPkg com.google.android.gms com.android.systemui.action.PLUGIN_NOTIFICATION_MENU_ROW
04-21 11:13:57.319  4013  4250 D PluginActionManager: Found 0 plugins
04-21 11:13:57.319  4013  4250 D PluginActionManager: queryPkg com.google.android.gms com.android.systemui.action.PLUGIN_NOTIFICATION_MENU_ROW
04-21 11:13:57.320  4013  4250 D PluginActionManager: Found 0 plugins
04-21 11:13:57.320  4013  4250 D PluginActionManager: queryPkg com.google.android.gms com.android.systemui.action.PLUGIN_NOTIFICATION_MENU_ROW
04-21 11:13:57.320  4013  4250 D PluginActionManager: Found 0 plugins
04-21 11:13:57.320  4013  4250 D PluginActionManager: queryPkg com.google.android.gms com.android.systemui.action.PLUGIN_NOTIFICATION_MENU_ROW
04-21 11:13:57.321  4013  4250 D PluginActionManager: Found 0 plugins
04-21 11:13:57.321  4013  4250 D PluginActionManager: queryPkg com.google.android.gms com.android.systemui.action.PLUGIN_OVERLAY
04-21 11:13:57.321  4013  4250 D PluginActionManager: Found 0 plugins
04-21 11:13:57.321  4013  4250 D PluginActionManager: queryPkg com.google.android.gms com.android.systemui.action.PLUGIN_NOTIFICATION_MENU_ROW
04-21 11:13:57.321  4013  4250 D PluginActionManager: Found 0 plugins
04-21 11:13:57.321  4013  4250 D PluginActionManager: queryPkg com.google.android.gms com.android.systemui.action.PLUGIN_VOLUME
04-21 11:13:57.322  4013  4250 D PluginActionManager: Found 0 plugins
04-21 11:13:57.322  4013  4250 D PluginActionManager: queryPkg com.google.android.gms com.android.systemui.action.PLUGIN_NOTIFICATION_MENU_ROW
04-21 11:13:57.322  4013  4250 D PluginActionManager: Found 0 plugins
04-21 11:13:57.322  4013  4250 D PluginActionManager: queryPkg com.google.android.gms com.android.systemui.action.PLUGIN_NOTIFICATION_MENU_ROW
04-21 11:13:57.322  4013  4250 D PluginActionManager: Found 0 plugins
04-21 11:13:57.322  4013  4250 D PluginActionManager: queryPkg com.google.android.gms com.android.systemui.action.PLUGIN_NOTIFICATION_MENU_ROW
04-21 11:13:57.322  4013  4250 D PluginActionManager: Found 0 plugins
04-21 11:13:57.322  4013  4250 D PluginActionManager: queryPkg com.google.android.gms com.android.systemui.action.PLUGIN_NOTIFICATION_MENU_ROW
04-21 11:13:57.322  4013  4250 D PluginActionManager: Found 0 plugins
04-21 11:13:57.322  4013  4250 D PluginActionManager: queryPkg com.google.android.gms com.android.systemui.action.PLUGIN_NOTIFICATION_MENU_ROW
04-21 11:13:57.322  4013  4250 D PluginActionManager: Found 0 plugins
04-21 11:13:57.322  4013  4250 D PluginActionManager: queryPkg com.google.android.gms com.android.systemui.action.PLUGIN_NOTIFICATION_MENU_ROW
04-21 11:13:57.322  4389  4389 D RegisteredAidCache: generateAidCacheLocked: starting with aid A0000001524010
04-21 11:13:57.322  4389  4389 D RegisteredAidCache: generateAidCacheLocked: AIDs: [A0000001524010] were resolved.
04-21 11:13:57.322  4013  4250 D PluginActionManager: Found 0 plugins
04-21 11:13:57.322  4013  4250 D PluginActionManager: queryPkg com.google.android.gms com.android.systemui.action.PLUGIN_NOTIFICATION_MENU_ROW
04-21 11:13:57.323  4013  4250 D PluginActionManager: Found 0 plugins
04-21 11:13:57.323  4013  4250 D PluginActionManager: queryPkg com.google.android.gms com.samsung.systemui.action.PLUGIN_FACE_WIDGET
04-21 11:13:57.323  4013  4250 D PluginActionManager: Too many of com.samsung.systemui.action.PLUGIN_FACE_WIDGET
04-21 11:13:57.323  4013  4250 D PluginActionManager: queryPkg com.google.android.gms com.android.systemui.action.PLUGIN_NAVIGATION_EDGE_BACK_ACTION
04-21 11:13:57.323  4013  4250 D PluginActionManager: Found 0 plugins
04-21 11:13:57.323  4013  4250 D PluginActionManager: queryPkg com.google.android.gms com.android.systemui.action.PEOPLE_HUB_PERSON_EXTRACTOR
04-21 11:13:57.323  4013  4250 D PluginActionManager: Found 0 plugins
04-21 11:13:57.323  4013  4250 D PluginActionManager: queryPkg com.google.android.gms com.android.systemui.action.PLUGIN_NOTIFICATION_ASSISTANT
04-21 11:13:57.324  4389  4389 D RegisteredAidCache: generateAidCacheLocked: Exact or Prefix AID.A0000001524010
04-21 11:13:57.324  4389  4389 D RegisteredAidCache: generateAidCacheLocked: AIDs: [A0000001524010] were resolved.
04-21 11:13:57.324  4013  4250 D PluginActionManager: Found 0 plugins
04-21 11:13:57.324  4389  4389 D RegisteredAidCache: generateAidCacheLocked: aid cache entryA0000001524010 val:AidResolveInfo{services=[], defaultService=null, category='other}
04-21 11:13:57.324  4013  4250 D PluginActionManager: queryPkg com.google.android.gms com.android.systemui.action.PLUGIN_NOTIFICATION_MENU_ROW
04-21 11:13:57.324  4013  4250 D PluginActionManager: Found 0 plugins
04-21 11:13:57.324  4013  4250 D PluginActionManager: queryPkg com.google.android.gms com.android.systemui.action.PLUGIN_TOAST
04-21 11:13:57.324  4013  4250 D PluginActionManager: Found 0 plugins
04-21 11:13:57.330  4389  4389 D RegisteredServicesCache: ApduService: ComponentInfo{com.samsung.android.spayfw/com.samsung.android.spayfw.core.hce.SPayHCEService}, UID: 5279, description: Samsung Pay, Static AID Groups: Category: payment, AIDs:325041592E5359532E4444463031, A0000004941010, A0000004942010, A0000004946010, A0000001410001, D9999999991010, D9999999992020, A0000000426010, A0000000426020, A000000042, A00000004260, A0000000426010000000000000000000, A999999999, A0000007300001, A0000002281010, A0000009122024, A0000009122124, A0000006581010, A0000006581099, A0000006582010, A0000006582099, A000000004*, A000000004, A0000000041010, A0000000042203, A0000000043060, A0000007800006, A0000000041010D07603, A000000003*, A000000003, A0000000031010, A0000000980840, A0000000032010, A0000000032020, A00000000305076620, A000000025*, A00000002501, A000000025011001, A0000000250110, A000000025021001, A000000025040303, A0000001523010, A0000001524010, A0000003241010, A0000002771010, A00000048510010101, A000000476D0000101, 4F53452E5641532E3031, A0000000030701, A00000000307010001, A0000000049999D840, A000000384*, A00000038410, A00000038420, A000000870FC000000000039, D2500000123010, D2500000121010, D2500000124000, D2500000122000, A0000000651010, A00000033301*, A000000333010101, A000000333010102, , Dynamic AID Groups: 
04-21 11:13:57.335  4013  4032 D LauncherApps: onPackageChanged 0,com.google.android.gms
04-21 11:13:57.653  1931  2440 I SurfaceFlinger: Capture layer list: 	 com.hermescourier.android/com.hermescourier.android.MainActivity$_26467#94485(seamlessTransition:0)
04-21 11:13:57.744  4658 19898 I HoneySpace.SuggestAppDecor: getInstaller: com.hermescourier.android [null]
04-21 11:13:58.150  1931  2440 I SurfaceFlinger: Capture layer list: 	 com.hermescourier.android/com.hermescourier.android.MainActivity$_26467#94485(seamlessTransition:0)
04-21 11:13:58.484  4013  4250 D PluginActionManager: queryPkg com.google.android.gms com.android.systemui.action.PLUGIN_NOTIFICATION_MENU_ROW
04-21 11:13:58.485  4013  4250 D PluginActionManager: Found 0 plugins
04-21 11:13:58.485  4013  4250 D PluginActionManager: queryPkg com.google.android.gms com.android.systemui.action.PLUGIN_SENSOR_MANAGER
04-21 11:13:58.485  4013  4250 D PluginActionManager: Found 0 plugins
04-21 11:13:58.485  4013  4250 D PluginActionManager: queryPkg com.google.android.gms com.android.systemui.action.PLUGIN_NOTIFICATION_MENU_ROW
04-21 11:13:58.486  4013  4250 D PluginActionManager: Found 0 plugins
04-21 11:13:58.486  4013  4250 D PluginActionManager: queryPkg com.google.android.gms com.android.systemui.action.PLUGIN_NOTIFICATION_MENU_ROW
04-21 11:13:58.488  4013  4250 D PluginActionManager: Found 0 plugins
04-21 11:13:58.488  4013  4250 D PluginActionManager: queryPkg com.google.android.gms com.android.systemui.action.PLUGIN_NOTIFICATION_MENU_ROW
04-21 11:13:58.488  4013  4173 D SecSTQuickControlRequestReceiver: onReceive intent = Intent { act=android.intent.action.PACKAGE_CHANGED dat=package: flg=0x45000010 (has extras) }
04-21 11:13:58.489  4013  4250 D PluginActionManager: Found 0 plugins
04-21 11:13:58.489  4013  4250 D PluginActionManager: queryPkg com.google.android.gms com.android.systemui.action.PLUGIN_NOTIFICATION_MENU_ROW
04-21 11:13:58.489  4013  4250 D PluginActionManager: Found 0 plugins
04-21 11:13:58.489  4013  4250 D PluginActionManager: queryPkg com.google.android.gms com.android.systemui.action.PLUGIN_CLOCK_PROVIDER
04-21 11:13:58.490  4013  4250 D PluginActionManager: Found 0 plugins
04-21 11:13:58.490  4013  4250 D PluginActionManager: queryPkg com.google.android.gms com.android.systemui.action.PLUGIN_GLOBAL_ACTIONS
04-21 11:13:58.490  4013  4250 D PluginActionManager: Found 0 plugins
04-21 11:13:58.490  4013  4250 D PluginActionManager: queryPkg com.google.android.gms com.android.systemui.action.PLUGIN_QS
04-21 11:13:58.490  4013  4250 D PluginActionManager: Found 0 plugins
04-21 11:13:58.490  4013  4250 D PluginActionManager: queryPkg com.google.android.gms com.android.systemui.action.PLUGIN_NOTIFICATION_MENU_ROW
04-21 11:13:58.490  4013  4250 D PluginActionManager: Found 0 plugins
04-21 11:13:58.490  4013  4250 D PluginActionManager: queryPkg com.google.android.gms com.android.systemui.action.PLUGIN_NOTIFICATION_MENU_ROW
04-21 11:13:58.491  4013  4250 D PluginActionManager: Found 0 plugins
04-21 11:13:58.491  4013  4250 D PluginActionManager: queryPkg com.google.android.gms com.android.systemui.action.PLUGIN_NOTIFICATION_MENU_ROW
04-21 11:13:58.491  4013  4250 D PluginActionManager: Found 0 plugins
04-21 11:13:58.491  4013  4250 D PluginActionManager: queryPkg com.google.android.gms com.android.systemui.action.PLUGIN_NOTIFICATION_MENU_ROW
04-21 11:13:58.491  4013  4013 D ControlsListingControllerImpl: ServiceConfig reloaded, count: 10
04-21 11:13:58.491  4013  4250 D PluginActionManager: Found 0 plugins
04-21 11:13:58.491  4013  4250 D PluginActionManager: queryPkg com.google.android.gms com.android.systemui.action.PLUGIN_NOTIFICATION_MENU_ROW
04-21 11:13:58.491  4013  4013 D KeyguardUpdateMonitor: received broadcast android.intent.action.PACKAGE_CHANGED
04-21 11:13:58.491  3957  3957 V SatelliteController: Neither SMS or SatelliteGateway package
04-21 11:13:58.491  4013  4013 D SPluginManagerImpl: onReceive: android.intent.action.PACKAGE_CHANGED, size:{com.samsung.android.systemui.multistar.MultiStarManager$2@3decdfc=SPluginInstanceManager@176276825 (action=com.samsung.systemui.action.PLUGIN_MULTISTAR), com.android.systemui.noticenter.NotiCenterPlugin$NotiCenterPluginListener@643a3df=SPluginInstanceManager@255350046 (action=com.samsung.systemui.action.PLUGIN_NOTICENTER), com.android.systemui.lockstar.PluginLockStarManager@777f0c6=SPluginInstanceManager@136286719 (action=com.samsung.systemui.action.PLUGIN_LOCK_STAR), com.android.systemui.navigationbar.plugin.PluginBarInteractionManager$pluginListener$1@7b08f9e=SPluginInstanceManager@237439948 (action=com.samsung.systemui.navigationbar.PLUGIN), com.android.systemui.pluginlock.PluginLockMediatorImpl@91c60ea=SPluginInstanceManager@134241813 (action=com.samsung.systemui.action.PLUGIN_LOCK), com.android.systemui.volume.VolumeStarInteractor$start$1@a3bd760=SPluginInstanceManager@235971882 (action=com.samsung.systemui.volume.PLUGIN), com.android.systemui.slimindicator.SlimIndicatorPluginMediator@fa3fc3a=SPluginInstanceManager@132468507 (action=com.samsung.systemui.action.SPLUGIN_SLIMINDICATOR)}
04-21 11:13:58.491  4013  4013 D SecSTQuickControlRequestReceiver: onReceiveForPackage action = android.intent.action.PACKAGE_CHANGED, pkgName = com.google.android.gms
04-21 11:13:58.491  4013  4013 I GoodLockLifecycle: onPackageChanged: com.google.android.gms
04-21 11:13:58.491  4013  4013 I SharedAppWidgetFacade:  onPackageChanged com.google.android.gms
04-21 11:13:58.492  4013  4250 D PluginActionManager: Found 0 plugins
04-21 11:13:58.492  4013  4250 D PluginActionManager: queryPkg com.google.android.gms com.android.systemui.action.PLUGIN_OVERLAY
04-21 11:13:58.492  4013  4032 D LauncherApps: onPackageChanged 0,com.google.android.gms
04-21 11:13:58.493  4013  4250 D PluginActionManager: Found 0 plugins
04-21 11:13:58.493  4013  4250 D PluginActionManager: queryPkg com.google.android.gms com.android.systemui.action.PLUGIN_NOTIFICATION_MENU_ROW
04-21 11:13:58.494  4013  4250 D PluginActionManager: Found 0 plugins
04-21 11:13:58.494  4013  4250 D PluginActionManager: queryPkg com.google.android.gms com.android.systemui.action.PLUGIN_VOLUME
04-21 11:13:58.495  4013  4250 D PluginActionManager: Found 0 plugins
04-21 11:13:58.495  4013  4250 D PluginActionManager: queryPkg com.google.android.gms com.android.systemui.action.PLUGIN_NOTIFICATION_MENU_ROW
04-21 11:13:58.495  4013  4250 D PluginActionManager: Found 0 plugins
04-21 11:13:58.496  4013  4250 D PluginActionManager: queryPkg com.google.android.gms com.android.systemui.action.PLUGIN_NOTIFICATION_MENU_ROW
04-21 11:13:58.497  4013  4250 D PluginActionManager: Found 0 plugins
04-21 11:13:58.497  4013  4250 D PluginActionManager: queryPkg com.google.android.gms com.android.systemui.action.PLUGIN_NOTIFICATION_MENU_ROW
04-21 11:13:58.497  4013  4250 D PluginActionManager: Found 0 plugins
04-21 11:13:58.497  4013  4250 D PluginActionManager: queryPkg com.google.android.gms com.android.systemui.action.PLUGIN_NOTIFICATION_MENU_ROW
04-21 11:13:58.497  4013  4250 D PluginActionManager: Found 0 plugins
04-21 11:13:58.497  4013  4250 D PluginActionManager: queryPkg com.google.android.gms com.android.systemui.action.PLUGIN_NOTIFICATION_MENU_ROW
04-21 11:13:58.498  4013  4250 D PluginActionManager: Found 0 plugins
04-21 11:13:58.498  4013  4250 D PluginActionManager: queryPkg com.google.android.gms com.android.systemui.action.PLUGIN_NOTIFICATION_MENU_ROW
04-21 11:13:58.502  4013  4250 D PluginActionManager: Found 0 plugins
04-21 11:13:58.502  4013  4250 D PluginActionManager: queryPkg com.google.android.gms com.android.systemui.action.PLUGIN_NOTIFICATION_MENU_ROW
04-21 11:13:58.502  4013  4250 D PluginActionManager: Found 0 plugins
04-21 11:13:58.502  4013  4250 D PluginActionManager: queryPkg com.google.android.gms com.samsung.systemui.action.PLUGIN_FACE_WIDGET
04-21 11:13:58.502  4013  4250 D PluginActionManager: Too many of com.samsung.systemui.action.PLUGIN_FACE_WIDGET
04-21 11:13:58.502  4013  4250 D PluginActionManager: queryPkg com.google.android.gms com.android.systemui.action.PLUGIN_NAVIGATION_EDGE_BACK_ACTION
04-21 11:13:58.502  4013  4250 D PluginActionManager: Found 0 plugins
04-21 11:13:58.502  4013  4250 D PluginActionManager: queryPkg com.google.android.gms com.android.systemui.action.PEOPLE_HUB_PERSON_EXTRACTOR
04-21 11:13:58.503  4013  4250 D PluginActionManager: Found 0 plugins
04-21 11:13:58.503  4013  4250 D PluginActionManager: queryPkg com.google.android.gms com.android.systemui.action.PLUGIN_NOTIFICATION_ASSISTANT
04-21 11:13:58.503  4013  4250 D PluginActionManager: Found 0 plugins
04-21 11:13:58.503  4013  4250 D PluginActionManager: queryPkg com.google.android.gms com.android.systemui.action.PLUGIN_NOTIFICATION_MENU_ROW
04-21 11:13:58.503  4013  4250 D PluginActionManager: Found 0 plugins
04-21 11:13:58.503  4013  4250 D PluginActionManager: queryPkg com.google.android.gms com.android.systemui.action.PLUGIN_TOAST
04-21 11:13:58.504  4013  4250 D PluginActionManager: Found 0 plugins
04-21 11:13:58.506  4389  4389 D RegisteredAidCache: generateAidCacheLocked: starting with aid A0000001524010
04-21 11:13:58.506  4389  4389 D RegisteredAidCache: generateAidCacheLocked: AIDs: [A0000001524010] were resolved.
04-21 11:13:58.507  4389  4389 D RegisteredAidCache: generateAidCacheLocked: Exact or Prefix AID.A0000001524010
04-21 11:13:58.507  4389  4389 D RegisteredAidCache: generateAidCacheLocked: AIDs: [A0000001524010] were resolved.
04-21 11:13:58.508  4389  4389 D RegisteredAidCache: generateAidCacheLocked: aid cache entryA0000001524010 val:AidResolveInfo{services=[], defaultService=null, category='other}
04-21 11:13:58.512  4389  4389 D RegisteredServicesCache: ApduService: ComponentInfo{com.samsung.android.spayfw/com.samsung.android.spayfw.core.hce.SPayHCEService}, UID: 5279, description: Samsung Pay, Static AID Groups: Category: payment, AIDs:325041592E5359532E4444463031, A0000004941010, A0000004942010, A0000004946010, A0000001410001, D9999999991010, D9999999992020, A0000000426010, A0000000426020, A000000042, A00000004260, A0000000426010000000000000000000, A999999999, A0000007300001, A0000002281010, A0000009122024, A0000009122124, A0000006581010, A0000006581099, A0000006582010, A0000006582099, A000000004*, A000000004, A0000000041010, A0000000042203, A0000000043060, A0000007800006, A0000000041010D07603, A000000003*, A000000003, A0000000031010, A0000000980840, A0000000032010, A0000000032020, A00000000305076620, A000000025*, A00000002501, A000000025011001, A0000000250110, A000000025021001, A000000025040303, A0000001523010, A0000001524010, A0000003241010, A0000002771010, A00000048510010101, A000000476D0000101, 4F53452E5641532E3031, A0000000030701, A00000000307010001, A0000000049999D840, A000000384*, A00000038410, A00000038420, A000000870FC000000000039, D2500000123010, D2500000121010, D2500000124000, D2500000122000, A0000000651010, A00000033301*, A000000333010101, A000000333010102, , Dynamic AID Groups: 
04-21 11:13:58.648  1931  2440 I SurfaceFlinger: Capture layer list: 	 com.hermescourier.android/com.hermescourier.android.MainActivity$_26467#94485(seamlessTransition:0)
04-21 11:13:58.903  4658 19915 I HoneySpace.SuggestAppDecor: getInstaller: com.hermescourier.android [null]
04-21 11:13:59.144  1931  2440 I SurfaceFlinger: Capture layer list: 	 com.hermescourier.android/com.hermescourier.android.MainActivity$_26467#94485(seamlessTransition:0)
04-21 11:13:59.659  1931  2440 I SurfaceFlinger: Capture layer list: 	 com.hermescourier.android/com.hermescourier.android.MainActivity$_26467#94485(seamlessTransition:0)
04-21 11:14:00.001  4013  4693 I DateTimeView: updateAll - getTimeFormat
04-21 11:14:00.001  4013  4013 D ClockFaceEvents: onTimeTick. callers : com.android.keyguard.ClockEventController$keyguardUpdateMonitorCallback$1.refreshTime:19
04-21 11:14:00.001  4013  4013 D ClockFaceEvents: com.android.keyguard.ClockEventController$keyguardUpdateMonitorCallback$1.onTimeChanged:1
04-21 11:14:00.001  4013  4013 D ClockFaceEvents: com.android.keyguard.KeyguardUpdateMonitor$16.handleMessage:732
04-21 11:14:00.001  4013  4013 D ClockFaceEvents: onTimeTick. callers : com.android.keyguard.ClockEventController$keyguardUpdateMonitorCallback$1.refreshTime:38
04-21 11:14:00.001  4013  4013 D ClockFaceEvents: com.android.keyguard.ClockEventController$keyguardUpdateMonitorCallback$1.onTimeChanged:1
04-21 11:14:00.001  4013  4013 D ClockFaceEvents: com.android.keyguard.KeyguardUpdateMonitor$16.handleMessage:732
04-21 11:14:00.001  4013  4013 D FaceWidgetPagesController: onTimeChanged()
04-21 11:14:00.001  4013  4693 D QSClockBellTower: onReceive(android.intent.action.TIME_TICK) mTimeZoneString:America/Toronto
04-21 11:14:00.002  4013  4013 D QSClockBellTower: He is ready to ring the bell. (((QSClockBellSound - TimeText:11:14, TimeContentDescription:11:14 a.m., DateText:Tue, April 21, ShortDateText:Tue, Apr 21, Demo:false)))
04-21 11:14:00.002  4013  4013 D QSClock : StatusBar clock=11:14 notifyTimeChanged(QSClockBellSound - TimeText:11:14, TimeContentDescription:11:14 a.m., DateText:Tue, April 21, ShortDateText:Tue, Apr 21, Demo:false) clockVisibleByPolicy=true, clockVisibleByUser=true, visible=true, parent=android.widget.LinearLayout{a3daf1c V.E...... ......ID 0,0-98,63 #7f0a0697 app:id/left_clock_container} caller=com.android.systemui.statusbar.phone.fragment.CollapsedStatusBarFragment.animateShow:52 com.android.systemui.statusbar.phone.fragment.CollapsedStatusBarFragment.updateStatusBarVisibilitiesInner:227 com.android.systemui.statusbar.phone.fragment.CollapsedStatusBarFragment.updateStatusBarVisibilities:65 com.android.systemui.statusbar.phone.fragment.CollapsedStatusBarFragment.disable:71 com.android.systemui.statusbar.CommandQueue$H.handleMessage:2997  
04-21 11:14:00.002  4013  4013 D QSClockBellTower: Everyone heard the bell. run(currentTime:1776784440002, getTime():Tue Apr 21 11:14:00 EDT 2026, getTimeZone():libcore.util.ZoneInfo[mDstSavings=3600000,mUseDst=true,mDelegate=[id="America/Toronto",mRawOffset=-18000000,mEarliestRawOffset=-19052000,transitions=357]])
04-21 11:14:00.013  4013  4013 D {OngoingChipAdapter}: updateEnableMaxWidth : 346 -:> 345
04-21 11:14:00.013  4013  4013 W View    : requestLayout() improperly called by androidx.recyclerview.widget.RecyclerView{c28ac36 V.ED..... ......I. 0,5-222,58 #7f0a0285 app:id/capsule_recyclerview} during layout: running second layout pass
04-21 11:14:00.014  4013  4013 I {OngoingChipAdapter}: onBindViewHolder() notificationArrayList.position = 0
04-21 11:14:00.014  4013  4013 D {OngoingChipAdapter}: hasAvailableSpaceToExpand - enableMax:345 totalWidth289 call:false
04-21 11:14:00.014  4013  4013 D {OngoingChipAdapter}: getChipAvailableSpace - enableMax: 277 
04-21 11:14:00.015  4013  4013 W Paint   : The elegant text height cannot be turned off.
04-21 11:14:00.015  4013  4013 I {OngoingChipAdapter}: OA chip marqueeIfNeeded it.second.mNeedMarquee:false, isKeyguardGoneNow:false, removeMarqueeRunnable false
04-21 11:14:00.016  4013  4013 W RefactorFlag: New code path expects SceneContainerFlag to be enabled.
04-21 11:14:00.023  1931  2440 I SurfaceFlinger: Capture layer list: 	 com.hermescourier.android/com.hermescourier.android.MainActivity$_26467#94485(seamlessTransition:0)
04-21 11:14:00.155  1931  2440 I SurfaceFlinger: Capture layer list: 	 com.hermescourier.android/com.hermescourier.android.MainActivity$_26467#94485(seamlessTransition:0)
04-21 11:14:00.653  1931  2440 I SurfaceFlinger: Capture layer list: 	 com.hermescourier.android/com.hermescourier.android.MainActivity$_26467#94485(seamlessTransition:0)
04-21 11:14:01.150  1931  2440 I SurfaceFlinger: Capture layer list: 	 com.hermescourier.android/com.hermescourier.android.MainActivity$_26467#94485(seamlessTransition:0)
04-21 11:14:01.648  1931  2440 I SurfaceFlinger: Capture layer list: 	 com.hermescourier.android/com.hermescourier.android.MainActivity$_26467#94485(seamlessTransition:0)
04-21 11:14:02.161  1931  2440 I SurfaceFlinger: Capture layer list: 	 com.hermescourier.android/com.hermescourier.android.MainActivity$_26467#94485(seamlessTransition:0)
04-21 11:14:02.477  4013  4250 D PluginActionManager: queryPkg com.google.android.gms com.android.systemui.action.PLUGIN_NOTIFICATION_MENU_ROW
04-21 11:14:02.479  4013  4250 D PluginActionManager: Found 0 plugins
04-21 11:14:02.479  4013  4250 D PluginActionManager: queryPkg com.google.android.gms com.android.systemui.action.PLUGIN_SENSOR_MANAGER
04-21 11:14:02.479  4013  4250 D PluginActionManager: Found 0 plugins
04-21 11:14:02.479  4013  4250 D PluginActionManager: queryPkg com.google.android.gms com.android.systemui.action.PLUGIN_NOTIFICATION_MENU_ROW
04-21 11:14:02.479  4013  4013 D ControlsListingControllerImpl: ServiceConfig reloaded, count: 10
04-21 11:14:02.479  4013  4250 D PluginActionManager: Found 0 plugins
04-21 11:14:02.479  4013  4250 D PluginActionManager: queryPkg com.google.android.gms com.android.systemui.action.PLUGIN_NOTIFICATION_MENU_ROW
04-21 11:14:02.479  4013  4250 D PluginActionManager: Found 0 plugins
04-21 11:14:02.479  4013  4250 D PluginActionManager: queryPkg com.google.android.gms com.android.systemui.action.PLUGIN_NOTIFICATION_MENU_ROW
04-21 11:14:02.479  4013  4250 D PluginActionManager: Found 0 plugins
04-21 11:14:02.479  4013  4250 D PluginActionManager: queryPkg com.google.android.gms com.android.systemui.action.PLUGIN_NOTIFICATION_MENU_ROW
04-21 11:14:02.479  4013  4250 D PluginActionManager: Found 0 plugins
04-21 11:14:02.479  4013  4250 D PluginActionManager: queryPkg com.google.android.gms com.android.systemui.action.PLUGIN_CLOCK_PROVIDER
04-21 11:14:02.480  4013  4250 D PluginActionManager: Found 0 plugins
04-21 11:14:02.480  4013  4250 D PluginActionManager: queryPkg com.google.android.gms com.android.systemui.action.PLUGIN_GLOBAL_ACTIONS
04-21 11:14:02.480  4013  4250 D PluginActionManager: Found 0 plugins
04-21 11:14:02.480  4013  4250 D PluginActionManager: queryPkg com.google.android.gms com.android.systemui.action.PLUGIN_QS
04-21 11:14:02.480  4013  4250 D PluginActionManager: Found 0 plugins
04-21 11:14:02.480  4013  4250 D PluginActionManager: queryPkg com.google.android.gms com.android.systemui.action.PLUGIN_NOTIFICATION_MENU_ROW
04-21 11:14:02.480  4013  4250 D PluginActionManager: Found 0 plugins
04-21 11:14:02.480  4013  4250 D PluginActionManager: queryPkg com.google.android.gms com.android.systemui.action.PLUGIN_NOTIFICATION_MENU_ROW
04-21 11:14:02.480  4013  4250 D PluginActionManager: Found 0 plugins
04-21 11:14:02.480  4013  4250 D PluginActionManager: queryPkg com.google.android.gms com.android.systemui.action.PLUGIN_NOTIFICATION_MENU_ROW
04-21 11:14:02.480  4013  4250 D PluginActionManager: Found 0 plugins
04-21 11:14:02.480  4013  4250 D PluginActionManager: queryPkg com.google.android.gms com.android.systemui.action.PLUGIN_NOTIFICATION_MENU_ROW
04-21 11:14:02.481  4013  4250 D PluginActionManager: Found 0 plugins
04-21 11:14:02.481  4013  4250 D PluginActionManager: queryPkg com.google.android.gms com.android.systemui.action.PLUGIN_NOTIFICATION_MENU_ROW
04-21 11:14:02.481  4013  4250 D PluginActionManager: Found 0 plugins
04-21 11:14:02.481  4013  4250 D PluginActionManager: queryPkg com.google.android.gms com.android.systemui.action.PLUGIN_OVERLAY
04-21 11:14:02.481  4013  4250 D PluginActionManager: Found 0 plugins
04-21 11:14:02.481  3957  3957 V SatelliteController: Neither SMS or SatelliteGateway package
04-21 11:14:02.481  4013  4250 D PluginActionManager: queryPkg com.google.android.gms com.android.systemui.action.PLUGIN_NOTIFICATION_MENU_ROW
04-21 11:14:02.481  4013  4013 D KeyguardUpdateMonitor: received broadcast android.intent.action.PACKAGE_CHANGED
04-21 11:14:02.481  4013  4013 D SPluginManagerImpl: onReceive: android.intent.action.PACKAGE_CHANGED, size:{com.samsung.android.systemui.multistar.MultiStarManager$2@3decdfc=SPluginInstanceManager@176276825 (action=com.samsung.systemui.action.PLUGIN_MULTISTAR), com.android.systemui.noticenter.NotiCenterPlugin$NotiCenterPluginListener@643a3df=SPluginInstanceManager@255350046 (action=com.samsung.systemui.action.PLUGIN_NOTICENTER), com.android.systemui.lockstar.PluginLockStarManager@777f0c6=SPluginInstanceManager@136286719 (action=com.samsung.systemui.action.PLUGIN_LOCK_STAR), com.android.systemui.navigationbar.plugin.PluginBarInteractionManager$pluginListener$1@7b08f9e=SPluginInstanceManager@237439948 (action=com.samsung.systemui.navigationbar.PLUGIN), com.android.systemui.pluginlock.PluginLockMediatorImpl@91c60ea=SPluginInstanceManager@134241813 (action=com.samsung.systemui.action.PLUGIN_LOCK), com.android.systemui.volume.VolumeStarInteractor$start$1@a3bd760=SPluginInstanceManager@235971882 (action=com.samsung.systemui.volume.PLUGIN), com.android.systemui.slimindicator.SlimIndicatorPluginMediator@fa3fc3a=SPluginInstanceManager@132468507 (action=com.samsung.systemui.action.SPLUGIN_SLIMINDICATOR)}
04-21 11:14:02.481  4013  4250 D PluginActionManager: Found 0 plugins
04-21 11:14:02.481  4013  4250 D PluginActionManager: queryPkg com.google.android.gms com.android.systemui.action.PLUGIN_VOLUME
04-21 11:14:02.481  4013  4013 I GoodLockLifecycle: onPackageChanged: com.google.android.gms
04-21 11:14:02.481  4013  4013 I SharedAppWidgetFacade:  onPackageChanged com.google.android.gms
04-21 11:14:02.481  4013  4173 D SecSTQuickControlRequestReceiver: onReceive intent = Intent { act=android.intent.action.PACKAGE_CHANGED dat=package: flg=0x45000010 (has extras) }
04-21 11:14:02.482  4013  4250 D PluginActionManager: Found 0 plugins
04-21 11:14:02.482  4013  4250 D PluginActionManager: queryPkg com.google.android.gms com.android.systemui.action.PLUGIN_NOTIFICATION_MENU_ROW
04-21 11:14:02.482  4013  4250 D PluginActionManager: Found 0 plugins
04-21 11:14:02.482  4013  4250 D PluginActionManager: queryPkg com.google.android.gms com.android.systemui.action.PLUGIN_NOTIFICATION_MENU_ROW
04-21 11:14:02.482  4013  4250 D PluginActionManager: Found 0 plugins
04-21 11:14:02.482  4013  4250 D PluginActionManager: queryPkg com.google.android.gms com.android.systemui.action.PLUGIN_NOTIFICATION_MENU_ROW
04-21 11:14:02.482  4013  4250 D PluginActionManager: Found 0 plugins
04-21 11:14:02.482  4013  4250 D PluginActionManager: queryPkg com.google.android.gms com.android.systemui.action.PLUGIN_NOTIFICATION_MENU_ROW
04-21 11:14:02.482  4013  4013 D SecSTQuickControlRequestReceiver: onReceiveForPackage action = android.intent.action.PACKAGE_CHANGED, pkgName = com.google.android.gms
04-21 11:14:02.482  4013  4250 D PluginActionManager: Found 0 plugins
04-21 11:14:02.482  4013  4250 D PluginActionManager: queryPkg com.google.android.gms com.android.systemui.action.PLUGIN_NOTIFICATION_MENU_ROW
04-21 11:14:02.482  4013  4250 D PluginActionManager: Found 0 plugins
04-21 11:14:02.482  4013  4250 D PluginActionManager: queryPkg com.google.android.gms com.android.systemui.action.PLUGIN_NOTIFICATION_MENU_ROW
04-21 11:14:02.483  4013  4250 D PluginActionManager: Found 0 plugins
04-21 11:14:02.483  4013  4250 D PluginActionManager: queryPkg com.google.android.gms com.android.systemui.action.PLUGIN_NOTIFICATION_MENU_ROW
04-21 11:14:02.483  4013  4250 D PluginActionManager: Found 0 plugins
04-21 11:14:02.483  4013  4250 D PluginActionManager: queryPkg com.google.android.gms com.samsung.systemui.action.PLUGIN_FACE_WIDGET
04-21 11:14:02.483  4013  4250 D PluginActionManager: Too many of com.samsung.systemui.action.PLUGIN_FACE_WIDGET
04-21 11:14:02.483  4013  4250 D PluginActionManager: queryPkg com.google.android.gms com.android.systemui.action.PLUGIN_NAVIGATION_EDGE_BACK_ACTION
04-21 11:14:02.483  4013  4250 D PluginActionManager: Found 0 plugins
04-21 11:14:02.483  4013  4250 D PluginActionManager: queryPkg com.google.android.gms com.android.systemui.action.PEOPLE_HUB_PERSON_EXTRACTOR
04-21 11:14:02.483  4013  4250 D PluginActionManager: Found 0 plugins
04-21 11:14:02.483  4013  4250 D PluginActionManager: queryPkg com.google.android.gms com.android.systemui.action.PLUGIN_NOTIFICATION_ASSISTANT
04-21 11:14:02.483  4013  4250 D PluginActionManager: Found 0 plugins
04-21 11:14:02.483  4013  4250 D PluginActionManager: queryPkg com.google.android.gms com.android.systemui.action.PLUGIN_NOTIFICATION_MENU_ROW
04-21 11:14:02.484  4013  4250 D PluginActionManager: Found 0 plugins
04-21 11:14:02.484  4013  4250 D PluginActionManager: queryPkg com.google.android.gms com.android.systemui.action.PLUGIN_TOAST
04-21 11:14:02.484  4013  4250 D PluginActionManager: Found 0 plugins
04-21 11:14:02.485  4013 29421 D LauncherApps: onPackageChanged 0,com.google.android.gms
04-21 11:14:02.497  4389  4389 D RegisteredAidCache: generateAidCacheLocked: starting with aid A0000001524010
04-21 11:14:02.497  4389  4389 D RegisteredAidCache: generateAidCacheLocked: AIDs: [A0000001524010] were resolved.
04-21 11:14:02.499  4389  4389 D RegisteredAidCache: generateAidCacheLocked: Exact or Prefix AID.A0000001524010
04-21 11:14:02.499  4389  4389 D RegisteredAidCache: generateAidCacheLocked: AIDs: [A0000001524010] were resolved.
04-21 11:14:02.499  4389  4389 D RegisteredAidCache: generateAidCacheLocked: aid cache entryA0000001524010 val:AidResolveInfo{services=[], defaultService=null, category='other}
04-21 11:14:02.503  4389  4389 D RegisteredServicesCache: ApduService: ComponentInfo{com.samsung.android.spayfw/com.samsung.android.spayfw.core.hce.SPayHCEService}, UID: 5279, description: Samsung Pay, Static AID Groups: Category: payment, AIDs:325041592E5359532E4444463031, A0000004941010, A0000004942010, A0000004946010, A0000001410001, D9999999991010, D9999999992020, A0000000426010, A0000000426020, A000000042, A00000004260, A0000000426010000000000000000000, A999999999, A0000007300001, A0000002281010, A0000009122024, A0000009122124, A0000006581010, A0000006581099, A0000006582010, A0000006582099, A000000004*, A000000004, A0000000041010, A0000000042203, A0000000043060, A0000007800006, A0000000041010D07603, A000000003*, A000000003, A0000000031010, A0000000980840, A0000000032010, A0000000032020, A00000000305076620, A000000025*, A00000002501, A000000025011001, A0000000250110, A000000025021001, A000000025040303, A0000001523010, A0000001524010, A0000003241010, A0000002771010, A00000048510010101, A000000476D0000101, 4F53452E5641532E3031, A0000000030701, A00000000307010001, A0000000049999D840, A000000384*, A00000038410, A00000038420, A000000870FC000000000039, D2500000123010, D2500000121010, D2500000124000, D2500000122000, A0000000651010, A00000033301*, A000000333010101, A000000333010102, , Dynamic AID Groups: 
04-21 11:14:02.659  1931  2440 I SurfaceFlinger: Capture layer list: 	 com.hermescourier.android/com.hermescourier.android.MainActivity$_26467#94485(seamlessTransition:0)
04-21 11:14:02.892  4658 19932 I HoneySpace.SuggestAppDecor: getInstaller: com.hermescourier.android [null]
04-21 11:14:03.157  1931  2440 I SurfaceFlinger: Capture layer list: 	 com.hermescourier.android/com.hermescourier.android.MainActivity$_26467#94485(seamlessTransition:0)
04-21 11:14:03.274  1845 13401 D AudioFlinger: setParameters: filtered dev setParameters keyvalue g_hw_speaker_amp_temp_rcv=29
04-21 11:14:03.274  1845 13401 E ConversionHelperAidl: Function: parseAndSetVendorParameters Line: 94 Failed 
04-21 11:14:03.274  1845 13401 E ConversionHelperAidl: Function: parseAndSetVendorParameters Line: 94 Failed 
04-21 11:14:03.493  1030  1030 D io_stats: !@ Read_top(KB): .gms.persistent:high(22520) 64 m.samsung.euicc:high(29002) 56 ndroid.systemui:high(4013) 4
04-21 11:14:03.647  4013  8598 D LauncherApps: onPackageChanged 0,com.google.android.gms
04-21 11:14:03.652  4013  4250 D PluginActionManager: queryPkg com.google.android.gms com.android.systemui.action.PLUGIN_NOTIFICATION_MENU_ROW
04-21 11:14:03.652  4013  4250 D PluginActionManager: Found 0 plugins
04-21 11:14:03.652  4013  4250 D PluginActionManager: queryPkg com.google.android.gms com.android.systemui.action.PLUGIN_SENSOR_MANAGER
04-21 11:14:03.653  4013  4250 D PluginActionManager: Found 0 plugins
04-21 11:14:03.653  4013  4250 D PluginActionManager: queryPkg com.google.android.gms com.android.systemui.action.PLUGIN_NOTIFICATION_MENU_ROW
04-21 11:14:03.653  4013  4250 D PluginActionManager: Found 0 plugins
04-21 11:14:03.653  4013  4250 D PluginActionManager: queryPkg com.google.android.gms com.android.systemui.action.PLUGIN_NOTIFICATION_MENU_ROW
04-21 11:14:03.654  4013  4250 D PluginActionManager: Found 0 plugins
04-21 11:14:03.654  4013  4250 D PluginActionManager: queryPkg com.google.android.gms com.android.systemui.action.PLUGIN_NOTIFICATION_MENU_ROW
04-21 11:14:03.654  4013  4250 D PluginActionManager: Found 0 plugins
04-21 11:14:03.654  4013  4250 D PluginActionManager: queryPkg com.google.android.gms com.android.systemui.action.PLUGIN_NOTIFICATION_MENU_ROW
04-21 11:14:03.655  4013  4250 D PluginActionManager: Found 0 plugins
04-21 11:14:03.656  4013  4250 D PluginActionManager: queryPkg com.google.android.gms com.android.systemui.action.PLUGIN_CLOCK_PROVIDER
04-21 11:14:03.657  4013  4013 D ControlsListingControllerImpl: ServiceConfig reloaded, count: 10
04-21 11:14:03.657  4013  4250 D PluginActionManager: Found 0 plugins
04-21 11:14:03.659  4013  4250 D PluginActionManager: queryPkg com.google.android.gms com.android.systemui.action.PLUGIN_GLOBAL_ACTIONS
04-21 11:14:03.659  4013  4250 D PluginActionManager: Found 0 plugins
04-21 11:14:03.659  4013  4250 D PluginActionManager: queryPkg com.google.android.gms com.android.systemui.action.PLUGIN_QS
04-21 11:14:03.660  4013  4250 D PluginActionManager: Found 0 plugins
04-21 11:14:03.660  4013  4250 D PluginActionManager: queryPkg com.google.android.gms com.android.systemui.action.PLUGIN_NOTIFICATION_MENU_ROW
04-21 11:14:03.660  4013  4250 D PluginActionManager: Found 0 plugins
04-21 11:14:03.660  4013  4250 D PluginActionManager: queryPkg com.google.android.gms com.android.systemui.action.PLUGIN_NOTIFICATION_MENU_ROW
04-21 11:14:03.660  4013  4250 D PluginActionManager: Found 0 plugins
04-21 11:14:03.660  4013  4250 D PluginActionManager: queryPkg com.google.android.gms com.android.systemui.action.PLUGIN_NOTIFICATION_MENU_ROW
04-21 11:14:03.661  3957  3957 V SatelliteController: Neither SMS or SatelliteGateway package
04-21 11:14:03.661  4013  4250 D PluginActionManager: Found 0 plugins
04-21 11:14:03.661  4013  4250 D PluginActionManager: queryPkg com.google.android.gms com.android.systemui.action.PLUGIN_NOTIFICATION_MENU_ROW
04-21 11:14:03.661  4013  4173 D SecSTQuickControlRequestReceiver: onReceive intent = Intent { act=android.intent.action.PACKAGE_CHANGED dat=package: flg=0x45000010 (has extras) }
04-21 11:14:03.661  4013  4013 D KeyguardUpdateMonitor: received broadcast android.intent.action.PACKAGE_CHANGED
04-21 11:14:03.661  4013  4250 D PluginActionManager: Found 0 plugins
04-21 11:14:03.661  4013  4250 D PluginActionManager: queryPkg com.google.android.gms com.android.systemui.action.PLUGIN_NOTIFICATION_MENU_ROW
04-21 11:14:03.661  4013  4250 D PluginActionManager: Found 0 plugins
04-21 11:14:03.661  4013  4250 D PluginActionManager: queryPkg com.google.android.gms com.android.systemui.action.PLUGIN_OVERLAY
04-21 11:14:03.661  4013  4250 D PluginActionManager: Found 0 plugins
04-21 11:14:03.661  4013  4250 D PluginActionManager: queryPkg com.google.android.gms com.android.systemui.action.PLUGIN_NOTIFICATION_MENU_ROW
04-21 11:14:03.662  4013  4013 D SPluginManagerImpl: onReceive: android.intent.action.PACKAGE_CHANGED, size:{com.samsung.android.systemui.multistar.MultiStarManager$2@3decdfc=SPluginInstanceManager@176276825 (action=com.samsung.systemui.action.PLUGIN_MULTISTAR), com.android.systemui.noticenter.NotiCenterPlugin$NotiCenterPluginListener@643a3df=SPluginInstanceManager@255350046 (action=com.samsung.systemui.action.PLUGIN_NOTICENTER), com.android.systemui.lockstar.PluginLockStarManager@777f0c6=SPluginInstanceManager@136286719 (action=com.samsung.systemui.action.PLUGIN_LOCK_STAR), com.android.systemui.navigationbar.plugin.PluginBarInteractionManager$pluginListener$1@7b08f9e=SPluginInstanceManager@237439948 (action=com.samsung.systemui.navigationbar.PLUGIN), com.android.systemui.pluginlock.PluginLockMediatorImpl@91c60ea=SPluginInstanceManager@134241813 (action=com.samsung.systemui.action.PLUGIN_LOCK), com.android.systemui.volume.VolumeStarInteractor$start$1@a3bd760=SPluginInstanceManager@235971882 (action=com.samsung.systemui.volume.PLUGIN), com.android.systemui.slimindicator.SlimIndicatorPluginMediator@fa3fc3a=SPluginInstanceManager@132468507 (action=com.samsung.systemui.action.SPLUGIN_SLIMINDICATOR)}
04-21 11:14:03.662  4013  4013 I GoodLockLifecycle: onPackageChanged: com.google.android.gms
04-21 11:14:03.662  4013  4013 I SharedAppWidgetFacade:  onPackageChanged com.google.android.gms
04-21 11:14:03.662  4013  4013 D SecSTQuickControlRequestReceiver: onReceiveForPackage action = android.intent.action.PACKAGE_CHANGED, pkgName = com.google.android.gms
04-21 11:14:03.662  4013  4250 D PluginActionManager: Found 0 plugins
04-21 11:14:03.662  4013  4250 D PluginActionManager: queryPkg com.google.android.gms com.android.systemui.action.PLUGIN_VOLUME
04-21 11:14:03.662  4013  4250 D PluginActionManager: Found 0 plugins
04-21 11:14:03.662  4013  4250 D PluginActionManager: queryPkg com.google.android.gms com.android.systemui.action.PLUGIN_NOTIFICATION_MENU_ROW
04-21 11:14:03.663  4013  4250 D PluginActionManager: Found 0 plugins
04-21 11:14:03.663  4013  4250 D PluginActionManager: queryPkg com.google.android.gms com.android.systemui.action.PLUGIN_NOTIFICATION_MENU_ROW
04-21 11:14:03.663  4013  4250 D PluginActionManager: Found 0 plugins
04-21 11:14:03.663  4013  4250 D PluginActionManager: queryPkg com.google.android.gms com.android.systemui.action.PLUGIN_NOTIFICATION_MENU_ROW
04-21 11:14:03.663  4013  4250 D PluginActionManager: Found 0 plugins
04-21 11:14:03.664  4013  4250 D PluginActionManager: queryPkg com.google.android.gms com.android.systemui.action.PLUGIN_NOTIFICATION_MENU_ROW
04-21 11:14:03.664  4013  4250 D PluginActionManager: Found 0 plugins
04-21 11:14:03.664  4013  4250 D PluginActionManager: queryPkg com.google.android.gms com.android.systemui.action.PLUGIN_NOTIFICATION_MENU_ROW
04-21 11:14:03.664  4013  4250 D PluginActionManager: Found 0 plugins
04-21 11:14:03.664  4013  4250 D PluginActionManager: queryPkg com.google.android.gms com.android.systemui.action.PLUGIN_NOTIFICATION_MENU_ROW
04-21 11:14:03.664  4013  4250 D PluginActionManager: Found 0 plugins
04-21 11:14:03.664  4013  4250 D PluginActionManager: queryPkg com.google.android.gms com.android.systemui.action.PLUGIN_NOTIFICATION_MENU_ROW
04-21 11:14:03.665  4013  4250 D PluginActionManager: Found 0 plugins
04-21 11:14:03.665  4013  4250 D PluginActionManager: queryPkg com.google.android.gms com.samsung.systemui.action.PLUGIN_FACE_WIDGET
04-21 11:14:03.665  4013  4250 D PluginActionManager: Too many of com.samsung.systemui.action.PLUGIN_FACE_WIDGET
04-21 11:14:03.665  4013  4250 D PluginActionManager: queryPkg com.google.android.gms com.android.systemui.action.PLUGIN_NAVIGATION_EDGE_BACK_ACTION
04-21 11:14:03.665  4013  4250 D PluginActionManager: Found 0 plugins
04-21 11:14:03.665  4013  4250 D PluginActionManager: queryPkg com.google.android.gms com.android.systemui.action.PEOPLE_HUB_PERSON_EXTRACTOR
04-21 11:14:03.666  4013  4250 D PluginActionManager: Found 0 plugins
04-21 11:14:03.666  4013  4250 D PluginActionManager: queryPkg com.google.android.gms com.android.systemui.action.PLUGIN_NOTIFICATION_ASSISTANT
04-21 11:14:03.666  4013  4250 D PluginActionManager: Found 0 plugins
04-21 11:14:03.666  4013  4250 D PluginActionManager: queryPkg com.google.android.gms com.android.systemui.action.PLUGIN_NOTIFICATION_MENU_ROW
04-21 11:14:03.666  4013  4250 D PluginActionManager: Found 0 plugins
04-21 11:14:03.666  4013  4250 D PluginActionManager: queryPkg com.google.android.gms com.android.systemui.action.PLUGIN_TOAST
04-21 11:14:03.667  4013  4250 D PluginActionManager: Found 0 plugins
04-21 11:14:03.669  1931  2440 I SurfaceFlinger: Capture layer list: 	 com.hermescourier.android/com.hermescourier.android.MainActivity$_26467#94485(seamlessTransition:0)
04-21 11:14:03.677  4389  4389 D RegisteredAidCache: generateAidCacheLocked: starting with aid A0000001524010
04-21 11:14:03.677  4389  4389 D RegisteredAidCache: generateAidCacheLocked: AIDs: [A0000001524010] were resolved.
04-21 11:14:03.679  4389  4389 D RegisteredAidCache: generateAidCacheLocked: Exact or Prefix AID.A0000001524010
04-21 11:14:03.679  4389  4389 D RegisteredAidCache: generateAidCacheLocked: AIDs: [A0000001524010] were resolved.
04-21 11:14:03.679  4389  4389 D RegisteredAidCache: generateAidCacheLocked: aid cache entryA0000001524010 val:AidResolveInfo{services=[], defaultService=null, category='other}
