04-21 11:03:30.571  1058  1058 D keymint_swd: keymint_swd keymint [WRN] (km_add_tag:528) skip: non repetable tag already exists with different value: 268435458
04-21 11:03:30.571  1058  1058 D keymint_swd: keymint_swd keymint [WRN] (swd_run_cb:263) swd_begin() returns 0
04-21 11:03:30.571  1058  1058 D android.hardware.security.keymint-service: begin: ret 0
04-21 11:03:30.571  1041 16145 I keystore2: system/security/keystore2/src/security_level.rs:466 - In create_operation. Success to create IKeystoreOperation. 11016, None
04-21 11:03:30.571  1058  1058 D keymint_swd: keymint_swd keymint [WRN] (swd_run_cb:263) swd_update() returns 0
04-21 11:03:30.571  1058  1058 D android.hardware.security.keymint-service: update: ret 0
04-21 11:03:30.572  1058  1058 D keymint_swd: keymint_swd keymint [WRN] (swd_run_cb:263) swd_finish() returns 0
04-21 11:03:30.572  1058  1058 D android.hardware.security.keymint-service: finish: ret 0
04-21 11:03:30.582  5141  5180 I RequestManager_FLP: onOpChanged, op=0 / packageName=com.samsung.android.spayfw
04-21 11:03:30.582  2398  3052 D PackageManager: Don't send PACKAGE_CHANGED for app.revanced.android.gms by WorkManager
04-21 11:03:30.597  1793  1930 I HYPER-HAL: [RequestManager.cpp]acquire(): Acquired ID : 656214081  [1796 / 34430]    HINT :      list : [UCLAMP_MIN_BOOST / 0] [TIMEOUT / 350] [TID / 9482] [TID / 9483] [TID / 9377] [TID / 9479] 
04-21 11:03:30.599  2398  4968 D CoreBackPreview: Window{cc12207 u0 com.hermescourier.android/com.hermescourier.android.MainActivity}: Setting back callback OnBackInvokedCallbackInfo{mCallback=android.window.IOnBackInvokedCallback$Stub$Proxy@bb23bcd, mPriority=0, mIsAnimationCallback=false, mOverrideBehavior=0}
04-21 11:03:30.614  9474  9478 E Adreno-AppProfiles: QSPM AIDL service doesn't exist
04-21 11:03:30.614  9474  9478 W libc    : Access denied finding property "rw.vendor.gfx.dcap.process"
04-21 11:03:30.615  9474  9478 W libc    : Access denied finding property "persist.graphics.egl"
04-21 11:03:30.631 22520 22520 D BoundBrokerSvc: onUnbind: Intent { act=com.google.android.gms.actionlearner.api.LearnedActionProviderApiService.START dat=chimera-action:/... xflg=0x4 cmp=com.google.android.gms/.chimera.PersistentApiService }
04-21 11:03:30.669 32122 32143 V CpEventLog(u0): [P] cp_state: [                 contacts = {contacts=193, raw_contacts=310, data=1625, account={secphone(1)=15, sim(2)=3, sim2(3)=0, agg(4)=0, google(5)=191, samsung(7)=0, mobileservice(8)=0, whatsapp(19)=73, telegram(26)=28}, trash=0, trash_acc={}, trash_sync=0, database=contacts2.db} ]
04-21 11:03:30.669 32122 32143 V CpEventLog(u0): [P] cp_state: [               aggregated = {[19]=1, [2]=3, [5,1,19,19]=1, [5,1,19,26]=2, [5,1,19]=3, [5,1,26]=3, [5,19,19,26]=2, [5,19,19]=1, [5,19,26]=13, [5,19]=45, [5,1]=5, [5,26]=7, [5,5,1,19,26]=1, [5]=107} ]
04-21 11:03:30.669 32122 32143 V CpEventLog(u0): [P] cp_state: [                  request = {ALL(0)={avg=8, cnt=4, dur=33, ops={query=2, delete=2}}, acore(32122)={avg=14, cnt=2, dur=29, ops={delete=2}}, contacts(549)={avg=2, cnt=2, dur=4, ops={query=2}}} ]
04-21 11:03:30.669 32122 32143 V CpEventLog(u0): [P] cp_state: [                    calls = {types={[100]=618, [1000]=816}, database=calllog.db} ]
04-21 11:03:30.669 32122 32143 V CpEventLog(u0): [P] cp_state: [                  profile = {contacts=0, raw_contacts=0, data=0, account={secphone(1)=0, sim(2)=0, sim2(3)=0, agg(4)=0, google(5)=0, samsung(7)=0, mobileservice(8)=0, whatsapp(16)=0, telegram(20)=0}, trash=0, trash_acc={}, trash_sync=0, database=profile.db} ]
04-21 11:03:30.669 32122 32143 V CpEventLog(u0): [P] cp_state: [               sa_profile = {contacts=1, raw_contacts=1, data=2, account={secphone(1)=1, sim(2)=0, sim2(3)=0, agg(4)=0, google(5)=0, samsung(7)=0, mobileservice(8)=0, whatsapp(16)=0, telegram(20)=0}, trash=0, trash_acc={}, trash_sync=0, database=profile_sa.db} ]
04-21 11:03:30.669 32122 32143 V CpEventLog(u0): [P] cp_state: [                      etc = {binders=0, country_iso=CA, version=15.6.18, db_version=2000, db_size=1, db_wal_size=2, csc=CAN/RWC, sec_enabled=false, is_roaming=false} ]
04-21 11:03:30.669 32122 32143 V CpEventLog(u0): [P] cp_state: ------------------------------------------------------------------------------
04-21 11:03:30.689  2398  3028 D PowerManagerService: displayReady: false groupId=0
04-21 11:03:30.689  2398  3028 D DisplayPowerController[0]: animateScreenStateChange: target=ON, mIsEnabled=true
04-21 11:03:30.689  2398  3028 D DisplayPowerController[1]: animateScreenStateChange: target=OFF, mIsEnabled=false
04-21 11:03:30.689  2398  3028 D PowerManagerService: displayReady: true groupId=0
04-21 11:03:30.690  9377  9377 W courier.android: Method boolean androidx.compose.runtime.snapshots.SnapshotStateList.conditionalUpdate(boolean, kotlin.jvm.functions.Function1) failed lock verification and will run slower.
04-21 11:03:30.690  9377  9377 W courier.android: Common causes for lock verification issues are non-optimized dex code
04-21 11:03:30.690  9377  9377 W courier.android: and incorrect proguard optimizations.
04-21 11:03:30.690  9377  9377 W courier.android: Method boolean androidx.compose.runtime.snapshots.SnapshotStateList.conditionalUpdate$default(androidx.compose.runtime.snapshots.SnapshotStateList, boolean, kotlin.jvm.functions.Function1, int, java.lang.Object) failed lock verification and will run slower.
04-21 11:03:30.691  9377  9377 W courier.android: Method java.lang.Object androidx.compose.runtime.snapshots.SnapshotStateList.mutate(kotlin.jvm.functions.Function1) failed lock verification and will run slower.
04-21 11:03:30.691  9377  9377 W courier.android: Method void androidx.compose.runtime.snapshots.SnapshotStateList.update(boolean, kotlin.jvm.functions.Function1) failed lock verification and will run slower.
04-21 11:03:30.691  9377  9377 W courier.android: Method void androidx.compose.runtime.snapshots.SnapshotStateList.update$default(androidx.compose.runtime.snapshots.SnapshotStateList, boolean, kotlin.jvm.functions.Function1, int, java.lang.Object) failed lock verification and will run slower.
04-21 11:03:30.765  1793  9371 I HYPER-HAL: [RequestManager.cpp]releaseLocked(): Released ID : 2917337
04-21 11:03:30.782  2398  4968 I WindowManager: Relayout Window{cc12207 u0 com.hermescourier.android/com.hermescourier.android.MainActivity}: viewVisibility=0 req=1080x2520 ty=1 d0
04-21 11:03:30.782  1931  2090 I SurfaceFlinger: id=94287 createSurf, flag=44004, com.hermescourier.android/com.hermescourier.android.MainActivity$_9377#94287
04-21 11:03:30.783  2398  4968 D WindowManager: makeSurface duration=1 name=com.hermescourier.android/com.hermescourier.android.MainActivity$_9377
04-21 11:03:30.783  2398  4968 D SurfaceComposerClient: setCornerRadius ## 5d6e1de Splash Screen com.hermescourier.android#94278 cornerRadius=0.000000
04-21 11:03:30.783  2398  4968 D SurfaceComposerClient: setCornerRadius ## cc12207 com.hermescourier.android/com.hermescourier.android.MainActivity#94286 cornerRadius=0.000000
04-21 11:03:30.783  2398  4968 D SurfaceComposerClient: setCornerRadius ## 5d6e1de Splash Screen com.hermescourier.android#94278 cornerRadius=0.000000
04-21 11:03:30.783  2398  4968 D SurfaceComposerClient: setCornerRadius ## cc12207 com.hermescourier.android/com.hermescourier.android.MainActivity#94286 cornerRadius=0.000000
04-21 11:03:30.784  2398  4968 D WindowManager: Changing focus from null to Window{cc12207 u0 com.hermescourier.android/com.hermescourier.android.MainActivity} displayId=0 Callers=com.android.server.wm.WindowManagerService.relayoutWindow:1411 com.android.server.wm.Session.relayout:27 android.view.IWindowSession$Stub.onTransact:829 com.android.server.wm.Session.onTransact:1 
04-21 11:03:30.784  2398  4968 I WindowManager: Cancelling animation restarting=true, leash=Surface(name=Surface(name=ee68606 NavigationBar0)/@0x9729b8a - animation-leash of insets_animation)/@0xa0e9e8b
04-21 11:03:30.784  2398  4968 I WindowManager: Reparenting to original parent: Surface(name=WindowToken{6812c5c type=2019 android.os.BinderProxy@551bf2e})/@0x7ec75fb, destroy=false, surface=Surface(name=ee68606 NavigationBar0)/@0x9729b8a
04-21 11:03:30.784  2398  4968 I WindowManager: Reparenting to leash, surface=Surface(name=ee68606 NavigationBar0)/@0x9729b8a, leashParent=Surface(name=WindowToken{6812c5c type=2019 android.os.BinderProxy@551bf2e})/@0x7ec75fb
04-21 11:03:30.784  1931  2090 I SurfaceFlinger: id=94288 createSurf, flag=24000, Surface(name=ee68606 NavigationBar0)/@0x9729b8a - animation-leash of insets_animation#94288
04-21 11:03:30.784  2398  4968 D WindowManager: makeSurface duration=0 leash=Surface(name=Surface(name=ee68606 NavigationBar0)/@0x9729b8a - animation-leash of insets_animation)/@0x5b3c7c9
04-21 11:03:30.784  2398  4968 D InsetsSourceProvider: updateControlForTarget: control=InsetsSourceControl: {45910001 mType=navigationBars initiallyVisible mSurfacePosition=Point(0, 2394) mInsetsHint=Insets{left=0, top=0, right=0, bottom=39}}, target=Window{cc12207 u0 com.hermescourier.android/com.hermescourier.android.MainActivity}, from=com.android.server.wm.InsetsStateController.onControlTargetChanged:83 com.android.server.wm.InsetsPolicy.updateBarControlTarget:188 com.android.server.wm.DisplayPolicy.updateSystemBarAttributes:250 com.android.server.wm.WindowManagerService.updateFocusedWindowLocked:372 com.android.server.wm.WindowManagerService.relayoutWindow:1411 
04-21 11:03:30.784  2398  4968 I WindowManager: Cancelling animation restarting=true, leash=Surface(name=Surface(name=3b87977 StatusBar)/@0xd0f69cf - animation-leash of insets_animation)/@0x930bb81
04-21 11:03:30.784  2398  4968 I WindowManager: Reparenting to original parent: Surface(name=WindowToken{4becf76 type=2000 android.os.BinderProxy@e772238})/@0x6e74f5c, destroy=false, surface=Surface(name=3b87977 StatusBar)/@0xd0f69cf
04-21 11:03:30.784  2398  4968 I WindowManager: Reparenting to leash, surface=Surface(name=3b87977 StatusBar)/@0xd0f69cf, leashParent=Surface(name=WindowToken{4becf76 type=2000 android.os.BinderProxy@e772238})/@0x6e74f5c
04-21 11:03:30.784  1931  2090 I SurfaceFlinger: id=94289 createSurf, flag=24000, Surface(name=3b87977 StatusBar)/@0xd0f69cf - animation-leash of insets_animation#94289
04-21 11:03:30.784  2398  4968 D WindowManager: makeSurface duration=1 leash=Surface(name=Surface(name=3b87977 StatusBar)/@0xd0f69cf - animation-leash of insets_animation)/@0xff9f1ef
04-21 11:03:30.784  2398  4968 D InsetsSourceProvider: updateControlForTarget: control=InsetsSourceControl: {fbc60000 mType=statusBars initiallyVisible mSurfacePosition=Point(0, 0) mInsetsHint=Insets{left=0, top=110, right=0, bottom=0}}, target=Window{cc12207 u0 com.hermescourier.android/com.hermescourier.android.MainActivity}, from=com.android.server.wm.InsetsStateController.onControlTargetChanged:83 com.android.server.wm.InsetsPolicy.updateBarControlTarget:175 com.android.server.wm.DisplayPolicy.updateSystemBarAttributes:250 com.android.server.wm.WindowManagerService.updateFocusedWindowLocked:372 com.android.server.wm.WindowManagerService.relayoutWindow:1411 
04-21 11:03:30.784  2398  4968 I WindowManager: Cancelling animation restarting=true, leash=Surface(name=Surface(name=9fc5b0a TaskbarWindow)/@0x7d2c547 - animation-leash of insets_animation)/@0xe287614
04-21 11:03:30.784  2398  4968 I WindowManager: Reparenting to original parent: Surface(name=WindowToken{931682d type=2024 android.os.BinderProxy@f3e09a8})/@0x8c3d174, destroy=false, surface=Surface(name=9fc5b0a TaskbarWindow)/@0x7d2c547
04-21 11:03:30.785  2398  4968 I WindowManager: Reparenting to leash, surface=Surface(name=9fc5b0a TaskbarWindow)/@0x7d2c547, leashParent=Surface(name=WindowToken{931682d type=2024 android.os.BinderProxy@f3e09a8})/@0x8c3d174
04-21 11:03:30.785  1931  2090 I SurfaceFlinger: id=94290 createSurf, flag=24000, Surface(name=9fc5b0a TaskbarWindow)/@0x7d2c547 - animation-leash of insets_animation#94290
04-21 11:03:30.785  2398  4968 D WindowManager: makeSurface duration=0 leash=Surface(name=Surface(name=9fc5b0a TaskbarWindow)/@0x7d2c547 - animation-leash of insets_animation)/@0x4281785
04-21 11:03:30.785  2398  4968 D InsetsSourceProvider: updateControlForTarget: control=InsetsSourceControl: {9b490001 mType=navigationBars initiallyVisible mSurfacePosition=Point(0, 1608) mInsetsHint=Insets{left=0, top=0, right=0, bottom=31}}, target=Window{cc12207 u0 com.hermescourier.android/com.hermescourier.android.MainActivity}, from=com.android.server.wm.InsetsStateController.onControlTargetChanged:83 com.android.server.wm.InsetsPolicy.updateBarControlTarget:188 com.android.server.wm.DisplayPolicy.updateSystemBarAttributes:250 com.android.server.wm.WindowManagerService.updateFocusedWindowLocked:372 com.android.server.wm.WindowManagerService.relayoutWindow:1411 
04-21 11:03:30.785  2398  4968 V SystemKeyManager: updateFocusedWindow() is called, com.hermescourier.android/com.hermescourier.android.MainActivity
04-21 11:03:30.785  2398  4968 I WindowManager: Relayout hash=cc12207, pid=9377, syncId=-1: mAttrs={(0,0)(fillxfill) sim={adjust=pan forwardNavigation} layoutInDisplayCutoutMode=always ty=BASE_APPLICATION wanim=0x1030001
04-21 11:03:30.785  2398  4968 I WindowManager:   fl=1810100
04-21 11:03:30.785  2398  4968 I WindowManager:   pfl=100080c0
04-21 11:03:30.785  2398  4968 I WindowManager:   bhv=1
04-21 11:03:30.785  2398  4968 I WindowManager:   fitSides=0
04-21 11:03:30.785  2398  4968 I WindowManager:   frameRateBoostOnTouch=true
04-21 11:03:30.785  2398  4968 I WindowManager:   dvrrWindowFrameRateHint=true naviIconColor=0}
04-21 11:03:30.786  1931  2090 I VSyncReactor: Current= 120, Period= 120, Distance= 1
04-21 11:03:30.787  9377  9377 E courier.android: Unable to open libpenguin.so: dlopen failed: library "libpenguin.so" not found.
04-21 11:03:30.787  9377  9377 W libc    : Access denied finding property "vendor.gpp.create_frc_extension"
04-21 11:03:30.787  9377  9377 I BufferQueueProducer: [](id:24a100000000,api:0,p:0,c:9377) setDequeueTimeout:2077252342
04-21 11:03:30.787  9377  9377 I BLASTBufferQueue_Java: new BLASTBufferQueue, mName= VRI[MainActivity]@de4a1b5 mNativeObject= 0xb400007241f97350 caller= android.view.ViewRootImpl.updateBlastSurfaceIfNeeded:3570 android.view.ViewRootImpl.relayoutWindow:11614 android.view.ViewRootImpl.performTraversals:4755 android.view.ViewRootImpl.doTraversal:3904 android.view.ViewRootImpl$TraversalRunnable.run:12819 android.view.Choreographer$CallbackRecord.run:1901 android.view.Choreographer$CallbackRecord.run:1910 android.view.Choreographer.doCallbacks:1367 android.view.Choreographer.doFrame:1292 android.view.Choreographer$FrameDisplayEventReceiver.run:1870 
04-21 11:03:30.787  9377  9377 I BLASTBufferQueue_Java: update, w= 1080 h= 2520 mName = VRI[MainActivity]@de4a1b5 mNativeObject= 0xb400007241f97350 sc.mNativeObject= 0xb4000072c1f79590 format= -1 caller= android.view.ViewRootImpl.updateBlastSurfaceIfNeeded:3575 android.view.ViewRootImpl.relayoutWindow:11614 android.view.ViewRootImpl.performTraversals:4755 android.view.ViewRootImpl.doTraversal:3904 android.view.ViewRootImpl$TraversalRunnable.run:12819 android.view.Choreographer$CallbackRecord.run:1901 
04-21 11:03:30.788  9377  9377 W libc    : Access denied finding property "vendor.gpp.create_frc_extension"
04-21 11:03:30.788  1931  2090 W ServiceManagerCppClient: Permission failure: android.permission.ACCESS_SURFACE_FLINGER from uid=11016 pid=0
04-21 11:03:30.788  1931  2090 D PermissionCache: checking android.permission.ACCESS_SURFACE_FLINGER for uid=11016 => denied (107 us)
04-21 11:03:30.788  1931  2090 W ServiceManagerCppClient: Permission failure: android.permission.ROTATE_SURFACE_FLINGER from uid=11016 pid=0
04-21 11:03:30.788  1931  2090 D PermissionCache: checking android.permission.ROTATE_SURFACE_FLINGER for uid=11016 => denied (49 us)
04-21 11:03:30.788  9377  9377 I VRI[MainActivity]@de4a1b5: Relayout returned: old=(0,0,1080,2520) new=(0,0,1080,2520) relayoutAsync=false req=(1080,2520)0 dur=4 res=0x3 s={true 0xb400007261f86020} ch=true seqId=0
04-21 11:03:30.788  1931  2090 W ServiceManagerCppClient: Permission failure: android.permission.INTERNAL_SYSTEM_WINDOW from uid=11016 pid=0
04-21 11:03:30.788  1931  2090 D PermissionCache: checking android.permission.INTERNAL_SYSTEM_WINDOW for uid=11016 => denied (75 us)
04-21 11:03:30.788  9377  9377 I VRI[MainActivity]@de4a1b5: performConfigurationChange setNightDimText nightDimLevel=0
04-21 11:03:30.789  9377  9377 D VRI[MainActivity]@de4a1b5: mThreadedRenderer.initialize() mSurface={isValid=true 0xb400007261f86020} hwInitialized=true
04-21 11:03:30.789  1931  1931 I SurfaceFlinger: [com.hermescourier.android/com.hermescourier.android.MainActivity$_9377#94287] attach to parent LayerHierarchy{RequestedLayerState{cc12207 com.hermescourier.android/com.hermescourier.android.MainActivity#94286 parentId=94277} 1 children}
04-21 11:03:30.789  1931  1931 I SurfaceFlinger: [Surface(name=ee68606 NavigationBar0)/@0x9729b8a - animation-leash of insets_animation#94288] attach to parent LayerHierarchy{RequestedLayerState{WindowToken{6812c5c type=2019 android.os.BinderProxy@551bf2e}#108 parentId=35} 2 children}
04-21 11:03:30.789  1931  1931 I SurfaceFlinger: [Surface(name=3b87977 StatusBar)/@0xd0f69cf - animation-leash of insets_animation#94289] attach to parent LayerHierarchy{RequestedLayerState{WindowToken{4becf76 type=2000 android.os.BinderProxy@e772238}#118 parentId=18} 2 children}
04-21 11:03:30.789  1931  1931 I SurfaceFlinger: [Surface(name=9fc5b0a TaskbarWindow)/@0x7d2c547 - animation-leash of insets_animation#94290] attach to parent LayerHierarchy{RequestedLayerState{WindowToken{931682d type=2024 android.os.BinderProxy@f3e09a8}#3027 parentId=35 z=3} 2 children}
04-21 11:03:30.791  1931  2440 I SurfaceFlinger: Capture layer list: 	 Splash Screen com.hermescourier.android$_4013#94279(seamlessTransition:0)
04-21 11:03:30.794  1931  2091 I VSyncReactor: Current= 120, Period= 120, Distance= 121
04-21 11:03:30.797  1931  1931 I SurfaceFlinger: [LayerHierarchy{RequestedLayerState{9fc5b0a TaskbarWindow#3028 parentId=94290} 1 children}] reparent to LayerHierarchy{RequestedLayerState{Surface(name=9fc5b0a TaskbarWindow)/@0x7d2c547 - animation-leash of insets_animation#94290 parentId=3027} 1 children}
04-21 11:03:30.797  1931  1931 I SurfaceFlinger: [LayerHierarchy{RequestedLayerState{ee68606 NavigationBar0#109 parentId=94288} 1 children}] reparent to LayerHierarchy{RequestedLayerState{Surface(name=ee68606 NavigationBar0)/@0x9729b8a - animation-leash of insets_animation#94288 parentId=108} 1 children}
04-21 11:03:30.798  1931  1931 I SurfaceFlinger: [LayerHierarchy{RequestedLayerState{3b87977 StatusBar#119 parentId=94289} 1 children}] reparent to LayerHierarchy{RequestedLayerState{Surface(name=3b87977 StatusBar)/@0xd0f69cf - animation-leash of insets_animation#94289 parentId=118} 1 children}
04-21 11:03:30.798  1931  1931 I SurfaceFlinger: [LayerHierarchy{RequestedLayerState{Surface(name=3b87977 StatusBar)/@0xd0f69cf - animation-leash of insets_animation#94282} no children}] reparent to OffscreenRoot
04-21 11:03:30.798  1931  1931 I SurfaceFlinger: [LayerHierarchy{RequestedLayerState{Surface(name=3b87977 StatusBar)/@0xd0f69cf - animation-leash of insets_animation#94282} no children}] RelativeParent to null
04-21 11:03:30.798  1931  1931 I SurfaceFlinger: [LayerHierarchy{RequestedLayerState{Surface(name=9fc5b0a TaskbarWindow)/@0x7d2c547 - animation-leash of insets_animation#94283} no children}] reparent to OffscreenRoot
04-21 11:03:30.798  1931  1931 I SurfaceFlinger: [LayerHierarchy{RequestedLayerState{Surface(name=9fc5b0a TaskbarWindow)/@0x7d2c547 - animation-leash of insets_animation#94283} no children}] RelativeParent to null
04-21 11:03:30.798  1931  1931 I SurfaceFlinger: [LayerHierarchy{RequestedLayerState{Surface(name=ee68606 NavigationBar0)/@0x9729b8a - animation-leash of insets_animation#94281} no children}] reparent to OffscreenRoot
04-21 11:03:30.798  1931  1931 I SurfaceFlinger: [LayerHierarchy{RequestedLayerState{Surface(name=ee68606 NavigationBar0)/@0x9729b8a - animation-leash of insets_animation#94281} no children}] RelativeParent to null
04-21 11:03:30.798  1931  2091 I SurfaceFlinger: id=94283 Removed Surface(name=9fc5b0a TaskbarWindow)/@0x7d2c547 - animation-leash of insets_animation#94283 (236)
04-21 11:03:30.798  2398  2901 I WindowManager: notifyInsetsControlChanged, removed=false, win=Window{5d6e1de u0 Splash Screen com.hermescourier.android}, caller=com.android.server.wm.InsetsStateController$$ExternalSyntheticLambda1.run:137 com.android.server.wm.WindowAnimator$$ExternalSyntheticLambda2.onTransactionCommitted:26 android.view.SurfaceControl$Transaction$$ExternalSyntheticLambda4.run:0 android.os.Handler.handleCallback:995 android.os.Handler.dispatchMessage:103 android.os.Looper.loopOnce:273 
04-21 11:03:30.799  1931  2464 D SurfaceFlinger: [input] setFocusedWindow: cc12207 com.hermescourier.android/com.hermescourier.android.MainActivity
04-21 11:03:30.799  4013  4139 I VRI[android]@ebe998f: onActiveControlsChanged, removed=false, mAdded=true, caller=android.view.ViewRootImpl.handleInsetsControlChanged:2987 android.view.ViewRootImpl$ViewRootHandler.handleMessageImpl:8292 android.view.ViewRootImpl$ViewRootHandler.handleMessage:8241 android.os.Handler.dispatchMessage:110 android.os.Looper.loopOnce:273 
04-21 11:03:30.799  2398  4075 D InputDispatcher: Once focus requested (0): cc12207 com.hermescourier.android/com.hermescourier.android.MainActivity
04-21 11:03:30.799  2398  4075 D InputDispatcher: Focus request (0): cc12207 com.hermescourier.android/com.hermescourier.android.MainActivity but waiting because NO_WINDOW
04-21 11:03:30.799  1931  2091 I SurfaceFlinger: id=94281 Removed Surface(name=ee68606 NavigationBar0)/@0x9729b8a - animation-leash of insets_animation#94281 (236)
04-21 11:03:30.799  1931  2090 I SurfaceFlinger: id=94282 Removed Surface(name=3b87977 StatusBar)/@0xd0f69cf - animation-leash of insets_animation#94282 (236)
04-21 11:03:30.811  1931  1931 I SurfaceFlinger: destroyed Surface(name=3b87977 StatusBar)/@0xd0f69cf - animation-leash of insets_animation#94282 form LifecycleManager
04-21 11:03:30.811  1931  1931 I SurfaceFlinger: destroyed Surface(name=9fc5b0a TaskbarWindow)/@0x7d2c547 - animation-leash of insets_animation#94283 form LifecycleManager
04-21 11:03:30.811  1931  1931 I SurfaceFlinger: destroyed Surface(name=ee68606 NavigationBar0)/@0x9729b8a - animation-leash of insets_animation#94281 form LifecycleManager
04-21 11:03:30.811  1931  1931 I SurfaceFlinger: id=94282 onLayerDestroyed from LayerHierarchyBuilder(RequestedLayerState{Surface(name=3b87977 StatusBar)/@0xd0f69cf - animation-leash of insets_animation#94282 !handle})
04-21 11:03:30.811  1931  1931 I SurfaceFlinger: id=94283 onLayerDestroyed from LayerHierarchyBuilder(RequestedLayerState{Surface(name=9fc5b0a TaskbarWindow)/@0x7d2c547 - animation-leash of insets_animation#94283 !handle})
04-21 11:03:30.811  1931  1931 I SurfaceFlinger: id=94281 onLayerDestroyed from LayerHierarchyBuilder(RequestedLayerState{Surface(name=ee68606 NavigationBar0)/@0x9729b8a - animation-leash of insets_animation#94281 !handle})
04-21 11:03:30.811  1931  1931 I Layer   : id=94282 Destroyed Surface(name=3b87977 StatusBar)/@0xd0f69cf - animation-leash of insets_animation#94282
04-21 11:03:30.811  1931  1931 I Layer   : id=94283 Destroyed Surface(name=9fc5b0a TaskbarWindow)/@0x7d2c547 - animation-leash of insets_animation#94283
04-21 11:03:30.811  1931  1931 I Layer   : id=94281 Destroyed Surface(name=ee68606 NavigationBar0)/@0x9729b8a - animation-leash of insets_animation#94281
04-21 11:03:30.814  9377  9377 D VRI[MainActivity]@de4a1b5: reportNextDraw android.view.ViewRootImpl.performTraversals:5394 android.view.ViewRootImpl.doTraversal:3904 android.view.ViewRootImpl$TraversalRunnable.run:12819 android.view.Choreographer$CallbackRecord.run:1901 android.view.Choreographer$CallbackRecord.run:1910 
04-21 11:03:30.814  9377  9377 D VRI[MainActivity]@de4a1b5: Setup new sync=wmsSync-VRI[MainActivity]@de4a1b5#0
04-21 11:03:30.814  9377  9377 I VRI[MainActivity]@de4a1b5: Creating new active sync group VRI[MainActivity]@de4a1b5#1
04-21 11:03:30.815  9377  9377 D VRI[MainActivity]@de4a1b5: registerCallbacksForSync syncBuffer=false
04-21 11:03:30.836  9377  9483 D VRI[MainActivity]@de4a1b5: Received frameDrawingCallback syncResult=0 frameNum=1.
04-21 11:03:30.836  9377  9483 I VRI[MainActivity]@de4a1b5: mWNT: t=0xb400007211f98750 mBlastBufferQueue=0xb400007241f97350 fn= 1 HdrRenderState mRenderHdrSdrRatio=1.0 caller= android.view.ViewRootImpl$12.onFrameDraw:15352 android.view.ThreadedRenderer$1.onFrameDraw:718 <bottom of call stack> 
04-21 11:03:30.836  9377  9483 I VRI[MainActivity]@de4a1b5: Setting up sync and frameCommitCallback
04-21 11:03:30.837  9377  9479 I AdrenoUtils: <ReadGpuID:366>: Reading chip ID through GSL
04-21 11:03:30.882  1805  2408 I SDM     : DisplayBase::CommitThread: Received idle timeout, panel: cmd, timeout: 70000 us
04-21 11:03:30.887  1820  2586 I thermal_core: pivot(AP) : 319, skin : 312
04-21 11:03:30.887  1820  2586 I vendor.samsung.hardware.thermal-service: index = -2.600000
04-21 11:03:30.887  1820  2586 I vendor.samsung.hardware.thermal-service: 1 / 10
04-21 11:03:30.889  2398  3028 D PowerManagerService: displayReady: false groupId=0
04-21 11:03:30.889  2398  3028 D DisplayPowerController[0]: animateScreenStateChange: target=ON, mIsEnabled=true
04-21 11:03:30.889  2398  3028 D DisplayPowerController[1]: animateScreenStateChange: target=OFF, mIsEnabled=false
04-21 11:03:30.889  2398  3028 D PowerManagerService: displayReady: true groupId=0
04-21 11:03:30.891  1931  2440 I SurfaceFlinger: Capture layer list: 	 Splash Screen com.hermescourier.android$_4013#94279(seamlessTransition:0)
04-21 11:03:30.947  1793  9511 I HYPER-HAL: [RequestManager.cpp]releaseLocked(): Released ID : 656214081
04-21 11:03:30.959  9377  9479 I BLASTBufferQueue: [VRI[MainActivity]@de4a1b5#0](f:0,a:0,s:0) onFrameAvailable the first frame is available
04-21 11:03:30.959  9377  9479 I SurfaceComposerClient: apply transaction with the first frame. layerId: 94287, bufferData(ID: 40273908334595, frameNumber: 1)
04-21 11:03:30.960  9377  9479 I VRI[MainActivity]@de4a1b5: Received frameCommittedCallback lastAttemptedDrawFrameNum=1 didProduceBuffer=true
04-21 11:03:30.960  1931  2091 I SurfaceFlinger: [com.hermescourier.android/com.hermescourier.android.MainActivity$_9377#94287] setTransactionState with the first frame. bufferData(ID: 40273908334595, frameNumber: 1)
04-21 11:03:30.960  9377  9479 D HWUI    : CFMS:: SetUp Pid : 9377    Tid : 9479
04-21 11:03:30.960  9377  9377 D VRI[MainActivity]@de4a1b5: reportDrawFinished seqId=0
04-21 11:03:30.960  9377  9377 I Choreographer: Skipped 90 frames!  The application may be doing too much work on its main thread.
04-21 11:03:30.961  2398  3243 W ServiceManagerCppClient: Permission failure: android.permission.ACCESS_SURFACE_FLINGER from uid=11016 pid=0
04-21 11:03:30.961  2398  3243 D PermissionCache: checking android.permission.ACCESS_SURFACE_FLINGER for uid=11016 => denied (80 us)
04-21 11:03:30.961  2398  3243 W ServiceManagerCppClient: Permission failure: android.permission.ROTATE_SURFACE_FLINGER from uid=11016 pid=0
04-21 11:03:30.961  2398  3243 D PermissionCache: checking android.permission.ROTATE_SURFACE_FLINGER for uid=11016 => denied (19 us)
04-21 11:03:30.961  2398  3243 W ServiceManagerCppClient: Permission failure: android.permission.INTERNAL_SYSTEM_WINDOW from uid=11016 pid=0
04-21 11:03:30.961  2398  3243 D PermissionCache: checking android.permission.INTERNAL_SYSTEM_WINDOW for uid=11016 => denied (10 us)
04-21 11:03:30.961  2398  3243 D WindowManager: finishDrawingWindow: Window{cc12207 u0 com.hermescourier.android/com.hermescourier.android.MainActivity} mDrawState=DRAW_PENDING seqId=0
04-21 11:03:30.961  2398  2901 D SurfaceComposerClient: setCornerRadius ## 5d6e1de Splash Screen com.hermescourier.android#94278 cornerRadius=0.000000
04-21 11:03:30.961  2398  2901 D SurfaceComposerClient: setCornerRadius ## cc12207 com.hermescourier.android/com.hermescourier.android.MainActivity#94286 cornerRadius=0.000000
04-21 11:03:30.961  2398  2901 D SurfaceComposerClient: setCornerRadius ## 5d6e1de Splash Screen com.hermescourier.android#94278 cornerRadius=0.000000
04-21 11:03:30.961  2398  2901 V WindowManager: Finish starting ActivityRecord{82691203 u0 com.hermescourier.android/.MainActivity t8484}: first real window is shown, no animation
04-21 11:03:30.961  2398  2901 V WindowManager: Schedule remove starting ActivityRecord{82691203 u0 com.hermescourier.android/.MainActivity t8484} startingWindow=Window{5d6e1de u0 Splash Screen com.hermescourier.android} animate=true Callers=com.android.server.wm.ActivityRecord.removeStartingWindow:178 com.android.server.wm.WindowState.performShowLocked:155 com.android.server.wm.WindowStateAnimator.commitFinishDrawingLocked:73 com.android.server.wm.DisplayContent$$ExternalSyntheticLambda1.accept$com$android$server$wm$DisplayContent$$ExternalSyntheticLambda37:23 com.android.server.wm.DisplayContent$$ExternalSyntheticLambda1.accept:155 
04-21 11:03:30.961  2398  2901 D TaskOrganizerController: applyStartingWindowAnimation, window=Window{cc12207 u0 com.hermescourier.android/com.hermescourier.android.MainActivity}, caller=com.android.server.wm.TaskOrganizerController.removeStartingWindow:132 com.android.server.wm.StartingSurfaceController$StartingSurface.remove:23 com.android.server.wm.ActivityRecord.removeStartingWindowAnimation:171 
04-21 11:03:30.961  2398  2901 I WindowManager: Reparenting to leash, surface=Surface(name=cc12207 com.hermescourier.android/com.hermescourier.android.MainActivity)/@0x21ab9da, leashParent=Surface(name=ActivityRecord{82691203 u0 com.hermescourier.android/.MainActivity t8484})/@0x29dbe0b
04-21 11:03:30.961  1931  2090 I SurfaceFlinger: id=94291 createSurf, flag=24000, Surface(name=cc12207 com.hermescourier.android/com.hermescourier.android.MainActivity)/@0x21ab9da - animation-leash of starting_reveal#94291
04-21 11:03:30.962  2398  2901 D WindowManager: makeSurface duration=0 leash=Surface(name=Surface(name=cc12207 com.hermescourier.android/com.hermescourier.android.MainActivity)/@0x21ab9da - animation-leash of starting_reveal)/@0x49374e8
04-21 11:03:30.962  2398  2901 V WindowManager: performShowLocked: mDrawState=HAS_DRAWN in Window{cc12207 u0 com.hermescourier.android/com.hermescourier.android.MainActivity}
04-21 11:03:30.962  2398  2901 D SurfaceComposerClient: setCornerRadius ## cc12207 com.hermescourier.android/com.hermescourier.android.MainActivity#94286 cornerRadius=0.000000
04-21 11:03:30.962  4013  4068 D ShellTaskOrganizer: removeStartingWindow, removalInfo=StartingWindowRemovalInfo{taskId=8484 frame=Rect(0, 0 - 1080, 2520) playRevealAnimation=true roundedCornerRadius=0.0 deferRemoveMode=0 windowlessSurface=false removeImmediately=false}
04-21 11:03:30.962  2398  2901 D SurfaceComposerClient: setCornerRadius ## 5d6e1de Splash Screen com.hermescourier.android#94278 cornerRadius=0.000000
04-21 11:03:30.962  2398  2901 D SurfaceComposerClient: setCornerRadius ## cc12207 com.hermescourier.android/com.hermescourier.android.MainActivity#94286 cornerRadius=0.000000
04-21 11:03:30.962  2398  2901 D SurfaceComposerClient: setCornerRadius ## 5d6e1de Splash Screen com.hermescourier.android#94278 cornerRadius=0.000000
04-21 11:03:30.962  2398  2901 D SurfaceComposerClient: setCornerRadius ## cc12207 com.hermescourier.android/com.hermescourier.android.MainActivity#94286 cornerRadius=0.000000
04-21 11:03:30.963  2398  2890 D [secipm]: mSecIpmManager report to nap
04-21 11:03:30.963  2398  2890 I PkgPredictorService-SecIpmManagerServiceImpl: reportToNAP uid:11016 com.hermescourier.android/com.hermescourier.android.MainActivity thisTime:1208
04-21 11:03:30.963  2398  2890 D PkgPredictorService-SecIpmManagerServiceImpl: reportToNAP: mHeavyLaunchCounter is false
04-21 11:03:30.964  2398  2890 I ActivityTaskManager: Displayed com.hermescourier.android/.MainActivity for user 0: +1s208ms
04-21 11:03:30.964  2398  2890 I Pageboost: Launch time gathered : pid 9377 com.hermescourier.android 1208
04-21 11:03:30.964  5217  5217 E pageboostd: Received HALT command code 2
04-21 11:03:30.968  1931  1931 I SurfaceFlinger: [Surface(name=cc12207 com.hermescourier.android/com.hermescourier.android.MainActivity)/@0x21ab9da - animation-leash of starting_reveal#94291] attach to parent LayerHierarchy{RequestedLayerState{ActivityRecord{82691203 u0 com.hermescourier.android/.MainActivity t8484}#94277 parentId=94276} 4 children}
04-21 11:03:30.969  4013  4208 I VRI[android]@ebe998f: mWNT: t=0xb4000072121d3810 mBlastBufferQueue=0xb4000072421e27e0 fn= 2 HdrRenderState mRenderHdrSdrRatio=1.0 caller= android.view.SyncRtSurfaceTransactionApplier.applyTransaction:100 android.view.SyncRtSurfaceTransactionApplier.lambda$scheduleApply$0:73 android.view.SyncRtSurfaceTransactionApplier.$r8$lambda$afI4fXg3U3-nBZQEDQMiNy-B06s:0 
04-21 11:03:30.969  4013  4208 I VRI[android]@ebe998f: mWNT: t=0xb40000721216fdd0 mBlastBufferQueue=0xb4000072421e27e0 fn= 2 HdrRenderState mRenderHdrSdrRatio=1.0 caller= android.view.SyncRtSurfaceTransactionApplier.applyTransaction:100 android.view.SyncRtSurfaceTransactionApplier.lambda$scheduleApply$0:73 android.view.SyncRtSurfaceTransactionApplier.$r8$lambda$afI4fXg3U3-nBZQEDQMiNy-B06s:0 
04-21 11:03:30.977  1931  1931 I SurfaceFlinger: [Display 0 name="Built-in Screen"#50] setFrameRateCategory: High
04-21 11:03:30.977  1931  1931 I SurfaceFlinger: RequestedLayer [com.hermescourier.android/com.hermescourier.android.MainActivity$_9377#94287] hidden!! flag  from(1) --> to(0)
04-21 11:03:30.977  1931  1931 I SurfaceFlinger: [LayerHierarchy{RequestedLayerState{cc12207 com.hermescourier.android/com.hermescourier.android.MainActivity#94286 parentId=94291} 1 children}] reparent to LayerHierarchy{RequestedLayerState{Surface(name=cc12207 com.hermescourier.android/com.hermescourier.android.MainActivity)/@0x21ab9da - animation-leash of starting_reveal#94291 parentId=94277} 1 children}
04-21 11:03:30.977  4013  4207 I VRI[android]@ebe998f: mWNT: t=0xb4000072120b4f10 mBlastBufferQueue=0xb4000072421e27e0 fn= 3 HdrRenderState mRenderHdrSdrRatio=1.0 caller= android.view.SyncRtSurfaceTransactionApplier.applyTransaction:100 android.view.SyncRtSurfaceTransactionApplier.lambda$scheduleApply$0:73 android.view.SyncRtSurfaceTransactionApplier.$r8$lambda$afI4fXg3U3-nBZQEDQMiNy-B06s:0 
04-21 11:03:30.978  2398  2900 I DisplayDeviceRepository: Display device changed render timings: "Built-in Screen", renderFrameRate=120.00001, presentationDeadlineNanos=9333333, appVsyncOffsetNanos=8333333, frameRateOverrides=[{uid=10052 frameRateHz=120.00001}, {uid=11016 frameRateHz=120.00001}]
04-21 11:03:30.978  4013  4013 D DisplayLifecycle: updateDisplay id = 0
04-21 11:03:30.978  4013  4173 D StackScroller: onDisplayChanged for predraw skip to 2
04-21 11:03:30.978  2398  2901 D SurfaceComposerClient: setCornerRadius ## 5d6e1de Splash Screen com.hermescourier.android#94278 cornerRadius=0.000000
04-21 11:03:30.978  2398  2901 D SurfaceComposerClient: setCornerRadius ## cc12207 com.hermescourier.android/com.hermescourier.android.MainActivity#94286 cornerRadius=0.000000
04-21 11:03:30.978  1931  1931 D SurfaceFlinger: Display 4630946872173396372 HWC layers:
04-21 11:03:30.978  1931  1931 D SurfaceFlinger:        DEVICE |           40273908334595 | 00002102 | RGBA_8888    |    0.0    0.0 1080.0 2467.0 |    0   53 1080 2520 | com.hermescourier.android/com.hermescourier.android.MainActivity$_9377#94287 (1)
04-21 11:03:30.978  1931  1931 D SurfaceFlinger:        DEVICE |           17235704259564 | 00002100 | RGBA_8888    |    0.0    0.0 1080.0 2520.0 |    0    0 1080 2520 | Splash Screen com.hermescourier.android$_4013#94279 (2)
04-21 11:03:30.978  1931  1931 D SurfaceFlinger:        DEVICE |           17235704259550 | 00002100 | RGBA_8888    |    0.0    0.0 1080.0  110.0 |    0    0 1080  110 | StatusBar$_4013#130 (524834)
04-21 11:03:30.978  1931  1931 D SurfaceFlinger:        DEVICE |           17235704259552 | 00002100 | RGBA_8888    |    0.0    0.0 1080.0  126.0 |    0 2394 1080 2520 | NavigationBar0$_4013#126 (96100)
04-21 11:03:30.978  1931  1931 D SurfaceFlinger: 
04-21 11:03:30.979  2398  4968 D WifiDisplayAdapter: isFitToActiveDisplayLocked : false
04-21 11:03:30.979  2398  4075 D InputDispatcher: Focus entered window (0): cc12207 com.hermescourier.android/com.hermescourier.android.MainActivity
04-21 11:03:30.982  1776  6495 I sensors-hal: handle_sns_client_event:379, [0][21954709] accel_sample [-0.017,  8.574,  4.603] 1591144987317061
04-21 11:03:30.985  9377  9403 I HWUI    : Davey! duration=770ms; Flags=1, FrameTimelineVsyncId=398538174, IntendedVsync=996867529558845, Vsync=996867529558845, InputEventId=0, HandleInputStart=996867532204203, AnimationStart=996867532205766, PerformTraversalsStart=996867532207745, DrawStart=996868155871182, FrameDeadline=996867537892178, FrameStartTime=996867532194464, FrameInterval=8288801, WorkloadTarget=8333333, SyncQueued=996868176507588, SyncStart=996868176540765, IssueDrawCommandsStart=996868176704359, SwapBuffers=996868299475140, FrameCompleted=996868300337328, DequeueBufferDuration=13281, QueueBufferDuration=233177, GpuCompleted=996868300337328, SwapBuffersCompleted=996868300255297, DisplayPresentTime=2314885437855899680, CommandSubmissionCompleted=996868299475140, 
04-21 11:03:30.985  4013  4208 I VRI[android]@ebe998f: mWNT: t=0xb4000072123462d0 mBlastBufferQueue=0xb4000072421e27e0 fn= 4 HdrRenderState mRenderHdrSdrRatio=1.0 caller= android.view.SyncRtSurfaceTransactionApplier.applyTransaction:100 android.view.SyncRtSurfaceTransactionApplier.lambda$scheduleApply$0:73 android.view.SyncRtSurfaceTransactionApplier.$r8$lambda$afI4fXg3U3-nBZQEDQMiNy-B06s:0 
04-21 11:03:30.993  4013  4207 I VRI[android]@ebe998f: mWNT: t=0xb4000072122c8650 mBlastBufferQueue=0xb4000072421e27e0 fn= 5 HdrRenderState mRenderHdrSdrRatio=1.0 caller= android.view.SyncRtSurfaceTransactionApplier.applyTransaction:100 android.view.SyncRtSurfaceTransactionApplier.lambda$scheduleApply$0:73 android.view.SyncRtSurfaceTransactionApplier.$r8$lambda$afI4fXg3U3-nBZQEDQMiNy-B06s:0 
04-21 11:03:30.994  1931  2440 I SurfaceFlinger: Capture layer list: 	 com.hermescourier.android/com.hermescourier.android.MainActivity$_9377#94287(seamlessTransition:0)
04-21 11:03:30.994  1931  2440 I SurfaceFlinger: Capture layer list: 	 Splash Screen com.hermescourier.android$_4013#94279(seamlessTransition:0)
04-21 11:03:31.002  4013  4208 I VRI[android]@ebe998f: mWNT: t=0xb4000072122a7790 mBlastBufferQueue=0xb4000072421e27e0 fn= 6 HdrRenderState mRenderHdrSdrRatio=1.0 caller= android.view.SyncRtSurfaceTransactionApplier.applyTransaction:100 android.view.SyncRtSurfaceTransactionApplier.lambda$scheduleApply$0:73 android.view.SyncRtSurfaceTransactionApplier.$r8$lambda$afI4fXg3U3-nBZQEDQMiNy-B06s:0 
04-21 11:03:31.010  4013  4207 I VRI[android]@ebe998f: mWNT: t=0xb400007212328510 mBlastBufferQueue=0xb4000072421e27e0 fn= 7 HdrRenderState mRenderHdrSdrRatio=1.0 caller= android.view.SyncRtSurfaceTransactionApplier.applyTransaction:100 android.view.SyncRtSurfaceTransactionApplier.lambda$scheduleApply$0:73 android.view.SyncRtSurfaceTransactionApplier.$r8$lambda$afI4fXg3U3-nBZQEDQMiNy-B06s:0 
04-21 11:03:31.012  2398  2925 I ActivityManager: Changes in 10107 5 to 15, 144 to 0
04-21 11:03:31.019  2418 13176 I CameraService: onUidStateChanged: uid=10052, procState is changed. (1 -> 0)
04-21 11:03:31.020  2398  3243 I WindowManager: Relayout Window{5d6e1de u0 Splash Screen com.hermescourier.android}: viewVisibility=8 req=1080x2520 ty=3 d0
04-21 11:03:31.020  2398  3243 D SurfaceComposerClient: setCornerRadius ## cc12207 com.hermescourier.android/com.hermescourier.android.MainActivity#94286 cornerRadius=0.000000
04-21 11:03:31.020  2398  3243 D SurfaceComposerClient: setCornerRadius ## 5d6e1de Splash Screen com.hermescourier.android#94278 cornerRadius=0.000000
04-21 11:03:31.020  2398  3243 D SurfaceComposerClient: setCornerRadius ## cc12207 com.hermescourier.android/com.hermescourier.android.MainActivity#94286 cornerRadius=0.000000
04-21 11:03:31.021  2398  3243 I WindowManager: Relayout hash=5d6e1de, pid=4013, syncId=-1: mAttrs={(0,0)(fillxfill) sim={adjust=pan} ty=APPLICATION_STARTING fmt=TRANSLUCENT wanim=0x1030001
04-21 11:03:31.021  2398  3243 I WindowManager:   fl=81030118
04-21 11:03:31.021  2398  3243 I WindowManager:   pfl=10000010
04-21 11:03:31.021  2398  3243 I WindowManager:   bhv=1
04-21 11:03:31.021  2398  3243 I WindowManager:   fitSides=0
04-21 11:03:31.021  2398  3243 I WindowManager:   frameRateBoostOnTouch=true
04-21 11:03:31.021  2398  3243 I WindowManager:   dvrrWindowFrameRateHint=true naviIconColor=0}
04-21 11:03:31.021  4013  4139 I VRI[android]@ebe998f: onActiveControlsChanged, removed=false, mAdded=true, caller=android.view.ViewRootImpl.handleInsetsControlChanged:2987 android.view.ViewRootImpl.relayoutWindow:11558 android.view.ViewRootImpl.performTraversals:4755 android.view.ViewRootImpl.doTraversal:3904 android.view.ViewRootImpl$TraversalRunnable.run:12819 
04-21 11:03:31.021  4013  4139 I VRI[android]@ebe998f: Relayout returned: old=(0,0,1080,2520) new=(0,0,1080,2520) relayoutAsync=false req=(1080,2520)8 dur=1 res=0x2 s={false 0x0} ch=true seqId=0
04-21 11:03:31.021  4013  4139 D VRI[android]@ebe998f: Not drawing due to not visible. Reason=View.GONE
04-21 11:03:31.021  4013  4139 W WindowOnBackDispatcher: sendCancelIfRunning: isInProgress=false callback=android.view.ViewRootImpl$$ExternalSyntheticLambda16@5d16138
04-21 11:03:31.021  2398  3243 D CoreBackPreview: Window{5d6e1de u0 Splash Screen com.hermescourier.android}: Setting back callback null
04-21 11:03:31.021  4013  4139 I VRI[android]@ebe998f: dispatchDetachedFromWindow
04-21 11:03:31.021  2398  3243 D WindowManager: Starting window removed Window{5d6e1de u0 Splash Screen com.hermescourier.android}
04-21 11:03:31.021  2398  3243 I WindowManager: Cancelling animation restarting=false, leash=Surface(name=Surface(name=cc12207 com.hermescourier.android/com.hermescourier.android.MainActivity)/@0x21ab9da - animation-leash of starting_reveal)/@0x49374e8
04-21 11:03:31.021  2398  3243 I WindowManager: Reparenting to original parent: Surface(name=ActivityRecord{82691203 u0 com.hermescourier.android/.MainActivity t8484})/@0x29dbe0b, destroy=false, surface=Surface(name=cc12207 com.hermescourier.android/com.hermescourier.android.MainActivity)/@0x21ab9da
04-21 11:03:31.022  2398  3243 I SemDvfsHyPerManager: acquire hyper - AMS_RESUME_TAIL/2398@18, type = -999
04-21 11:03:31.022  2398  3243 I SemDvfsHyPerManager: acquire hyper - AMS_ACT_LAZY/2398@19, type = -999
04-21 11:03:31.022  2398  3243 D ActivityManagerPerformance: AMP_acquire() TAIL
04-21 11:03:31.022  2398  3243 D ActivityManagerPerformance: AMP_release() APP_SWITCH
04-21 11:03:31.022  1793  1930 I HYPER-HAL: [RequestManager.cpp]acquire(): Acquired ID : 2919754  [2398 / 18]    HINT : AMS_RESUME_TAIL    list : 
04-21 11:03:31.022  2398  3243 D InputTransport: Input channel destroyed: '5d6e1de', fd=1118
04-21 11:03:31.022  2398  3243 V WindowManager: Remove Window{5d6e1de u0 Splash Screen com.hermescourier.android}: mSurfaceControl=Surface(name=Splash Screen com.hermescourier.android$_4013)/@0x1a6aa32 mAnimatingExit=false mRemoveOnExit=false mHasSurface=true surfaceShowing=true animating=false app-animation=false callers=com.android.server.wm.Session.remove:16 android.view.IWindowSession$Stub.onTransact:804 com.android.server.wm.Session.onTransact:1 android.os.Binder.execTransactInternal:1462 android.os.Binder.execTransact:1401 <bottom of call stack> 
04-21 11:03:31.022  2398  3243 D SurfaceComposerClient: setCornerRadius ## cc12207 com.hermescourier.android/com.hermescourier.android.MainActivity#94286 cornerRadius=0.000000
04-21 11:03:31.022  2398  3243 D SurfaceComposerClient: setCornerRadius ## cc12207 com.hermescourier.android/com.hermescourier.android.MainActivity#94286 cornerRadius=0.000000
04-21 11:03:31.023  1793  1930 I HYPER-HAL: [RequestManager.cpp]releaseLocked(): Released ID : 2924591
04-21 11:03:31.023  4013  4139 D InputTransport: Input channel destroyed: '5d6e1de', fd=664
04-21 11:03:31.023  2398  2901 D SurfaceComposerClient: setCornerRadius ## cc12207 com.hermescourier.android/com.hermescourier.android.MainActivity#94286 cornerRadius=0.000000
04-21 11:03:31.023  4658  7438 I HoneySpace.HoneyAppWidgetHost: stopListening, host: @20ca828, hostId: 1025
04-21 11:03:31.023  4658  4658 I SearchHoneyPot: onViewCreated: onStop
04-21 11:03:31.023  4658  4658 I HoneySpace.ContentsAnimator: end call
04-21 11:03:31.023  4658  4658 I HoneySpace.BlurAnimator: end
04-21 11:03:31.023  4658  4658 I HoneySpace.BlurAnimator: reset
04-21 11:03:31.024  4658  4658 I VRI[LauncherActivity]@b0c178d: stopped(true) old = false
04-21 11:03:31.024  2398  3243 I AppWidgetServiceImpl: stopListening callbacks : null
04-21 11:03:31.024  4658  4658 I HoneySpace.Launcher: !@Boot_EBS_D: Launcher.onStop()
04-21 11:03:31.024  4658  4658 I AutofillManager: onInvisibleForAutofill(): expiringResponse
04-21 11:03:31.024  4658  7345 I HoneySpace.Memory-Monitor: scheduleTrim delayTime=30000
04-21 11:03:31.024  2398  3243 W PresentationStatsEventLogger: Shouldn't be logging AutofillPresentationEventReported again for same event
04-21 11:03:31.024  4658  4658 I HoneySpace.OneUiSpace: onSaveInstanceState honeyScreen=p4.Y@18ff941
04-21 11:03:31.026 32723 32723 I AudioPathManager: loadAudioPath() : loaded audio path is bluetooth (2)
04-21 11:03:31.026 32723 32723 I EffectManager: isSupportDolbyAtmosOnThisAudioPath() : path is bluetooth (2)
04-21 11:03:31.027 32723 32723 I UHQUpscalerManager: isUHQCompatibleBluetooth() : support is 0, mode is 1
04-21 11:03:31.027 32723 32723 I AudioPathManager: loadAudioPath() : loaded audio path is bluetooth (2)
04-21 11:03:31.027 32723 32723 I EffectManager: isSupportVoiceBoostOnCurrentAudioPath() : path is bluetooth (2)
04-21 11:03:31.027 32723 32723 I AudioPathManager: loadAudioPath() : loaded audio path is bluetooth (2)
04-21 11:03:31.027 32723 32723 I EffectManager: isSupportVolumeNormalizationOnCurrentAudioPath() : path is bluetooth (2)
04-21 11:03:31.027 32723 32723 I DVFSHelper: isNecessaryToBoostCPU() : isDolbyOn? true, isUHQUpscalerOn? false, isVoiceBoostOn? true, isVolumeNormalizationOn? false
04-21 11:03:31.027 32723 32723 I SemDvfsHyPerManager: acquire hyper - class com.sec.android.app.soundalive.SoundAliveApplication/32723@0, type = -999
04-21 11:03:31.027 32723 32723 I DVFSHelper: acquireBoostingCPU() : cpu is boosting by hint 10009
04-21 11:03:31.027  4013  4013 D SystemUIService: SYSUI_RAM_OPTIMIZATION onTrimMemory=20
04-21 11:03:31.027  4013  4013 D CentralSurfaces: SYSUI_RAM_OPTIMIZATION onTrimMemory=20
04-21 11:03:31.027  4013  4210 D HWUI    : CacheManager::trimMemory(20)
04-21 11:03:31.027  2398  2901 D SurfaceComposerClient: setCornerRadius ## cc12207 com.hermescourier.android/com.hermescourier.android.MainActivity#94286 cornerRadius=0.000000
04-21 11:03:31.028  1793  1930 I HYPER-HAL: [RequestManager.cpp]acquire(): Acquired ID : 535413726  [32723 / 0]    HINT : SOUNDALIVE_DVFS_45_PERCENT    list : [TIMEOUT / 30000] 
04-21 11:03:31.028  2398  4075 I ActivityManager: Changes in 10267 3 to 17, 184 to 128
04-21 11:03:31.029  2398  3243 E WindowManager: win=Window{711228f u0 com.sec.android.app.launcher/com.sec.android.app.launcher.activities.LauncherActivity} destroySurfaces: appStopped=true cleanupOnResume=false win.mWindowRemovalAllowed=false win.mRemoveOnExit=false win.mViewVisibility=8 caller=com.android.server.wm.ActivityRecord.destroySurfaces:25 com.android.server.wm.ActivityRecord.activityStopped:192 com.android.server.wm.ActivityClientController.activityStopped:97 android.app.IActivityClientController$Stub.onTransact:726 com.android.server.wm.ActivityClientController.onTransact:1 android.os.Binder.execTransactInternal:1462 android.os.Binder.execTransact:1401 
04-21 11:03:31.029  9316  9316 I bvtw    : onStop
04-21 11:03:31.029  2398  3243 E WindowManager: win=Window{2e4dc1d u0 com.sec.android.app.launcher/com.sec.android.app.launcher.activities.LauncherActivity} destroySurfaces: appStopped=true cleanupOnResume=false win.mWindowRemovalAllowed=false win.mRemoveOnExit=false win.mViewVisibility=8 caller=com.android.server.wm.ActivityRecord.destroySurfaces:25 com.android.server.wm.ActivityRecord.activityStopped:192 com.android.server.wm.ActivityClientController.activityStopped:97 android.app.IActivityClientController$Stub.onTransact:726 com.android.server.wm.ActivityClientController.onTransact:1 android.os.Binder.execTransactInternal:1462 android.os.Binder.execTransact:1401 
04-21 11:03:31.031  2398  3243 I ActivityManager: Changes in 10153 2 to 5, 255 to 184
04-21 11:03:31.031  2398  3806 D BackgroundInstallControlService: Package event received: 0
04-21 11:03:31.031  5714  5783 V OsAgent : broadcastSystemEvent - 7
04-21 11:03:31.031  5714  5783 V OsAgent : broadcastSystemEvent - 7
04-21 11:03:31.032  2398  2900 D SGM:FgCheckThread: getForegroundApp(), foregroundPkgName=com.hermescourier.android
04-21 11:03:31.032  2418 13176 I CameraService: onUidStateChanged: uid=10267, procState is changed. (3 -> 17)
04-21 11:03:31.032  2398  2900 D SGM:FgCheckThread: pkgName: com.sec.android.app.launcher is not in foreground
04-21 11:03:31.032  2398  2900 D SGM:FgCheckThread: noteStopComponent(), received pkgName: com.sec.android.app.launcher, focusedPkgName: com.hermescourier.android, userId: 0
04-21 11:03:31.033  2398  2890 D HintManagerService: Sent cleanup message for uid 10267
04-21 11:03:31.035  1931  1931 I SurfaceFlinger: [Display 0 name="Built-in Screen"#50] setFrameRateCategory: Default
