04-21 11:04:38.523  9004  9131 E Routine@Core[4.9.06.0]: AppFunctionsSchemaMetadataConverter: isSupportedMetadata: not supported schema. name=deleteEvents
04-21 11:04:38.523  9004  9131 W Routine@Core[4.9.06.0]: AppFunctionsMetadataCollector: collect: isSupportedMetaData = false, schemaCategory/schemaName=calendar/deleteEvents
04-21 11:04:38.523  9004  9131 I Routine@Core[4.9.06.0]: MetadataLoadManager: updateMetaLoadedPackageList to Pref
04-21 11:04:38.523  9004  9131 I Routine@Core[4.9.06.0]: MetadataPackageUtil: savePackagesHavingMetadata - containMetadataPackages : [, com.samsung.wearable.watch6plugin, com.samsung.android.app.aodservice, com.samsung.android.spay, com.android.systemui, com.samsung.android.honeyboard, com.samsung.android.app.dressroom, com.samsung.android.lool, com.sec.android.app.launcher, com.samsung.android.smartmirroring, com.samsung.android.app.routineplus, com.samsung.android.fast, com.samsung.android.app.reminder, com.samsung.android.mdecservice, com.samsung.android.app.routines, com.samsung.android.calendar, com.sec.android.app.soundalive, com.samsung.android.app.galaxyregistry, com.samsung.android.app.smartcapture, com.samsung.android.inputshare, com.sec.android.app.clockpackage, com.sec.android.gallery3d, com.samsung.accessibility, com.android.settings, com.samsung.android.soundassistant, com.samsung.android.app.telephonyui, com.samsung.android.app.sharelive, com.samsung.accessory.budsunitemgr, com.samsung.android.game.gos]
04-21 11:04:38.523  9004  9131 I Routine@Core[4.9.06.0]: MetadataPackageUtil: savePackagesHavingMetadata - saveData Size : 29, saveData : [, com.samsung.wearable.watch6plugin, com.samsung.android.app.aodservice, com.samsung.android.spay, com.android.systemui, com.samsung.android.honeyboard, com.samsung.android.app.dressroom, com.samsung.android.lool, com.sec.android.app.launcher, com.samsung.android.smartmirroring, com.samsung.android.app.routineplus, com.samsung.android.fast, com.samsung.android.app.reminder, com.samsung.android.mdecservice, com.samsung.android.app.routines, com.samsung.android.calendar, com.sec.android.app.soundalive, com.samsung.android.app.galaxyregistry, com.samsung.android.app.smartcapture, com.samsung.android.inputshare, com.sec.android.app.clockpackage, com.sec.android.gallery3d, com.samsung.accessibility, com.android.settings, com.samsung.android.soundassistant, com.samsung.android.app.telephonyui, com.samsung.android.app.sharelive, com.samsung.accessory.budsunitemgr, com.samsung.android.game.gos]
04-21 11:04:38.523  9004  9131 I Routine@Core[4.9.06.0]: Pref: putSharedPrefsData: key=pref_packages_for_routine, data.size=870
04-21 11:04:38.524 10320 10507 I SLPASVC : writeFile : 0                                                                                       [at com.samsung.euicc.util.FileUtils.writeFile(FileUtils.java:30)]
04-21 11:04:38.525  2398  3734 D ConnectivityService:    accepting network in place of null for NetworkRequest [ TRACK_DEFAULT id=65987, [ Capabilities: INTERNET&NOT_RESTRICTED&TRUSTED&NOT_VCN_MANAGED&NOT_BANDWIDTH_CONSTRAINED Uid: 1000 RequestorUid: 1000 RequestorPkg: com.samsung.euicc UnderlyingNetworks: Null] ]
04-21 11:04:38.525  2398  6898 I ActivityManager: Changes in 11016 19 to 2, 0 to 255
04-21 11:04:38.526  9004  9131 I Routine@Core[4.9.06.0]: MetadataLoadManager: doPostCollectionTasks - packageName:com.hermescourier.android
04-21 11:04:38.526  9004  9131 E id.app.routines: Invalid resource ID 0x00000000.
04-21 11:04:38.526  9004  9016 I Routine@Core[4.9.06.0]: MetadataSyncHistory: isMetaDataSyncedWithVersion: latest=a7bf197be9b97cf21318bc88d94a83de9d06660c, currentVersion=a7bf197be9b97cf21318bc88d94a83de9d06660c
04-21 11:04:38.526  1677  1677 D Zygote  : Forked child process 10594
04-21 11:04:38.527  2398  3806 D BackgroundInstallControlService: Package event received: 0
04-21 11:04:38.527  2398  2927 I ActivityManager: Start proc 10594:com.samsung.android.kmxservice/u0a87 for service {com.samsung.android.kmxservice/androidx.work.multiprocess.RemoteWorkManagerService}
04-21 11:04:38.527  1796  1796 I SS_POWER_HINT_SESSION: SS_ADPF 4013-10052-7a90 PowerHintSession createHintSession : , 4207, 4208, 4139, 4210 : 16666667
04-21 11:04:38.528  2398  3734 D ConnectivityService: Rematched networks [computed 1ms] [applied 3ms] [issued 0]
04-21 11:04:38.528  2398  3734 D ConnectivityService: NetworkReassignment :
04-21 11:04:38.528  2398  3734 D ConnectivityService:   65987 : null → 243
04-21 11:04:38.528 10320 10598 I LPAPSH  : doWork()                                                                                            [at com.samsung.euicc.push.PushRegistrationWorker.doWork(PushRegistrationWorker.java:19)]
04-21 11:04:38.529  9004  9125 I Routine@Core[4.9.06.0]: RoutineUiItemGetter: getWatchActionLabel: watch action get label power_saving)
04-21 11:04:38.529  2398  3805 W Looper  : Slow delivery took 207ms ShortcutService app=system_server main=false group=FOREGROUND h=android.os.Handler c=com.android.server.pm.ShortcutPackageItem$$ExternalSyntheticLambda0@5c62773 m=0
04-21 11:04:38.529  2398  2927 I ActivityManager: ProcessObserver broadcast disabled
04-21 11:04:38.529  1793  1930 I HYPER-HAL: [RequestManager.cpp]acquire(): Acquired ID : 656467698  [1796 / 34437]    HINT :      list : [TID_LOW_LATENCY / 1] [TID / 4207] [TID / 4208] [TID / 4139] [TID / 4210] 
04-21 11:04:38.530  2398  4075 D HintManagerService: SystemUI make new AppHintSession but force pause
04-21 11:04:38.531 10320 10598 I LPAPSH  : init SMP                                                                                            [at com.samsung.euicc.push.SmpInitializer.start(SmpInitializer.java:133)]
04-21 11:04:38.532  1793  1930 I HYPER-HAL: [RequestManager.cpp]acquire(): Acquired ID : 656467698  [1796 / 34437]    HINT :      list : [TID_LOW_LATENCY / 0] [TID / 4207] [TID / 4208] [TID / 4139] [TID / 4210] 
04-21 11:04:38.532  1793  1930 I HYPER-HAL: [RequestManager.cpp]releaseLocked(): Released ID : 656467698
04-21 11:04:38.532  1793  1930 I HYPER-HAL: [RequestManager.cpp]acquire(): Acquired ID : 656503933  [1796 / 34438]    HINT :      list : [UCLAMP_MIN_BOOST / 0] [TIMEOUT / 50] [TID / 4207] [TID / 4208] [TID / 4139] [TID / 4210] 
04-21 11:04:38.533  1931  2091 I SurfaceFlinger: id=94291 Removed Surface(name=cc12207 com.hermescourier.android/com.hermescourier.android.MainActivity)/@0x21ab9da - animation-leash of starting_reveal#94291 (235)
04-21 11:04:38.534  4013  4116 D SurfaceComposerClient: setCornerRadius ## Task=8485#94314 cornerRadius=13.000000
04-21 11:04:38.534 10563 10563 D CompatChangeReporter: Compat change id reported: 242716250; UID 11016; state: ENABLED
04-21 11:04:38.535  9004  9131 E id.app.routines: Invalid resource ID 0x00000000.
04-21 11:04:38.535  1796  1796 I SS_POWER_HINT_SESSION: SS_ADPF 4013-10052-7a90 destroy
04-21 11:04:38.535  1793  1930 I HYPER-HAL: [RequestManager.cpp]acquire(): Acquired ID : 656467698  [1796 / 34437]    HINT :      list : [TID_LOW_LATENCY / 0] [TID / 4207] [TID / 4208] [TID / 4139] [TID / 4210] 
04-21 11:04:38.535  1793  1930 I HYPER-HAL: [RequestManager.cpp]releaseLocked(): Released ID : 656467698
04-21 11:04:38.535  1793  1930 I HYPER-HAL: [RequestManager.cpp]acquire(): Acquired ID : 656503933  [1796 / 34438]    HINT :      list : [UCLAMP_MIN_BOOST / 0] [TIMEOUT / 0] [TID / 4207] [TID / 4208] [TID / 4139] [TID / 4210] 
04-21 11:04:38.535  1793  1930 I HYPER-HAL: [RequestManager.cpp]releaseLocked(): Released ID : 656503933
04-21 11:04:38.535  4013  4030 W System  : A resource failed to call release. 
04-21 11:04:38.535 25971 25971 I InputMethodService: removeImeSurface
04-21 11:04:38.535 25971 25971 I InputMethodService: cancelImeSurfaceRemoval: removeCallbacks
04-21 11:04:38.537  9316  9316 I bvtw    : onPause
04-21 11:04:38.537 10320 10320 I SLPASVC : in progress message list size: 2                                                                    [at com.samsung.euicc.lpaService.worker.TxHandler.addInProgressMessage(TxHandler.java:74)]
04-21 11:04:38.538 10320 10464 I SLPASVC : EVENT_LIST_PROFILE_RESPONSE                                                                         [at com.samsung.euicc.service.LpaResponseHandler.lambda$handleMessage$0(LpaResponseHandler.java:162)]
04-21 11:04:38.538 10320 10464 I SLPASVC : From Service : ListProfileInfo                                                                      [at com.samsung.euicc.service.EuiccServiceImpl.retrieveDataFromService(EuiccServiceImpl.java:191)]
04-21 11:04:38.538  9004  9123 I Routine@Core[4.9.06.0]: RoutineUiItemGetter: getWatchActionLabel: watch action get label aod)
04-21 11:04:38.538 10320 10598 I FirebaseApp: Device unlocked: initializing all Firebase APIs for app [DEFAULT]
04-21 11:04:38.538 10320 10320 I SLPASVC : To Client: ListProfileInfo (1348482573, com.samsung.euicc)                                          [at com.samsung.euicc.lpaService.worker.TxHandler.sendToClient(TxHandler.java:135)]
04-21 11:04:38.538 10320 10320 I SLPASVC : in progress remove : ListProfileResponse                                                            [at com.samsung.euicc.lpaService.worker.TxHandler.addInProgressMessage(TxHandler.java:65)]
04-21 11:04:38.538 10320 10320 I SLPASVC : in progress clear                                                                                   [at com.samsung.euicc.lpaService.worker.TxHandler.addInProgressMessage(TxHandler.java:68)]
04-21 11:04:38.538 10320 10320 I SLPASVC : request done                                                                                        [at com.samsung.euicc.lpaService.worker.RxHandler.requestDone(RxHandler.java:86)]
04-21 11:04:38.538 10320 10320 I SLPASVC : pending request: 1                                                                                  [at com.samsung.euicc.lpaService.worker.RxHandler.requestDone(RxHandler.java:92)]
04-21 11:04:38.538 10320 10320 I SLPASVC : handling pending request                                                                            [at com.samsung.euicc.lpaService.worker.RxHandler.requestDone(RxHandler.java:98)]
04-21 11:04:38.538 10320 10320 I SLPASVC : trigger pending Request: ListProfileRequest                                                         [at com.samsung.euicc.lpaService.worker.RxHandler.requestDone(RxHandler.java:99)]
04-21 11:04:38.538 10320 10320 I SLPASVC : To Client: ListProfileResponse (1348482573, com.samsung.euicc)                                      [at com.samsung.euicc.lpaService.worker.TxHandler.sendToClient(TxHandler.java:135)]
04-21 11:04:38.538 10320 10320 I SLPASVC : request done                                                                                        [at com.samsung.euicc.lpaService.worker.RxHandler.requestDone(RxHandler.java:86)]
04-21 11:04:38.538 10320 10320 I SLPASVC : no pending request                                                                                  [at com.samsung.euicc.lpaService.worker.RxHandler.requestDone(RxHandler.java:89)]
04-21 11:04:38.539 10320 10320 I SLPASVC : From Client: ListProfileRequest (-1146534185, com.samsung.euicc)                                    [at com.samsung.euicc.lpaService.worker.RxHandler.preProcessRequest(RxHandler.java:281)]
04-21 11:04:38.539 10320 10320 I SLPASVC : worker set busy!                                                                                    [at com.samsung.euicc.lpaService.worker.RxHandler.handleMessage(RxHandler.java:192)]
04-21 11:04:38.539  1931  1931 I SurfaceFlinger: destroyed Surface(name=cc12207 com.hermescourier.android/com.hermescourier.android.MainActivity)/@0x21ab9da - animation-leash of starting_reveal#94291 form LifecycleManager
04-21 11:04:38.539  1931  1931 I SurfaceFlinger: id=94291 onLayerDestroyed from LayerHierarchyBuilder(RequestedLayerState{Surface(name=cc12207 com.hermescourier.android/com.hermescourier.android.MainActivity)/@0x21ab9da - animation-leash of starting_reveal#94291 !handle})
04-21 11:04:38.539  4013  4030 W System  : A resource failed to call release. 
04-21 11:04:38.539  1931  1931 I Layer   : id=94291 Destroyed Surface(name=cc12207 com.hermescourier.android/com.hermescourier.android.MainActivity)/@0x21ab9da - animation-leash of starting_reveal#94291
04-21 11:04:38.540  9004  9131 E id.app.routines: Invalid resource ID 0x00000000.
04-21 11:04:38.540 10320 10464 I SLPASVC : EVENT_LIST_PROFILE_RESPONSE                                                                         [at com.samsung.euicc.service.LpaResponseHandler.lambda$handleMessage$0(LpaResponseHandler.java:162)]
04-21 11:04:38.540 10320 10464 I SLPASVC : From Service : ListProfileResponse                                                                  [at com.samsung.euicc.service.EuiccServiceImpl.retrieveDataFromService(EuiccServiceImpl.java:191)]
04-21 11:04:38.540 10320 10464 I SLPASVC : +releaseBlockingSendRequest()                                                                       [at com.samsung.euicc.service.EuiccServiceImpl.releaseBlockingSendRequest(EuiccServiceImpl.java:288)]
04-21 11:04:38.540 10320 10320 I SLPASVC : in progress message list size: 1                                                                    [at com.samsung.euicc.lpaService.worker.TxHandler.addInProgressMessage(TxHandler.java:74)]
04-21 11:04:38.540 10320 10464 I SLPASVC : -releaseBlockingSendRequest()                                                                       [at com.samsung.euicc.service.EuiccServiceImpl.releaseBlockingSendRequest(EuiccServiceImpl.java:297)]
04-21 11:04:38.541  2398  3612 D AccessibilityManagerService: componentId : null userState.getTargetAssignedToAccessibilityButton() : null
04-21 11:04:38.541  2398  3612 V AccessibilityManagerService: onUserStateChangedLocked for userId: 0, forceUpdate: false
04-21 11:04:38.541  2398  3612 D KNOX_MDM_SettingsProvider: isChangeAllowed() : name = accessibility_enabled
04-21 11:04:38.541 10320 10320 I SLPASVC : source key: -1146534185, target workerhandler:(com.samsung.euicc,Handler (com.samsung.euicc.lpaService.worker.WorkerHandler) {f562f65})[at com.samsung.euicc.lpaService.worker.RxHandler.handleMessage(RxHandler.java:198)]
04-21 11:04:38.541 10320 10512 E SLPASVC : not blocking request: ListProfileRequest                                                            [at com.samsung.euicc.lpaService.gsma.phase2.state.Idle.handleMessage(Idle.java:101)]
04-21 11:04:38.541  2398  3612 D MagnificationConnectionManager: requestConnection :false mConnectionState : 3
04-21 11:04:38.541  2398  3612 W MagnificationConnectionManager: requestConnection duplicated request: connect=false, mConnectionState=DISCONNECTED
04-21 11:04:38.542  9004  9123 I Routine@Core[4.9.06.0]: RoutineUiItemGetter: getWatchActionLabel: watch action get label dnd)
04-21 11:04:38.542 10320 10493 I SLPASVC : -blockingSendRequest()                                                                              [at com.samsung.euicc.service.EuiccServiceImpl.blockingSendRequest(EuiccServiceImpl.java:282)]
04-21 11:04:38.542 10320 10493 I SLPASVC : completed get profile info list !                                                                   [at com.samsung.euicc.service.EuiccServiceImpl.getListProfileInfo(EuiccServiceImpl.java:1291)]
04-21 11:04:38.542 10320 10493 I SLPASVC : completed get profile info list                                                                     [at com.samsung.euicc.service.EuiccServiceImpl.onGetEuiccProfileInfoList(EuiccServiceImpl.java:737)]
04-21 11:04:38.542 10320 10401 I WM-WorkerWrapper: Worker result SUCCESS for Work [ id=5adc122d-a388-4180-8450-cf86b4d77140, tags={ com.samsung.euicc.push.PushRegistrationWorker,PushRegistrationWorker } ]
04-21 11:04:38.543  4013  4116 D SurfaceComposerClient: setCornerRadius ## Task=8485#94314 cornerRadius=13.000000
04-21 11:04:38.543 10320 10512 I SLPASVC : { iccid=7274 profileClass=1 profileState=0 enabledOnEsimPort=0 serviceProviderName=AT&T profileName=Bootstrap V1.0 mccMnc=130083 }[at com.samsung.euicc.lpaService.gsma.phase2.state.ProfileManagement.$r8$lambda$lga_TAtIBAv2hWPLl4BT_4jZSAY(ProfileManagement.java:117)]
04-21 11:04:38.543 10320 10512 I SLPASVC : writeFile : 0                                                                                       [at com.samsung.euicc.util.FileUtils.writeFile(FileUtils.java:30)]
04-21 11:04:38.543  9004  9131 E id.app.routines: Invalid resource ID 0x00000000.
04-21 11:04:38.544  2398  2487 I system_server: Background young concurrent mark compact GC freed 33MB AllocSpace bytes, 49(2356KB) LOS objects, 13% free, 179MB/206MB, paused 2.445ms,15.292ms total 240.808ms
04-21 11:04:38.546  3957  4146 D EuiccConnector: handleMessage: E msg.what=6
04-21 11:04:38.546  3957  4146 D EuiccConnector: processMsg: ConnectedState
04-21 11:04:38.546  3957  4146 D EuiccConnector: handleMessage: X
04-21 11:04:38.546  9004  9123 I Routine@Core[4.9.06.0]: RoutineUiItemGetter: getWatchActionLabel: watch action get label wake_on_by_bezel)
04-21 11:04:38.546  3957  4146 D EuiccConnector: handleMessage: E msg.what=103
04-21 11:04:38.547  3957  4146 D EuiccConnector: processMsg: ConnectedState
04-21 11:04:38.547  4013  4116 D SurfaceComposerClient: setCornerRadius ## Task=8485#94314 cornerRadius=13.000000
04-21 11:04:38.547  3957  4146 D EuiccConnector: handleMessage: X
04-21 11:04:38.548 10320 10638 I SLPASVC : +onGetEuiccProfileInfoList(1)                                                                       [at com.samsung.euicc.service.EuiccServiceImpl.onGetEuiccProfileInfoList(EuiccServiceImpl.java:725)]
04-21 11:04:38.548 10320 10620 I LPAPSH  : initGoogleDs(): 1                                                                                   [at com.samsung.euicc.push.SmpInitializer.initAndroidDs(SmpInitializer.java:237)]
04-21 11:04:38.548 10320 10620 I FirebaseApp: Device unlocked: initializing all Firebase APIs for app thl-mcs-d-odccsm
04-21 11:04:38.549 10320 10638 I IccUtils: UiccSlotInfo: 0728, false                                                                           [at com.samsung.euicc.internal.lib.util.IccUtils.getEuiccList(IccUtils.java:1125)]
04-21 11:04:38.549 10320 10638 I IccUtils: UiccSlotInfo: 0385, true                                                                            [at com.samsung.euicc.internal.lib.util.IccUtils.getEuiccList(IccUtils.java:1125)]
04-21 11:04:38.549 10320 10638 I SLPASVC : +blockingSendRequest(): com.samsung.euicc.lib.message.ListProfileRequest@6778649                    [at com.samsung.euicc.service.EuiccServiceImpl.blockingSendRequest(EuiccServiceImpl.java:257)]
04-21 11:04:38.549 10320 10620 I LPAPSH  : initSamsungDs(): 1                                                                                  [at com.samsung.euicc.push.SmpInitializer.initSamsungDs(SmpInitializer.java:204)]
04-21 11:04:38.549 10594 10594 I roid.kmxservice: Using CollectorTypeCMC GC.
04-21 11:04:38.550  9004  9131 E id.app.routines: Invalid resource ID 0x00000000.
04-21 11:04:38.550 10320 10464 I SLPASVC : EVENT_LIST_PROFILE_REQUEST                                                                          [at com.samsung.euicc.service.LpaResponseHandler.handleMessage(LpaResponseHandler.java:156)]
04-21 11:04:38.550 10320 10464 I SLPASVC : To Service : ListProfileRequest                                                                     [at com.samsung.euicc.service.EuiccServiceImpl.sendToServiceByHandler(EuiccServiceImpl.java:234)]
04-21 11:04:38.551  4013  4030 V MediaPlayer-JNI: native_finalize
04-21 11:04:38.551  4013  4030 V MediaPlayer-JNI: release
04-21 11:04:38.552 10320 10320 I SLPASVC : in progress message list size: 2                                                                    [at com.samsung.euicc.lpaService.worker.TxHandler.addInProgressMessage(TxHandler.java:74)]
04-21 11:04:38.552  2398  6697 W libc    : Access denied finding property "ro.bootimage.build.fingerprint"
04-21 11:04:38.552  2398  3734 D ConnectivityService:  Removing from current network [243 WIFI|VPN], leaving 160 requests.
04-21 11:04:38.552 10320 10320 I SLPASVC : To Client: ListProfileInfo (-1146534185, com.samsung.euicc)                                         [at com.samsung.euicc.lpaService.worker.TxHandler.sendToClient(TxHandler.java:135)]
04-21 11:04:38.552 10320 10439 W Bundle  : Key MESSAGE_OBJECT expected com.samsung.euicc.lib.message.Response but value was of a different type.  The default value <null> was returned.
04-21 11:04:38.552 10320 10320 I SLPASVC : in progress remove : ListProfileResponse                                                            [at com.samsung.euicc.lpaService.worker.TxHandler.addInProgressMessage(TxHandler.java:65)]
04-21 11:04:38.552 10320 10320 I SLPASVC : in progress clear                                                                                   [at com.samsung.euicc.lpaService.worker.TxHandler.addInProgressMessage(TxHandler.java:68)]
04-21 11:04:38.552 10320 10439 W Bundle  : Attempt to cast generated internal exception:
04-21 11:04:38.552 10320 10439 W Bundle  : java.lang.ClassCastException: Cannot cast com.samsung.euicc.lib.message.ListProfileInfo to com.samsung.euicc.lib.message.Response
04-21 11:04:38.552 10320 10439 W Bundle  : 	at java.lang.Class.cast(Class.java:4178)
04-21 11:04:38.552 10320 10439 W Bundle  : 	at android.os.BaseBundle.getValueAt(BaseBundle.java:435)
04-21 11:04:38.552 10320 10439 W Bundle  : 	at android.os.BaseBundle.getValue(BaseBundle.java:397)
04-21 11:04:38.552 10320 10439 W Bundle  : 	at android.os.BaseBundle.getValue(BaseBundle.java:380)
04-21 11:04:38.552 10320 10439 W Bundle  : 	at android.os.BaseBundle.get(BaseBundle.java:765)
04-21 11:04:38.552 10320 10439 W Bundle  : 	at android.os.Bundle.getParcelable(Bundle.java:1121)
04-21 11:04:38.552 10320 10439 W Bundle  : 	at com.samsung.euicc.internal.lib.lpa.LpaConnector$RxHandler.handleMessage(LpaConnector.java:413)
04-21 11:04:38.552 10320 10439 W Bundle  : 	at android.os.Handler.dispatchMessage(Handler.java:110)
04-21 11:04:38.552 10320 10439 W Bundle  : 	at android.os.Looper.loopOnce(Looper.java:273)
04-21 11:04:38.552 10320 10439 W Bundle  : 	at android.os.Looper.loop(Looper.java:363)
04-21 11:04:38.552 10320 10439 W Bundle  : 	at android.os.HandlerThread.run(HandlerThread.java:85)
04-21 11:04:38.552 10320 10320 I SLPASVC : request done                                                                                        [at com.samsung.euicc.lpaService.worker.RxHandler.requestDone(RxHandler.java:86)]
04-21 11:04:38.552 10320 10320 I SLPASVC : no pending request                                                                                  [at com.samsung.euicc.lpaService.worker.RxHandler.requestDone(RxHandler.java:89)]
04-21 11:04:38.552 10320 10320 I SLPASVC : To Client: ListProfileResponse (-1146534185, com.samsung.euicc)                                     [at com.samsung.euicc.lpaService.worker.TxHandler.sendToClient(TxHandler.java:135)]
04-21 11:04:38.553 10320 10320 I SLPASVC : request done                                                                                        [at com.samsung.euicc.lpaService.worker.RxHandler.requestDone(RxHandler.java:86)]
04-21 11:04:38.553 10320 10320 I SLPASVC : no pending request                                                                                  [at com.samsung.euicc.lpaService.worker.RxHandler.requestDone(RxHandler.java:89)]
04-21 11:04:38.553  9004  9125 I Routine@Core[4.9.06.0]: RoutineUiItemGetter: getWatchActionLabel: watch action get label wake_on_touch_screen)
04-21 11:04:38.553 10320 10320 I LPAPSH  : init SMP: elB9PgAnSd2tw6gU164sLd:APA91bHAuU4LWMSv9A4LjrqbfiRmZuHFr5eiKOQ0leFLc0w5mmZdsvQkCIx_NhSKZeLnJLwjbo28J8zLoiCvWyyLwPFd_rfSljd3lOEXDXOYF4D7mLTGzAs[at com.samsung.euicc.push.SmpInitializer.$r8$lambda$tsguMZ4mEkM47PTmh8_vfAzCL_Q(SmpInitializer.java:224)]
04-21 11:04:38.553 10320 10320 I SmpLog  : [SMP] init. D:false O:DEVICE_BASED S:false M:false P:FCM_PRIMARY_MODE A:a
04-21 11:04:38.554  2398  3612 D AccessibilityManagerService: componentId : null userState.getTargetAssignedToAccessibilityButton() : null
04-21 11:04:38.554  4013  4030 W System  : A resource failed to call release. 
04-21 11:04:38.554  4013  4030 W System  : A resource failed to call release. 
04-21 11:04:38.554  4013  4030 W System  : A resource failed to call release. 
04-21 11:04:38.554  4013  4030 W System  : A resource failed to call release. 
04-21 11:04:38.554  2398  3612 V AccessibilityManagerService: onUserStateChangedLocked for userId: 0, forceUpdate: false
04-21 11:04:38.554  2398  3612 D KNOX_MDM_SettingsProvider: isChangeAllowed() : name = accessibility_enabled
04-21 11:04:38.554  2398  3612 D MagnificationConnectionManager: requestConnection :false mConnectionState : 3
04-21 11:04:38.554  2398  3612 W MagnificationConnectionManager: requestConnection duplicated request: connect=false, mConnectionState=DISCONNECTED
04-21 11:04:38.555  2398  2891 D SGM:GameManager: identifyForegroundApp. com.sec.android.app.launcher, mCurrentUserId: 0, callerUserId: 0
04-21 11:04:38.555  2398  2891 D SGM:SemGameManager: isForegroundGame(), ret=false
04-21 11:04:38.555  2398  3662 V NetworkPolicy: getFirewallRuleWifi UID:11016 policy:0
04-21 11:04:38.555  2398  2891 D SGM:GameManager: identifyForegroundApp. com.sec.android.app.launcher, mCurrentUserId: 0, callerUserId: 0
04-21 11:04:38.555  2398  2891 D SGM:SemGameManager: isForegroundGame(), ret=false
04-21 11:04:38.555  2398  2891 D NetworkPolicy: already checked 11016
04-21 11:04:38.555  9004  9131 E id.app.routines: Invalid resource ID 0x00000000.
04-21 11:04:38.555  2398  2891 D PkgPredictorService-SecIpmManagerServiceImpl: onForegroundActivitiesChanged pid:10563 uid:11016
04-21 11:04:38.556  4013  4116 D SurfaceComposerClient: setCornerRadius ## Task=8485#94314 cornerRadius=13.000000
04-21 11:04:38.556  6772  7643 I SDHMS:k : onTaskStackChanged
04-21 11:04:38.558 19058 19146 V BinderSender: Uid 11016 already starts
04-21 11:04:38.558 19058 19146 V BinderSender: Uid 11016 already starts
04-21 11:04:38.558  5714  5783 V OsAgent : broadcastSystemEvent - 7
04-21 11:04:38.558 10320 10320 I LPAPSH  : quitDelayed(): com.samsung.euicc.push.SmpInitializer$1@1c8b57c                                      [at com.samsung.euicc.push.SmpInitializer.quitDelayed(SmpInitializer.java:610)]
04-21 11:04:38.559  2398  2398 I WALLPAPER_SVC:SemWallpaperManagerService: isHomeActivityVisible : true 
04-21 11:04:38.559  2398  2398 D WALLPAPER_SVC:WallpaperData: getWallpaperFile: file = /data/system/users/0/wallpaper_sub_display_orig 
04-21 11:04:38.559  2398  2398 D WALLPAPER_SVC:WallpaperData: getWallpaperFile: file = /data/system/users/0/wallpaper_sub_display_orig 
04-21 11:04:38.559  2398  3805 W Looper  : Drained
04-21 11:04:38.559 10320 10320 I SLPASVC : From Client: ListProfileRequest (1348482573, com.samsung.euicc)                                     [at com.samsung.euicc.lpaService.worker.RxHandler.preProcessRequest(RxHandler.java:281)]
04-21 11:04:38.559  2398  2398 D WALLPAPER_SVC:WallpaperManagerService: dispatchHomeVisibilityChanged: visible = true, connection = com.android.server.wallpaper.WallpaperManagerService$WallpaperConnection@b557490, systemWallpaper = WallpaperData@4b8db60, id: 120, which: 17, file mod: 0, info: null, engine(s): Proxy@b0ac217, type = 0, userId = 0, uri= android.resource://com.samsung.android.wallpaper.res/drawable/sub_wallpaper_003.png, allowBackup= false, wallpaperComponent = ComponentInfo{com.android.systemui/com.android.systemui.wallpapers.ImageWallpaper}, nextWallpaperComponent = ComponentInfo{com.android.systemui/com.android.systemui.wallpapers.ImageWallpaper} 
04-21 11:04:38.559 10320 10320 I SLPASVC : worker set busy!                                                                                    [at com.samsung.euicc.lpaService.worker.RxHandler.handleMessage(RxHandler.java:192)]
04-21 11:04:38.559 10320 10320 I SLPASVC : in progress message list size: 1                                                                    [at com.samsung.euicc.lpaService.worker.TxHandler.addInProgressMessage(TxHandler.java:74)]
04-21 11:04:38.559 10320 10320 I SLPASVC : source key: 1348482573, target workerhandler:(com.samsung.euicc,Handler (com.samsung.euicc.lpaService.worker.WorkerHandler) {7a6e1bd})[at com.samsung.euicc.lpaService.worker.RxHandler.handleMessage(RxHandler.java:198)]
04-21 11:04:38.559 10320 10507 E SLPASVC : not blocking request: ListProfileRequest                                                            [at com.samsung.euicc.lpaService.gsma.phase2.state.Idle.handleMessage(Idle.java:101)]
04-21 11:04:38.559  4658 32535 I HoneySpace.RecentTasks: onRecentTasksChanged
04-21 11:04:38.559  2398  5143 D ActivityManager: unpendingScheduleServiceRestart: u=10995, drop=false
04-21 11:04:38.559  2398  5143 D ActivityManager: unpendingScheduleServiceRestart: u=10503, drop=false
04-21 11:04:38.559  2398  5143 D ActivityManager: unpendingScheduleServiceRestart: u=10995, drop=false
04-21 11:04:38.559  2398  5143 D ActivityManager: unpendingScheduleServiceRestart: u=10503, drop=false
04-21 11:04:38.559  2398  5143 D ActivityManager: unpendingScheduleServiceRestart: u=10995, drop=false
04-21 11:04:38.559  2398  5143 D ActivityManager: unpendingScheduleServiceRestart: u=10503, drop=false
04-21 11:04:38.559  1844  1844 I SSC_DAEMON: handleSensorTestReqMsg:88, Sensor type :6, Msg type:5
04-21 11:04:38.560  9004  9125 I Routine@Core[4.9.06.0]: RoutineUiItemGetter: getWatchActionLabel: watch action get label wake_on_wrist_up)
04-21 11:04:38.560  6772  7083 I SDHMS:k : no app is Resumed!!! mResumedPackages.size = 0
04-21 11:04:38.561 10320 10620 I SLPASVC : normalized URL : https://lpa.live.esimdiscovery.com/                                                [at com.samsung.euicc.lpaService.gsma.es9.Es9Client$Builder.normalizeBaseUrl(Es9Client$Builder.java:285)]
04-21 11:04:38.561 10320 10620 I SLPASVC : Raw certificates length: 20                                                                         [at com.samsung.euicc.lpaService.gsma.es9.Es9Client$Builder.gsmaClient(Es9Client$Builder.java:160)]
04-21 11:04:38.562  9004  9131 E id.app.routines: Invalid resource ID 0x00000000.
04-21 11:04:38.562 10320 10507 I SLPASVC : { iccid=7274 profileClass=1 profileState=0 enabledOnEsimPort=0 serviceProviderName=AT&T profileName=Bootstrap V1.0 mccMnc=130083 }[at com.samsung.euicc.lpaService.gsma.phase2.state.ProfileManagement.$r8$lambda$lga_TAtIBAv2hWPLl4BT_4jZSAY(ProfileManagement.java:117)]
04-21 11:04:38.562 10320 10650 I SmpLog  : [SMP] Test mode: false, v:3.3.10.0, com.samsung.euicc
04-21 11:04:38.562 10320 10507 I SLPASVC : writeFile : 0                                                                                       [at com.samsung.euicc.util.FileUtils.writeFile(FileUtils.java:30)]
04-21 11:04:38.562 10320 10650 I SmpLog  : [SMP] ptype:fcm, token:...TGzAs (142), D:false, O:DEVICE_BASED, S:true, M:false, P:FCM_PRIMARY_MODE
04-21 11:04:38.563  4658 10319 I HoneySpace.HistoryViewModel@82829708@OneUI: task bar is not showing. skip load history items
04-21 11:04:38.564  9004  9109 I Routine@Core[4.9.06.0]: RoutineUiItemGetter: getWatchActionLabel: watch action get label sound_mode)
04-21 11:04:38.564  4658 10319 I HoneySpace.HistoryViewModel@82829708@OneUI: launcherShowing : false, recentShowing : false, isInteractive : true, state : 0, minusOne : false
04-21 11:04:38.565  4013  4116 D SurfaceComposerClient: setCornerRadius ## Task=8485#94314 cornerRadius=13.000000
04-21 11:04:38.565 10320 10320 I SLPASVC : in progress message list size: 2                                                                    [at com.samsung.euicc.lpaService.worker.TxHandler.addInProgressMessage(TxHandler.java:74)]
04-21 11:04:38.566  9004  9131 E id.app.routines: Invalid resource ID 0x00000000.
04-21 11:04:38.566 10320 10320 I SLPASVC : To Client: ListProfileInfo (1348482573, com.samsung.euicc)                                          [at com.samsung.euicc.lpaService.worker.TxHandler.sendToClient(TxHandler.java:135)]
04-21 11:04:38.566 10320 10320 I SLPASVC : in progress remove : ListProfileResponse                                                            [at com.samsung.euicc.lpaService.worker.TxHandler.addInProgressMessage(TxHandler.java:65)]
04-21 11:04:38.566 10320 10320 I SLPASVC : in progress clear                                                                                   [at com.samsung.euicc.lpaService.worker.TxHandler.addInProgressMessage(TxHandler.java:68)]
04-21 11:04:38.566 10320 10320 I SLPASVC : request done                                                                                        [at com.samsung.euicc.lpaService.worker.RxHandler.requestDone(RxHandler.java:86)]
04-21 11:04:38.566 10320 10320 I SLPASVC : no pending request                                                                                  [at com.samsung.euicc.lpaService.worker.RxHandler.requestDone(RxHandler.java:89)]
04-21 11:04:38.567 10320 10320 I SLPASVC : To Client: ListProfileResponse (1348482573, com.samsung.euicc)                                      [at com.samsung.euicc.lpaService.worker.TxHandler.sendToClient(TxHandler.java:135)]
04-21 11:04:38.567   482   836 I Icing   : IndexChimeraService.getServiceInterface callingPackage=com.google.android.gms componentName=null serviceId=30
04-21 11:04:38.568  9004  9109 I Routine@Core[4.9.06.0]: RoutineUiItemGetter: getWatchActionLabel: watch action get label disconnection_alert)
04-21 11:04:38.569 10320 10464 I SLPASVC : EVENT_LIST_PROFILE_RESPONSE                                                                         [at com.samsung.euicc.service.LpaResponseHandler.lambda$handleMessage$0(LpaResponseHandler.java:162)]
04-21 11:04:38.569 10320 10320 I SLPASVC : request done                                                                                        [at com.samsung.euicc.lpaService.worker.RxHandler.requestDone(RxHandler.java:86)]
04-21 11:04:38.569 10320 10464 I SLPASVC : From Service : ListProfileInfo                                                                      [at com.samsung.euicc.service.EuiccServiceImpl.retrieveDataFromService(EuiccServiceImpl.java:191)]
04-21 11:04:38.570 10320 10320 I SLPASVC : no pending request                                                                                  [at com.samsung.euicc.lpaService.worker.RxHandler.requestDone(RxHandler.java:89)]
04-21 11:04:38.570 10320 10464 I SLPASVC : EVENT_LIST_PROFILE_RESPONSE                                                                         [at com.samsung.euicc.service.LpaResponseHandler.lambda$handleMessage$0(LpaResponseHandler.java:162)]
04-21 11:04:38.570 10320 10464 I SLPASVC : From Service : ListProfileResponse                                                                  [at com.samsung.euicc.service.EuiccServiceImpl.retrieveDataFromService(EuiccServiceImpl.java:191)]
04-21 11:04:38.570 10320 10464 I SLPASVC : +releaseBlockingSendRequest()                                                                       [at com.samsung.euicc.service.EuiccServiceImpl.releaseBlockingSendRequest(EuiccServiceImpl.java:288)]
04-21 11:04:38.570  9004  9131 E id.app.routines: Invalid resource ID 0x00000000.
04-21 11:04:38.570 10320 10464 I SLPASVC : -releaseBlockingSendRequest()                                                                       [at com.samsung.euicc.service.EuiccServiceImpl.releaseBlockingSendRequest(EuiccServiceImpl.java:297)]
04-21 11:04:38.571  4658  4658 I CardAdapter: setCards: SUGGESTED_APPS, SUGGESTED_TAG, SUGGESTED_DIRECTORY, HISTORY_KEYWORD, DUMMY
04-21 11:04:38.571 10320 10620 I LPAPSH  : skip updateGoogleDsFcmToken()                                                                       [at com.samsung.euicc.push.SmpInitializer.updateGoogleDsFcmToken(SmpInitializer.java:306)]
04-21 11:04:38.571 10320 10620 I LPAPSH  : quitDelayed(): com.samsung.euicc.push.SmpInitializer$1@1c8b57c                                      [at com.samsung.euicc.push.SmpInitializer.quitDelayed(SmpInitializer.java:610)]
04-21 11:04:38.571 10320 10638 I SLPASVC : -blockingSendRequest()                                                                              [at com.samsung.euicc.service.EuiccServiceImpl.blockingSendRequest(EuiccServiceImpl.java:282)]
04-21 11:04:38.571 10320 10638 I SLPASVC : completed get profile info list !                                                                   [at com.samsung.euicc.service.EuiccServiceImpl.getListProfileInfo(EuiccServiceImpl.java:1291)]
04-21 11:04:38.571 10320 10638 I SLPASVC : completed get profile info list                                                                     [at com.samsung.euicc.service.EuiccServiceImpl.onGetEuiccProfileInfoList(EuiccServiceImpl.java:737)]
04-21 11:04:38.571 10320 10650 I SmpLog  : [SMP] SEND BR : smp init success
04-21 11:04:38.572  9004  9123 I Routine@Core[4.9.06.0]: RoutineUiItemGetter: getWatchActionLabel: watch action get label brightness)
04-21 11:04:38.572 10320 10650 W ContextImpl: Calling a method in the system process without a qualified user: android.app.ContextImpl.sendBroadcast:1335 android.content.ContextWrapper.sendBroadcast:515 com.samsung.android.sdk.smp.common.util.BroadcastUtil.broadcastNewSmpInitSuccess:87 com.samsung.android.sdk.smp.common.util.BroadcastUtil.broadcastSmpInitSuccess:75 com.samsung.android.sdk.smp.interfaceimpl.SmpInterfaceImpl.uploadClientsForInit:168 
04-21 11:04:38.572  3957  4146 D EuiccConnector: handleMessage: E msg.what=6
04-21 11:04:38.573  3957  4146 D EuiccConnector: processMsg: ConnectedState
04-21 11:04:38.573  3957  4146 D EuiccConnector: handleMessage: X
04-21 11:04:38.574  4013  4116 D SurfaceComposerClient: setCornerRadius ## Task=8485#94314 cornerRadius=13.000000
04-21 11:04:38.575   482   333 I Icing   : Usage reports ok 1, Failed Usage reports 0, indexed 0, rejected 0
04-21 11:04:38.577 10320 10320 I LPAPSH  : com.samsung.android.sdk.smp.smpInitResult                                                           [at com.samsung.euicc.push.SmpReceiver.onReceive(SmpReceiver.java:16)]
04-21 11:04:38.577 10320 10320 I LPAPSH  : smp init success                                                                                    [at com.samsung.euicc.push.SmpReceiver.onReceive(SmpReceiver.java:45)]
04-21 11:04:38.577 10320 10320 I SmpLog  : [SMP] get token : ...TGzAs (142)
04-21 11:04:38.577 10320 10320 I LPAPSH  : getPushToken : elB9PgAnSd2tw6gU164sLd:APA91bHAuU4LWMSv9A4LjrqbfiRmZuHFr5eiKOQ0leFLc0w5mmZdsvQkCIx_NhSKZeLnJLwjbo28J8zLoiCvWyyLwPFd_rfSljd3lOEXDXOYF4D7mLTGzAs[at com.samsung.euicc.push.SmpReceiver.getPushToken(SmpReceiver.java:73)]
04-21 11:04:38.577 10320 10320 W ContextImpl: Calling a method in the system process without a qualified user: android.app.ContextImpl.startService:2068 android.content.ContextWrapper.startService:872 android.content.ContextWrapper.startService:872 com.samsung.euicc.push.SmpReceiver.startSmdsService:82 com.samsung.euicc.push.SmpReceiver.onReceive:48 
04-21 11:04:38.580 10320 10320 I LPAPSH  : onCreate                                                                                            [at com.samsung.euicc.push.SMDSService.onCreate(SMDSService.java:94)]
04-21 11:04:38.581  4013  4116 D SurfaceComposerClient: setCornerRadius ## Task=8485#94314 cornerRadius=13.000000
04-21 11:04:38.581 10320 10320 I LPAPSH  : onStartCommand 3                                                                                    [at com.samsung.euicc.push.SMDSService.onStartCommand(SMDSService.java:105)]
04-21 11:04:38.581 10320 10320 E LPAPSH  : handler exist                                                                                       [at com.samsung.euicc.push.SMDSService.createHandler(SMDSService.java:318)]
04-21 11:04:38.582 10320 10654 I LPAPSH  : handleMessage 3                                                                                     [at com.samsung.euicc.push.SMDSService$SMDSHandler.handleMessage(SMDSService$SMDSHandler.java:136)]
04-21 11:04:38.582  9004  9131 I Routine@Core[4.9.06.0]: MetaUpdater: update
04-21 11:04:38.582 10320 10654 E LPAPSH  : token already updated                                                                               [at com.samsung.euicc.push.SMDSService.handleSmdsRegisterEidToken(SMDSService.java:259)]
04-21 11:04:38.586   482   333 I Icing   : Usage reports ok 0, Failed Usage reports 0, indexed 0, rejected 0
04-21 11:04:38.586   482   333 I Icing   : Indexing com.google.android.gms-apps from com.google.android.gms
04-21 11:04:38.589  4013  4116 D SurfaceComposerClient: setCornerRadius ## Task=8485#94314 cornerRadius=13.000000
04-21 11:04:38.591  1844  1844 I SSC_DAEMON: handleSensorTestReqMsg:88, Sensor type :6, Msg type:5
04-21 11:04:38.593  9004  9131 I Routine@Core[4.9.06.0]: MetaUpdater: updateMeta: newMeta=wear|power_saving(id=-1)
04-21 11:04:38.593  9004  9131 I Routine@Core[4.9.06.0]: MetaUpdater: updateMeta: newMeta=wear|aod(id=-1)
04-21 11:04:38.594  9004  9131 I Routine@Core[4.9.06.0]: MetaUpdater: updateMeta: newMeta=wear|dnd(id=-1)
04-21 11:04:38.594  9004  9131 I Routine@Core[4.9.06.0]: MetaUpdater: updateMeta: newMeta=wear|wake_on_by_bezel(id=-1)
04-21 11:04:38.594  9004  9131 I Routine@Core[4.9.06.0]: MetaUpdater: updateMeta: newMeta=wear|wake_on_touch_screen(id=-1)
04-21 11:04:38.594  9004  9131 I Routine@Core[4.9.06.0]: MetaUpdater: updateMeta: newMeta=wear|wake_on_wrist_up(id=-1)
04-21 11:04:38.594  9004  9131 I Routine@Core[4.9.06.0]: MetaUpdater: updateMeta: newMeta=wear|sound_mode(id=-1)
04-21 11:04:38.594  9004  9131 I Routine@Core[4.9.06.0]: MetaUpdater: updateMeta: newMeta=wear|disconnection_alert(id=-1)
04-21 11:04:38.594   482   333 I Icing   : Indexing done com.google.android.gms-apps
04-21 11:04:38.595  9004  9131 I Routine@Core[4.9.06.0]: MetaUpdater: updateMeta: newMeta=wear|brightness(id=-1)
04-21 11:04:38.595  9004  9131 I Routine@Core[4.9.06.0]: MetaUpdater: updateMeta: newMeta=appfunction://com.sec.android.app.clockpackage.crossappactions#AlarmCrossAppActions_findAlarms(id=-1)
04-21 11:04:38.595  9004  9131 I Routine@Core[4.9.06.0]: MetaUpdater: updateMeta: newMeta=appfunction://com.sec.android.app.clockpackage.crossappactions#AlarmCrossAppActions_createAlarm(id=-1)
04-21 11:04:38.596  9004  9131 I Routine@Core[4.9.06.0]: MetaUpdater: updateMeta: newMeta=appfunction://com.sec.android.app.clockpackage.crossappactions#AlarmCrossAppActions_updateAlarm(id=-1)
04-21 11:04:38.596  9004  9131 I Routine@Core[4.9.06.0]: MetaUpdater: updateMeta: newMeta=appfunction://com.sec.android.app.clockpackage.crossappactions#StopwatchCrossAppFunctions_resetStopwatch(id=-1)
04-21 11:04:38.596 10594 10656 I KmxService_KmxLogWrapper: KmxService KmxLogWrapper init
04-21 11:04:38.597  9004  9131 I Routine@Core[4.9.06.0]: MetaUpdater: updateMeta: newMeta=appfunction://com.samsung.android.app.reminder.data.crossappactions#TaskFunctions_showTask(id=-1)
04-21 11:04:38.597  9004  9131 I Routine@Core[4.9.06.0]: MetaUpdater: updateMeta: newMeta=appfunction://com.sec.android.app.clockpackage.crossappactions#StopwatchCrossAppFunctions_stopStopwatch(id=-1)
04-21 11:04:38.597  4013  4116 D SurfaceComposerClient: setCornerRadius ## Task=8485#94314 cornerRadius=13.000000
04-21 11:04:38.597 10594 10656 I SamsungAnalytics605079: Tracker start:6.05.079
04-21 11:04:38.597 10594 10656 I KmxServiceSALogging: KmxServiceSALogging instance was null 
04-21 11:04:38.597  9004  9131 I Routine@Core[4.9.06.0]: MetaUpdater: updateMeta: newMeta=appfunction://com.sec.android.app.clockpackage.crossappactions#StopwatchCrossAppFunctions_startStopwatch(id=-1)
04-21 11:04:38.598  9004  9131 I Routine@Core[4.9.06.0]: MetaUpdater: updateMeta: newMeta=appfunction://com.samsung.android.app.reminder.data.crossappactions#TaskFunctions_createTask(id=-1)
04-21 11:04:38.598  9004  9131 I Routine@Core[4.9.06.0]: MetaUpdater: updateMeta: newMeta=appfunction://com.samsung.android.app.reminder.data.crossappactions#TaskFunctions_updateTask(id=-1)
04-21 11:04:38.598  9004  9131 I Routine@Core[4.9.06.0]: MetaUpdater: updateMeta: newMeta=appfunction://com.samsung.android.app.reminder.data.crossappactions#TaskFunctions_findTasks(id=-1)
04-21 11:04:38.599  9004  9131 I Routine@Core[4.9.06.0]: MetaUpdater: updateMeta: newMeta=appfunction://com.samsung.android.gallery.crossapp.function#PhotoFunctions_findMediaItems(id=-1)
04-21 11:04:38.599  9004  9131 I Routine@Core[4.9.06.0]: MetaUpdater: updateMeta: newMeta=appfunction://com.samsung.android.app.calendar.crossapp#CrossAppEvent_findEvents(id=-1)
04-21 11:04:38.599  9004  9131 I Routine@Core[4.9.06.0]: MetaUpdater: updateMeta: newMeta=appfunction://com.samsung.android.app.calendar.crossapp#CrossAppEvent_createEvent(id=-1)
04-21 11:04:38.599  9004  9131 I Routine@Core[4.9.06.0]: MetaUpdater: updateMeta: newMeta=appfunction://com.samsung.android.app.calendar.crossapp#CrossAppEvent_updateEvent(id=-1)
04-21 11:04:38.600  9004  9131 I Routine@Core[4.9.06.0]: MetaUpdater: updateMeta: newMeta=appfunction://com.samsung.android.app.calendar.crossapp#CrossAppEvent_showEvent(id=-1)
04-21 11:04:38.601 10594 10594 I WM-RemoteWorkManagerSer: Binding to RemoteWorkManager
04-21 11:04:38.601  9004  9131 I Routine@Core[4.9.06.0]: SupportStateUpdater: update
04-21 11:04:38.602  9004  9131 I Routine@Core[4.9.06.0]: TASKD/ActionTaskAdapterFactoryImpl: getAdapter - metaId=wear|power_saving(id=248)
04-21 11:04:38.602  9004  9131 I Routine@Core[4.9.06.0]: TASKD/ActionTaskAdapterFactoryImpl: getAdapter - metaId=wear|aod(id=245)
04-21 11:04:38.602  9004  9131 I Routine@Core[4.9.06.0]: TASKD/ActionTaskAdapterFactoryImpl: getAdapter - metaId=wear|dnd(id=247)
04-21 11:04:38.604  9004  9125 I Routine@Core[4.9.06.0]: WatchPluginStateGetter: sendRequest
04-21 11:04:38.604 10594 10657 E ashmem  : Pinning is deprecated since Android Q. Please use trim or other methods.
04-21 11:04:38.604  2398  3806 D BackgroundInstallControlService: Package event received: 0
04-21 11:04:38.604 26048 26048 I Watch6:WatchSettings: SettingIntentProvider.onReceive() : context=android.app.ReceiverRestrictedContext@1078bc, action=com.samsung.wearable.watchplugin.ACTION_GET_ACTIVATED_WATCH_SETTING
04-21 11:04:38.605 26048 26048 I Watch6:WatchSettings: SettingIntentProvider.onReceive() : createResponse() : deviceInfo=DeviceInfo(deviceId=##:##:##:##:FC:61, nodeId=d137e80f)
04-21 11:04:38.605  4013  4116 D SurfaceComposerClient: setCornerRadius ## Task=8485#94314 cornerRadius=13.000000
04-21 11:04:38.605 26048 26048 I WatchSettings_Watch6: SettingsPreferences > getValue() : true (from wear://d137e80f/w_module_sec_watch_setting/phone/dnd/sync_do_not_disturb/enabled)
04-21 11:04:38.605 26048 26048 I Watch6:WatchSettings: SettingIntentProvider.onReceive() : getDeviceSetting() : true from uri=/w_module_sec_watch_setting/phone/dnd/sync_do_not_disturb/enabled
04-21 11:04:38.605 26048 26048 I CapabilityDataCategory: getModelName() modelName : Galaxy Watch6 Classic
04-21 11:04:38.605 26048 26191 I WatchSettings_Watch6: DataItemLogger > print() : DataItemLogInfo(uri=wear://d137e80f/w_module_sec_watch_setting/phone/dnd/sync_do_not_disturb/enabled, time=02-19 16:57:19.650, from=phone, valueMap={booleanIsChecked=true})
04-21 11:04:38.606  2398  2925 I SGM:GameManager: PkgUpdateReceiver, onReceive(), action=android.intent.action.PACKAGE_ADDED, userId=0
04-21 11:04:38.606  2398  2925 I SGM:GameManager: PkgUpdateReceiver, onPackageAdded : com.hermescourier.android userHandle : UserHandle{0} userId : 0
04-21 11:04:38.606  2398  2925 D SGM:GosNotifyThread: sendPackageMessage(), changeType=0, pkgName=com.hermescourier.android, userHandleId=0
04-21 11:04:38.606  2398  2925 I SGM:GameManager: PkgUpdateReceiver, com.samsung.android.game.gos is enabled : true
04-21 11:04:38.606  2398  3616 D SGM:GosNotifyThread: notifyPackageChangedToGos(), before send intent to GOS. type:15, changeType: 0, pkgName:com.hermescourier.android, userHandleId:0
04-21 11:04:38.606  2398  3616 D SGM:PmAppCategoryManager: getManifestCategory(), manifestCategory=-1, packageName=com.hermescourier.android
04-21 11:04:38.606  2398  3616 D SGM:PmAppCategoryManager: getCategoryOverride(), categoryOverride=-1, packageName=com.hermescourier.android
04-21 11:04:38.606  2398  3616 I SGM:GosNotifyThread: notifyPackageChangedToGos(), category from pm: com.hermescourier.android, [-1/-1]
04-21 11:04:38.608  2398  3616 D SGM:GosNotifyThread: notifyPackageChangedToGos(), after send intent to GOS. ComponentInfo{com.samsung.android.game.gos/com.samsung.android.game.gos.service.GameIntentService}
04-21 11:04:38.608 19058 19146 V BinderSender: Uid 10079 already starts
04-21 11:04:38.609  2398  3806 D BackgroundInstallControlService: Package event received: 0
04-21 11:04:38.611  8392 10666 I GOS:GameIntentService: onHandleIntent. GameIntentService. type: 15, pkgName: com.hermescourier.android
04-21 11:04:38.611  2398  6750 D SGM:GameManager: getVersion.
04-21 11:04:38.614  4013  4116 D SurfaceComposerClient: setCornerRadius ## Task=8485#94314 cornerRadius=13.000000
04-21 11:04:38.617  1931  2440 I SurfaceFlinger: Capture layer list: 	 Wallpaper BBQ wrapper 17_system#105(seamlessTransition:0)
04-21 11:04:38.617  1931  2440 I SurfaceFlinger: Capture layer list: 	 com.sec.android.app.launcher/com.sec.android.app.launcher.activities.LauncherActivity$_4658#94308(seamlessTransition:0)
04-21 11:04:38.619  2398  3028 D PowerManagerService: displayReady: false groupId=0
04-21 11:04:38.619  2398  3028 D DisplayPowerController[0]: animateScreenStateChange: target=ON, mIsEnabled=true
04-21 11:04:38.619  2398  3028 D DisplayPowerController[1]: animateScreenStateChange: target=OFF, mIsEnabled=false
04-21 11:04:38.619  2398  3028 D PowerManagerService: displayReady: true groupId=0
04-21 11:04:38.622  4013  4116 D SurfaceComposerClient: setCornerRadius ## Task=8485#94314 cornerRadius=13.000000
