04-21 11:04:38.872 10563 10563 I InsetsController: onStateChanged: host=com.hermescourier.android/com.hermescourier.android.MainActivity, from=android.view.ViewRootImpl.onInsetsStateChanged:3011, state=InsetsState: {mDisplayFrame=Rect(0, 0 - 1080, 2520), mDisplayCutout=DisplayCutout{insets=Rect(0, 110 - 0, 0) waterfall=Insets{left=0, top=0, right=0, bottom=0} boundingRect={Bounds=[Rect(0, 0 - 0, 0), Rect(510, 0 - 570, 110), Rect(0, 0 - 0, 0), Rect(0, 0 - 0, 0)]} cutoutPathParserInfo={CutoutPathParserInfo{displayWidth=1080 displayHeight=2520 physicalDisplayWidth=1080 physicalDisplayHeight=2520 density={2.625} cutoutSpec={M 0,0 H -11.42857142857143 V 41.9047619047619 H 11.42857142857143 V 0 H 0 Z @dp} rotation={0} scale={1.0} physicalPixelDisplaySizeRatio={1.0}}} sideOverrides={}}, mRoundedCorners=RoundedCorners{[RoundedCorner{position=TopLeft, radius=13, center=Point(13, 13)}, RoundedCorner{position=TopRight, radius=13, center=Point(1067, 13)}, RoundedCorner{position=BottomRight, radius=13, center=Point(1067, 2507)}, RoundedCorner{position=BottomLeft, radius=13, center=Point(13, 2507)}]}  mRoundedCornerFrame=Rect(0, 0 - 1080, 2520), mPrivacyIndicatorBounds=PrivacyIndicatorBounds {static bounds=Rect(964, 0 - 1080, 110) rotation=0}, mDisplayShape=DisplayShape{ spec=-311912193 displayWidth=1080 displayHeight=2520 physicalPixelDisplaySizeRatio=1.0 rotation=0 offsetX=0 offsetY=0 scale=1.0}, mSources= { InsetsSource: {9b490004 mType=systemGestures mFrame=[0,0][0,0] mVisible=false mFlags= mSideHint=NONE mBoundingRects=null}, InsetsSource: {9b490005 mType=mandatorySystemGestures mFrame=[0,0][0,0] mVisible=false mFlags= mSideHint=NONE mBoundingRects=null}, InsetsSource: {9b490006 mType=tappableElement mFrame=[0,0][0,0] mVisible=false mFlags= mSideHint=NONE mBoundingRects=null}, InsetsSource: {9b490024 mType=systemGestures mFrame=[0,0][0,0] mVisible=false mFlags= mSideHint=NONE mBoundingRects=null}, InsetsSource: {fbc60000 mType=statusBars mFrame=[0,0][1080,110] mVisible=true mFlags= mSideHint=TOP mBoundingRects=null}, InsetsSource: {fbc60005 mType=mandatorySystemGestures mFrame=[0,0][1080,135] mVisible=true mFlags= mSideHint=TOP mBoundingRects=null}, InsetsSource: {fbc60006 mType=tappableElement mFrame=[0,0][1080,110] mVisible=true mFlags= mSideHint=TOP mBoundingRects=null}, InsetsSource: {3 mType=ime mFrame=[0,0][0,0] mVisible=false mFlags= mSideHint=NONE mBoundingRects=null}, InsetsSource: {27 mType=displayCutout mFrame=[0,0][1080,110] mVisible=true mFlags= mSideHint=TOP mBoundingRects=null}, InsetsSource: {45910001 mType=navigationBars mFrame=[0,2481][1080,2520] mVisible=true mFlags=SUPPRESS_SCRIM mSideHint=BOTTOM mBoundingRects=null}, InsetsSource: {45910004 mType=systemGestures mFrame=[0,0][78,2520] mVisible=true mFlags= mSideHint=LEFT mBoundingRects=null}, InsetsSource: {45910005 mType=mandatorySystemGestures mFrame=[0,2453][1080,2520] mVisible=true mFlags= mSideHint=BOTTOM mBoundingRects=null}, InsetsSource: {45910006 mType=tappableElement mFrame=[0,0][0,0] mVisible=true mFlags= mSideHint=NONE mBoundingRects=null}, InsetsSource: {45910024 mType=systemGestures mFrame=[1002,0][1080,2520] mVisible=true mFlags= mSideHint=RIGHT mBoundingRects=null} }
04-21 11:04:38.873 10563 10563 I VRI[MainActivity]@de4a1b5: synced displayState. AttachInfo displayState=2
04-21 11:04:38.873 10563 10563 I VRI[MainActivity]@de4a1b5: setView = com.android.internal.policy.DecorView@f0aa431 IsHRR=false mFlingFrameRateChange=0 TM=true
04-21 11:04:38.873 10563 10563 I IDS_TAG : Clearing training data of com.hermescourier.android.HermesCourierApplication@1b3abfb
04-21 11:04:38.874 10563 10563 I IDS_TAG : Starting IDS observe window
04-21 11:04:38.874 10563 10563 I IDS_TAG : Getting Shared Preference for com.hermescourier.android.HermesCourierApplication@1b3abfb uid = 11016
04-21 11:04:38.875 10563 10563 I IDS_TAG : App com.hermescourier.android.HermesCourierApplication@1b3abfb has not finished training
04-21 11:04:38.875  4013  4181 V FoldStarApp-Impl: onBoundsCompatPackageAppeared, mode=0, packageName=null, doNotShow=false, notified=false
04-21 11:04:38.875 10563 10688 D HWUI    : HWUI - treat SMPTE_170M as sRGB
04-21 11:04:38.875  4013  4181 V FoldStarApp-Impl: onBoundsCompatPackageAppeared, mode=0, packageName=com.hermescourier.android, doNotShow=false, notified=false
04-21 11:04:38.875 10563 10563 I IDS_TAG : Closing IDS observe window
04-21 11:04:38.875 10563 10563 I IDS_TAG : Getting Shared Preference for com.hermescourier.android.HermesCourierApplication@1b3abfb uid = 11016
04-21 11:04:38.875 10563 10563 I IDS_TAG : IDS count updated to 1 for com.hermescourier.android.HermesCourierApplication@1b3abfb
04-21 11:04:38.878  1931  1931 I SurfaceFlinger: [9b36143 com.hermescourier.android/com.hermescourier.android.MainActivity#94324] attach to parent LayerHierarchy{RequestedLayerState{ActivityRecord{93756274 u0 com.hermescourier.android/.MainActivity t8485}#94315 parentId=94314} 3 children}
04-21 11:04:38.887  1931  1931 I SurfaceFlinger: RequestedLayer [9b36143 com.hermescourier.android/co[...]escourier.android.MainActivity#94324] hidden!! flag  from(1) --> to(0)
04-21 11:04:38.896  2398  2899 D KNOX_MDM_SettingsProvider: isChangeAllowed() : name = enabled_notification_listeners
04-21 11:04:38.904  1776  6495 I sensors-hal: handle_sns_client_event:379, [0][21955369] accel_sample [-0.016,  8.575,  4.593] 1591212909017925
04-21 11:04:38.917  1931  2440 I SurfaceFlinger: Capture layer list: 	 Splash Screen com.hermescourier.android$_4013#94317(seamlessTransition:0)
04-21 11:04:38.953  2398  2398 W AccessibilityManagerService:  wait for adding window timeout: 2671
04-21 11:04:38.956  1041 24310 E keystore2: system/security/keystore2/src/error.rs:185 - Rc(r#KEY_NOT_FOUND), "system/security/keystore2/src/service.rs:178: In get_key_entry, while trying to load key info. 11016, Some(\"hermes_courier_device_signing\")"
04-21 11:04:38.957  1805  2408 I SDM     : DisplayBase::CommitThread: Received idle timeout, panel: cmd, timeout: 70000 us
04-21 11:04:38.964   928 11642 I CategoryBloomFilter: BloomFilterSize:- 2778349
04-21 11:04:38.966  2398  4075 E AppOps  : attributionTag VCN not declared in manifest of android
04-21 11:04:38.989   928 11642 I AppClassifier: Category not present in BloomFilter, Checking in Manifest:- com.hermescourier.android
04-21 11:04:38.990   928 11642 I AppClassifier: Category not found in BF and Manifest for pkg :- com.hermescourier.android
04-21 11:04:38.990   928 11642 I AppCategoryExecutor: convertToParcel() executed
04-21 11:04:38.990   928 11642 I AppCategoryExecutor: AppCategoryDetail is : AppCategoryDetail{mPackageName='com.hermescourier.android', mCategoryString='', mCategoryId=-1}
04-21 11:04:38.990   928 11642 I AppCategoryExecutor: Response is : [AppCategoryDetail{mPackageName='com.hermescourier.android', mCategoryString='', mCategoryId=-1}]
04-21 11:04:38.992  9223 10681 I AiPrivacy::AiAppEventWorker: result : Success {mOutputData=Data {}}, ADDED
04-21 11:04:38.993  2398  4075 I ActivityManager: Changes in 10119 8 to 10, 128 to 0
04-21 11:04:38.993 10594 10668 I WM-WorkerWrapper: Worker result SUCCESS for Work [ id=9b2beb07-d637-41d4-aa7a-f394b287a89b, tags={ com.samsung.android.kmxservice.ai.event.AiAppEventWorker } ]
04-21 11:04:38.994  2398  2494 I ActivityManager: Changes in 10087 8 to 10, 128 to 0
04-21 11:04:39.017  1771  5559 I vendor.qti.bluetooth@1.0-ibs_handler: ProcessIbsCmd: Received IBS_WAKE_IND: 0xFD
04-21 11:04:39.017  1771  5559 D vendor.qti.bluetooth@1.0-ibs_handler: SerialClockVote: vote for UART CLK ON
04-21 11:04:39.017  1771  5559 D vendor.qti.bluetooth@1.0-wake_lock: Acquire wakelock is acquired 
04-21 11:04:39.017  1771  5559 I vendor.qti.bluetooth@1.0-ibs_handler: ProcessIbsCmd: Writing IBS_WAKE_ACK
04-21 11:04:39.019  2398  3028 D PowerManagerService: displayReady: false groupId=0
04-21 11:04:39.019  2398  3028 D DisplayPowerController[0]: animateScreenStateChange: target=ON, mIsEnabled=true
04-21 11:04:39.019  2398  3028 D DisplayPowerController[1]: animateScreenStateChange: target=OFF, mIsEnabled=false
04-21 11:04:39.020  2398  3028 D PowerManagerService: displayReady: true groupId=0
04-21 11:04:39.024  4285  5702 I ScanController: onScanResult to scannerId: 7- eventType=0x1b, addressType=0, address=XX:XX:XX:XX:9D:7B, primaryPhy=1, secondaryPhy=0, advertisingSid=0xff, txPower=127, rssi=-64, periodicAdvInt=0x0
04-21 11:04:39.029  4568  4568 I wpa_supplicant: nl80211: Vendor event: wiphy=0 vendor_id=0x1374 subcmd=182
04-21 11:04:39.029  2563  2563 I cnss-daemon: nl80211 response handler invoked
04-21 11:04:39.029  2563  2563 I cnss-daemon: nl80211_response_handler: cmd 103, vendorID 4980, subcmd 182  received
04-21 11:04:39.029  2590  4524 D LOWI-9.0.1.112.a: [LOWI-Scan] wait_event:Wait done with Cmd 103
04-21 11:04:39.029  2590  4524 D LOWI-9.0.1.112.a: [LOWI-Scan] do_listen_events: Rcvd valid Netlink Cmd 0 Err 0
04-21 11:04:39.029  1781  4520 I WifiHAL : event received NL80211_CMD_VENDOR, vendor_id = 0x1374, subcmd = 0xb6
04-21 11:04:39.033  3957  4645 D SatelliteController: isInCarrierRoamingNbIotNtn: satellite is disabled
04-21 11:04:39.034  3957  4645 V SatelliteController: getWwanIsInService: return true
04-21 11:04:39.053  1058  1058 D keymint_swd: keymint_swd keymint [WRN] (_swd_key_attest:2066) signkey = pkey
04-21 11:04:39.053  1058  1058 D keymint_swd: keymint_swd keymint [WRN] (swd_run_cb:263) swd_generate_key() returns 0
04-21 11:04:39.053  1058  1058 W keymint_tee: [WRN]ret OK PARAMS: A1, PP2, PP3, D4, D6, PD5, NAR1, KS2048, RPE 65537, CD2026.04.21,11:04:38.958, 
04-21 11:04:39.053  1058  1058 D android.hardware.security.keymint-service: generateKeyInternal: ret 0
04-21 11:04:39.053  1041 24310 I keystore2: system/security/keystore2/src/security_level.rs:757 - In generate_key. 11016, Some("hermes_courier_device_signing")
04-21 11:04:39.055  1041 24310 I keystore2: system/security/keystore2/src/database.rs:2260 - In store_new_key "hermes_courier_device_signing", uid=11016, cert=true, cert_chain=false rebound=false
04-21 11:04:39.062  1041 24310 E keystore2: system/security/keystore2/src/error.rs:185 - Rc(r#KEY_NOT_FOUND), "system/security/keystore2/src/service.rs:178: In get_key_entry, while trying to load key info. 11016, Some(\"_androidx_security_master_key_\")"
04-21 11:04:39.064  1058  1058 D keymint_swd: keymint_swd keymint [WRN] (swd_run_cb:263) swd_generate_key() returns 0
04-21 11:04:39.064  1058  1058 W keymint_tee: [WRN]ret OK PARAMS: A32, PP0, PP1, BM32, PD1, NAR1, KS256, CD2026.04.21,11:04:39.062, 
04-21 11:04:39.064  1058  1058 D android.hardware.security.keymint-service: generateKeyInternal: ret 0
04-21 11:04:39.064  1041 24310 I keystore2: system/security/keystore2/src/security_level.rs:757 - In generate_key. 11016, Some("_androidx_security_master_key_")
04-21 11:04:39.064  1041 24310 I keystore2: system/security/keystore2/src/database.rs:2260 - In store_new_key "_androidx_security_master_key_", uid=11016, cert=false, cert_chain=false rebound=false
04-21 11:04:39.070  1771  5559 I vendor.qti.bluetooth@1.0-ibs_handler: ProcessIbsCmd: Received IBS_SLEEP_IND: 0xFE
04-21 11:04:39.070  1771  5559 D vendor.qti.bluetooth@1.0-ibs_handler: SerialClockVote: vote for UART CLK OFF
04-21 11:04:39.073 10563 10577 I courier.android: Compiler allocated 5066KB to compile void android.view.ViewRootImpl.performTraversals()
04-21 11:04:39.091  1058  1058 W keymint_tee: [WRN]begin req PARAMS: A32, BM32, PD1, 
04-21 11:04:39.092  1058  1058 D keymint_swd: keymint_swd keymint [WRN] (km_add_tag:528) skip: non repetable tag already exists with different value: 268435458
04-21 11:04:39.092  1058  1058 D keymint_swd: keymint_swd keymint [WRN] (swd_run_cb:263) swd_begin() returns 0
04-21 11:04:39.092  1058  1058 D android.hardware.security.keymint-service: begin: ret 0
04-21 11:04:39.093  1041 24310 I keystore2: system/security/keystore2/src/security_level.rs:466 - In create_operation. Success to create IKeystoreOperation. 11016, None
04-21 11:04:39.093  1058  1058 D keymint_swd: keymint_swd keymint [WRN] (swd_run_cb:263) swd_update() returns 0
04-21 11:04:39.093  1058  1058 D android.hardware.security.keymint-service: update: ret 0
04-21 11:04:39.094  1058  1058 D keymint_swd: keymint_swd keymint [WRN] (swd_run_cb:263) swd_finish() returns 0
04-21 11:04:39.094  1058  1058 D android.hardware.security.keymint-service: finish: ret 0
04-21 11:04:39.094  1058  1058 W keymint_tee: [WRN]begin req PARAMS: A32, BM32, PD1, 
04-21 11:04:39.096  1058  1058 D keymint_swd: keymint_swd keymint [WRN] (km_add_tag:528) skip: non repetable tag already exists with different value: 268435458
04-21 11:04:39.096  1058  1058 D keymint_swd: keymint_swd keymint [WRN] (swd_run_cb:263) swd_begin() returns 0
04-21 11:04:39.096  1058  1058 D android.hardware.security.keymint-service: begin: ret 0
04-21 11:04:39.096  1041 24310 I keystore2: system/security/keystore2/src/security_level.rs:466 - In create_operation. Success to create IKeystoreOperation. 11016, None
04-21 11:04:39.097  1058  1058 D keymint_swd: keymint_swd keymint [WRN] (swd_run_cb:263) swd_update() returns 0
04-21 11:04:39.097  1058  1058 D android.hardware.security.keymint-service: update: ret 0
04-21 11:04:39.097  1058  1058 D keymint_swd: keymint_swd keymint [WRN] (swd_run_cb:263) swd_finish() returns 0
04-21 11:04:39.097  1058  1058 D android.hardware.security.keymint-service: finish: ret 0
04-21 11:04:39.101  1058  1058 W keymint_tee: [WRN]begin req PARAMS: A32, BM32, PD1, 
04-21 11:04:39.103  1058  1058 D keymint_swd: keymint_swd keymint [WRN] (km_add_tag:528) skip: non repetable tag already exists with different value: 268435458
04-21 11:04:39.103  1058  1058 D keymint_swd: keymint_swd keymint [WRN] (swd_run_cb:263) swd_begin() returns 0
04-21 11:04:39.103  1058  1058 D android.hardware.security.keymint-service: begin: ret 0
04-21 11:04:39.103  1041 24310 I keystore2: system/security/keystore2/src/security_level.rs:466 - In create_operation. Success to create IKeystoreOperation. 11016, None
04-21 11:04:39.103  1058  1058 D keymint_swd: keymint_swd keymint [WRN] (swd_run_cb:263) swd_update() returns 0
04-21 11:04:39.103  1058  1058 D android.hardware.security.keymint-service: update: ret 0
04-21 11:04:39.104  1058  1058 D keymint_swd: keymint_swd keymint [WRN] (swd_run_cb:263) swd_finish() returns 0
04-21 11:04:39.104  1058  1058 D android.hardware.security.keymint-service: finish: ret 0
04-21 11:04:39.104  1058  1058 W keymint_tee: [WRN]begin req PARAMS: A32, BM32, PD1, 
04-21 11:04:39.106  1058  1058 D keymint_swd: keymint_swd keymint [WRN] (km_add_tag:528) skip: non repetable tag already exists with different value: 268435458
04-21 11:04:39.106  1058  1058 D keymint_swd: keymint_swd keymint [WRN] (swd_run_cb:263) swd_begin() returns 0
04-21 11:04:39.106  1058  1058 D android.hardware.security.keymint-service: begin: ret 0
04-21 11:04:39.106  1041 24310 I keystore2: system/security/keystore2/src/security_level.rs:466 - In create_operation. Success to create IKeystoreOperation. 11016, None
04-21 11:04:39.106  9004  9004 I Routine@Core[4.9.06.0]: WatchPluginStateGetter: BroadcastReceiver::onReceive
04-21 11:04:39.106  9004  9125 I Routine@Core[4.9.06.0]: Pref: putSharedPrefsData: key=WATCH_DND_SYNC_ENABLED, data.size=4
04-21 11:04:39.106  1058  1058 D keymint_swd: keymint_swd keymint [WRN] (swd_run_cb:263) swd_update() returns 0
04-21 11:04:39.106  1058  1058 D android.hardware.security.keymint-service: update: ret 0
04-21 11:04:39.107  9004  9125 I Routine@Core[4.9.06.0]: WatchPluginStateGetter: isDNDSyncEnabled: true
04-21 11:04:39.107  1058  1058 D keymint_swd: keymint_swd keymint [WRN] (swd_run_cb:263) swd_finish() returns 0
04-21 11:04:39.107  1058  1058 D android.hardware.security.keymint-service: finish: ret 0
04-21 11:04:39.107  9004  9016 I Routine@Core[4.9.06.0]: MetadataSyncHistory: isMetaDataSyncedWithVersion: latest=a7bf197be9b97cf21318bc88d94a83de9d06660c, currentVersion=a7bf197be9b97cf21318bc88d94a83de9d06660c
04-21 11:04:39.108  9004  9131 I Routine@Core[4.9.06.0]: TASKD/ActionTaskAdapterFactoryImpl: getAdapter - metaId=wear|wake_on_by_bezel(id=250)
04-21 11:04:39.108  9004  9125 I Routine@Core[4.9.06.0]: WearCommonDataStore: getLastConnectedNodeId: d137e80f
04-21 11:04:39.110  1058  1058 W keymint_tee: [WRN]begin req PARAMS: A32, BM32, PD1, 
04-21 11:04:39.111  9004  9131 I Routine@Core[4.9.06.0]: TASKD/ActionTaskAdapterFactoryImpl: getAdapter - metaId=wear|wake_on_touch_screen(id=251)
04-21 11:04:39.111  1058  1058 D keymint_swd: keymint_swd keymint [WRN] (km_add_tag:528) skip: non repetable tag already exists with different value: 268435458
04-21 11:04:39.111  1058  1058 D keymint_swd: keymint_swd keymint [WRN] (swd_run_cb:263) swd_begin() returns 0
04-21 11:04:39.111  1058  1058 D android.hardware.security.keymint-service: begin: ret 0
04-21 11:04:39.111  9004  9131 I Routine@Core[4.9.06.0]: TASKD/ActionTaskAdapterFactoryImpl: getAdapter - metaId=wear|wake_on_wrist_up(id=252)
04-21 11:04:39.111  1041 24310 I keystore2: system/security/keystore2/src/security_level.rs:466 - In create_operation. Success to create IKeystoreOperation. 11016, None
04-21 11:04:39.111  9004  9131 I Routine@Core[4.9.06.0]: TASKD/ActionTaskAdapterFactoryImpl: getAdapter - metaId=wear|sound_mode(id=249)
04-21 11:04:39.112  1058  1058 D keymint_swd: keymint_swd keymint [WRN] (swd_run_cb:263) swd_update() returns 0
04-21 11:04:39.112  1058  1058 D android.hardware.security.keymint-service: update: ret 0
04-21 11:04:39.112  9004  9131 I Routine@Core[4.9.06.0]: TASKD/ActionTaskAdapterFactoryImpl: getAdapter - metaId=wear|disconnection_alert(id=246)
04-21 11:04:39.112  9004  9131 I Routine@Core[4.9.06.0]: TASKD/ActionTaskAdapterFactoryImpl: getAdapter - metaId=wear|brightness(id=406)
04-21 11:04:39.112  1058  1058 D keymint_swd: keymint_swd keymint [WRN] (swd_run_cb:263) swd_finish() returns 0
04-21 11:04:39.112  1058  1058 D android.hardware.security.keymint-service: finish: ret 0
04-21 11:04:39.112  1793 10533 I HYPER-HAL: [RequestManager.cpp]releaseLocked(): Released ID : 3032017
04-21 11:04:39.113  9004  9131 I Routine@Core[4.9.06.0]: TASKD/ActionTaskAdapterFactoryImpl: getAdapter - metaId=appfunction://com.sec.android.app.clockpackage.crossappactions#AlarmCrossAppActions_findAlarms(id=1167)
04-21 11:04:39.113  1058  1058 W keymint_tee: [WRN]begin req PARAMS: A32, BM32, PD1, 
04-21 11:04:39.114  1058  1058 D keymint_swd: keymint_swd keymint [WRN] (km_add_tag:528) skip: non repetable tag already exists with different value: 268435458
04-21 11:04:39.114  1058  1058 D keymint_swd: keymint_swd keymint [WRN] (swd_run_cb:263) swd_begin() returns 0
04-21 11:04:39.114  1058  1058 D android.hardware.security.keymint-service: begin: ret 0
04-21 11:04:39.114  1041 24310 I keystore2: system/security/keystore2/src/security_level.rs:466 - In create_operation. Success to create IKeystoreOperation. 11016, None
04-21 11:04:39.115  1058  1058 D keymint_swd: keymint_swd keymint [WRN] (swd_run_cb:263) swd_update() returns 0
04-21 11:04:39.115  1058  1058 D android.hardware.security.keymint-service: update: ret 0
04-21 11:04:39.115  1058  1058 D keymint_swd: keymint_swd keymint [WRN] (swd_run_cb:263) swd_finish() returns 0
04-21 11:04:39.115  1058  1058 D android.hardware.security.keymint-service: finish: ret 0
04-21 11:04:39.117  1058  1058 W keymint_tee: [WRN]begin req PARAMS: A32, BM32, PD1, 
04-21 11:04:39.118  1058  1058 D keymint_swd: keymint_swd keymint [WRN] (km_add_tag:528) skip: non repetable tag already exists with different value: 268435458
04-21 11:04:39.118  1058  1058 D keymint_swd: keymint_swd keymint [WRN] (swd_run_cb:263) swd_begin() returns 0
04-21 11:04:39.118  1058  1058 D android.hardware.security.keymint-service: begin: ret 0
04-21 11:04:39.118  1041 24310 I keystore2: system/security/keystore2/src/security_level.rs:466 - In create_operation. Success to create IKeystoreOperation. 11016, None
04-21 11:04:39.118  1058  1058 D keymint_swd: keymint_swd keymint [WRN] (swd_run_cb:263) swd_update() returns 0
04-21 11:04:39.118  1058  1058 D android.hardware.security.keymint-service: update: ret 0
04-21 11:04:39.119  1058  1058 D keymint_swd: keymint_swd keymint [WRN] (swd_run_cb:263) swd_finish() returns 0
04-21 11:04:39.119  1058  1058 D android.hardware.security.keymint-service: finish: ret 0
04-21 11:04:39.120  1058  1058 W keymint_tee: [WRN]begin req PARAMS: A32, BM32, PD1, 
04-21 11:04:39.121  1058  1058 D keymint_swd: keymint_swd keymint [WRN] (km_add_tag:528) skip: non repetable tag already exists with different value: 268435458
04-21 11:04:39.121  1058  1058 D keymint_swd: keymint_swd keymint [WRN] (swd_run_cb:263) swd_begin() returns 0
04-21 11:04:39.121  1058  1058 D android.hardware.security.keymint-service: begin: ret 0
04-21 11:04:39.121  1041 24310 I keystore2: system/security/keystore2/src/security_level.rs:466 - In create_operation. Success to create IKeystoreOperation. 11016, None
04-21 11:04:39.121  1058  1058 D keymint_swd: keymint_swd keymint [WRN] (swd_run_cb:263) swd_update() returns 0
04-21 11:04:39.122  1058  1058 D android.hardware.security.keymint-service: update: ret 0
04-21 11:04:39.122  1058  1058 D keymint_swd: keymint_swd keymint [WRN] (swd_run_cb:263) swd_finish() returns 0
04-21 11:04:39.122  1058  1058 D android.hardware.security.keymint-service: finish: ret 0
04-21 11:04:39.124  9004  9131 I Routine@Core[4.9.06.0]: AppFunctionsActionHandler: isSupported: supportStatus = SUPPORTED, tag = appfunction://com.sec.android.app.clockpackage.crossappactions#AlarmCrossAppActions_findAlarms
04-21 11:04:39.125  9004  9131 I Routine@Core[4.9.06.0]: TASKD/ActionTaskAdapterFactoryImpl: getAdapter - metaId=appfunction://com.sec.android.app.clockpackage.crossappactions#AlarmCrossAppActions_createAlarm(id=1168)
04-21 11:04:39.134  1058  1058 W keymint_tee: [WRN]begin req PARAMS: A32, BM32, PD1, 
04-21 11:04:39.135  9004  9131 I Routine@Core[4.9.06.0]: AppFunctionsActionHandler: isSupported: supportStatus = SUPPORTED, tag = appfunction://com.sec.android.app.clockpackage.crossappactions#AlarmCrossAppActions_createAlarm
04-21 11:04:39.136  1058  1058 D keymint_swd: keymint_swd keymint [WRN] (km_add_tag:528) skip: non repetable tag already exists with different value: 268435458
04-21 11:04:39.136  1058  1058 D keymint_swd: keymint_swd keymint [WRN] (swd_run_cb:263) swd_begin() returns 0
04-21 11:04:39.136  1058  1058 D android.hardware.security.keymint-service: begin: ret 0
04-21 11:04:39.136  9004  9131 I Routine@Core[4.9.06.0]: TASKD/ActionTaskAdapterFactoryImpl: getAdapter - metaId=appfunction://com.sec.android.app.clockpackage.crossappactions#AlarmCrossAppActions_updateAlarm(id=1169)
04-21 11:04:39.136  1041 24310 I keystore2: system/security/keystore2/src/security_level.rs:466 - In create_operation. Success to create IKeystoreOperation. 11016, None
04-21 11:04:39.137  1058  1058 D keymint_swd: keymint_swd keymint [WRN] (swd_run_cb:263) swd_update() returns 0
04-21 11:04:39.137  1058  1058 D android.hardware.security.keymint-service: update: ret 0
04-21 11:04:39.137  1058  1058 D keymint_swd: keymint_swd keymint [WRN] (swd_run_cb:263) swd_finish() returns 0
04-21 11:04:39.137  1058  1058 D android.hardware.security.keymint-service: finish: ret 0
04-21 11:04:39.138  1058  1058 W keymint_tee: [WRN]begin req PARAMS: A32, BM32, PD1, 
04-21 11:04:39.139  1058  1058 D keymint_swd: keymint_swd keymint [WRN] (km_add_tag:528) skip: non repetable tag already exists with different value: 268435458
04-21 11:04:39.139  1058  1058 D keymint_swd: keymint_swd keymint [WRN] (swd_run_cb:263) swd_begin() returns 0
04-21 11:04:39.139  1058  1058 D android.hardware.security.keymint-service: begin: ret 0
04-21 11:04:39.139  1041 24310 I keystore2: system/security/keystore2/src/security_level.rs:466 - In create_operation. Success to create IKeystoreOperation. 11016, None
04-21 11:04:39.140  1058  1058 D keymint_swd: keymint_swd keymint [WRN] (swd_run_cb:263) swd_update() returns 0
04-21 11:04:39.140  1058  1058 D android.hardware.security.keymint-service: update: ret 0
04-21 11:04:39.140  1058  1058 D keymint_swd: keymint_swd keymint [WRN] (swd_run_cb:263) swd_finish() returns 0
04-21 11:04:39.140  1058  1058 D android.hardware.security.keymint-service: finish: ret 0
04-21 11:04:39.141  1058  1058 W keymint_tee: [WRN]begin req PARAMS: A32, BM32, PD1, 
04-21 11:04:39.142  1058  1058 D keymint_swd: keymint_swd keymint [WRN] (km_add_tag:528) skip: non repetable tag already exists with different value: 268435458
04-21 11:04:39.142  1058  1058 D keymint_swd: keymint_swd keymint [WRN] (swd_run_cb:263) swd_begin() returns 0
04-21 11:04:39.142  1058  1058 D android.hardware.security.keymint-service: begin: ret 0
04-21 11:04:39.142  1041 24310 I keystore2: system/security/keystore2/src/security_level.rs:466 - In create_operation. Success to create IKeystoreOperation. 11016, None
04-21 11:04:39.143  1058  1058 D keymint_swd: keymint_swd keymint [WRN] (swd_run_cb:263) swd_update() returns 0
04-21 11:04:39.143  1058  1058 D android.hardware.security.keymint-service: update: ret 0
04-21 11:04:39.143  1058  1058 D keymint_swd: keymint_swd keymint [WRN] (swd_run_cb:263) swd_finish() returns 0
04-21 11:04:39.143  1058  1058 D android.hardware.security.keymint-service: finish: ret 0
04-21 11:04:39.144  1058  1058 W keymint_tee: [WRN]begin req PARAMS: A32, BM32, PD1, 
04-21 11:04:39.146  1058  1058 D keymint_swd: keymint_swd keymint [WRN] (km_add_tag:528) skip: non repetable tag already exists with different value: 268435458
04-21 11:04:39.146  1058  1058 D keymint_swd: keymint_swd keymint [WRN] (swd_run_cb:263) swd_begin() returns 0
04-21 11:04:39.146  1058  1058 D android.hardware.security.keymint-service: begin: ret 0
04-21 11:04:39.146  1041 24310 I keystore2: system/security/keystore2/src/security_level.rs:466 - In create_operation. Success to create IKeystoreOperation. 11016, None
04-21 11:04:39.146  9004  9131 I Routine@Core[4.9.06.0]: AppFunctionsActionHandler: isSupported: supportStatus = SUPPORTED, tag = appfunction://com.sec.android.app.clockpackage.crossappactions#AlarmCrossAppActions_updateAlarm
04-21 11:04:39.146  1058  1058 D keymint_swd: keymint_swd keymint [WRN] (swd_run_cb:263) swd_update() returns 0
04-21 11:04:39.146  1058  1058 D android.hardware.security.keymint-service: update: ret 0
04-21 11:04:39.147  1058  1058 D keymint_swd: keymint_swd keymint [WRN] (swd_run_cb:263) swd_finish() returns 0
04-21 11:04:39.147  1058  1058 D android.hardware.security.keymint-service: finish: ret 0
04-21 11:04:39.147  9004  9131 I Routine@Core[4.9.06.0]: TASKD/ActionTaskAdapterFactoryImpl: getAdapter - metaId=appfunction://com.sec.android.app.clockpackage.crossappactions#StopwatchCrossAppFunctions_resetStopwatch(id=1170)
04-21 11:04:39.147  1058  1058 W keymint_tee: [WRN]begin req PARAMS: A32, BM32, PD1, 
04-21 11:04:39.149  1058  1058 D keymint_swd: keymint_swd keymint [WRN] (km_add_tag:528) skip: non repetable tag already exists with different value: 268435458
04-21 11:04:39.149  1058  1058 D keymint_swd: keymint_swd keymint [WRN] (swd_run_cb:263) swd_begin() returns 0
04-21 11:04:39.149  1058  1058 D android.hardware.security.keymint-service: begin: ret 0
04-21 11:04:39.149  1041 24310 I keystore2: system/security/keystore2/src/security_level.rs:466 - In create_operation. Success to create IKeystoreOperation. 11016, None
04-21 11:04:39.149  1058  1058 D keymint_swd: keymint_swd keymint [WRN] (swd_run_cb:263) swd_update() returns 0
04-21 11:04:39.149  1058  1058 D android.hardware.security.keymint-service: update: ret 0
04-21 11:04:39.150  1058  1058 D keymint_swd: keymint_swd keymint [WRN] (swd_run_cb:263) swd_finish() returns 0
04-21 11:04:39.150  1058  1058 D android.hardware.security.keymint-service: finish: ret 0
04-21 11:04:39.150  1058  1058 W keymint_tee: [WRN]begin req PARAMS: A32, BM32, PD1, 
04-21 11:04:39.152  1058  1058 D keymint_swd: keymint_swd keymint [WRN] (km_add_tag:528) skip: non repetable tag already exists with different value: 268435458
04-21 11:04:39.152  1058  1058 D keymint_swd: keymint_swd keymint [WRN] (swd_run_cb:263) swd_begin() returns 0
04-21 11:04:39.152  1058  1058 D android.hardware.security.keymint-service: begin: ret 0
04-21 11:04:39.152  1041 24310 I keystore2: system/security/keystore2/src/security_level.rs:466 - In create_operation. Success to create IKeystoreOperation. 11016, None
04-21 11:04:39.152  1058  1058 D keymint_swd: keymint_swd keymint [WRN] (swd_run_cb:263) swd_update() returns 0
04-21 11:04:39.152  1058  1058 D android.hardware.security.keymint-service: update: ret 0
04-21 11:04:39.153  1058  1058 D keymint_swd: keymint_swd keymint [WRN] (swd_run_cb:263) swd_finish() returns 0
04-21 11:04:39.153  1058  1058 D android.hardware.security.keymint-service: finish: ret 0
04-21 11:04:39.157  9004  9131 I Routine@Core[4.9.06.0]: AppFunctionsActionHandler: isSupported: supportStatus = SUPPORTED, tag = appfunction://com.sec.android.app.clockpackage.crossappactions#StopwatchCrossAppFunctions_resetStopwatch
04-21 11:04:39.157  1058  1058 W keymint_tee: [WRN]begin req PARAMS: A32, BM32, PD1, 
04-21 11:04:39.158  9004  9131 I Routine@Core[4.9.06.0]: TASKD/ActionTaskAdapterFactoryImpl: getAdapter - metaId=appfunction://com.samsung.android.app.reminder.data.crossappactions#TaskFunctions_showTask(id=1171)
04-21 11:04:39.159  1058  1058 D keymint_swd: keymint_swd keymint [WRN] (km_add_tag:528) skip: non repetable tag already exists with different value: 268435458
04-21 11:04:39.159  1058  1058 D keymint_swd: keymint_swd keymint [WRN] (swd_run_cb:263) swd_begin() returns 0
04-21 11:04:39.159  1058  1058 D android.hardware.security.keymint-service: begin: ret 0
04-21 11:04:39.159  1041 24310 I keystore2: system/security/keystore2/src/security_level.rs:466 - In create_operation. Success to create IKeystoreOperation. 11016, None
04-21 11:04:39.159  1058  1058 D keymint_swd: keymint_swd keymint [WRN] (swd_run_cb:263) swd_update() returns 0
04-21 11:04:39.159  1058  1058 D android.hardware.security.keymint-service: update: ret 0
04-21 11:04:39.160  1058  1058 D keymint_swd: keymint_swd keymint [WRN] (swd_run_cb:263) swd_finish() returns 0
04-21 11:04:39.160  1058  1058 D android.hardware.security.keymint-service: finish: ret 0
04-21 11:04:39.160  1058  1058 W keymint_tee: [WRN]begin req PARAMS: A32, BM32, PD1, 
04-21 11:04:39.162  1058  1058 D keymint_swd: keymint_swd keymint [WRN] (km_add_tag:528) skip: non repetable tag already exists with different value: 268435458
04-21 11:04:39.162  1058  1058 D keymint_swd: keymint_swd keymint [WRN] (swd_run_cb:263) swd_begin() returns 0
04-21 11:04:39.162  1058  1058 D android.hardware.security.keymint-service: begin: ret 0
04-21 11:04:39.162  1041 24310 I keystore2: system/security/keystore2/src/security_level.rs:466 - In create_operation. Success to create IKeystoreOperation. 11016, None
04-21 11:04:39.162  1058  1058 D keymint_swd: keymint_swd keymint [WRN] (swd_run_cb:263) swd_update() returns 0
04-21 11:04:39.162  1058  1058 D android.hardware.security.keymint-service: update: ret 0
04-21 11:04:39.163  1058  1058 D keymint_swd: keymint_swd keymint [WRN] (swd_run_cb:263) swd_finish() returns 0
04-21 11:04:39.163  1058  1058 D android.hardware.security.keymint-service: finish: ret 0
04-21 11:04:39.163  1058  1058 W keymint_tee: [WRN]begin req PARAMS: A32, BM32, PD1, 
04-21 11:04:39.165  1058  1058 D keymint_swd: keymint_swd keymint [WRN] (km_add_tag:528) skip: non repetable tag already exists with different value: 268435458
04-21 11:04:39.165  1058  1058 D keymint_swd: keymint_swd keymint [WRN] (swd_run_cb:263) swd_begin() returns 0
04-21 11:04:39.165  1058  1058 D android.hardware.security.keymint-service: begin: ret 0
04-21 11:04:39.165  1041 24310 I keystore2: system/security/keystore2/src/security_level.rs:466 - In create_operation. Success to create IKeystoreOperation. 11016, None
04-21 11:04:39.165  1058  1058 D keymint_swd: keymint_swd keymint [WRN] (swd_run_cb:263) swd_update() returns 0
04-21 11:04:39.165  1058  1058 D android.hardware.security.keymint-service: update: ret 0
04-21 11:04:39.166  1058  1058 D keymint_swd: keymint_swd keymint [WRN] (swd_run_cb:263) swd_finish() returns 0
04-21 11:04:39.166  1058  1058 D android.hardware.security.keymint-service: finish: ret 0
04-21 11:04:39.167  1058  1058 W keymint_tee: [WRN]begin req PARAMS: A32, BM32, PD1, 
04-21 11:04:39.168  1058  1058 D keymint_swd: keymint_swd keymint [WRN] (km_add_tag:528) skip: non repetable tag already exists with different value: 268435458
04-21 11:04:39.168  1058  1058 D keymint_swd: keymint_swd keymint [WRN] (swd_run_cb:263) swd_begin() returns 0
04-21 11:04:39.168  1058  1058 D android.hardware.security.keymint-service: begin: ret 0
04-21 11:04:39.168  1041 24310 I keystore2: system/security/keystore2/src/security_level.rs:466 - In create_operation. Success to create IKeystoreOperation. 11016, None
04-21 11:04:39.168  9004  9131 I Routine@Core[4.9.06.0]: AppFunctionsActionHandler: isSupported: supportStatus = SUPPORTED, tag = appfunction://com.samsung.android.app.reminder.data.crossappactions#TaskFunctions_showTask
04-21 11:04:39.169  1058  1058 D keymint_swd: keymint_swd keymint [WRN] (swd_run_cb:263) swd_update() returns 0
04-21 11:04:39.169  1058  1058 D android.hardware.security.keymint-service: update: ret 0
04-21 11:04:39.169  1058  1058 D keymint_swd: keymint_swd keymint [WRN] (swd_run_cb:263) swd_finish() returns 0
04-21 11:04:39.169  1058  1058 D android.hardware.security.keymint-service: finish: ret 0
04-21 11:04:39.170  9004  9131 I Routine@Core[4.9.06.0]: TASKD/ActionTaskAdapterFactoryImpl: getAdapter - metaId=appfunction://com.sec.android.app.clockpackage.crossappactions#StopwatchCrossAppFunctions_stopStopwatch(id=1172)
04-21 11:04:39.170  1058  1058 W keymint_tee: [WRN]begin req PARAMS: A32, BM32, PD1, 
04-21 11:04:39.171  1058  1058 D keymint_swd: keymint_swd keymint [WRN] (km_add_tag:528) skip: non repetable tag already exists with different value: 268435458
04-21 11:04:39.171  1058  1058 D keymint_swd: keymint_swd keymint [WRN] (swd_run_cb:263) swd_begin() returns 0
04-21 11:04:39.171  1058  1058 D android.hardware.security.keymint-service: begin: ret 0
04-21 11:04:39.171  1041 24310 I keystore2: system/security/keystore2/src/security_level.rs:466 - In create_operation. Success to create IKeystoreOperation. 11016, None
04-21 11:04:39.172  1058  1058 D keymint_swd: keymint_swd keymint [WRN] (swd_run_cb:263) swd_update() returns 0
04-21 11:04:39.172  1058  1058 D android.hardware.security.keymint-service: update: ret 0
04-21 11:04:39.172  1058  1058 D keymint_swd: keymint_swd keymint [WRN] (swd_run_cb:263) swd_finish() returns 0
04-21 11:04:39.172  1058  1058 D android.hardware.security.keymint-service: finish: ret 0
04-21 11:04:39.173  1058  1058 W keymint_tee: [WRN]begin req PARAMS: A32, BM32, PD1, 
04-21 11:04:39.174  1058  1058 D keymint_swd: keymint_swd keymint [WRN] (km_add_tag:528) skip: non repetable tag already exists with different value: 268435458
04-21 11:04:39.174  1058  1058 D keymint_swd: keymint_swd keymint [WRN] (swd_run_cb:263) swd_begin() returns 0
04-21 11:04:39.174  1058  1058 D android.hardware.security.keymint-service: begin: ret 0
04-21 11:04:39.174  1041 24310 I keystore2: system/security/keystore2/src/security_level.rs:466 - In create_operation. Success to create IKeystoreOperation. 11016, None
04-21 11:04:39.174  1058  1058 D keymint_swd: keymint_swd keymint [WRN] (swd_run_cb:263) swd_update() returns 0
04-21 11:04:39.174  1058  1058 D android.hardware.security.keymint-service: update: ret 0
04-21 11:04:39.175  1058  1058 D keymint_swd: keymint_swd keymint [WRN] (swd_run_cb:263) swd_finish() returns 0
04-21 11:04:39.175  1058  1058 D android.hardware.security.keymint-service: finish: ret 0
04-21 11:04:39.180  1058  1058 W keymint_tee: [WRN]begin req PARAMS: A32, BM32, PD1, 
04-21 11:04:39.180  9004  9131 I Routine@Core[4.9.06.0]: AppFunctionsActionHandler: isSupported: supportStatus = SUPPORTED, tag = appfunction://com.sec.android.app.clockpackage.crossappactions#StopwatchCrossAppFunctions_stopStopwatch
04-21 11:04:39.181  9004  9131 I Routine@Core[4.9.06.0]: TASKD/ActionTaskAdapterFactoryImpl: getAdapter - metaId=appfunction://com.sec.android.app.clockpackage.crossappactions#StopwatchCrossAppFunctions_startStopwatch(id=1173)
04-21 11:04:39.181  1058  1058 D keymint_swd: keymint_swd keymint [WRN] (km_add_tag:528) skip: non repetable tag already exists with different value: 268435458
04-21 11:04:39.181  1058  1058 D keymint_swd: keymint_swd keymint [WRN] (swd_run_cb:263) swd_begin() returns 0
04-21 11:04:39.181  1058  1058 D android.hardware.security.keymint-service: begin: ret 0
04-21 11:04:39.181  1041 24310 I keystore2: system/security/keystore2/src/security_level.rs:466 - In create_operation. Success to create IKeystoreOperation. 11016, None
04-21 11:04:39.182  1058  1058 D keymint_swd: keymint_swd keymint [WRN] (swd_run_cb:263) swd_update() returns 0
04-21 11:04:39.182  1058  1058 D android.hardware.security.keymint-service: update: ret 0
04-21 11:04:39.183  1058  1058 D keymint_swd: keymint_swd keymint [WRN] (swd_run_cb:263) swd_finish() returns 0
04-21 11:04:39.183  1058  1058 D android.hardware.security.keymint-service: finish: ret 0
04-21 11:04:39.183  1058  1058 W keymint_tee: [WRN]begin req PARAMS: A32, BM32, PD1, 
04-21 11:04:39.185  1058  1058 D keymint_swd: keymint_swd keymint [WRN] (km_add_tag:528) skip: non repetable tag already exists with different value: 268435458
04-21 11:04:39.185  1058  1058 D keymint_swd: keymint_swd keymint [WRN] (swd_run_cb:263) swd_begin() returns 0
04-21 11:04:39.185  1058  1058 D android.hardware.security.keymint-service: begin: ret 0
04-21 11:04:39.185  1041 24310 I keystore2: system/security/keystore2/src/security_level.rs:466 - In create_operation. Success to create IKeystoreOperation. 11016, None
04-21 11:04:39.185  1058  1058 D keymint_swd: keymint_swd keymint [WRN] (swd_run_cb:263) swd_update() returns 0
04-21 11:04:39.185  1058  1058 D android.hardware.security.keymint-service: update: ret 0
04-21 11:04:39.186  1058  1058 D keymint_swd: keymint_swd keymint [WRN] (swd_run_cb:263) swd_finish() returns 0
04-21 11:04:39.186  1058  1058 D android.hardware.security.keymint-service: finish: ret 0
04-21 11:04:39.187  1058  1058 W keymint_tee: [WRN]begin req PARAMS: A32, BM32, PD1, 
04-21 11:04:39.188  1058  1058 D keymint_swd: keymint_swd keymint [WRN] (km_add_tag:528) skip: non repetable tag already exists with different value: 268435458
04-21 11:04:39.188  1058  1058 D keymint_swd: keymint_swd keymint [WRN] (swd_run_cb:263) swd_begin() returns 0
04-21 11:04:39.188  1058  1058 D android.hardware.security.keymint-service: begin: ret 0
04-21 11:04:39.188  1041 24310 I keystore2: system/security/keystore2/src/security_level.rs:466 - In create_operation. Success to create IKeystoreOperation. 11016, None
04-21 11:04:39.189  1058  1058 D keymint_swd: keymint_swd keymint [WRN] (swd_run_cb:263) swd_update() returns 0
04-21 11:04:39.189  1058  1058 D android.hardware.security.keymint-service: update: ret 0
04-21 11:04:39.189  1058  1058 D keymint_swd: keymint_swd keymint [WRN] (swd_run_cb:263) swd_finish() returns 0
04-21 11:04:39.189  1058  1058 D android.hardware.security.keymint-service: finish: ret 0
04-21 11:04:39.190  1058  1058 W keymint_tee: [WRN]begin req PARAMS: A32, BM32, PD1, 
04-21 11:04:39.191  1058  1058 D keymint_swd: keymint_swd keymint [WRN] (km_add_tag:528) skip: non repetable tag already exists with different value: 268435458
04-21 11:04:39.191  1058  1058 D keymint_swd: keymint_swd keymint [WRN] (swd_run_cb:263) swd_begin() returns 0
04-21 11:04:39.191  1058  1058 D android.hardware.security.keymint-service: begin: ret 0
04-21 11:04:39.191  9004  9131 I Routine@Core[4.9.06.0]: AppFunctionsActionHandler: isSupported: supportStatus = SUPPORTED, tag = appfunction://com.sec.android.app.clockpackage.crossappactions#StopwatchCrossAppFunctions_startStopwatch
04-21 11:04:39.191  1041 24310 I keystore2: system/security/keystore2/src/security_level.rs:466 - In create_operation. Success to create IKeystoreOperation. 11016, None
04-21 11:04:39.192  1058  1058 D keymint_swd: keymint_swd keymint [WRN] (swd_run_cb:263) swd_update() returns 0
04-21 11:04:39.192  1058  1058 D android.hardware.security.keymint-service: update: ret 0
04-21 11:04:39.192  1058  1058 D keymint_swd: keymint_swd keymint [WRN] (swd_run_cb:263) swd_finish() returns 0
04-21 11:04:39.192  1058  1058 D android.hardware.security.keymint-service: finish: ret 0
04-21 11:04:39.192  9004  9131 I Routine@Core[4.9.06.0]: TASKD/ActionTaskAdapterFactoryImpl: getAdapter - metaId=appfunction://com.samsung.android.app.reminder.data.crossappactions#TaskFunctions_createTask(id=1174)
04-21 11:04:39.194  1058  1058 W keymint_tee: [WRN]begin req PARAMS: A32, BM32, PD1, 
04-21 11:04:39.195  1058  1058 D keymint_swd: keymint_swd keymint [WRN] (km_add_tag:528) skip: non repetable tag already exists with different value: 268435458
04-21 11:04:39.195  1058  1058 D keymint_swd: keymint_swd keymint [WRN] (swd_run_cb:263) swd_begin() returns 0
04-21 11:04:39.195  1058  1058 D android.hardware.security.keymint-service: begin: ret 0
04-21 11:04:39.195  1041 24310 I keystore2: system/security/keystore2/src/security_level.rs:466 - In create_operation. Success to create IKeystoreOperation. 11016, None
04-21 11:04:39.196  1058  1058 D keymint_swd: keymint_swd keymint [WRN] (swd_run_cb:263) swd_update() returns 0
04-21 11:04:39.196  1058  1058 D android.hardware.security.keymint-service: update: ret 0
04-21 11:04:39.196  1058  1058 D keymint_swd: keymint_swd keymint [WRN] (swd_run_cb:263) swd_finish() returns 0
04-21 11:04:39.196  1058  1058 D android.hardware.security.keymint-service: finish: ret 0
04-21 11:04:39.197  1058  1058 W keymint_tee: [WRN]begin req PARAMS: A32, BM32, PD1, 
04-21 11:04:39.198  1058  1058 D keymint_swd: keymint_swd keymint [WRN] (km_add_tag:528) skip: non repetable tag already exists with different value: 268435458
04-21 11:04:39.198  1058  1058 D keymint_swd: keymint_swd keymint [WRN] (swd_run_cb:263) swd_begin() returns 0
04-21 11:04:39.198  1058  1058 D android.hardware.security.keymint-service: begin: ret 0
04-21 11:04:39.198  1041 24310 I keystore2: system/security/keystore2/src/security_level.rs:466 - In create_operation. Success to create IKeystoreOperation. 11016, None
04-21 11:04:39.199  1058  1058 D keymint_swd: keymint_swd keymint [WRN] (swd_run_cb:263) swd_update() returns 0
04-21 11:04:39.199  1058  1058 D android.hardware.security.keymint-service: update: ret 0
04-21 11:04:39.199  1058  1058 D keymint_swd: keymint_swd keymint [WRN] (swd_run_cb:263) swd_finish() returns 0
04-21 11:04:39.199  1058  1058 D android.hardware.security.keymint-service: finish: ret 0
04-21 11:04:39.200  1058  1058 W keymint_tee: [WRN]begin req PARAMS: A32, BM32, PD1, 
04-21 11:04:39.201  1058  1058 D keymint_swd: keymint_swd keymint [WRN] (km_add_tag:528) skip: non repetable tag already exists with different value: 268435458
04-21 11:04:39.201  1058  1058 D keymint_swd: keymint_swd keymint [WRN] (swd_run_cb:263) swd_begin() returns 0
04-21 11:04:39.201  1058  1058 D android.hardware.security.keymint-service: begin: ret 0
04-21 11:04:39.201  1041 24310 I keystore2: system/security/keystore2/src/security_level.rs:466 - In create_operation. Success to create IKeystoreOperation. 11016, None
04-21 11:04:39.202  1058  1058 D keymint_swd: keymint_swd keymint [WRN] (swd_run_cb:263) swd_update() returns 0
04-21 11:04:39.202  1058  1058 D android.hardware.security.keymint-service: update: ret 0
04-21 11:04:39.202  1058  1058 D keymint_swd: keymint_swd keymint [WRN] (swd_run_cb:263) swd_finish() returns 0
04-21 11:04:39.202  1058  1058 D android.hardware.security.keymint-service: finish: ret 0
04-21 11:04:39.203  1058  1058 W keymint_tee: [WRN]begin req PARAMS: A32, BM32, PD1, 
04-21 11:04:39.203  9004  9131 I Routine@Core[4.9.06.0]: AppFunctionsActionHandler: isSupported: supportStatus = SUPPORTED, tag = appfunction://com.samsung.android.app.reminder.data.crossappactions#TaskFunctions_createTask
04-21 11:04:39.204  1058  1058 D keymint_swd: keymint_swd keymint [WRN] (km_add_tag:528) skip: non repetable tag already exists with different value: 268435458
04-21 11:04:39.204  1058  1058 D keymint_swd: keymint_swd keymint [WRN] (swd_run_cb:263) swd_begin() returns 0
04-21 11:04:39.204  1058  1058 D android.hardware.security.keymint-service: begin: ret 0
04-21 11:04:39.204  1041 24310 I keystore2: system/security/keystore2/src/security_level.rs:466 - In create_operation. Success to create IKeystoreOperation. 11016, None
04-21 11:04:39.204  9004  9131 I Routine@Core[4.9.06.0]: TASKD/ActionTaskAdapterFactoryImpl: getAdapter - metaId=appfunction://com.samsung.android.app.reminder.data.crossappactions#TaskFunctions_updateTask(id=1175)
04-21 11:04:39.205  1058  1058 D keymint_swd: keymint_swd keymint [WRN] (swd_run_cb:263) swd_update() returns 0
04-21 11:04:39.205  1058  1058 D android.hardware.security.keymint-service: update: ret 0
04-21 11:04:39.205  1058  1058 D keymint_swd: keymint_swd keymint [WRN] (swd_run_cb:263) swd_finish() returns 0
04-21 11:04:39.205  1058  1058 D android.hardware.security.keymint-service: finish: ret 0
04-21 11:04:39.216  5141  5180 I RequestManager_FLP: onOpChanged, op=0 / packageName=com.android.chrome
04-21 11:04:39.218  9004  9131 I Routine@Core[4.9.06.0]: AppFunctionsActionHandler: isSupported: supportStatus = SUPPORTED, tag = appfunction://com.samsung.android.app.reminder.data.crossappactions#TaskFunctions_updateTask
04-21 11:04:39.219  2398  3028 D PowerManagerService: displayReady: false groupId=0
04-21 11:04:39.219  2398  3028 D DisplayPowerController[0]: animateScreenStateChange: target=ON, mIsEnabled=true
04-21 11:04:39.219  2398  3028 D DisplayPowerController[1]: animateScreenStateChange: target=OFF, mIsEnabled=false
04-21 11:04:39.219  2398  3028 D PowerManagerService: displayReady: true groupId=0
04-21 11:04:39.219  9004  9131 I Routine@Core[4.9.06.0]: TASKD/ActionTaskAdapterFactoryImpl: getAdapter - metaId=appfunction://com.samsung.android.app.reminder.data.crossappactions#TaskFunctions_findTasks(id=1176)
04-21 11:04:39.220  1771  4761 D vendor.qti.bluetooth@1.0-wake_lock: Release wakelock is released 
04-21 11:04:39.223  1820  2586 I thermal_core: pivot(AP) : 329, skin : 311
04-21 11:04:39.223  1820  2586 I vendor.samsung.hardware.thermal-service: index = -2.600000
04-21 11:04:39.223  1820  2586 I vendor.samsung.hardware.thermal-service: 9 / 10
04-21 11:04:39.229  1793  1930 I HYPER-HAL: [RequestManager.cpp]acquire(): Acquired ID : 656576406  [1796 / 34440]    HINT :      list : [UCLAMP_MIN_BOOST / 0] [TIMEOUT / 350] [TID / 10691] [TID / 10692] [TID / 10563] [TID / 10688] 
04-21 11:04:39.230  9004  9131 I Routine@Core[4.9.06.0]: AppFunctionsActionHandler: isSupported: supportStatus = SUPPORTED, tag = appfunction://com.samsung.android.app.reminder.data.crossappactions#TaskFunctions_findTasks
04-21 11:04:39.231  2398  2494 D CoreBackPreview: Window{9b36143 u0 com.hermescourier.android/com.hermescourier.android.MainActivity}: Setting back callback OnBackInvokedCallbackInfo{mCallback=android.window.IOnBackInvokedCallback$Stub$Proxy@25f2133, mPriority=0, mIsAnimationCallback=false, mOverrideBehavior=0}
04-21 11:04:39.232  9004  9131 I Routine@Core[4.9.06.0]: TASKD/ActionTaskAdapterFactoryImpl: getAdapter - metaId=appfunction://com.samsung.android.gallery.crossapp.function#PhotoFunctions_findMediaItems(id=1177)
04-21 11:04:39.242  9004  9131 I Routine@Core[4.9.06.0]: AppFunctionsActionHandler: isSupported: supportStatus = SUPPORTED, tag = appfunction://com.samsung.android.gallery.crossapp.function#PhotoFunctions_findMediaItems
04-21 11:04:39.242 10320 10320 W SLPASVC : try Count : 0                                                                                       [at com.samsung.euicc.lpaService.LpaServiceHandler.handleMessage(LpaServiceHandler.java:91)]
04-21 11:04:39.244 10320 10713 I SLPASVC : provisioning profile disabled or no exist                                                           [at com.samsung.euicc.message.DisableProvisioningProfile.lambda$execute$2(DisableProvisioningProfile.java:64)]
04-21 11:04:39.244  9004  9131 I Routine@Core[4.9.06.0]: TASKD/ActionTaskAdapterFactoryImpl: getAdapter - metaId=appfunction://com.samsung.android.app.calendar.crossapp#CrossAppEvent_findEvents(id=1178)
04-21 11:04:39.254  9004  9131 I Routine@Core[4.9.06.0]: AppFunctionsActionHandler: isSupported: supportStatus = SUPPORTED, tag = appfunction://com.samsung.android.app.calendar.crossapp#CrossAppEvent_findEvents
04-21 11:04:39.255  9004  9131 I Routine@Core[4.9.06.0]: TASKD/ActionTaskAdapterFactoryImpl: getAdapter - metaId=appfunction://com.samsung.android.app.calendar.crossapp#CrossAppEvent_createEvent(id=1179)
04-21 11:04:39.261  5141  5180 I RequestManager_FLP: onOpChanged, op=0 / packageName=com.samsung.android.spayfw
04-21 11:04:39.266  9004  9131 I Routine@Core[4.9.06.0]: AppFunctionsActionHandler: isSupported: supportStatus = SUPPORTED, tag = appfunction://com.samsung.android.app.calendar.crossapp#CrossAppEvent_createEvent
04-21 11:04:39.266  9004  9131 I Routine@Core[4.9.06.0]: TASKD/ActionTaskAdapterFactoryImpl: getAdapter - metaId=appfunction://com.samsung.android.app.calendar.crossapp#CrossAppEvent_updateEvent(id=1180)
04-21 11:04:39.276  9004  9131 I Routine@Core[4.9.06.0]: AppFunctionsActionHandler: isSupported: supportStatus = SUPPORTED, tag = appfunction://com.samsung.android.app.calendar.crossapp#CrossAppEvent_updateEvent
04-21 11:04:39.277  9004  9131 I Routine@Core[4.9.06.0]: TASKD/ActionTaskAdapterFactoryImpl: getAdapter - metaId=appfunction://com.samsung.android.app.calendar.crossapp#CrossAppEvent_showEvent(id=1181)
