04-21 11:03:39.938  1785   714 D AHAL_SecModulePrimary: onGetSECGenericParameters get temperature for g_hw_speaker_amp_temp_spk: 0
04-21 11:03:39.938  6772  7903 I SDHMS:x : SIOP:: AP:322 BAT:264 USB:259 CHG:312 PA:310 CP:307 WIFI:321 CF:319 BLK:0 SUBBAT:259 LRPTHM:288 SKIN:311 SKINF:303 SKINB:316 LRP:311 LRF:303 LRB:316 APT:303 APR:316 RCV:265 SPK:257 CAPR:311 CRCV:282 CSPK:268 CAMT:301 UPSPK:260 DNSPK:259 VAP02:304 VAP05:315 AMB2:217 HIGH:0 AVGCUR:-231 AVGSYS:335 POWER:-939
04-21 11:03:39.938  6772  7903 I AudioManager: setParameters keyValuePairs = g_hw_speaker_amp_temp_spk=27
04-21 11:03:39.939  1845  2755 D AudioFlinger: setParameters: filtered dev setParameters keyvalue g_hw_speaker_amp_temp_spk=27
04-21 11:03:39.939  1785   714 D AHAL_HFP_QTI: hfp_set_parameters enter
04-21 11:03:39.939  1785   714 D AHAL_HFP_QTI: hfp_set_parameters Exit
04-21 11:03:39.939  1785   714 D AHAL_SecModulePrimary: processSetVendorParameters: configured g_hw_speaker_amp_temp_spk
04-21 11:03:39.939  1785   714 D AHAL_SecModulePrimary: processSetVendorParameters: handler set on Feature:0
04-21 11:03:39.939  1785   714 D AHAL_SecModulePrimary: onSetSECGenericParameters set temperature for g_hw_speaker_amp_temp_spk: 27
04-21 11:03:39.939  1785   714 I PAL: API: pal_set_param: 1377: Enter: param id 3002
04-21 11:03:39.939  1785   714 I PAL: ResourceManager: getActiveStream_l: 6569: no active streams found for device 3 ret -2
04-21 11:03:39.939  1845  2755 E ConversionHelperAidl: Function: parseAndSetVendorParameters Line: 94 Failed 
04-21 11:03:39.940  1845  2755 E ConversionHelperAidl: Function: parseAndSetVendorParameters Line: 94 Failed 
04-21 11:03:39.940  6772  7903 I AudioManager: setParameters keyValuePairs = g_hw_speaker_amp_temp_rcv=28
04-21 11:03:39.940  1845  2755 D AudioFlinger: setParameters: filtered dev setParameters keyvalue g_hw_speaker_amp_temp_rcv=28
04-21 11:03:39.940  1785   714 D AHAL_HFP_QTI: hfp_set_parameters enter
04-21 11:03:39.940  1785   714 D AHAL_HFP_QTI: hfp_set_parameters Exit
04-21 11:03:39.940  1785   714 D AHAL_SecModulePrimary: processSetVendorParameters: configured g_hw_speaker_amp_temp_rcv
04-21 11:03:39.940  1785   714 D AHAL_SecModulePrimary: processSetVendorParameters: handler set on Feature:0
04-21 11:03:39.940  1785   714 D AHAL_SecModulePrimary: onSetSECGenericParameters set temperature for g_hw_speaker_amp_temp_rcv: 28
04-21 11:03:39.940  1785   714 I PAL: API: pal_set_param: 1377: Enter: param id 3001
04-21 11:03:39.940  1785   714 I PAL: ResourceManager: getActiveStream_l: 6569: no active streams found for device 3 ret -2
04-21 11:03:39.940  1845  2755 E ConversionHelperAidl: Function: parseAndSetVendorParameters Line: 94 Failed 
04-21 11:03:39.940  1845  2755 E ConversionHelperAidl: Function: parseAndSetVendorParameters Line: 94 Failed 
04-21 11:03:39.961  1793  9782 I HYPER-HAL: [RequestManager.cpp]releaseLocked(): Released ID : 23137033
04-21 11:03:40.036 32723 32723 I AudioPathManager: loadAudioPath() : loaded audio path is bluetooth (2)
04-21 11:03:40.036 32723 32723 I EffectManager: isSupportDolbyAtmosOnThisAudioPath() : path is bluetooth (2)
04-21 11:03:40.037 32723 32723 I UHQUpscalerManager: isUHQCompatibleBluetooth() : support is 0, mode is 1
04-21 11:03:40.037 32723 32723 I AudioPathManager: loadAudioPath() : loaded audio path is bluetooth (2)
04-21 11:03:40.037 32723 32723 I EffectManager: isSupportVoiceBoostOnCurrentAudioPath() : path is bluetooth (2)
04-21 11:03:40.037 32723 32723 I AudioPathManager: loadAudioPath() : loaded audio path is bluetooth (2)
04-21 11:03:40.037 32723 32723 I EffectManager: isSupportVolumeNormalizationOnCurrentAudioPath() : path is bluetooth (2)
04-21 11:03:40.037 32723 32723 I DVFSHelper: isNecessaryToBoostCPU() : isDolbyOn? true, isUHQUpscalerOn? false, isVoiceBoostOn? true, isVolumeNormalizationOn? false
04-21 11:03:40.107  2398  3028 D PowerManagerService: displayReady: false groupId=0
04-21 11:03:40.107  2398  3028 D DisplayPowerController[0]: animateScreenStateChange: target=ON, mIsEnabled=true
04-21 11:03:40.108  2398  3028 D DisplayPowerController[1]: animateScreenStateChange: target=OFF, mIsEnabled=false
04-21 11:03:40.108  2398  3028 D PowerManagerService: displayReady: true groupId=0
04-21 11:03:40.297  2415  2415 I CNSS    : cnss_open_log_file: directory /data/vendor/log/wifi/ created
04-21 11:03:40.308  2398  3028 D PowerManagerService: displayReady: false groupId=0
04-21 11:03:40.308  2398  3028 D DisplayPowerController[0]: animateScreenStateChange: target=ON, mIsEnabled=true
04-21 11:03:40.308  2398  3028 D DisplayPowerController[1]: animateScreenStateChange: target=OFF, mIsEnabled=false
04-21 11:03:40.308  2398  3028 D PowerManagerService: displayReady: true groupId=0
04-21 11:03:40.403  6772  6772 I SDHMS:LOAD: type: LoadsFreqs, value: 14:10:0:1958400:1958400:0:1996800:1996800:0:451:525:0
04-21 11:03:40.508  2398  3028 D PowerManagerService: displayReady: false groupId=0
04-21 11:03:40.508  2398  3028 D DisplayPowerController[0]: animateScreenStateChange: target=ON, mIsEnabled=true
04-21 11:03:40.508  2398  3028 D DisplayPowerController[1]: animateScreenStateChange: target=OFF, mIsEnabled=false
04-21 11:03:40.508  2398  3028 D PowerManagerService: displayReady: true groupId=0
04-21 11:03:40.708  2398  3028 D PowerManagerService: displayReady: false groupId=0
04-21 11:03:40.708  2398  3028 D DisplayPowerController[0]: animateScreenStateChange: target=ON, mIsEnabled=true
04-21 11:03:40.708  2398  3028 D DisplayPowerController[1]: animateScreenStateChange: target=OFF, mIsEnabled=false
04-21 11:03:40.709  2398  3028 D PowerManagerService: displayReady: true groupId=0
04-21 11:03:40.846  2398  3665 E WifiStaIfaceAidlImpl: getCachedScanData failed with service-specific exception: android.os.ServiceSpecificException:  (code 4)
04-21 11:03:40.847  2398  6462 D SemWifiUsabilityStatsMonitor: onWifiUsabilityStats - seqNum 182482, isSameBssidAndFreq true
04-21 11:03:40.849  2398  3839 E SemWifiLinkQualityMonitor: Too old or invalid TMI: currentTime=1776783820849 lastDateWindow=1776783809000
04-21 11:03:40.849  2398  3839 I SemWifiLinkQualityMonitor: Link stat: 2117 / 83 / 1.50 (15) / 960 / -59.0 || 100.0 : 960.00 / 0.5 : 0.67 / 0.55 : 0.04 / G (G) || 8a7d27aa6935: 0.241 / 33.129 / N || N N / 0 0 / N 2.0 / N X 1 / 996878187 0 || 2026-04-21 11:03:29  / 0: 0 0 0 0 0 0 / 0: 0 0 0 0 0 0 / 0: 0 0 0 0 0 0
04-21 11:03:40.850  2398  3840 D InsDataManager: onOutageCountUpdate() - Outage Data: 0, LQ : N. Outage Triggered: false
04-21 11:03:40.850  2398  3840 E InsController: Error in onOutageCountUpdate: android.net.VpnTransportInfo cannot be cast to android.net.wifi.WifiInfo
04-21 11:03:40.850  2398  3840 D SemInsManager: {"bssid": "8a7d27aa6935","rssi": -59.0,"latency": 0.24148082595870204,"outage_count": 0,"lq_callback_triggered": false,"outage_log": "Link stat: 2117 / 83 / 1.50 (15) / 960 / -59.0 || 100.0 : 960.00 / 0.5 : 0.67 / 0.55 : 0.04 / G (G) || 8a7d27aa6935: 0.241 / 33.129 / N || N N / 0 0 / N 2.0 / N X 1 / 996878187 0 || 2026-04-21 11:03:29  / 0: 0 0 0 0 0 0 / 0: 0 0 0 0 0 0 / 0: 0 0 0 0 0 0""Magnetic Sensor Events size": "0""Pressure Sensor Events size": "0"}
04-21 11:03:40.908  2398  3028 D PowerManagerService: displayReady: false groupId=0
04-21 11:03:40.908  2398  3028 D DisplayPowerController[0]: animateScreenStateChange: target=ON, mIsEnabled=true
04-21 11:03:40.908  2398  3028 D DisplayPowerController[1]: animateScreenStateChange: target=OFF, mIsEnabled=false
04-21 11:03:40.908  2398  3028 D PowerManagerService: displayReady: true groupId=0
04-21 11:03:40.940  1820  2586 I thermal_core: pivot(AP) : 318, skin : 316
04-21 11:03:40.940  1820  2586 I vendor.samsung.hardware.thermal-service: index = 13.000000
04-21 11:03:40.940  1820  2586 I vendor.samsung.hardware.thermal-service: 1 / 10
04-21 11:03:41.094  9316  9527 E escc    : (REDACTED) Trace %s timed out after %d ms. Complete trace: %s
04-21 11:03:41.094  9316  9527 E escc    : esdm: 
04-21 11:03:41.094  9316  9527 E escc    : 	at tk_trace.Query: SELECT response_data, write_ms FROM cache_table WHERE request_data=?(Started After:0)
04-21 11:03:41.094  9316  9527 E escc    : 	at tk_trace.Transaction(Started After:0)
04-21 11:03:41.094  9316  9527 E escc    : 	at tk_trace.PersistentByteStoreInstaller.storeDidFault(Started After:0)
04-21 11:03:41.095  9316  9395 E escc    : (REDACTED) Trace %s timed out after %d ms. Complete trace: %s
04-21 11:03:41.095  9316  9395 E escc    : esdm: 
04-21 11:03:41.095  9316  9395 E escc    : 	at tk_trace.DoodleFragmentPeer:showLogoViewAndHideDoodleView(Started After:0)
04-21 11:03:41.095  9316  9395 E escc    : 	at tk_trace.DoodleFragmentPeer:applyHeaderImageState(Started After:0)
04-21 11:03:41.095  9316  9395 E escc    : 	at tk_trace.SubscriptionCallbacks.onNewData(Started After:0)
04-21 11:03:41.095  9316  9395 E escc    : 	at tk_trace.DoodleFragment#onCriticalStartupUiIsInteractive(Started After:0)
04-21 11:03:41.095  9316  9395 E escc    : 	at tk_trace.OverlayBinder.setActivityState(Started After:0)
04-21 11:03:41.095  9316  9395 E escc    : 	at tk_trace.Invoking OverlayBinder(Started After:0)
04-21 11:03:41.095  9316  9395 E escc    : 	Suppressed: esdl: 
04-21 11:03:41.095  9316  9395 E escc    : 		at tk_trace.DISCOVER_ATF_RENDER_END(unfinished)(Unknown Source:0)
04-21 11:03:41.095  9316  9395 E escc    : 		at tk_trace.handleNewRenderableStream 17 ms(Unknown Source:0)
04-21 11:03:41.095  9316  9395 E escc    : 		at tk_trace.SubscriptionCallbacks.onNewData 17 ms(Unknown Source:0)
04-21 11:03:41.095  9316  9395 E escc    : 		at tk_trace.OverlayBinder.setActivityState 0 ms(Unknown Source:0)
04-21 11:03:41.095  9316  9395 E escc    : 		at tk_trace.Invoking OverlayBinder 0 ms(Unknown Source:0)
04-21 11:03:41.095  9316  9395 E escc    : 	Suppressed: esdl: 
04-21 11:03:41.095  9316  9395 E escc    : 		at tk_trace.DISCOVER_ATF_RENDER_START(unfinished)(Unknown Source:0)
04-21 11:03:41.095  9316  9395 E escc    : 		at tk_trace.handleNewRenderableStream 17 ms(Unknown Source:0)
04-21 11:03:41.095  9316  9395 E escc    : 		at tk_trace.SubscriptionCallbacks.onNewData 17 ms(Unknown Source:0)
04-21 11:03:41.095  9316  9395 E escc    : 		at tk_trace.OverlayBinder.setActivityState 0 ms(Unknown Source:0)
04-21 11:03:41.095  9316  9395 E escc    : 		at tk_trace.Invoking OverlayBinder 0 ms(Unknown Source:0)
04-21 11:03:41.095  9316  9395 E escc    : 	Suppressed: esdl: 
04-21 11:03:41.095  9316  9395 E escc    : 		at tk_trace.DISCOVER_CACHE_READ_END(unfinished)(Unknown Source:0)
04-21 11:03:41.095  9316  9395 E escc    : 		at tk_trace.RSDS.loadData 49 ms(Unknown Source:0)
04-21 11:03:41.095  9316  9395 E escc    : 		at tk_trace.DataSource loadData() 49 ms(Unknown Source:0)
04-21 11:03:41.095  9316  9395 E escc    : 		at tk_trace.OverlayBinder.setActivityState 0 ms(Unknown Source:0)
04-21 11:03:41.095  9316  9395 E escc    : 		at tk_trace.Invoking OverlayBinder 0 ms(Unknown Source:0)
04-21 11:03:41.095  9316  9395 E escc    : 	Suppressed: esdl: 
04-21 11:03:41.095  9316  9395 E escc    : 		at tk_trace.DISCOVER_CACHE_READ_START(unfinished)(Unknown Source:0)
04-21 11:03:41.095  9316  9395 E escc    : 		at tk_trace.RSDS.loadData 49 ms(Unknown Source:0)
04-21 11:03:41.095  9316  9395 E escc    : 		at tk_trace.DataSource loadData() 49 ms(Unknown Source:0)
04-21 11:03:41.095  9316  9395 E escc    : 		at tk_trace.OverlayBinder.setActivityState 0 ms(Unknown Source:0)
04-21 11:03:41.095  9316  9395 E escc    : 		at tk_trace.Invoking OverlayBinder 0 ms(Unknown Source:0)
04-21 11:03:41.095  9316  9395 E escc    : 	Suppressed: esdl: 
04-21 11:03:41.095  9316  9395 E escc    : 		at tk_trace.GOOGLEAPP_CRITICAL_STARTUP_UI_INTERACTIVE_FINISH(unfinished)(Unknown Source:0)
04-21 11:03:41.095  9316  9395 E escc    : 		at tk_trace.CriticalStartupUiInteractivePublisherpublish 0 ms(Unknown Source:0)
04-21 11:03:41.095  9316  9395 E escc    : 		at tk_trace.OverlayBinder.setActivityState 0 ms(Unknown Source:0)
04-21 11:03:41.095  9316  9395 E escc    : 		at tk_trace.Invoking OverlayBinder 0 ms(Unknown Source:0)
04-21 11:03:41.095  9316  9395 E escc    : 	Suppressed: esdl: 
04-21 11:03:41.095  9316  9395 E escc    : 		at tk_trace.GOOGLEAPP_CRITICAL_STARTUP_UI_INTERACTIVE_START(unfinished)(Unknown Source:0)
04-21 11:03:41.095  9316  9395 E escc    : 		at tk_trace.CriticalStartupUiInteractivePublisherpublish 0 ms(Unknown Source:0)
04-21 11:03:41.095  9316  9395 E escc    : 		at tk_trace.OverlayBinder.setActivityState 0 ms(Unknown Source:0)
04-21 11:03:41.095  9316  9395 E escc    : 		at tk_trace.Invoking OverlayBinder 0 ms(Unknown Source:0)
04-21 11:03:41.095  9316  9395 E escc    : 	Suppressed: esdl: 
04-21 11:03:41.095  9316  9395 E escc    : 		at tk_trace.DISCOVER_FRAGMENT_INSTANTIATE(unfinished)(Unknown Source:0)
04-21 11:03:41.095  9316  9395 E escc    : 		at tk_trace.OverlayBinder.setActivityState 0 ms(Unknown Source:0)
04-21 11:03:41.095  9316  9395 E escc    : 		at tk_trace.Invoking OverlayBinder 0 ms(Unknown Source:0)
04-21 11:03:41.095  9316  9395 E escc    : 	Suppressed: esdl: 
04-21 11:03:41.095  9316  9395 E escc    : 		at tk_trace.ACETONE_INIT_COMPLETE(unfinished)(Unknown Source:0)
04-21 11:03:41.095  9316  9395 E escc    : 		at tk_trace.onAccountReady 26 ms(Unknown Source:0)
04-21 11:03:41.095  9316  9395 E escc    : 		at tk_trace.OverlayBinder.setActivityState 0 ms(Unknown Source:0)
04-21 11:03:41.095  9316  9395 E escc    : 		at tk_trace.Invoking OverlayBinder 0 ms(Unknown Source:0)
04-21 11:03:41.109  2398  3028 D PowerManagerService: displayReady: false groupId=0
04-21 11:03:41.109  2398  3028 D DisplayPowerController[0]: animateScreenStateChange: target=ON, mIsEnabled=true
04-21 11:03:41.109  2398  3028 D DisplayPowerController[1]: animateScreenStateChange: target=OFF, mIsEnabled=false
04-21 11:03:41.109  2398  3028 D PowerManagerService: displayReady: true groupId=0
04-21 11:03:41.137  1041  8553 I keystore2: system/security/keystore2/watchdog/src/lib.rs:377 - Watchdog thread idle -> terminating. Have a great day.
04-21 11:03:41.274  1776  6495 I sensors-hal: handle_sns_client_event:379, [0][21954809] accel_sample [-0.018,  8.579,  4.615] 1591155278763675
04-21 11:03:41.309  2398  3028 D PowerManagerService: displayReady: false groupId=0
04-21 11:03:41.309  2398  3028 D DisplayPowerController[0]: animateScreenStateChange: target=ON, mIsEnabled=true
04-21 11:03:41.309  2398  3028 D DisplayPowerController[1]: animateScreenStateChange: target=OFF, mIsEnabled=false
04-21 11:03:41.310  2398  3028 D PowerManagerService: displayReady: true groupId=0
04-21 11:03:41.349  1030  1030 D io_stats: !@   8,0 r 81322187 2704702632 w 55816486 1425116188 d 5227288 1621250492 f 793828 4420833 iot 12135120 0 th 0 0 0 pt 0 inp 0 0 996878.689
04-21 11:03:41.433 32122 32122 I ContactsProvider: [P] onTrimMemory-success
04-21 11:03:41.448 32122 32128 W d.process.acore: Reducing the number of considered missed Gc histogram windows from 115 to 100
04-21 11:03:41.458  2398  3028 D PowerManagerService: UserActivityStateListenerState: 0
04-21 11:03:41.468  9377  9377 I VRI[MainActivity]@de4a1b5: call setFrameRateCategory for touch hint category=no preference, reason=boost timeout, vri=VRI[MainActivity]@de4a1b5
04-21 11:03:41.469  1931  1931 I SurfaceFlinger: [com.hermescourier.android/com.hermescourier.android.MainActivity$_9377#94287] setFrameRateCategory: NoPreference
04-21 11:03:41.509  2398  3028 D PowerManagerService: displayReady: false groupId=0
04-21 11:03:41.509  2398  3028 D DisplayPowerController[0]: animateScreenStateChange: target=ON, mIsEnabled=true
04-21 11:03:41.509  2398  3028 D DisplayPowerController[1]: animateScreenStateChange: target=OFF, mIsEnabled=false
04-21 11:03:41.509  2398  3028 D PowerManagerService: displayReady: true groupId=0
04-21 11:03:41.588  9797  9797 W screencap: Thread Pool max thread count is 0. Cannot cache binder as linkToDeath cannot be implemented. serviceName: SurfaceFlingerAIDL
04-21 11:03:41.589  9797  9797 W BpBinder: Linking to death on android.gui.ISurfaceComposer but there are no threads (yet?) listening to incoming transactions. See ProcessState::startThreadPool and ProcessState::setThreadPoolMaxThreadCount. Generally you should setup the binder threadpool before other initialization steps.
04-21 11:03:41.589  9797  9797 W screencap: Thread Pool max thread count is 0. Cannot cache binder as linkToDeath cannot be implemented. serviceName: edmnativehelper
04-21 11:03:41.589  2398  2492 I EDMNativeHelperService: isScreenCaptureEnabled
04-21 11:03:41.589  2398  2492 D RestrictionPolicy: isScreenCaptureEnabled : ret=true userId=0
04-21 11:03:41.589  9797  9797 W ProcessState: Extra binder thread started, but 0 threads requested. Do not use *startThreadPool when zero threads are requested.
04-21 11:03:41.589  9797  9797 I SurfaceComposerClient: captureDisplay:Display-4630946872173396372
04-21 11:03:41.590  1804   858 I SnapAlloc: Using graphics libs for alignment calculations
04-21 11:03:41.590  1931  2091 I SurfaceFlinger: Capture layer list: 	 com.hermescourier.android/com.hermescourier.android.MainActivity$_9377#94287(seamlessTransition:0)
04-21 11:03:41.590  1931  2091 I SurfaceFlinger: Capture layer list: 	 StatusBar$_4013#130(seamlessTransition:0)
04-21 11:03:41.590  1931  2091 I SurfaceFlinger: Capture layer list: 	 NavigationBar0$_4013#126(seamlessTransition:0)
04-21 11:03:41.590  1931  2091 E HwcComposer: getLuts failed Status(-129, EX_TRANSACTION_FAILED): 'UNKNOWN_TRANSACTION: '
04-21 11:03:41.590  1931  2131 D RenderEngine: [SEC_SF_EFFECTS] drawLayersInternal,1483, Rendering layer ScreenCaptureFillLayer at index 0
04-21 11:03:41.591  1931  2131 D RenderEngine: [SEC_SF_EFFECTS] drawLayersInternal,1483, Rendering layer com.hermescourier.android/com.hermescourier.android.MainActivity$_9377#94287 at index 1
04-21 11:03:41.591  1931  2131 D RenderEngine: [SEC_SF_EFFECTS] drawLayersInternal,1483, Rendering layer StatusBar$_4013#130 at index 2
04-21 11:03:41.591  1931  2131 D RenderEngine: [SEC_SF_EFFECTS] drawLayersInternal,1483, Rendering layer NavigationBar0$_4013#126 at index 3
04-21 11:03:41.606  9797  9799 D qdgralloc: Fetching IMapper5 from QtiMapper5
04-21 11:03:41.612  9797  9799 I SnapAlloc: Graphics lib is available
04-21 11:03:41.710  2398  3028 D PowerManagerService: displayReady: false groupId=0
04-21 11:03:41.710  2398  3028 D DisplayPowerController[0]: animateScreenStateChange: target=ON, mIsEnabled=true
04-21 11:03:41.710  2398  3028 D DisplayPowerController[1]: animateScreenStateChange: target=OFF, mIsEnabled=false
04-21 11:03:41.710  2398  3028 D PowerManagerService: displayReady: true groupId=0
04-21 11:03:41.770  1776  2881 I sensors-hal: handle_sns_std_sensor_event:404, [SSC_LIGHT] P: 5(5),c:4,b:70,m:37,cl:0,l:5,s:3,l0:1024,l1:192,s0:500,s1:0,acl:1,opr:0.19,f(r):113,u(bl):105,if:113,wi:15,si:0,0(N:1)
04-21 11:03:41.771  1776  3978 I sensors-hal: handle_sns_std_sensor_event:127, [SSC_LIGHT] A: 5(5),c:4,b:70,m:37,cl:0,l:5,s:3,l0:1024,l1:192,s0:500,s1:0,acl:1,opr:0.19,f(r):113,u(bl):105,if:113,wi:15,si:0,0(N:1)
04-21 11:03:41.872  2398  3869 D WifiConnectivityMonitor.NetworkStatsAnalyzer: Backhaul result - RSSI:-59, CE:28, PE:28, TI:37, PTI:37, TW:0, PTW:0, Tx:134, Rx:649, TxS:65, RxS:84, RESULT:true, IC:0, ICT:5, WC:0, WCT:5, R:0, RC:0, IE:0, EC:0
04-21 11:03:41.911  2398  3028 D PowerManagerService: displayReady: false groupId=0
04-21 11:03:41.911  2398  3028 D DisplayPowerController[0]: animateScreenStateChange: target=ON, mIsEnabled=true
04-21 11:03:41.911  2398  3028 D DisplayPowerController[1]: animateScreenStateChange: target=OFF, mIsEnabled=false
04-21 11:03:41.911  2398  3028 D PowerManagerService: displayReady: true groupId=0
04-21 11:03:41.920  9800  9800 D AndroidRuntime: >>>>>> START com.android.internal.os.RuntimeInit uid 2000 <<<<<<
04-21 11:03:41.925  9800  9800 I AndroidRuntime: Using default boot image
04-21 11:03:41.925  9800  9800 I AndroidRuntime: Leaving lock profiling enabled
04-21 11:03:41.927  9800  9800 I app_process: Using CollectorTypeCMC GC.
04-21 11:03:41.941  1820  2586 I thermal_core: pivot(AP) : 317, skin : 316
04-21 11:03:41.941  1820  2586 I vendor.samsung.hardware.thermal-service: index = 8.800000
04-21 11:03:41.941  1820  2586 I vendor.samsung.hardware.thermal-service: 2 / 10
04-21 11:03:41.973  1845  3042 D DlbDap2Process: process() called [14350500] times with input format 0x22 and channel mask 0x3 (ProcessingMode=9), htEnable=0(0, 0, 0)
04-21 11:03:41.994  9800  9800 D nativeloader: InitDefaultPublicLibraries for_preload=1: libandroid.so:libaaudio.so:libamidi.so:libbinder_ndk.so:libc.so:libcamera2ndk.so:libdl.so:libEGL.so:libGLESv1_CM.so:libGLESv2.so:libGLESv3.so:libicu.so:libicui18n.so:libicuuc.so:libjnigraphics.so:liblog.so:libmediandk.so:libm.so:libnativehelper.so:libnativewindow.so:libOpenMAXAL.so:libOpenSLES.so:libRS.so:libstdc++.so:libsync.so:libvulkan.so:libwebviewchromium_plat_support.so:libz.so
04-21 11:03:42.004  9800  9800 D nativeloader: Load libicu_jni.so using APEX ns com_android_art for caller /apex/com.android.art/javalib/core-oj.jar: ok
04-21 11:03:42.004  9800  9800 D app_process: u_setTimeZoneFilesDirectory("/apex/com.android.tzdata/etc/tz/versioned/9/icu") succeeded. 
04-21 11:03:42.004  9800  9800 D app_process: I18n APEX ICU file found: /apex/com.android.i18n/etc/icu/icudt76l.dat
04-21 11:03:42.004  9800  9800 D nativeloader: Load libjavacore.so using APEX ns com_android_art for caller /apex/com.android.art/javalib/core-oj.jar: ok
04-21 11:03:42.005  9800  9800 D nativeloader: Load libopenjdk.so using APEX ns com_android_art for caller /apex/com.android.art/javalib/core-oj.jar: ok
04-21 11:03:42.006  9800  9800 I app_process: Priority-to-niceness mapping: 19, 16, 13, 10, 0, -2, -4, -5, -6, -8
04-21 11:03:42.020  9800  9800 E SemDvfsManager_JNI: SemDvfsManager: registerfunction enter
04-21 11:03:42.020  9800  9800 E SemAffinityControl: SemAffinityControl: registerfunction enter
04-21 11:03:42.026  9800  9800 D nativeloader: Load libframework-connectivity-tiramisu-jni.so using APEX ns com_android_tethering for caller /apex/com.android.tethering/javalib/framework-connectivity-t.jar: ok
04-21 11:03:42.026  9800  9800 D AndroidRuntime: Calling main entry com.android.commands.uiautomator.Launcher
04-21 11:03:42.028  9800  9800 W PlatformAconfigPackage: android.os.flagging.AconfigStorageReadException: ERROR_CANNOT_READ_STORAGE_FILE: Fail to mmap storage
04-21 11:03:42.028  9800  9800 I AconfigPackage: android.provider.flags is mapped to com.android.configinfrastructure
04-21 11:03:42.028  9800  9800 I AconfigPackage: com.android.server.deviceconfig is mapped to com.android.configinfrastructure
04-21 11:03:42.029  9800  9800 I AconfigPackage: com.android.os.statsd.flags is mapped to com.android.os.statsd
04-21 11:03:42.029  9800  9800 I AconfigPackage: com.android.bluetooth.flags is mapped to com.android.bt
04-21 11:03:42.029  9800  9800 I AconfigPackage: com.android.icu is mapped to com.android.i18n
04-21 11:03:42.029  9800  9800 I AconfigPackage: com.android.devicelock.flags is mapped to com.android.devicelock
04-21 11:03:42.029  9800  9800 I AconfigPackage: com.android.system.virtualmachine.flags is mapped to com.android.virt
04-21 11:03:42.029  9800  9800 I AconfigPackage: android.uprobestats.mainline.flags is mapped to com.android.uprobestats
04-21 11:03:42.029  9800  9800 I AconfigPackage: com.android.art.flags is mapped to com.android.art
04-21 11:03:42.029  9800  9800 I AconfigPackage: com.android.art.rw.flags is mapped to com.android.art
04-21 11:03:42.029  9800  9800 I AconfigPackage: com.android.libcore is mapped to com.android.art
04-21 11:03:42.029  9800  9800 I AconfigPackage: com.android.appsearch.flags is mapped to com.android.appsearch
04-21 11:03:42.029  9800  9800 I AconfigPackage: com.android.permission.flags is mapped to com.android.permission
04-21 11:03:42.029  9800  9800 I AconfigPackage: com.android.permissioncontroller.flags is mapped to com.android.permission
04-21 11:03:42.029  9800  9800 I AconfigPackage: android.os.profiling is mapped to com.android.profiling
04-21 11:03:42.029  9800  9800 I AconfigPackage: com.android.media.extractor.flags is mapped to com.android.media
04-21 11:03:42.029  9800  9800 I AconfigPackage: com.android.media.mainline.flags is mapped to com.android.media
04-21 11:03:42.029  9800  9800 I AconfigPackage: android.media.swcodec.flags is mapped to com.android.media.swcodec
04-21 11:03:42.030  9800  9800 I AconfigPackage: android.graphics.pdf.flags is mapped to com.android.mediaprovider
04-21 11:03:42.030  9800  9800 I AconfigPackage: com.android.providers.media.flags is mapped to com.android.mediaprovider
04-21 11:03:42.030  9800  9800 I AconfigPackage: android.graphics.pdf.flags.readonly is mapped to com.android.mediaprovider
04-21 11:03:42.030  9800  9800 I AconfigPackage: com.android.cellbroadcastreceiver.flags is mapped to com.android.cellbroadcast
04-21 11:03:42.030  9800  9800 I AconfigPackage: com.android.ipsec.flags is mapped to com.android.ipsec
04-21 11:03:42.030  9800  9800 I AconfigPackage: com.android.adservices.flags is mapped to com.android.adservices
04-21 11:03:42.030  9800  9800 I AconfigPackage: com.android.sdksandbox.flags is mapped to com.android.adservices
04-21 11:03:42.030  9800  9800 I AconfigPackage: com.android.adservices.ondevicepersonalization.flags is mapped to com.android.ondevicepersonalization
04-21 11:03:42.030  9800  9800 I AconfigPackage: com.android.wifi.flags is mapped to com.android.wifi
04-21 11:03:42.030  9800  9800 I AconfigPackage: com.android.org.conscrypt.flags is mapped to com.android.conscrypt
04-21 11:03:42.030  9800  9800 I AconfigPackage: com.android.org.conscrypt.net.flags is mapped to com.android.conscrypt
04-21 11:03:42.030  9800  9800 I AconfigPackage: com.android.healthfitness.flags is mapped to com.android.healthfitness
04-21 11:03:42.030  9800  9800 I AconfigPackage: com.android.tethering.mainline.beta is mapped to com.android.tethering
04-21 11:03:42.030  9800  9800 I AconfigPackage: android.net.http is mapped to com.android.tethering
04-21 11:03:42.030  9800  9800 I AconfigPackage: com.android.tethering.readonly.flags is mapped to com.android.tethering
04-21 11:03:42.030  9800  9800 I AconfigPackage: android.net.vcn is mapped to com.android.tethering
04-21 11:03:42.030  9800  9800 I AconfigPackage: com.android.net.flags is mapped to com.android.tethering
04-21 11:03:42.030  9800  9800 I AconfigPackage: com.android.tethering.flags is mapped to com.android.tethering
04-21 11:03:42.030  9800  9800 I AconfigPackage: com.android.tethering.beta.test is mapped to com.android.tethering
04-21 11:03:42.030  9800  9800 I AconfigPackage: com.android.nearby.flags is mapped to com.android.tethering
04-21 11:03:42.030  9800  9800 I AconfigPackage: com.android.net.thread.flags is mapped to com.android.tethering
04-21 11:03:42.030  9800  9800 I AconfigPackage: com.android.net.ct.flags is mapped to com.android.tethering
04-21 11:03:42.030  9800  9800 I AconfigPackage: com.android.uwb.flags is mapped to com.android.uwb
04-21 11:03:42.030  9800  9800 I AconfigPackage: com.android.ranging.flags is mapped to com.android.uwb
04-21 11:03:42.030  9800  9800 I AconfigPackage: com.android.rkpd.flags is mapped to com.android.rkpd
04-21 11:03:42.031  9800  9800 I AconfigPackage: com.android.adbd.flags is mapped to com.android.adbd
04-21 11:03:42.031  9800  9800 E FeatureFlagsImplExport: android.os.flagging.AconfigStorageReadException: ERROR_PACKAGE_NOT_FOUND: package android.xr cannot be found on the device
04-21 11:03:42.032  9800  9800 D UiAutomationConnection: Created on user UserHandle{0}
04-21 11:03:42.032  9800  9800 I UiAutomation: Initialized for user 0 on display 0
04-21 11:03:42.032  9800  9800 W UiAutomation: Created with deprecatead constructor, assumes DEFAULT_DISPLAY
04-21 11:03:42.032  2398  4679 D AccessibilityManagerService: changeCurrentUserForTestAutomationIfNeededLocked(0): ignoring because device doesn't support visible background users
04-21 11:03:42.032  2398  4679 I UiAutomationManager: Registering UiTestAutomationService (id=com.android.server.accessibility/UiAutomation, flags=0x0) when called by user 0
04-21 11:03:42.032  2398  4679 V AccessibilityManagerService: onUserStateChangedLocked for userId: 0, forceUpdate: false
04-21 11:03:42.034  2398  4679 I ActivityManager: Changes in 10921 4 to 4, 255 to 248
04-21 11:03:42.034  2398  4679 I ActivityManager: Changes in 10362 4 to 4, 255 to 184
04-21 11:03:42.034  2398  4679 I ActivityManager: Changes in 10266 4 to 4, 255 to 248
04-21 11:03:42.035  2398  4679 I ActivityManager: Changes in 10995 5 to 10, 255 to 0
04-21 11:03:42.036  2398  4679 D KNOX_MDM_SettingsProvider: isChangeAllowed() : name = accessibility_enabled
04-21 11:03:42.036  2398  2890 D HintManagerService: Sent cleanup message for uid 10995
04-21 11:03:42.036  2398  4679 D MagnificationConnectionManager: requestConnection :false mConnectionState : 3
04-21 11:03:42.036  2398  4679 W MagnificationConnectionManager: requestConnection duplicated request: connect=false, mConnectionState=DISCONNECTED
04-21 11:03:42.037  1793  1930 I HYPER-HAL: [RequestManager.cpp]acquire(): Acquired ID : 349918488  [1796 / 24657]    HINT :      list : [TID_LOW_LATENCY / 0] [TID / 27488] [TID / 27489] [TID / 27461] [TID / 27482] 
04-21 11:03:42.037  1793  1930 I HYPER-HAL: [RequestManager.cpp]releaseLocked(): Released ID : 349918488
04-21 11:03:42.037  1793  1930 I HYPER-HAL: [RequestManager.cpp]acquire(): Acquired ID : 349944943  [1796 / 24658]    HINT :      list : [UCLAMP_MIN_BOOST / 0] [TIMEOUT / 50] [TID / 27488] [TID / 27489] [TID / 27461] [TID / 27482] 
04-21 11:03:42.037  1931  2091 I SurfaceFlinger: id=94297 createSurf, flag=84004, WindowToken{dc632f type=2032 android.os.Binder@16ded0e}#94297
04-21 11:03:42.039  2398  4679 V AccessibilityManagerService: onUserStateChangedLocked for userId: 0, forceUpdate: false
04-21 11:03:42.039  2398  4679 D KNOX_MDM_SettingsProvider: isChangeAllowed() : name = accessibility_enabled
04-21 11:03:42.039  2398  4679 D MagnificationConnectionManager: requestConnection :false mConnectionState : 3
04-21 11:03:42.039  2398  4679 W MagnificationConnectionManager: requestConnection duplicated request: connect=false, mConnectionState=DISCONNECTED
04-21 11:03:42.040 25781 25781 I SafetyCenterAccessibilityListener: accessibility event occurred, safety center feature not enabled.
04-21 11:03:42.041  1931  1931 I SurfaceFlinger: [WindowToken{dc632f type=2032 android.os.Binder@16ded0e}#94297] attach to parent LayerHierarchy{RequestedLayerState{Leaf:26:31#39 parentId=38} 6 children}
04-21 11:03:42.041  1931  2091 I VSyncReactor: Current= 120, Period= 120, Distance= 0
04-21 11:03:42.042  2398  2398 V InputMethodManagerService: unbindAccessibilityFromCurrentClientLocked: client=android.os.BinderProxy@847a0e9
04-21 11:03:42.043  1931  2440 I SurfaceFlinger: Capture layer list: 	 com.hermescourier.android/com.hermescourier.android.MainActivity$_9377#94287(seamlessTransition:0)
04-21 11:03:42.043 25781 25781 I SafetyCenterAccessibilityListener: accessibility event occurred, safety center feature not enabled.
04-21 11:03:42.044 25781 25781 I SafetyCenterAccessibilityListener: accessibility event occurred, safety center feature not enabled.
04-21 11:03:42.045  2398  2398 I AccessibilityManagerService: semIsAccessibilityServiceEnabled()
04-21 11:03:42.046  2398  2398 I AccessibilityManagerService: semIsAccessibilityServiceEnabled()
04-21 11:03:42.046  2398  2398 D AS.AudioService: Accessibility volume enabled = false
04-21 11:03:42.047 25781 25781 I SafetyCenterAccessibilityListener: accessibility event occurred, safety center feature not enabled.
04-21 11:03:42.047  2398  2398 I AccessibilityManagerService: semIsAccessibilityServiceEnabled()
04-21 11:03:42.047  2398  2398 I AccessibilityManagerService: semIsAccessibilityServiceEnabled()
04-21 11:03:42.047  2398  2398 D AS.AudioService: Accessibility volume enabled = false
04-21 11:03:42.047  2398  2398 I AccessibilityManagerService: semIsAccessibilityServiceEnabled()
04-21 11:03:42.047  2398  2398 I AccessibilityManagerService: semIsAccessibilityServiceEnabled()
04-21 11:03:42.047  2398  2398 D AS.AudioService: Accessibility volume enabled = false
04-21 11:03:42.047  2398  2398 I AccessibilityManagerService: semIsAccessibilityServiceEnabled()
04-21 11:03:42.047  2398  2398 I AccessibilityManagerService: semIsAccessibilityServiceEnabled()
04-21 11:03:42.047  2398  2398 D AS.AudioService: Accessibility volume enabled = false
04-21 11:03:42.049  1931  4515 I VSyncReactor: Current= 120, Period= 120, Distance= 121
04-21 11:03:42.052  1931  1931 I SurfaceFlinger: RequestedLayer [WindowToken{dc632f type=2032 android.os.Binder@16ded0e}#94297] hidden!! flag  from(1) --> to(0)
04-21 11:03:42.052  1931  1931 I SurfaceFlinger: [LayerHierarchy{RequestedLayerState{WindowToken{306424e type=2032 android.os.Binder@b2b6949}#94296 z=4} no children}] reparent to OffscreenRoot
04-21 11:03:42.052  1931  1931 I SurfaceFlinger: [LayerHierarchy{RequestedLayerState{WindowToken{306424e type=2032 android.os.Binder@b2b6949}#94296 z=4} no children}] RelativeParent to null
04-21 11:03:42.052  1931  1931 I SurfaceFlinger: [LayerHierarchy{RequestedLayerState{WindowToken{80f8143 type=2032 android.os.Binder@9a926f2}#94294 z=2} no children}] reparent to OffscreenRoot
04-21 11:03:42.052  1931  1931 I SurfaceFlinger: [LayerHierarchy{RequestedLayerState{WindowToken{80f8143 type=2032 android.os.Binder@9a926f2}#94294 z=2} no children}] RelativeParent to null
04-21 11:03:42.052  1931  1931 I SurfaceFlinger: [LayerHierarchy{RequestedLayerState{WindowToken{c21a802 type=2032 android.os.Binder@6ac54d}#94295 z=3} no children}] reparent to OffscreenRoot
04-21 11:03:42.052  1931  1931 I SurfaceFlinger: [LayerHierarchy{RequestedLayerState{WindowToken{c21a802 type=2032 android.os.Binder@6ac54d}#94295 z=3} no children}] RelativeParent to null
04-21 11:03:42.052  1931  1931 I SurfaceFlinger: id=94295 Removed WindowToken{c21a802 type=2032 android.os.Binder@6ac54d}#94295 (231)
04-21 11:03:42.052  1931  1931 I SurfaceFlinger: id=94296 Removed WindowToken{306424e type=2032 android.os.Binder@b2b6949}#94296 (231)
04-21 11:03:42.052  1931  1931 I SurfaceFlinger: id=94294 Removed WindowToken{80f8143 type=2032 android.os.Binder@9a926f2}#94294 (231)
04-21 11:03:42.065  1931  1931 I SurfaceFlinger: destroyed WindowToken{306424e type=2032 android.os.Binder@b2b6949}#94296 form LifecycleManager
04-21 11:03:42.065  1931  1931 I SurfaceFlinger: destroyed WindowToken{80f8143 type=2032 android.os.Binder@9a926f2}#94294 form LifecycleManager
04-21 11:03:42.065  1931  1931 I SurfaceFlinger: destroyed WindowToken{c21a802 type=2032 android.os.Binder@6ac54d}#94295 form LifecycleManager
04-21 11:03:42.065  1931  1931 I SurfaceFlinger: id=94296 onLayerDestroyed from LayerHierarchyBuilder(RequestedLayerState{WindowToken{306424e type=2032 android.os.Binder@b2b6949}#94296 !handle z=4})
04-21 11:03:42.065  1931  1931 I SurfaceFlinger: id=94294 onLayerDestroyed from LayerHierarchyBuilder(RequestedLayerState{WindowToken{80f8143 type=2032 android.os.Binder@9a926f2}#94294 !handle z=2})
04-21 11:03:42.065  1931  1931 I SurfaceFlinger: id=94295 onLayerDestroyed from LayerHierarchyBuilder(RequestedLayerState{WindowToken{c21a802 type=2032 android.os.Binder@6ac54d}#94295 !handle z=3})
04-21 11:03:42.066  1931  1931 I Layer   : id=94296 Destroyed WindowToken{306424e type=2032 android.os.Binder@b2b6949}#94296
04-21 11:03:42.066  1931  1931 I Layer   : id=94294 Destroyed WindowToken{80f8143 type=2032 android.os.Binder@9a926f2}#94294
04-21 11:03:42.066  1931  1931 I Layer   : id=94295 Destroyed WindowToken{c21a802 type=2032 android.os.Binder@6ac54d}#94295
04-21 11:03:42.087  1793  9819 I HYPER-HAL: [RequestManager.cpp]releaseLocked(): Released ID : 349944943
04-21 11:03:42.111  2398  3028 D PowerManagerService: displayReady: false groupId=0
04-21 11:03:42.111  2398  3028 D DisplayPowerController[0]: animateScreenStateChange: target=ON, mIsEnabled=true
04-21 11:03:42.111  2398  3028 D DisplayPowerController[1]: animateScreenStateChange: target=OFF, mIsEnabled=false
04-21 11:03:42.112  2398  3028 D PowerManagerService: displayReady: true groupId=0
04-21 11:03:42.136  1805  2408 I SDM     : DisplayBase::CommitThread: Received idle timeout, panel: cmd, timeout: 70000 us
04-21 11:03:42.143  1931  2440 I SurfaceFlinger: Capture layer list: 	 com.hermescourier.android/com.hermescourier.android.MainActivity$_9377#94287(seamlessTransition:0)
04-21 11:03:42.311  2398  3028 D PowerManagerService: displayReady: false groupId=0
04-21 11:03:42.311  2398  3028 D DisplayPowerController[0]: animateScreenStateChange: target=ON, mIsEnabled=true
04-21 11:03:42.311  2398  3028 D DisplayPowerController[1]: animateScreenStateChange: target=OFF, mIsEnabled=false
04-21 11:03:42.311  2398  3028 D PowerManagerService: displayReady: true groupId=0
04-21 11:03:42.460  4568  4568 I wpa_sslib: oem_data_cmd=31
04-21 11:03:42.469  4568  4568 I wpa_sslib: OEM DATA RESPONSE RECEIVED
04-21 11:03:42.469  2398  3848 I SemWifiScheduledPmControl: Setup requested 8192 40960
04-21 11:03:42.512  2398  3028 D PowerManagerService: displayReady: false groupId=0
04-21 11:03:42.512  2398  3028 D DisplayPowerController[0]: animateScreenStateChange: target=ON, mIsEnabled=true
04-21 11:03:42.512  2398  3028 D DisplayPowerController[1]: animateScreenStateChange: target=OFF, mIsEnabled=false
04-21 11:03:42.512  2398  3028 D PowerManagerService: displayReady: true groupId=0
04-21 11:03:42.579   482   482 D BoundBrokerSvc: onUnbind: Intent { act=com.google.android.gms.onboardingconsent.api.ConsentManagerApiService.START dat=chimera-action:/... xflg=0x4 cmp=com.google.android.gms/.chimera.GmsApiService }
04-21 11:03:42.626 22520  9749 I NearbyMediums: No BLE Fast/GATT advertisements found in the latest cycle.
04-21 11:03:42.626 22520  9749 I NearbyMediums: Current Tracked Scanning Clients are : {NearbyConnections.EnvironmentMonitor, NearbySharing, NearbyConnections.TxAdvertisement}
04-21 11:03:42.667  2398  9057 I AfterimageCompensationService: AfcThread mLuminance_sub : 94 , AfpcPeriodCount_sub : 1153 , rotation : 0 , AOD : false
04-21 11:03:42.668  2398  9057 I SurfaceComposerClient: captureDisplay:Display-4630946872173396372
04-21 11:03:42.669  1804   858 I SnapAlloc: Using graphics libs for alignment calculations
04-21 11:03:42.670  1931  2091 I SurfaceFlinger: Capture layer list: 	 com.hermescourier.android/com.hermescourier.android.MainActivity$_9377#94287(seamlessTransition:0)
04-21 11:03:42.670  1931  2091 I SurfaceFlinger: Capture layer list: 	 StatusBar$_4013#130(seamlessTransition:0)
04-21 11:03:42.670  1931  2091 I SurfaceFlinger: Capture layer list: 	 NavigationBar0$_4013#126(seamlessTransition:0)
04-21 11:03:42.670  1931  2091 E HwcComposer: getLuts failed Status(-129, EX_TRANSACTION_FAILED): 'UNKNOWN_TRANSACTION: '
04-21 11:03:42.671  1931  2131 D RenderEngine: [SEC_SF_EFFECTS] drawLayersInternal,1483, Rendering layer ScreenCaptureFillLayer at index 0
04-21 11:03:42.671  1931  2131 D RenderEngine: [SEC_SF_EFFECTS] drawLayersInternal,1483, Rendering layer com.hermescourier.android/com.hermescourier.android.MainActivity$_9377#94287 at index 1
04-21 11:03:42.671  1931  2131 D RenderEngine: [SEC_SF_EFFECTS] drawLayersInternal,1483, Rendering layer StatusBar$_4013#130 at index 2
04-21 11:03:42.671  1931  2131 D RenderEngine: [SEC_SF_EFFECTS] drawLayersInternal,1483, Rendering layer NavigationBar0$_4013#126 at index 3
04-21 11:03:42.681  2398  9057 D system_server: mAFPC_SUB_Read - w = 1080, h = 2520, s = 8, f = 4, s_size = 10967040, luminance = 94, count = 1153, captureOrientation = 0
04-21 11:03:42.712  2398  3028 D PowerManagerService: displayReady: false groupId=0
04-21 11:03:42.712  2398  3028 D DisplayPowerController[0]: animateScreenStateChange: target=ON, mIsEnabled=true
04-21 11:03:42.712  2398  3028 D DisplayPowerController[1]: animateScreenStateChange: target=OFF, mIsEnabled=false
04-21 11:03:42.712  2398  3028 D PowerManagerService: displayReady: true groupId=0
04-21 11:03:42.912  2398  3028 D PowerManagerService: displayReady: false groupId=0
04-21 11:03:42.912  2398  3028 D DisplayPowerController[0]: animateScreenStateChange: target=ON, mIsEnabled=true
04-21 11:03:42.912  2398  3028 D DisplayPowerController[1]: animateScreenStateChange: target=OFF, mIsEnabled=false
04-21 11:03:42.912  2398  3028 D PowerManagerService: displayReady: true groupId=0
04-21 11:03:42.943  1820  2586 I thermal_core: pivot(AP) : 316, skin : 316
04-21 11:03:42.943  1820  2586 I vendor.samsung.hardware.thermal-service: index = 5.200000
04-21 11:03:42.943  1820  2586 I vendor.samsung.hardware.thermal-service: 3 / 10
04-21 11:03:42.964  2398  2492 W ActivityManager: Unable to start service Intent { act=org.carconnectivity.android.digitalkey.secureelement.ICccDkSe xflg=0x4 cmp=com.samsung.android.carkey/.seinterface.service.SecureElementInterfaceService } U=0: not found
04-21 11:03:42.965  9022  9081 E DigitalKey: [SeInterfaceDeferred] (ReconnectHandler) Service reconnect fail
04-21 11:03:43.037  5141  5180 I RequestManager_FLP: onOpChanged, op=0 / packageName=com.hermesandroid.bridge
04-21 11:03:43.038  2398  3545 D HintManagerService: Starts cleaning for 10995
04-21 11:03:43.039 32723 32723 I AudioPathManager: loadAudioPath() : loaded audio path is bluetooth (2)
04-21 11:03:43.039 32723 32723 I EffectManager: isSupportDolbyAtmosOnThisAudioPath() : path is bluetooth (2)
04-21 11:03:43.039 32723 32723 I UHQUpscalerManager: isUHQCompatibleBluetooth() : support is 0, mode is 1
04-21 11:03:43.039 32723 32723 I AudioPathManager: loadAudioPath() : loaded audio path is bluetooth (2)
04-21 11:03:43.039 32723 32723 I EffectManager: isSupportVoiceBoostOnCurrentAudioPath() : path is bluetooth (2)
04-21 11:03:43.039 32723 32723 I AudioPathManager: loadAudioPath() : loaded audio path is bluetooth (2)
04-21 11:03:43.039 32723 32723 I EffectManager: isSupportVolumeNormalizationOnCurrentAudioPath() : path is bluetooth (2)
04-21 11:03:43.039 32723 32723 I DVFSHelper: isNecessaryToBoostCPU() : isDolbyOn? true, isUHQUpscalerOn? false, isVoiceBoostOn? true, isVolumeNormalizationOn? false
04-21 11:03:43.044  9800  9800 D SemCscFeature: Encoded
04-21 11:03:43.049  6667 22532 W MediaProvider: isAppCloneUserPair for user 0: false
04-21 11:03:43.053  2398  2492 D SyncManager: userId - 0 auto - true
04-21 11:03:43.058  9377  9393 W courier.android: userfaultfd: MOVE ioctl seems unsupported: Connection timed out
04-21 11:03:43.088  9800  9800 W AccessibilityNodeInfoDumper: Fetch time: 41ms
04-21 11:03:43.089  2398  2492 V AccessibilityManagerService: onUserStateChangedLocked for userId: 0, forceUpdate: false
04-21 11:03:43.090  2398  3806 D BackgroundInstallControlService: Package event received: 0
04-21 11:03:43.090  2398  2492 I ActivityManager: Changes in 10921 4 to 4, 248 to 255
04-21 11:03:43.090  2398  2492 I ActivityManager: Changes in 10362 4 to 4, 184 to 255
04-21 11:03:43.090  2398  2492 I ActivityManager: Changes in 10266 4 to 4, 248 to 255
04-21 11:03:43.091  2398  3806 D BackgroundInstallControlService: Package event received: 0
04-21 11:03:43.091  1931  4515 I SurfaceFlinger: id=94298 createSurf, flag=84004, WindowToken{6bb2f35 type=2032 android.os.Binder@bf3ed6c}#94298
04-21 11:03:43.091  2398  2492 I ActivityManager: Changes in 10995 16 to 5, 0 to 255
04-21 11:03:43.092 19058 19146 V BinderSender: Uid 10995 already starts
04-21 11:03:43.092  2398  3806 D BackgroundInstallControlService: Package event received: 0
04-21 11:03:43.092  2398  3806 D BackgroundInstallControlService: Package event received: 0
04-21 11:03:43.092  2398  2492 D KNOX_MDM_SettingsProvider: isChangeAllowed() : name = accessibility_enabled
04-21 11:03:43.093  1931  1931 I SurfaceFlinger: [WindowToken{6bb2f35 type=2032 android.os.Binder@bf3ed6c}#94298] attach to parent LayerHierarchy{RequestedLayerState{Leaf:26:31#39 parentId=38} 4 children}
04-21 11:03:43.093  2398  2492 D MagnificationConnectionManager: requestConnection :false mConnectionState : 3
04-21 11:03:43.093  2398  2492 W MagnificationConnectionManager: requestConnection duplicated request: connect=false, mConnectionState=DISCONNECTED
04-21 11:03:43.093  2398  2492 D AccessibilityManagerService: restoreCurrentUserForTestAutomationIfNeededLocked(): ignoring because device doesn't support visible background users
04-21 11:03:43.093  1931  4515 I VSyncReactor: Current= 120, Period= 120, Distance= 1
04-21 11:03:43.094  2398  2492 D KNOX_MDM_SettingsProvider: isChangeAllowed() : name = accelerometer_rotation
04-21 11:03:43.094  2398  2492 D KNOX_MDM_SettingsProvider: isChangeAllowed() : name = user_rotation
04-21 11:03:43.094  2398  2492 V WindowManager: Computed rotation=ROTATION_0 (0) for display id=1 based on lastOrientation=SCREEN_ORIENTATION_UNSPECIFIED (-1) and oldRotation=ROTATION_0 (0), caller=com.android.server.wm.WindowManagerService.updateRotationUnchecked:72 com.android.server.wm.WindowManagerService.thawDisplayRotation:113 com.android.server.wm.WindowManagerService.thawRotation:2 android.view.IWindowManager$Stub.onTransact:3004 com.android.server.wm.WindowManagerService.onTransact:1 android.os.Binder.execTransactInternal:1457 
04-21 11:03:43.094  2398  2492 V WindowManager: Computed rotation=ROTATION_0 (0) for display id=0 based on lastOrientation=SCREEN_ORIENTATION_UNSPECIFIED (-1) and oldRotation=ROTATION_0 (0), caller=com.android.server.wm.WindowManagerService.updateRotationUnchecked:72 com.android.server.wm.WindowManagerService.thawDisplayRotation:113 com.android.server.wm.WindowManagerService.thawRotation:2 android.view.IWindowManager$Stub.onTransact:3004 com.android.server.wm.WindowManagerService.onTransact:1 android.os.Binder.execTransactInternal:1457 
04-21 11:03:43.095  9800  9800 D AndroidRuntime: Shutting down VM
04-21 11:03:43.095  5141  5180 I RequestManager_FLP: onOpChanged, op=0 / packageName=com.hermesandroid.bridge
04-21 11:03:43.095  9800  9814 W IPCThreadState: call to talkWithDriver in joinThreadPool returned error: -9 (Bad file descriptor), FD: -1
04-21 11:03:43.095  9800  9815 W IPCThreadState: call to talkWithDriver in joinThreadPool returned error: -9 (Bad file descriptor), FD: -1
04-21 11:03:43.095  9800  9820 W IPCThreadState: call to talkWithDriver in joinThreadPool returned error: -9 (Bad file descriptor), FD: -1
04-21 11:03:43.095  2398  2398 V AccessibilityManagerService: onUserStateChangedLocked for userId: 0, forceUpdate: false
04-21 11:03:43.096  2398  2398 D KNOX_MDM_SettingsProvider: isChangeAllowed() : name = accessibility_enabled
04-21 11:03:43.096  2398  2398 D MagnificationConnectionManager: requestConnection :false mConnectionState : 3
04-21 11:03:43.097  2398  2398 W MagnificationConnectionManager: requestConnection duplicated request: connect=false, mConnectionState=DISCONNECTED
04-21 11:03:43.097  1931  4515 I SurfaceFlinger: id=94299 createSurf, flag=84004, WindowToken{4e0be96 type=2032 android.os.Binder@67c89b1}#94299
04-21 11:03:43.098  1793  1930 I HYPER-HAL: [RequestManager.cpp]acquire(): Acquired ID : 349918488  [1796 / 24657]    HINT :      list : [TID_LOW_LATENCY / 1] [TID / 27488] [TID / 27489] [TID / 27461] [TID / 27482] 
04-21 11:03:43.098  1793  1930 I HYPER-HAL: [RequestManager.cpp]acquire(): Acquired ID : 349944943  [1796 / 24658]    HINT :      list : [UCLAMP_MIN_BOOST / 0] [TIMEOUT / 32] [TID / 27488] [TID / 27489] [TID / 27461] [TID / 27482] 
04-21 11:03:43.098  2398  2398 V AccessibilityManagerService: onUserStateChangedLocked for userId: 0, forceUpdate: false
04-21 11:03:43.098  2398  2398 D KNOX_MDM_SettingsProvider: isChangeAllowed() : name = accessibility_enabled
04-21 11:03:43.098  2398  2398 D MagnificationConnectionManager: requestConnection :false mConnectionState : 3
04-21 11:03:43.098  2398  2398 W MagnificationConnectionManager: requestConnection duplicated request: connect=false, mConnectionState=DISCONNECTED
04-21 11:03:43.099  1931  1931 I SurfaceFlinger: RequestedLayer [WindowToken{6bb2f35 type=2032 android.os.Binder@bf3ed6c}#94298] hidden!! flag  from(1) --> to(0)
04-21 11:03:43.099  1931  1931 I SurfaceFlinger: [LayerHierarchy{RequestedLayerState{WindowToken{dc632f type=2032 android.os.Binder@16ded0e}#94297 z=2} no children}] reparent to OffscreenRoot
04-21 11:03:43.099  1931  1931 I SurfaceFlinger: [LayerHierarchy{RequestedLayerState{WindowToken{dc632f type=2032 android.os.Binder@16ded0e}#94297 z=2} no children}] RelativeParent to null
04-21 11:03:43.099  1931  1931 I SurfaceFlinger: [WindowToken{4e0be96 type=2032 android.os.Binder@67c89b1}#94299] attach to parent LayerHierarchy{RequestedLayerState{Leaf:26:31#39 parentId=38} 4 children}
04-21 11:03:43.099  1931  1931 I SurfaceFlinger: id=94297 Removed WindowToken{dc632f type=2032 android.os.Binder@16ded0e}#94297 (230)
04-21 11:03:43.100  1931  2440 I SurfaceFlinger: Capture layer list: 	 com.hermescourier.android/com.hermescourier.android.MainActivity$_9377#94287(seamlessTransition:0)
04-21 11:03:43.100  1931  4515 I SurfaceFlinger: id=94300 createSurf, flag=84004, WindowToken{d9c7e04 type=2032 android.os.Binder@bc70a17}#94300
04-21 11:03:43.100  2398  2398 V AccessibilityManagerService: onUserStateChangedLocked for userId: 0, forceUpdate: false
04-21 11:03:43.101  2398  2398 D KNOX_MDM_SettingsProvider: isChangeAllowed() : name = accessibility_enabled
04-21 11:03:43.101  2398  2398 D MagnificationConnectionManager: requestConnection :false mConnectionState : 3
04-21 11:03:43.101  2398  2398 W MagnificationConnectionManager: requestConnection duplicated request: connect=false, mConnectionState=DISCONNECTED
04-21 11:03:43.101  1931  4515 I VSyncReactor: Current= 120, Period= 120, Distance= 121
04-21 11:03:43.102 25781 25781 I SafetyCenterAccessibilityListener: accessibility event occurred, safety center feature not enabled.
