04-21 11:14:38.256  1931  2440 I SurfaceFlinger: Capture layer list: 	 com.hermescourier.android/com.hermescourier.android.MainActivity$_26467#94485(seamlessTransition:0)
04-21 11:14:38.770  1931  2440 I SurfaceFlinger: Capture layer list: 	 com.hermescourier.android/com.hermescourier.android.MainActivity$_26467#94485(seamlessTransition:0)
04-21 11:14:38.815  4013  4250 D PluginActionManager: queryPkg com.google.android.gms com.android.systemui.action.PLUGIN_NOTIFICATION_MENU_ROW
04-21 11:14:38.816  4013  4250 D PluginActionManager: Found 0 plugins
04-21 11:14:38.816  4013  4250 D PluginActionManager: queryPkg com.google.android.gms com.android.systemui.action.PLUGIN_SENSOR_MANAGER
04-21 11:14:38.816  4013  4250 D PluginActionManager: Found 0 plugins
04-21 11:14:38.816  4013  4250 D PluginActionManager: queryPkg com.google.android.gms com.android.systemui.action.PLUGIN_NOTIFICATION_MENU_ROW
04-21 11:14:38.816  4013  4250 D PluginActionManager: Found 0 plugins
04-21 11:14:38.816  4013  4250 D PluginActionManager: queryPkg com.google.android.gms com.android.systemui.action.PLUGIN_NOTIFICATION_MENU_ROW
04-21 11:14:38.817  4013  4250 D PluginActionManager: Found 0 plugins
04-21 11:14:38.817  4013  4250 D PluginActionManager: queryPkg com.google.android.gms com.android.systemui.action.PLUGIN_NOTIFICATION_MENU_ROW
04-21 11:14:38.818  4013  4250 D PluginActionManager: Found 0 plugins
04-21 11:14:38.818  4013  4250 D PluginActionManager: queryPkg com.google.android.gms com.android.systemui.action.PLUGIN_NOTIFICATION_MENU_ROW
04-21 11:14:38.818  4013  4250 D PluginActionManager: Found 0 plugins
04-21 11:14:38.818  4013  4250 D PluginActionManager: queryPkg com.google.android.gms com.android.systemui.action.PLUGIN_CLOCK_PROVIDER
04-21 11:14:38.818  4013  4250 D PluginActionManager: Found 0 plugins
04-21 11:14:38.819  4013  4250 D PluginActionManager: queryPkg com.google.android.gms com.android.systemui.action.PLUGIN_GLOBAL_ACTIONS
04-21 11:14:38.819  4013  4250 D PluginActionManager: Found 0 plugins
04-21 11:14:38.819  4013  4250 D PluginActionManager: queryPkg com.google.android.gms com.android.systemui.action.PLUGIN_QS
04-21 11:14:38.819  4013  4250 D PluginActionManager: Found 0 plugins
04-21 11:14:38.819  4013  4250 D PluginActionManager: queryPkg com.google.android.gms com.android.systemui.action.PLUGIN_NOTIFICATION_MENU_ROW
04-21 11:14:38.819  4013  4250 D PluginActionManager: Found 0 plugins
04-21 11:14:38.819  4013  4250 D PluginActionManager: queryPkg com.google.android.gms com.android.systemui.action.PLUGIN_NOTIFICATION_MENU_ROW
04-21 11:14:38.819  4013  4250 D PluginActionManager: Found 0 plugins
04-21 11:14:38.819  4013  4250 D PluginActionManager: queryPkg com.google.android.gms com.android.systemui.action.PLUGIN_NOTIFICATION_MENU_ROW
04-21 11:14:38.819  4013  4250 D PluginActionManager: Found 0 plugins
04-21 11:14:38.819  4013  4250 D PluginActionManager: queryPkg com.google.android.gms com.android.systemui.action.PLUGIN_NOTIFICATION_MENU_ROW
04-21 11:14:38.820  4013  4250 D PluginActionManager: Found 0 plugins
04-21 11:14:38.820  4013  4250 D PluginActionManager: queryPkg com.google.android.gms com.android.systemui.action.PLUGIN_NOTIFICATION_MENU_ROW
04-21 11:14:38.821  4013  4250 D PluginActionManager: Found 0 plugins
04-21 11:14:38.821  4013  4250 D PluginActionManager: queryPkg com.google.android.gms com.android.systemui.action.PLUGIN_OVERLAY
04-21 11:14:38.821  4013  4250 D PluginActionManager: Found 0 plugins
04-21 11:14:38.821  4013  4250 D PluginActionManager: queryPkg com.google.android.gms com.android.systemui.action.PLUGIN_NOTIFICATION_MENU_ROW
04-21 11:14:38.821  4013  4250 D PluginActionManager: Found 0 plugins
04-21 11:14:38.821  4013  4250 D PluginActionManager: queryPkg com.google.android.gms com.android.systemui.action.PLUGIN_VOLUME
04-21 11:14:38.821  4013  4173 D SecSTQuickControlRequestReceiver: onReceive intent = Intent { act=android.intent.action.PACKAGE_CHANGED dat=package: flg=0x45000010 (has extras) }
04-21 11:14:38.822  4013  4250 D PluginActionManager: Found 0 plugins
04-21 11:14:38.822  4013  4250 D PluginActionManager: queryPkg com.google.android.gms com.android.systemui.action.PLUGIN_NOTIFICATION_MENU_ROW
04-21 11:14:38.822  4013  4250 D PluginActionManager: Found 0 plugins
04-21 11:14:38.822  4013  4250 D PluginActionManager: queryPkg com.google.android.gms com.android.systemui.action.PLUGIN_NOTIFICATION_MENU_ROW
04-21 11:14:38.822  4013  4250 D PluginActionManager: Found 0 plugins
04-21 11:14:38.822  4013  4250 D PluginActionManager: queryPkg com.google.android.gms com.android.systemui.action.PLUGIN_NOTIFICATION_MENU_ROW
04-21 11:14:38.822  4013  4250 D PluginActionManager: Found 0 plugins
04-21 11:14:38.823  3957  3957 V SatelliteController: Neither SMS or SatelliteGateway package
04-21 11:14:38.823  4013  4250 D PluginActionManager: queryPkg com.google.android.gms com.android.systemui.action.PLUGIN_NOTIFICATION_MENU_ROW
04-21 11:14:38.823  4013  4250 D PluginActionManager: Found 0 plugins
04-21 11:14:38.823  4013  4250 D PluginActionManager: queryPkg com.google.android.gms com.android.systemui.action.PLUGIN_NOTIFICATION_MENU_ROW
04-21 11:14:38.823  4013  4250 D PluginActionManager: Found 0 plugins
04-21 11:14:38.823  4013  4250 D PluginActionManager: queryPkg com.google.android.gms com.android.systemui.action.PLUGIN_NOTIFICATION_MENU_ROW
04-21 11:14:38.823  4013  4250 D PluginActionManager: Found 0 plugins
04-21 11:14:38.823  4013  4250 D PluginActionManager: queryPkg com.google.android.gms com.android.systemui.action.PLUGIN_NOTIFICATION_MENU_ROW
04-21 11:14:38.823  4013  4250 D PluginActionManager: Found 0 plugins
04-21 11:14:38.823  4013  4250 D PluginActionManager: queryPkg com.google.android.gms com.samsung.systemui.action.PLUGIN_FACE_WIDGET
04-21 11:14:38.823  4013  4250 D PluginActionManager: Too many of com.samsung.systemui.action.PLUGIN_FACE_WIDGET
04-21 11:14:38.824  4013  4250 D PluginActionManager: queryPkg com.google.android.gms com.android.systemui.action.PLUGIN_NAVIGATION_EDGE_BACK_ACTION
04-21 11:14:38.824  4013  4250 D PluginActionManager: Found 0 plugins
04-21 11:14:38.824  4013  4250 D PluginActionManager: queryPkg com.google.android.gms com.android.systemui.action.PEOPLE_HUB_PERSON_EXTRACTOR
04-21 11:14:38.824  4013  4013 D ControlsListingControllerImpl: ServiceConfig reloaded, count: 10
04-21 11:14:38.826  4013  8598 D LauncherApps: onPackageChanged 0,com.google.android.gms
04-21 11:14:38.826  4013  4250 D PluginActionManager: Found 0 plugins
04-21 11:14:38.826  4013  4250 D PluginActionManager: queryPkg com.google.android.gms com.android.systemui.action.PLUGIN_NOTIFICATION_ASSISTANT
04-21 11:14:38.826  4013  4250 D PluginActionManager: Found 0 plugins
04-21 11:14:38.826  4013  4250 D PluginActionManager: queryPkg com.google.android.gms com.android.systemui.action.PLUGIN_NOTIFICATION_MENU_ROW
04-21 11:14:38.826  4013  4250 D PluginActionManager: Found 0 plugins
04-21 11:14:38.826  4013  4250 D PluginActionManager: queryPkg com.google.android.gms com.android.systemui.action.PLUGIN_TOAST
04-21 11:14:38.826  4013  4250 D PluginActionManager: Found 0 plugins
04-21 11:14:38.826  4013  4013 D KeyguardUpdateMonitor: received broadcast android.intent.action.PACKAGE_CHANGED
04-21 11:14:38.827  4013  4013 D SPluginManagerImpl: onReceive: android.intent.action.PACKAGE_CHANGED, size:{com.samsung.android.systemui.multistar.MultiStarManager$2@3decdfc=SPluginInstanceManager@176276825 (action=com.samsung.systemui.action.PLUGIN_MULTISTAR), com.android.systemui.noticenter.NotiCenterPlugin$NotiCenterPluginListener@643a3df=SPluginInstanceManager@255350046 (action=com.samsung.systemui.action.PLUGIN_NOTICENTER), com.android.systemui.lockstar.PluginLockStarManager@777f0c6=SPluginInstanceManager@136286719 (action=com.samsung.systemui.action.PLUGIN_LOCK_STAR), com.android.systemui.navigationbar.plugin.PluginBarInteractionManager$pluginListener$1@7b08f9e=SPluginInstanceManager@237439948 (action=com.samsung.systemui.navigationbar.PLUGIN), com.android.systemui.pluginlock.PluginLockMediatorImpl@91c60ea=SPluginInstanceManager@134241813 (action=com.samsung.systemui.action.PLUGIN_LOCK), com.android.systemui.volume.VolumeStarInteractor$start$1@a3bd760=SPluginInstanceManager@235971882 (action=com.samsung.systemui.volume.PLUGIN), com.android.systemui.slimindicator.SlimIndicatorPluginMediator@fa3fc3a=SPluginInstanceManager@132468507 (action=com.samsung.systemui.action.SPLUGIN_SLIMINDICATOR)}
04-21 11:14:38.827  4013  4013 D SecSTQuickControlRequestReceiver: onReceiveForPackage action = android.intent.action.PACKAGE_CHANGED, pkgName = com.google.android.gms
04-21 11:14:38.827  4013  4013 I GoodLockLifecycle: onPackageChanged: com.google.android.gms
04-21 11:14:38.827  4013  4013 I SharedAppWidgetFacade:  onPackageChanged com.google.android.gms
04-21 11:14:38.838  4389  4389 D RegisteredAidCache: generateAidCacheLocked: starting with aid A0000001524010
04-21 11:14:38.838  4389  4389 D RegisteredAidCache: generateAidCacheLocked: AIDs: [A0000001524010] were resolved.
04-21 11:14:38.840  4389  4389 D RegisteredAidCache: generateAidCacheLocked: Exact or Prefix AID.A0000001524010
04-21 11:14:38.840  4389  4389 D RegisteredAidCache: generateAidCacheLocked: AIDs: [A0000001524010] were resolved.
04-21 11:14:38.840  4389  4389 D RegisteredAidCache: generateAidCacheLocked: aid cache entryA0000001524010 val:AidResolveInfo{services=[], defaultService=null, category='other}
04-21 11:14:38.844  4389  4389 D RegisteredServicesCache: ApduService: ComponentInfo{com.samsung.android.spayfw/com.samsung.android.spayfw.core.hce.SPayHCEService}, UID: 5279, description: Samsung Pay, Static AID Groups: Category: payment, AIDs:325041592E5359532E4444463031, A0000004941010, A0000004942010, A0000004946010, A0000001410001, D9999999991010, D9999999992020, A0000000426010, A0000000426020, A000000042, A00000004260, A0000000426010000000000000000000, A999999999, A0000007300001, A0000002281010, A0000009122024, A0000009122124, A0000006581010, A0000006581099, A0000006582010, A0000006582099, A000000004*, A000000004, A0000000041010, A0000000042203, A0000000043060, A0000007800006, A0000000041010D07603, A000000003*, A000000003, A0000000031010, A0000000980840, A0000000032010, A0000000032020, A00000000305076620, A000000025*, A00000002501, A000000025011001, A0000000250110, A000000025021001, A000000025040303, A0000001523010, A0000001524010, A0000003241010, A0000002771010, A00000048510010101, A000000476D0000101, 4F53452E5641532E3031, A0000000030701, A00000000307010001, A0000000049999D840, A000000384*, A00000038410, A00000038420, A000000870FC000000000039, D2500000123010, D2500000121010, D2500000124000, D2500000122000, A0000000651010, A00000033301*, A000000333010101, A000000333010102, , Dynamic AID Groups: 
04-21 11:14:39.236  4658 19916 I HoneySpace.SuggestAppDecor: getInstaller: com.hermescourier.android [null]
04-21 11:14:39.267  1931  2440 I SurfaceFlinger: Capture layer list: 	 com.hermescourier.android/com.hermescourier.android.MainActivity$_26467#94485(seamlessTransition:0)
04-21 11:14:39.765  1931  2440 I SurfaceFlinger: Capture layer list: 	 com.hermescourier.android/com.hermescourier.android.MainActivity$_26467#94485(seamlessTransition:0)
04-21 11:14:40.023  4013  4250 D PluginActionManager: queryPkg com.google.android.gms com.android.systemui.action.PLUGIN_NOTIFICATION_MENU_ROW
04-21 11:14:40.023  4013  4250 D PluginActionManager: Found 0 plugins
04-21 11:14:40.023  4013  4250 D PluginActionManager: queryPkg com.google.android.gms com.android.systemui.action.PLUGIN_SENSOR_MANAGER
04-21 11:14:40.024  4013  4250 D PluginActionManager: Found 0 plugins
04-21 11:14:40.024  4013  4250 D PluginActionManager: queryPkg com.google.android.gms com.android.systemui.action.PLUGIN_NOTIFICATION_MENU_ROW
04-21 11:14:40.026  4013  4250 D PluginActionManager: Found 0 plugins
04-21 11:14:40.026  4013  4250 D PluginActionManager: queryPkg com.google.android.gms com.android.systemui.action.PLUGIN_NOTIFICATION_MENU_ROW
04-21 11:14:40.026  4013  4250 D PluginActionManager: Found 0 plugins
04-21 11:14:40.026  4013  4250 D PluginActionManager: queryPkg com.google.android.gms com.android.systemui.action.PLUGIN_NOTIFICATION_MENU_ROW
04-21 11:14:40.026  4013  4250 D PluginActionManager: Found 0 plugins
04-21 11:14:40.026  3957  3957 V SatelliteController: Neither SMS or SatelliteGateway package
04-21 11:14:40.026  4013  4250 D PluginActionManager: queryPkg com.google.android.gms com.android.systemui.action.PLUGIN_NOTIFICATION_MENU_ROW
04-21 11:14:40.026  4013  4250 D PluginActionManager: Found 0 plugins
04-21 11:14:40.026  4013  4250 D PluginActionManager: queryPkg com.google.android.gms com.android.systemui.action.PLUGIN_CLOCK_PROVIDER
04-21 11:14:40.026  4013  4250 D PluginActionManager: Found 0 plugins
04-21 11:14:40.026  4013  4250 D PluginActionManager: queryPkg com.google.android.gms com.android.systemui.action.PLUGIN_GLOBAL_ACTIONS
04-21 11:14:40.026  4013  4250 D PluginActionManager: Found 0 plugins
04-21 11:14:40.026  4013  4250 D PluginActionManager: queryPkg com.google.android.gms com.android.systemui.action.PLUGIN_QS
04-21 11:14:40.027  4013  4013 D ControlsListingControllerImpl: ServiceConfig reloaded, count: 10
04-21 11:14:40.027  4013  4250 D PluginActionManager: Found 0 plugins
04-21 11:14:40.027  4013  4250 D PluginActionManager: queryPkg com.google.android.gms com.android.systemui.action.PLUGIN_NOTIFICATION_MENU_ROW
04-21 11:14:40.028  4013  4250 D PluginActionManager: Found 0 plugins
04-21 11:14:40.028  4013  4250 D PluginActionManager: queryPkg com.google.android.gms com.android.systemui.action.PLUGIN_NOTIFICATION_MENU_ROW
04-21 11:14:40.029  4013  4250 D PluginActionManager: Found 0 plugins
04-21 11:14:40.029  4013  4250 D PluginActionManager: queryPkg com.google.android.gms com.android.systemui.action.PLUGIN_NOTIFICATION_MENU_ROW
04-21 11:14:40.031  4013  4250 D PluginActionManager: Found 0 plugins
04-21 11:14:40.032  4013  4250 D PluginActionManager: queryPkg com.google.android.gms com.android.systemui.action.PLUGIN_NOTIFICATION_MENU_ROW
04-21 11:14:40.032  4013  4013 D KeyguardUpdateMonitor: received broadcast android.intent.action.PACKAGE_CHANGED
04-21 11:14:40.032  4013  4013 D SPluginManagerImpl: onReceive: android.intent.action.PACKAGE_CHANGED, size:{com.samsung.android.systemui.multistar.MultiStarManager$2@3decdfc=SPluginInstanceManager@176276825 (action=com.samsung.systemui.action.PLUGIN_MULTISTAR), com.android.systemui.noticenter.NotiCenterPlugin$NotiCenterPluginListener@643a3df=SPluginInstanceManager@255350046 (action=com.samsung.systemui.action.PLUGIN_NOTICENTER), com.android.systemui.lockstar.PluginLockStarManager@777f0c6=SPluginInstanceManager@136286719 (action=com.samsung.systemui.action.PLUGIN_LOCK_STAR), com.android.systemui.navigationbar.plugin.PluginBarInteractionManager$pluginListener$1@7b08f9e=SPluginInstanceManager@237439948 (action=com.samsung.systemui.navigationbar.PLUGIN), com.android.systemui.pluginlock.PluginLockMediatorImpl@91c60ea=SPluginInstanceManager@134241813 (action=com.samsung.systemui.action.PLUGIN_LOCK), com.android.systemui.volume.VolumeStarInteractor$start$1@a3bd760=SPluginInstanceManager@235971882 (action=com.samsung.systemui.volume.PLUGIN), com.android.systemui.slimindicator.SlimIndicatorPluginMediator@fa3fc3a=SPluginInstanceManager@132468507 (action=com.samsung.systemui.action.SPLUGIN_SLIMINDICATOR)}
04-21 11:14:40.032  4013  4013 I GoodLockLifecycle: onPackageChanged: com.google.android.gms
04-21 11:14:40.032  4013  4013 I SharedAppWidgetFacade:  onPackageChanged com.google.android.gms
04-21 11:14:40.033  4013  4250 D PluginActionManager: Found 0 plugins
04-21 11:14:40.033  4013  4250 D PluginActionManager: queryPkg com.google.android.gms com.android.systemui.action.PLUGIN_NOTIFICATION_MENU_ROW
04-21 11:14:40.033  4013  4250 D PluginActionManager: Found 0 plugins
04-21 11:14:40.033  4013  4250 D PluginActionManager: queryPkg com.google.android.gms com.android.systemui.action.PLUGIN_OVERLAY
04-21 11:14:40.033  4013  4250 D PluginActionManager: Found 0 plugins
04-21 11:14:40.033  4013  4250 D PluginActionManager: queryPkg com.google.android.gms com.android.systemui.action.PLUGIN_NOTIFICATION_MENU_ROW
04-21 11:14:40.033  4013  4250 D PluginActionManager: Found 0 plugins
04-21 11:14:40.033  4013  4250 D PluginActionManager: queryPkg com.google.android.gms com.android.systemui.action.PLUGIN_VOLUME
04-21 11:14:40.033  4013  4173 D SecSTQuickControlRequestReceiver: onReceive intent = Intent { act=android.intent.action.PACKAGE_CHANGED dat=package: flg=0x45000010 (has extras) }
04-21 11:14:40.035  4013  4250 D PluginActionManager: Found 0 plugins
04-21 11:14:40.035  4013  4250 D PluginActionManager: queryPkg com.google.android.gms com.android.systemui.action.PLUGIN_NOTIFICATION_MENU_ROW
04-21 11:14:40.035  4013  4250 D PluginActionManager: Found 0 plugins
04-21 11:14:40.036  4013  4250 D PluginActionManager: queryPkg com.google.android.gms com.android.systemui.action.PLUGIN_NOTIFICATION_MENU_ROW
04-21 11:14:40.036  4013  4250 D PluginActionManager: Found 0 plugins
04-21 11:14:40.036  4013  4250 D PluginActionManager: queryPkg com.google.android.gms com.android.systemui.action.PLUGIN_NOTIFICATION_MENU_ROW
04-21 11:14:40.036  4013  4013 D SecSTQuickControlRequestReceiver: onReceiveForPackage action = android.intent.action.PACKAGE_CHANGED, pkgName = com.google.android.gms
04-21 11:14:40.036  4013  4250 D PluginActionManager: Found 0 plugins
04-21 11:14:40.036  4013  4250 D PluginActionManager: queryPkg com.google.android.gms com.android.systemui.action.PLUGIN_NOTIFICATION_MENU_ROW
04-21 11:14:40.036  4013  4250 D PluginActionManager: Found 0 plugins
04-21 11:14:40.036  4013  4250 D PluginActionManager: queryPkg com.google.android.gms com.android.systemui.action.PLUGIN_NOTIFICATION_MENU_ROW
04-21 11:14:40.036  4013  4250 D PluginActionManager: Found 0 plugins
04-21 11:14:40.036  4013  4250 D PluginActionManager: queryPkg com.google.android.gms com.android.systemui.action.PLUGIN_NOTIFICATION_MENU_ROW
04-21 11:14:40.037  4013  4250 D PluginActionManager: Found 0 plugins
04-21 11:14:40.037  4013  4250 D PluginActionManager: queryPkg com.google.android.gms com.android.systemui.action.PLUGIN_NOTIFICATION_MENU_ROW
04-21 11:14:40.037  4013  4250 D PluginActionManager: Found 0 plugins
04-21 11:14:40.037  4013  4250 D PluginActionManager: queryPkg com.google.android.gms com.samsung.systemui.action.PLUGIN_FACE_WIDGET
04-21 11:14:40.037  4013  4250 D PluginActionManager: Too many of com.samsung.systemui.action.PLUGIN_FACE_WIDGET
04-21 11:14:40.037  4013  4250 D PluginActionManager: queryPkg com.google.android.gms com.android.systemui.action.PLUGIN_NAVIGATION_EDGE_BACK_ACTION
04-21 11:14:40.037  4013  4250 D PluginActionManager: Found 0 plugins
04-21 11:14:40.037  4013  4250 D PluginActionManager: queryPkg com.google.android.gms com.android.systemui.action.PEOPLE_HUB_PERSON_EXTRACTOR
04-21 11:14:40.038  4013  4250 D PluginActionManager: Found 0 plugins
04-21 11:14:40.038  4013  4250 D PluginActionManager: queryPkg com.google.android.gms com.android.systemui.action.PLUGIN_NOTIFICATION_ASSISTANT
04-21 11:14:40.038  4013  4250 D PluginActionManager: Found 0 plugins
04-21 11:14:40.038  4013  4250 D PluginActionManager: queryPkg com.google.android.gms com.android.systemui.action.PLUGIN_NOTIFICATION_MENU_ROW
04-21 11:14:40.039  4013  4250 D PluginActionManager: Found 0 plugins
04-21 11:14:40.039  4013  4250 D PluginActionManager: queryPkg com.google.android.gms com.android.systemui.action.PLUGIN_TOAST
04-21 11:14:40.039  4013  4250 D PluginActionManager: Found 0 plugins
04-21 11:14:40.042  4389  4389 D RegisteredAidCache: generateAidCacheLocked: starting with aid A0000001524010
04-21 11:14:40.042  4389  4389 D RegisteredAidCache: generateAidCacheLocked: AIDs: [A0000001524010] were resolved.
04-21 11:14:40.043  4389  4389 D RegisteredAidCache: generateAidCacheLocked: Exact or Prefix AID.A0000001524010
04-21 11:14:40.043  4389  4389 D RegisteredAidCache: generateAidCacheLocked: AIDs: [A0000001524010] were resolved.
04-21 11:14:40.044  4389  4389 D RegisteredAidCache: generateAidCacheLocked: aid cache entryA0000001524010 val:AidResolveInfo{services=[], defaultService=null, category='other}
04-21 11:14:40.047  4389  4389 D RegisteredServicesCache: ApduService: ComponentInfo{com.samsung.android.spayfw/com.samsung.android.spayfw.core.hce.SPayHCEService}, UID: 5279, description: Samsung Pay, Static AID Groups: Category: payment, AIDs:325041592E5359532E4444463031, A0000004941010, A0000004942010, A0000004946010, A0000001410001, D9999999991010, D9999999992020, A0000000426010, A0000000426020, A000000042, A00000004260, A0000000426010000000000000000000, A999999999, A0000007300001, A0000002281010, A0000009122024, A0000009122124, A0000006581010, A0000006581099, A0000006582010, A0000006582099, A000000004*, A000000004, A0000000041010, A0000000042203, A0000000043060, A0000007800006, A0000000041010D07603, A000000003*, A000000003, A0000000031010, A0000000980840, A0000000032010, A0000000032020, A00000000305076620, A000000025*, A00000002501, A000000025011001, A0000000250110, A000000025021001, A000000025040303, A0000001523010, A0000001524010, A0000003241010, A0000002771010, A00000048510010101, A000000476D0000101, 4F53452E5641532E3031, A0000000030701, A00000000307010001, A0000000049999D840, A000000384*, A00000038410, A00000038420, A000000870FC000000000039, D2500000123010, D2500000121010, D2500000124000, D2500000122000, A0000000651010, A00000033301*, A000000333010101, A000000333010102, , Dynamic AID Groups: 
04-21 11:14:40.050  4013  8598 D LauncherApps: onPackageChanged 0,com.google.android.gms
04-21 11:14:40.263  1931  2440 I SurfaceFlinger: Capture layer list: 	 com.hermescourier.android/com.hermescourier.android.MainActivity$_26467#94485(seamlessTransition:0)
04-21 11:14:40.458  4658 19917 I HoneySpace.SuggestAppDecor: getInstaller: com.hermescourier.android [null]
04-21 11:14:40.759  1931  2440 I SurfaceFlinger: Capture layer list: 	 com.hermescourier.android/com.hermescourier.android.MainActivity$_26467#94485(seamlessTransition:0)
04-21 11:14:41.274  1931  2440 I SurfaceFlinger: Capture layer list: 	 com.hermescourier.android/com.hermescourier.android.MainActivity$_26467#94485(seamlessTransition:0)
04-21 11:14:41.770  1931  2440 I SurfaceFlinger: Capture layer list: 	 com.hermescourier.android/com.hermescourier.android.MainActivity$_26467#94485(seamlessTransition:0)
04-21 11:14:42.268  1931  2440 I SurfaceFlinger: Capture layer list: 	 com.hermescourier.android/com.hermescourier.android.MainActivity$_26467#94485(seamlessTransition:0)
04-21 11:14:42.644  4013  4173 D Tile.SoundModeTile: handleSetListening: listening true
04-21 11:14:42.646  4013  4173 D Tile.SoundModeTile: handleUpdateState: profile 2, muteAllSound false
04-21 11:14:42.647  4013  4173 D Tile.SoundModeTile: handleSetListening: listening false
04-21 11:14:42.764  1931  2440 I SurfaceFlinger: Capture layer list: 	 com.hermescourier.android/com.hermescourier.android.MainActivity$_26467#94485(seamlessTransition:0)
04-21 11:14:42.852  2398  3839 I SemWifiLinkQualityMonitor: Link stat: 2771 / 15 / 1.30 (13) / 960 / -61.0 || 100.0 : 960.00 / 0.5 : 0.77 / 0.55 : 0.01 / G (G) || 8a7d27aa6935: 0.081 / 99.102 / N || N N / 0 0 / N 2.0 / N X 1 / 997540190 0 || 2026-04-21 11:14:42  / 0: 0 0 0 0 0 0 / 0: 0 0 0 0 0 0 / 0: 0 0 0 0 0 0
04-21 11:14:42.852  2398  3840 D SemInsManager: {"bssid": "8a7d27aa6935","rssi": -61.0,"latency": 0.08072520561199806,"outage_count": 0,"lq_callback_triggered": false,"outage_log": "Link stat: 2771 / 15 / 1.30 (13) / 960 / -61.0 || 100.0 : 960.00 / 0.5 : 0.77 / 0.55 : 0.01 / G (G) || 8a7d27aa6935: 0.081 / 99.102 / N || N N / 0 0 / N 2.0 / N X 1 / 997540190 0 || 2026-04-21 11:14:42  / 0: 0 0 0 0 0 0 / 0: 0 0 0 0 0 0 / 0: 0 0 0 0 0 0""Magnetic Sensor Events size": "0""Pressure Sensor Events size": "0"}
04-21 11:14:43.279  1931  2440 I SurfaceFlinger: Capture layer list: 	 com.hermescourier.android/com.hermescourier.android.MainActivity$_26467#94485(seamlessTransition:0)
04-21 11:14:43.501  1030  1030 D io_stats: !@ Read_top(KB): kworker/u17:0:/(2250) 256 .gms.persistent:high(22520) 148 ndroid.systemui:high(4013) 104
04-21 11:14:43.777  1931  2440 I SurfaceFlinger: Capture layer list: 	 com.hermescourier.android/com.hermescourier.android.MainActivity$_26467#94485(seamlessTransition:0)
04-21 11:14:43.881  1931  2458 I SurfaceFlinger: Capture layer list: 	 com.hermescourier.android/com.hermescourier.android.MainActivity$_26467#94485(seamlessTransition:0)
04-21 11:14:43.881  1931  2458 I SurfaceFlinger: Capture layer list: 	 StatusBar$_4013#130(seamlessTransition:0)
04-21 11:14:43.881  1931  2458 I SurfaceFlinger: Capture layer list: 	 NavigationBar0$_4013#126(seamlessTransition:0)
04-21 11:14:43.881  1931  2131 D RenderEngine: [SEC_SF_EFFECTS] drawLayersInternal,1483, Rendering layer com.hermescourier.android/com.hermescourier.android.MainActivity$_26467#94485 at index 1
04-21 11:14:43.881  1931  2131 D RenderEngine: [SEC_SF_EFFECTS] drawLayersInternal,1483, Rendering layer StatusBar$_4013#130 at index 3
04-21 11:14:43.881  1931  2131 D RenderEngine: [SEC_SF_EFFECTS] drawLayersInternal,1483, Rendering layer NavigationBar0$_4013#126 at index 4
04-21 11:14:44.012  4013  4039 D LauncherApps: onPackageChanged 0,com.google.android.gms
04-21 11:14:44.013  4013  4250 D PluginActionManager: queryPkg com.google.android.gms com.android.systemui.action.PLUGIN_NOTIFICATION_MENU_ROW
04-21 11:14:44.013  4013  4250 D PluginActionManager: Found 0 plugins
04-21 11:14:44.013  4013  4250 D PluginActionManager: queryPkg com.google.android.gms com.android.systemui.action.PLUGIN_SENSOR_MANAGER
04-21 11:14:44.014  4013  4250 D PluginActionManager: Found 0 plugins
04-21 11:14:44.014  4013  4250 D PluginActionManager: queryPkg com.google.android.gms com.android.systemui.action.PLUGIN_NOTIFICATION_MENU_ROW
04-21 11:14:44.014  3957  3957 V SatelliteController: Neither SMS or SatelliteGateway package
04-21 11:14:44.015  4013  4013 D ControlsListingControllerImpl: ServiceConfig reloaded, count: 10
04-21 11:14:44.017  4658  9141 I SearchableManager: searchable update: 1776784484017
04-21 11:14:44.017  4013  4250 D PluginActionManager: Found 0 plugins
04-21 11:14:44.017  4013  4250 D PluginActionManager: queryPkg com.google.android.gms com.android.systemui.action.PLUGIN_NOTIFICATION_MENU_ROW
04-21 11:14:44.017  4013  4250 D PluginActionManager: Found 0 plugins
04-21 11:14:44.017  4013  4250 D PluginActionManager: queryPkg com.google.android.gms com.android.systemui.action.PLUGIN_NOTIFICATION_MENU_ROW
04-21 11:14:44.017  4013  4250 D PluginActionManager: Found 0 plugins
04-21 11:14:44.017  4013  4250 D PluginActionManager: queryPkg com.google.android.gms com.android.systemui.action.PLUGIN_NOTIFICATION_MENU_ROW
04-21 11:14:44.018  4013  4250 D PluginActionManager: Found 0 plugins
04-21 11:14:44.018  4013  4250 D PluginActionManager: queryPkg com.google.android.gms com.android.systemui.action.PLUGIN_CLOCK_PROVIDER
04-21 11:14:44.018  4013  4250 D PluginActionManager: Found 0 plugins
04-21 11:14:44.018  4013  4250 D PluginActionManager: queryPkg com.google.android.gms com.android.systemui.action.PLUGIN_GLOBAL_ACTIONS
04-21 11:14:44.018  4013  4250 D PluginActionManager: Found 0 plugins
04-21 11:14:44.018  4013  4250 D PluginActionManager: queryPkg com.google.android.gms com.android.systemui.action.PLUGIN_QS
04-21 11:14:44.019  4013  4250 D PluginActionManager: Found 0 plugins
04-21 11:14:44.019  4013  4250 D PluginActionManager: queryPkg com.google.android.gms com.android.systemui.action.PLUGIN_NOTIFICATION_MENU_ROW
04-21 11:14:44.019  4013  4250 D PluginActionManager: Found 0 plugins
04-21 11:14:44.019  4013  4250 D PluginActionManager: queryPkg com.google.android.gms com.android.systemui.action.PLUGIN_NOTIFICATION_MENU_ROW
04-21 11:14:44.019  4013  4250 D PluginActionManager: Found 0 plugins
04-21 11:14:44.019  4013  4250 D PluginActionManager: queryPkg com.google.android.gms com.android.systemui.action.PLUGIN_NOTIFICATION_MENU_ROW
04-21 11:14:44.019  4013  4250 D PluginActionManager: Found 0 plugins
04-21 11:14:44.019  4013  4250 D PluginActionManager: queryPkg com.google.android.gms com.android.systemui.action.PLUGIN_NOTIFICATION_MENU_ROW
04-21 11:14:44.019  4013  4250 D PluginActionManager: Found 0 plugins
04-21 11:14:44.019  4013  4250 D PluginActionManager: queryPkg com.google.android.gms com.android.systemui.action.PLUGIN_NOTIFICATION_MENU_ROW
04-21 11:14:44.019  4013  4250 D PluginActionManager: Found 0 plugins
04-21 11:14:44.019  4013  4250 D PluginActionManager: queryPkg com.google.android.gms com.android.systemui.action.PLUGIN_OVERLAY
04-21 11:14:44.020  4013  4013 D KeyguardUpdateMonitor: received broadcast android.intent.action.PACKAGE_CHANGED
04-21 11:14:44.020  4013  4013 D SPluginManagerImpl: onReceive: android.intent.action.PACKAGE_CHANGED, size:{com.samsung.android.systemui.multistar.MultiStarManager$2@3decdfc=SPluginInstanceManager@176276825 (action=com.samsung.systemui.action.PLUGIN_MULTISTAR), com.android.systemui.noticenter.NotiCenterPlugin$NotiCenterPluginListener@643a3df=SPluginInstanceManager@255350046 (action=com.samsung.systemui.action.PLUGIN_NOTICENTER), com.android.systemui.lockstar.PluginLockStarManager@777f0c6=SPluginInstanceManager@136286719 (action=com.samsung.systemui.action.PLUGIN_LOCK_STAR), com.android.systemui.navigationbar.plugin.PluginBarInteractionManager$pluginListener$1@7b08f9e=SPluginInstanceManager@237439948 (action=com.samsung.systemui.navigationbar.PLUGIN), com.android.systemui.pluginlock.PluginLockMediatorImpl@91c60ea=SPluginInstanceManager@134241813 (action=com.samsung.systemui.action.PLUGIN_LOCK), com.android.systemui.volume.VolumeStarInteractor$start$1@a3bd760=SPluginInstanceManager@235971882 (action=com.samsung.systemui.volume.PLUGIN), com.android.systemui.slimindicator.SlimIndicatorPluginMediator@fa3fc3a=SPluginInstanceManager@132468507 (action=com.samsung.systemui.action.SPLUGIN_SLIMINDICATOR)}
04-21 11:14:44.020  4013  4013 I GoodLockLifecycle: onPackageChanged: com.google.android.gms
04-21 11:14:44.021  4013  4173 D SecSTQuickControlRequestReceiver: onReceive intent = Intent { act=android.intent.action.PACKAGE_CHANGED dat=package: flg=0x45000010 (has extras) }
04-21 11:14:44.022  4013  4250 D PluginActionManager: Found 0 plugins
04-21 11:14:44.022  4013  4250 D PluginActionManager: queryPkg com.google.android.gms com.android.systemui.action.PLUGIN_NOTIFICATION_MENU_ROW
04-21 11:14:44.025  4013  4013 I SharedAppWidgetFacade:  onPackageChanged com.google.android.gms
04-21 11:14:44.025  4013  4013 D SecSTQuickControlRequestReceiver: onReceiveForPackage action = android.intent.action.PACKAGE_CHANGED, pkgName = com.google.android.gms
04-21 11:14:44.027  4013  4250 D PluginActionManager: Found 0 plugins
04-21 11:14:44.027  4013  4250 D PluginActionManager: queryPkg com.google.android.gms com.android.systemui.action.PLUGIN_VOLUME
04-21 11:14:44.027  4013  4250 D PluginActionManager: Found 0 plugins
04-21 11:14:44.027  4013  4250 D PluginActionManager: queryPkg com.google.android.gms com.android.systemui.action.PLUGIN_NOTIFICATION_MENU_ROW
04-21 11:14:44.027  4013  4250 D PluginActionManager: Found 0 plugins
04-21 11:14:44.027  4013  4250 D PluginActionManager: queryPkg com.google.android.gms com.android.systemui.action.PLUGIN_NOTIFICATION_MENU_ROW
04-21 11:14:44.027  4013  4250 D PluginActionManager: Found 0 plugins
04-21 11:14:44.027  4013  4250 D PluginActionManager: queryPkg com.google.android.gms com.android.systemui.action.PLUGIN_NOTIFICATION_MENU_ROW
04-21 11:14:44.027  4013  4250 D PluginActionManager: Found 0 plugins
04-21 11:14:44.027  4013  4250 D PluginActionManager: queryPkg com.google.android.gms com.android.systemui.action.PLUGIN_NOTIFICATION_MENU_ROW
04-21 11:14:44.027  4013  4250 D PluginActionManager: Found 0 plugins
04-21 11:14:44.027  4013  4250 D PluginActionManager: queryPkg com.google.android.gms com.android.systemui.action.PLUGIN_NOTIFICATION_MENU_ROW
04-21 11:14:44.028  4013  4250 D PluginActionManager: Found 0 plugins
04-21 11:14:44.028  4013  4250 D PluginActionManager: queryPkg com.google.android.gms com.android.systemui.action.PLUGIN_NOTIFICATION_MENU_ROW
04-21 11:14:44.029  4013  4250 D PluginActionManager: Found 0 plugins
04-21 11:14:44.029  4013  4250 D PluginActionManager: queryPkg com.google.android.gms com.android.systemui.action.PLUGIN_NOTIFICATION_MENU_ROW
04-21 11:14:44.029  4013  4250 D PluginActionManager: Found 0 plugins
04-21 11:14:44.029  4013  4250 D PluginActionManager: queryPkg com.google.android.gms com.samsung.systemui.action.PLUGIN_FACE_WIDGET
04-21 11:14:44.029  4013  4250 D PluginActionManager: Too many of com.samsung.systemui.action.PLUGIN_FACE_WIDGET
04-21 11:14:44.030  4013  4250 D PluginActionManager: queryPkg com.google.android.gms com.android.systemui.action.PLUGIN_NAVIGATION_EDGE_BACK_ACTION
04-21 11:14:44.030  4013  4250 D PluginActionManager: Found 0 plugins
04-21 11:14:44.030  4013  4250 D PluginActionManager: queryPkg com.google.android.gms com.android.systemui.action.PEOPLE_HUB_PERSON_EXTRACTOR
04-21 11:14:44.030  4013  4250 D PluginActionManager: Found 0 plugins
04-21 11:14:44.030  4013  4250 D PluginActionManager: queryPkg com.google.android.gms com.android.systemui.action.PLUGIN_NOTIFICATION_ASSISTANT
04-21 11:14:44.030  4013  4250 D PluginActionManager: Found 0 plugins
04-21 11:14:44.030  4013  4250 D PluginActionManager: queryPkg com.google.android.gms com.android.systemui.action.PLUGIN_NOTIFICATION_MENU_ROW
04-21 11:14:44.030  4013  4250 D PluginActionManager: Found 0 plugins
04-21 11:14:44.030  4013  4250 D PluginActionManager: queryPkg com.google.android.gms com.android.systemui.action.PLUGIN_TOAST
04-21 11:14:44.030  4013  4250 D PluginActionManager: Found 0 plugins
04-21 11:14:44.033  4389  4389 D RegisteredAidCache: generateAidCacheLocked: starting with aid A0000001524010
04-21 11:14:44.033  4389  4389 D RegisteredAidCache: generateAidCacheLocked: AIDs: [A0000001524010] were resolved.
04-21 11:14:44.034  4389  4389 D RegisteredAidCache: generateAidCacheLocked: Exact or Prefix AID.A0000001524010
04-21 11:14:44.034  4389  4389 D RegisteredAidCache: generateAidCacheLocked: AIDs: [A0000001524010] were resolved.
04-21 11:14:44.034  4389  4389 D RegisteredAidCache: generateAidCacheLocked: aid cache entryA0000001524010 val:AidResolveInfo{services=[], defaultService=null, category='other}
04-21 11:14:44.038  4389  4389 D RegisteredServicesCache: ApduService: ComponentInfo{com.samsung.android.spayfw/com.samsung.android.spayfw.core.hce.SPayHCEService}, UID: 5279, description: Samsung Pay, Static AID Groups: Category: payment, AIDs:325041592E5359532E4444463031, A0000004941010, A0000004942010, A0000004946010, A0000001410001, D9999999991010, D9999999992020, A0000000426010, A0000000426020, A000000042, A00000004260, A0000000426010000000000000000000, A999999999, A0000007300001, A0000002281010, A0000009122024, A0000009122124, A0000006581010, A0000006581099, A0000006582010, A0000006582099, A000000004*, A000000004, A0000000041010, A0000000042203, A0000000043060, A0000007800006, A0000000041010D07603, A000000003*, A000000003, A0000000031010, A0000000980840, A0000000032010, A0000000032020, A00000000305076620, A000000025*, A00000002501, A000000025011001, A0000000250110, A000000025021001, A000000025040303, A0000001523010, A0000001524010, A0000003241010, A0000002771010, A00000048510010101, A000000476D0000101, 4F53452E5641532E3031, A0000000030701, A00000000307010001, A0000000049999D840, A000000384*, A00000038410, A00000038420, A000000870FC000000000039, D2500000123010, D2500000121010, D2500000124000, D2500000122000, A0000000651010, A00000033301*, A000000333010101, A000000333010102, , Dynamic AID Groups: 
04-21 11:14:44.273  1931  2440 I SurfaceFlinger: Capture layer list: 	 com.hermescourier.android/com.hermescourier.android.MainActivity$_26467#94485(seamlessTransition:0)
04-21 11:14:44.433  4658 19917 I HoneySpace.SuggestAppDecor: getInstaller: com.hermescourier.android [null]
04-21 11:14:44.668  4013  4013 I AODBatteryManager: updateBatteryData: ACTION_BATTERY_CHANGED: false, isSleepModeChanged:false ,isRemainingTimeChanged: true, isUSBRestriction: false
04-21 11:14:44.668  4013  4013 I ChargingInfoManager: removeMessages: 
04-21 11:14:44.668  4013  4013 W AODAlarmTimer_HIDE_CHARGING_INFO_TIMER: stop : not yet started 
04-21 11:14:44.668  4013  4013 I ChargingInfoManager: updateChargingInfo: newState = AOD ChargingInfo [mState=BATTERY_AND_REMAIN_TIME, mIsCharging=true, mIsPlugged=true, mIsFullyCharged=false, mIsBatteryProtectMode=false, mBetteryLevel=66, mBetteryProtectModeType1, mIsSlowChargingtrue], oldState = AOD ChargingInfo [mState=BATTERY_AND_REMAIN_TIME, mIsCharging=true, mIsPlugged=true, mIsFullyCharged=false, mIsBatteryProtectMode=false, mBetteryLevel=66, mBetteryProtectModeType1, mIsSlowChargingtrue]
04-21 11:14:44.668  4013  4013 D PowerUI : Remaining charging time : 7148
04-21 11:14:44.668  4013  4013 D PowerUI : Charging time is changed, check charging notification
04-21 11:14:44.669  4013  4013 D PowerUI.Notification: showChargingNotice - Battery Level : 66 -> 66, Charging Type : 8 -> 8, Charging Time : 7098 -> 7148, Maximum protection : true -> true, Maximum threshold : 80 -> 80
04-21 11:14:44.669  4013  4013 I NotificationManager: com.android.systemui: notify(2131364000, charging_state, Notification(channel=CHR shortcut=null contentView=null vibrate=null sound=null defaults=0 flags=ONGOING_EVENT|ONLY_ALERT_ONCE color=0x00000000 category=sys groupKey=CHARGING vis=PUBLIC semFlags=0x0 semPriority=0 semMissedCount=0)) as user
04-21 11:14:44.670  2398  4312 E NotificationService: 	at android.os.Binder.execTransact(Binder.java:1401)
04-21 11:14:44.772  1931  2440 I SurfaceFlinger: Capture layer list: 	 com.hermescourier.android/com.hermescourier.android.MainActivity$_26467#94485(seamlessTransition:0)
04-21 11:14:44.895  4013  4013 I LockscreenNotificationIconsOnlyController: onNotificationInfoUpdated 10
04-21 11:14:44.903  4013  4013 I AODNotificationManager: updateNotification() 
04-21 11:14:44.903  1931  2440 I SurfaceFlinger: Capture layer list: 	 com.hermescourier.android/com.hermescourier.android.MainActivity$_26467#94485(seamlessTransition:0)
04-21 11:14:45.079  4013  4013 D Bubbles : onEntryUpdated : shouldBubbleUp=false ,key=-1|com.android.systemui|2131364000|charging_state|10052
04-21 11:14:45.079  4013  4013 D InterruptionStateProvider:  no Heads up : edgelighting enabled app. -1|com.android.systemui|2131364000|charging_state|10052
04-21 11:14:45.094  4013  4013 W RefactorFlag: New code path expects SceneContainerFlag to be enabled.
04-21 11:14:45.095  4013  4013 I LockscreenNotificationIconsOnlyController: onNotificationInfoUpdated 10
04-21 11:14:45.097  4013  4013 I AODNotificationManager: updateNotification() 
04-21 11:14:45.102  1931  2440 I SurfaceFlinger: Capture layer list: 	 com.hermescourier.android/com.hermescourier.android.MainActivity$_26467#94485(seamlessTransition:0)
04-21 11:14:45.112  4013  4695 D LocalImageResolver: Couldn't use ImageDecoder for drawable, falling back to non-resized load.
04-21 11:14:45.113  4013  4013 D LocalImageResolver: Couldn't use ImageDecoder for drawable, falling back to non-resized load.
04-21 11:14:45.115  4013  4695 D LocalImageResolver: Couldn't use ImageDecoder for drawable, falling back to non-resized load.
04-21 11:14:45.126  4013  4013 W RefactorFlag: New code path expects SceneContainerFlag to be enabled.
04-21 11:14:45.129  4013  4013 D LocalImageResolver: Couldn't use ImageDecoder for drawable, falling back to non-resized load.
04-21 11:14:45.144  4013  4013 W RefactorFlag: New code path expects SceneContainerFlag to be enabled.
04-21 11:14:45.145  4013  4013 I LockscreenNotificationIconsOnlyController: onNotificationInfoUpdated 10
04-21 11:14:45.147  4013  4013 I AODNotificationManager: updateNotification() 
04-21 11:14:45.178  4013  4013 D ControlsListingControllerImpl: ServiceConfig reloaded, count: 10
04-21 11:14:45.178  4013  4250 D PluginActionManager: queryPkg com.google.android.gms com.android.systemui.action.PLUGIN_NOTIFICATION_MENU_ROW
04-21 11:14:45.179  4013  4250 D PluginActionManager: Found 0 plugins
04-21 11:14:45.179  4013  4250 D PluginActionManager: queryPkg com.google.android.gms com.android.systemui.action.PLUGIN_SENSOR_MANAGER
04-21 11:14:45.179  4013  4250 D PluginActionManager: Found 0 plugins
04-21 11:14:45.179  4013  4250 D PluginActionManager: queryPkg com.google.android.gms com.android.systemui.action.PLUGIN_NOTIFICATION_MENU_ROW
04-21 11:14:45.179  4013  4250 D PluginActionManager: Found 0 plugins
04-21 11:14:45.179  4013  4250 D PluginActionManager: queryPkg com.google.android.gms com.android.systemui.action.PLUGIN_NOTIFICATION_MENU_ROW
04-21 11:14:45.180  4013  4250 D PluginActionManager: Found 0 plugins
04-21 11:14:45.180  4013  4250 D PluginActionManager: queryPkg com.google.android.gms com.android.systemui.action.PLUGIN_NOTIFICATION_MENU_ROW
04-21 11:14:45.180  4013  4250 D PluginActionManager: Found 0 plugins
04-21 11:14:45.181  4013  4250 D PluginActionManager: queryPkg com.google.android.gms com.android.systemui.action.PLUGIN_NOTIFICATION_MENU_ROW
04-21 11:14:45.181  4013  4250 D PluginActionManager: Found 0 plugins
04-21 11:14:45.181  4013  4250 D PluginActionManager: queryPkg com.google.android.gms com.android.systemui.action.PLUGIN_CLOCK_PROVIDER
04-21 11:14:45.181  4013  4250 D PluginActionManager: Found 0 plugins
04-21 11:14:45.181  4013  4250 D PluginActionManager: queryPkg com.google.android.gms com.android.systemui.action.PLUGIN_GLOBAL_ACTIONS
04-21 11:14:45.182  4013  4250 D PluginActionManager: Found 0 plugins
04-21 11:14:45.182  4013  4250 D PluginActionManager: queryPkg com.google.android.gms com.android.systemui.action.PLUGIN_QS
04-21 11:14:45.182  4013  4250 D PluginActionManager: Found 0 plugins
04-21 11:14:45.182  4013  4250 D PluginActionManager: queryPkg com.google.android.gms com.android.systemui.action.PLUGIN_NOTIFICATION_MENU_ROW
04-21 11:14:45.183  4013  4250 D PluginActionManager: Found 0 plugins
04-21 11:14:45.183  4013  4250 D PluginActionManager: queryPkg com.google.android.gms com.android.systemui.action.PLUGIN_NOTIFICATION_MENU_ROW
04-21 11:14:45.184  4013  4250 D PluginActionManager: Found 0 plugins
04-21 11:14:45.184  4013  4250 D PluginActionManager: queryPkg com.google.android.gms com.android.systemui.action.PLUGIN_NOTIFICATION_MENU_ROW
04-21 11:14:45.184  4013  4250 D PluginActionManager: Found 0 plugins
04-21 11:14:45.184  4013  4250 D PluginActionManager: queryPkg com.google.android.gms com.android.systemui.action.PLUGIN_NOTIFICATION_MENU_ROW
04-21 11:14:45.184  4013  4250 D PluginActionManager: Found 0 plugins
04-21 11:14:45.184  4013  4250 D PluginActionManager: queryPkg com.google.android.gms com.android.systemui.action.PLUGIN_NOTIFICATION_MENU_ROW
04-21 11:14:45.184  4013  4013 D KeyguardUpdateMonitor: received broadcast android.intent.action.PACKAGE_CHANGED
04-21 11:14:45.184  4013  4013 D SPluginManagerImpl: onReceive: android.intent.action.PACKAGE_CHANGED, size:{com.samsung.android.systemui.multistar.MultiStarManager$2@3decdfc=SPluginInstanceManager@176276825 (action=com.samsung.systemui.action.PLUGIN_MULTISTAR), com.android.systemui.noticenter.NotiCenterPlugin$NotiCenterPluginListener@643a3df=SPluginInstanceManager@255350046 (action=com.samsung.systemui.action.PLUGIN_NOTICENTER), com.android.systemui.lockstar.PluginLockStarManager@777f0c6=SPluginInstanceManager@136286719 (action=com.samsung.systemui.action.PLUGIN_LOCK_STAR), com.android.systemui.navigationbar.plugin.PluginBarInteractionManager$pluginListener$1@7b08f9e=SPluginInstanceManager@237439948 (action=com.samsung.systemui.navigationbar.PLUGIN), com.android.systemui.pluginlock.PluginLockMediatorImpl@91c60ea=SPluginInstanceManager@134241813 (action=com.samsung.systemui.action.PLUGIN_LOCK), com.android.systemui.volume.VolumeStarInteractor$start$1@a3bd760=SPluginInstanceManager@235971882 (action=com.samsung.systemui.volume.PLUGIN), com.android.systemui.slimindicator.SlimIndicatorPluginMediator@fa3fc3a=SPluginInstanceManager@132468507 (action=com.samsung.systemui.action.SPLUGIN_SLIMINDICATOR)}
04-21 11:14:45.184  4013  4250 D PluginActionManager: Found 0 plugins
04-21 11:14:45.184  4013  4250 D PluginActionManager: queryPkg com.google.android.gms com.android.systemui.action.PLUGIN_OVERLAY
04-21 11:14:45.185  3957  3957 V SatelliteController: Neither SMS or SatelliteGateway package
04-21 11:14:45.185  4013  4013 I GoodLockLifecycle: onPackageChanged: com.google.android.gms
04-21 11:14:45.185  4013  4013 I SharedAppWidgetFacade:  onPackageChanged com.google.android.gms
04-21 11:14:45.187  4013  4250 D PluginActionManager: Found 0 plugins
04-21 11:14:45.188  4013  4250 D PluginActionManager: queryPkg com.google.android.gms com.android.systemui.action.PLUGIN_NOTIFICATION_MENU_ROW
04-21 11:14:45.188  4013  4250 D PluginActionManager: Found 0 plugins
04-21 11:14:45.188  4013  4250 D PluginActionManager: queryPkg com.google.android.gms com.android.systemui.action.PLUGIN_VOLUME
04-21 11:14:45.189  4013  4173 D SecSTQuickControlRequestReceiver: onReceive intent = Intent { act=android.intent.action.PACKAGE_CHANGED dat=package: flg=0x45000010 (has extras) }
04-21 11:14:45.190  4013  4250 D PluginActionManager: Found 0 plugins
04-21 11:14:45.190  4013  4250 D PluginActionManager: queryPkg com.google.android.gms com.android.systemui.action.PLUGIN_NOTIFICATION_MENU_ROW
04-21 11:14:45.190  4013  4250 D PluginActionManager: Found 0 plugins
04-21 11:14:45.190  4013  4250 D PluginActionManager: queryPkg com.google.android.gms com.android.systemui.action.PLUGIN_NOTIFICATION_MENU_ROW
04-21 11:14:45.190  4013  4250 D PluginActionManager: Found 0 plugins
04-21 11:14:45.190  4013  4250 D PluginActionManager: queryPkg com.google.android.gms com.android.systemui.action.PLUGIN_NOTIFICATION_MENU_ROW
04-21 11:14:45.190  4013  4250 D PluginActionManager: Found 0 plugins
04-21 11:14:45.190  4013  4250 D PluginActionManager: queryPkg com.google.android.gms com.android.systemui.action.PLUGIN_NOTIFICATION_MENU_ROW
04-21 11:14:45.190  4013  4013 D SecSTQuickControlRequestReceiver: onReceiveForPackage action = android.intent.action.PACKAGE_CHANGED, pkgName = com.google.android.gms
04-21 11:14:45.191  4013  4039 D LauncherApps: onPackageChanged 0,com.google.android.gms
04-21 11:14:45.192  4013  4250 D PluginActionManager: Found 0 plugins
04-21 11:14:45.192  4013  4250 D PluginActionManager: queryPkg com.google.android.gms com.android.systemui.action.PLUGIN_NOTIFICATION_MENU_ROW
04-21 11:14:45.194  4013  4250 D PluginActionManager: Found 0 plugins
04-21 11:14:45.194  4013  4250 D PluginActionManager: queryPkg com.google.android.gms com.android.systemui.action.PLUGIN_NOTIFICATION_MENU_ROW
04-21 11:14:45.194  4013  4250 D PluginActionManager: Found 0 plugins
04-21 11:14:45.194  4013  4250 D PluginActionManager: queryPkg com.google.android.gms com.android.systemui.action.PLUGIN_NOTIFICATION_MENU_ROW
04-21 11:14:45.194  4013  4250 D PluginActionManager: Found 0 plugins
04-21 11:14:45.194  4013  4250 D PluginActionManager: queryPkg com.google.android.gms com.samsung.systemui.action.PLUGIN_FACE_WIDGET
04-21 11:14:45.194  4013  4250 D PluginActionManager: Too many of com.samsung.systemui.action.PLUGIN_FACE_WIDGET
04-21 11:14:45.194  4013  4250 D PluginActionManager: queryPkg com.google.android.gms com.android.systemui.action.PLUGIN_NAVIGATION_EDGE_BACK_ACTION
04-21 11:14:45.195  4013  4250 D PluginActionManager: Found 0 plugins
04-21 11:14:45.195  4013  4250 D PluginActionManager: queryPkg com.google.android.gms com.android.systemui.action.PEOPLE_HUB_PERSON_EXTRACTOR
04-21 11:14:45.195  4013  4250 D PluginActionManager: Found 0 plugins
04-21 11:14:45.195  4013  4250 D PluginActionManager: queryPkg com.google.android.gms com.android.systemui.action.PLUGIN_NOTIFICATION_ASSISTANT
04-21 11:14:45.195  4013  4250 D PluginActionManager: Found 0 plugins
04-21 11:14:45.195  4013  4250 D PluginActionManager: queryPkg com.google.android.gms com.android.systemui.action.PLUGIN_NOTIFICATION_MENU_ROW
04-21 11:14:45.195  4013  4250 D PluginActionManager: Found 0 plugins
04-21 11:14:45.195  4013  4250 D PluginActionManager: queryPkg com.google.android.gms com.android.systemui.action.PLUGIN_TOAST
04-21 11:14:45.195  4013  4250 D PluginActionManager: Found 0 plugins
04-21 11:14:45.198  4389  4389 D RegisteredAidCache: generateAidCacheLocked: starting with aid A0000001524010
04-21 11:14:45.198  4389  4389 D RegisteredAidCache: generateAidCacheLocked: AIDs: [A0000001524010] were resolved.
04-21 11:14:45.200  4389  4389 D RegisteredAidCache: generateAidCacheLocked: Exact or Prefix AID.A0000001524010
04-21 11:14:45.200  4389  4389 D RegisteredAidCache: generateAidCacheLocked: AIDs: [A0000001524010] were resolved.
04-21 11:14:45.200  4389  4389 D RegisteredAidCache: generateAidCacheLocked: aid cache entryA0000001524010 val:AidResolveInfo{services=[], defaultService=null, category='other}
04-21 11:14:45.202  1931  2440 I SurfaceFlinger: Capture layer list: 	 com.hermescourier.android/com.hermescourier.android.MainActivity$_26467#94485(seamlessTransition:0)
