04-21 13:39:14.063  2398  3227 D InstallDependencyHelper: No missing dependency for com.hermescourier.android.debug
04-21 13:39:14.064  2398  3227 I PackageManager:           pkg{com.hermescourier.android.debug}
04-21 13:39:14.178  2398  3052 D PermissionService: setAllowlistedRestrictedPermissionsUnchecked called for package - com.hermescourier.android.debug
04-21 13:39:14.178  2398  3052 D PermissionService: updateAdminPermissionsInternalcom.hermescourier.android.debug
04-21 13:39:14.225  2398  3052 D BackupManagerService: [UserID:0] restoreAtInstall pkg=com.hermescourier.android.debug token=116 restoreSet=0
04-21 13:39:14.227  2398  3052 I PackageManager: installation completed for package:com.hermescourier.android.debug. Final code path: /data/app/~~3B13uRfCwH7mBf9qJ9nuAQ==/com.hermescourier.android.debug-PnU2pVBpxlDA5Y78a-h0jg==
04-21 13:39:14.227  2398  3052 I AppsFilter: interaction: PackageSetting{10eae66 com.android.microdroid.empty_payload/10322} -> PackageSetting{51efaf4 com.hermescourier.android.debug/11018} BLOCKED
04-21 13:39:14.227  2398  3052 I AppsFilter: interaction: PackageSetting{56fa54 ai.iggut.nightfalldeck/10990} -> PackageSetting{51efaf4 com.hermescourier.android.debug/11018} BLOCKED
04-21 13:39:14.227  2398  3052 I AppsFilter: interaction: PackageSetting{6465dfd com.hermescourier.android/11016} -> PackageSetting{51efaf4 com.hermescourier.android.debug/11018} BLOCKED
04-21 13:39:14.227  2398  3052 I AppsFilter: interaction: PackageSetting{b474af2 com.example.orderking/10386} -> PackageSetting{51efaf4 com.hermescourier.android.debug/11018} BLOCKED
04-21 13:39:14.228  2398  3052 I AppsFilter: interaction: PackageSetting{f5cd543 com.termux.x11/10450} -> PackageSetting{51efaf4 com.hermescourier.android.debug/11018} BLOCKED
04-21 13:39:14.245  2398  3758 D SGM:GameManager: identifyGamePackage. com.hermescourier.android.debug, mCurrentUserId: 0, callingMethodInfo: com.samsung.android.game.SemGameManager.isGamePackage(SemGameManager.java:105)
04-21 13:39:14.247  2398  3758 D SGM:SemGameManager: isGamePackage(), pkgName=com.hermescourier.android.debug, ret=false
04-21 13:39:14.248  2398  3244 D OverlayManager: reconcileSettingsForPackage pkgName=com.hermescourier.android.debug userId=0
04-21 13:39:14.248  2398  3244 I OverlayManager: updateOverlaysForTarget() called with: targetPackage = [com.hermescourier.android.debug], userId = [0], flags = [0]
04-21 13:39:14.249  2398  2398 I Telecom : SamsungOpenCommunicationPlatformPolicyPackageBroadcastReceiver : action : android.intent.action.PACKAGE_ADDED / packageName : com.hermescourier.android.debug
04-21 13:39:14.249  2398  3958 D SGM:GameManager: identifyGamePackage. com.hermescourier.android.debug, mCurrentUserId: 0, callingMethodInfo: com.samsung.android.game.SemGameManager.isGamePackage(SemGameManager.java:105)
04-21 13:39:14.249  2398  3958 D SGM:SemGameManager: isGamePackage(), pkgName=com.hermescourier.android.debug, ret=false
04-21 13:39:14.249  2398  3958 I Pageboost: appinfo : com.hermescourier.android.debug 0 0 0 0
04-21 13:39:14.249  2398  3958 D SGM:GameManager: identifyGamePackage. com.hermescourier.android.debug, mCurrentUserId: 0, callingMethodInfo: com.samsung.android.game.SemGameManager.isGamePackage(SemGameManager.java:105)
04-21 13:39:14.249  2398  3958 D SGM:SemGameManager: isGamePackage(), pkgName=com.hermescourier.android.debug, ret=false
04-21 13:39:14.249  2398  3958 I Pageboost: Reset this app info : com.hermescourier.android.debug 
04-21 13:39:14.249  2398  3805 D ShortcutService: adding package: com.hermescourier.android.debug userId=0
04-21 13:39:14.251  2398  4687 I Telecom : SamsungOpenCommunicationPlatformPolicyPackageHandler : handleMessage : { when=-2ms what=0 obj=com.hermescourier.android.debug target=com.samsung.server.telecom.advancedcall.ocp.policy.broadcast.SamsungOpenCommunicationPlatformPolicyPackageHandler }.what
04-21 13:39:14.252  2398  3863 D SGM:GameManager: identifyGamePackage. com.hermescourier.android.debug, mCurrentUserId: 0, callingMethodInfo: com.samsung.android.game.SemGameManager.isGamePackage(SemGameManager.java:105)
04-21 13:39:14.252  2398  3863 D SGM:SemGameManager: isGamePackage(), pkgName=com.hermescourier.android.debug, ret=false
04-21 13:39:14.257  2398  3958 I Pageboost: add app to global @ runtime: com.hermescourier.android.debug
04-21 13:39:14.266  2398  3244 D OverlayManager: -> Updating overlay: target=com.hermescourier.android.debug overlays=[OverlayPaths { resourceDirs = [/product/overlay/NavigationBarModeGestural/NavigationBarModeGesturalOverlay.apk], overlayPaths = [/product/overlay/NavigationBarModeGestural/NavigationBarModeGesturalOverlay.apk] }] userId=0
04-21 13:39:14.281  2398  2398 I AppsFilter: interaction: PackageSetting{5ca1aee com.android.microdroid.empty_payload/10322} -> PackageSetting{d562b8f com.hermescourier.android.debug/11018} BLOCKED
04-21 13:39:14.281  2398  2398 I AppsFilter: interaction: PackageSetting{e5fa25 ai.iggut.nightfalldeck/10990} -> PackageSetting{d562b8f com.hermescourier.android.debug/11018} BLOCKED
04-21 13:39:14.281  2398  2398 I AppsFilter: interaction: PackageSetting{1c0f7fa com.hermescourier.android/11016} -> PackageSetting{d562b8f com.hermescourier.android.debug/11018} BLOCKED
04-21 13:39:14.281  2398  2398 I AppsFilter: interaction: PackageSetting{13f1ab com.example.orderking/10386} -> PackageSetting{d562b8f com.hermescourier.android.debug/11018} BLOCKED
04-21 13:39:14.281  2398  2398 I AppsFilter: interaction: PackageSetting{1623008 com.termux.x11/10450} -> PackageSetting{d562b8f com.hermescourier.android.debug/11018} BLOCKED
04-21 13:39:14.296  2398  6894 I ActivityManager: Force stopping com.hermescourier.android.debug appid=11018 user=0: clear data
04-21 13:39:14.297  2398  3805 D ShortcutService: changing package: com.hermescourier.android.debug userId=0
04-21 13:39:14.314  2398  3052 I ActivityManager: Force stopping com.hermescourier.android.debug appid=11018 user=-1: clearApplicationUserData
04-21 13:39:14.323  2398  3013 D MARsPolicyManager: new Package : com.hermescourier.android.debug, SCPMTarget : false
04-21 13:39:14.323  2398  2925 I SGM:GameManager: PkgUpdateReceiver, onPackageAdded : com.hermescourier.android.debug userHandle : UserHandle{0} userId : 0
04-21 13:39:14.323  2398  2925 D SGM:GosNotifyThread: sendPackageMessage(), changeType=0, pkgName=com.hermescourier.android.debug, userHandleId=0
04-21 13:39:14.323  2398  3616 D SGM:GosNotifyThread: notifyPackageChangedToGos(), before send intent to GOS. type:15, changeType: 0, pkgName:com.hermescourier.android.debug, userHandleId:0
04-21 13:39:14.323  2398  3616 D SGM:PmAppCategoryManager: getManifestCategory(), manifestCategory=-1, packageName=com.hermescourier.android.debug
04-21 13:39:14.323  2398  3616 D SGM:PmAppCategoryManager: getCategoryOverride(), categoryOverride=-1, packageName=com.hermescourier.android.debug
04-21 13:39:14.323  2398  3616 I SGM:GosNotifyThread: notifyPackageChangedToGos(), category from pm: com.hermescourier.android.debug, [-1/-1]
04-21 13:39:14.360  2398  2925 D MetaDataCollector: onReceive: done pkgName=com.hermescourier.android.debug
04-21 13:39:14.362  2398  3052 I AppsFilter: interaction: PackageSetting{5ca1aee com.android.microdroid.empty_payload/10322} -> PackageSetting{d562b8f com.hermescourier.android.debug/11018} BLOCKED
04-21 13:39:14.362  2398  3052 I AppsFilter: interaction: PackageSetting{e5fa25 ai.iggut.nightfalldeck/10990} -> PackageSetting{d562b8f com.hermescourier.android.debug/11018} BLOCKED
04-21 13:39:14.362  2398  3052 I AppsFilter: interaction: PackageSetting{1c0f7fa com.hermescourier.android/11016} -> PackageSetting{d562b8f com.hermescourier.android.debug/11018} BLOCKED
04-21 13:39:14.362  2398  3052 I AppsFilter: interaction: PackageSetting{13f1ab com.example.orderking/10386} -> PackageSetting{d562b8f com.hermescourier.android.debug/11018} BLOCKED
04-21 13:39:14.362  2398  3052 I AppsFilter: interaction: PackageSetting{1623008 com.termux.x11/10450} -> PackageSetting{d562b8f com.hermescourier.android.debug/11018} BLOCKED
04-21 13:39:14.367  2398  3052 I AppsFilter: interaction: PackageSetting{5ca1aee com.android.microdroid.empty_payload/10322} -> PackageSetting{d562b8f com.hermescourier.android.debug/11018} BLOCKED
04-21 13:39:14.367  2398  3052 I AppsFilter: interaction: PackageSetting{e5fa25 ai.iggut.nightfalldeck/10990} -> PackageSetting{d562b8f com.hermescourier.android.debug/11018} BLOCKED
04-21 13:39:14.367  2398  3052 I AppsFilter: interaction: PackageSetting{1c0f7fa com.hermescourier.android/11016} -> PackageSetting{d562b8f com.hermescourier.android.debug/11018} BLOCKED
04-21 13:39:14.367  2398  3052 I AppsFilter: interaction: PackageSetting{13f1ab com.example.orderking/10386} -> PackageSetting{d562b8f com.hermescourier.android.debug/11018} BLOCKED
04-21 13:39:14.367  2398  3052 I AppsFilter: interaction: PackageSetting{1623008 com.termux.x11/10450} -> PackageSetting{d562b8f com.hermescourier.android.debug/11018} BLOCKED
04-21 13:39:14.383  2398  2925 D LauncherAppsService: Calling onPackageAdded: com.hermescourier.android.debug, uid: 11018
04-21 13:39:14.383  2398  2925 D LauncherAppsService: onPackageAdded: triggering onPackageAdded for user=UserHandle{0}, packageName=com.hermescourier.android.debug
04-21 13:39:14.383  2398  2925 D LauncherAppsService: onPackageAdded: triggering onPackageAdded for user=UserHandle{0}, packageName=com.hermescourier.android.debug
04-21 13:39:14.383  2398  2925 D LauncherAppsService: onPackageAdded: triggering onPackageAdded for user=UserHandle{0}, packageName=com.hermescourier.android.debug
04-21 13:39:14.383  2398  2925 D LauncherAppsService: onPackageAdded: triggering onPackageAdded for user=UserHandle{0}, packageName=com.hermescourier.android.debug
04-21 13:39:14.384  2398  2925 D LauncherAppsService: onPackageAdded: triggering onPackageAdded for user=UserHandle{0}, packageName=com.hermescourier.android.debug
04-21 13:39:14.384  2398  2925 D LauncherAppsService: onPackageAdded: triggering onPackageAdded for user=UserHandle{0}, packageName=com.hermescourier.android.debug
04-21 13:39:14.385  2398  4113 I AppWidgetServiceImpl: getInstalledProvidersForProfiles lock in com.hermescourier.android.debug
04-21 13:39:14.389  2398  3805 D ShortcutService: clearing data for package: com.hermescourier.android.debug userId=0
04-21 13:39:14.390  2398  6750 I AppWidgetServiceImpl: getInstalledProvidersForProfiles lock in com.hermescourier.android.debug
04-21 13:39:14.470  2398  3243 V WindowManager: Collecting in transition 5813: ActivityRecord{16690013 u0 com.hermescourier.android.debug/com.hermescourier.android.MainActivity, caller=com.android.server.wm.TransitionController.collect:7 com.android.server.wm.ActivityStarter.startActivityUnchecked:192 com.android.server.wm.ActivityStarter.executeRequest:3581 com.android.server.wm.ActivityStarter.execute:1752 com.android.server.wm.ActivityTaskManagerService.startActivityAsUser:87 
04-21 13:39:14.470  2398  3243 D ActivityTaskManager: DesktopModeLaunchParamsModifier: task=null activity=ActivityRecord{16690013 u0 com.hermescourier.android.debug/com.hermescourier.android.MainActivity t-1} task null, skipping
04-21 13:39:14.470  2398  3243 D ActivityTaskManager: TaskLaunchParamsModifier:task=null activity=ActivityRecord{16690013 u0 com.hermescourier.android.debug/com.hermescourier.android.MainActivity t-1} display-area-from-current-params=null display-area-from-default-fallback=DefaultTaskDisplayArea_d0@223752639 display-id=0 task-display-area-windowing-mode=1 suggested-display-area=DefaultTaskDisplayArea_d0@223752639
04-21 13:39:14.470  2398  3243 D ActivityTaskManager: DesktopModeLaunchParamsModifier: task=null activity=ActivityRecord{16690013 u0 com.hermescourier.android.debug/com.hermescourier.android.MainActivity t-1} task null, skipping
04-21 13:39:14.470  2398  3243 D ActivityTaskManager: TaskLaunchParamsModifier:task=null activity=ActivityRecord{16690013 u0 com.hermescourier.android.debug/com.hermescourier.android.MainActivity t-1} display-area-from-current-params=null display-area-from-default-fallback=DefaultTaskDisplayArea_d0@223752639 display-id=0 task-display-area-windowing-mode=1 suggested-display-area=DefaultTaskDisplayArea_d0@223752639 non-freeform-task-display-area display-area=DefaultTaskDisplayArea_d0@223752639 default-portrait freeform-size-mismatch=Rect(97, 804 - 983, 1787)
04-21 13:39:14.475  2398  3243 D ActivityTaskManager: DesktopModeLaunchParamsModifier: task=Task{2e0c994 #8497 type=standard A=11018:com.hermescourier.android.debug} activity=ActivityRecord{16690013 u0 com.hermescourier.android.debug/com.hermescourier.android.MainActivity t-1} non-desktop, skipping
04-21 13:39:14.475  2398  3243 D ActivityTaskManager: TaskLaunchParamsModifier:task=Task{2e0c994 #8497 type=standard A=11018:com.hermescourier.android.debug} activity=ActivityRecord{16690013 u0 com.hermescourier.android.debug/com.hermescourier.android.MainActivity t-1} display-from-task=0 display-id=0 task-display-area-windowing-mode=1 suggested-display-area=DefaultTaskDisplayArea_d0@223752639 inherit-from-task=fullscreen non-freeform-task-display-area display-area=DefaultTaskDisplayArea_d0@223752639 default-portrait freeform-size-mismatch=Rect(97, 804 - 983, 1787)
04-21 13:39:14.475  2398  3243 V WindowManager: Collecting in transition 5813: Task{2e0c994 #8497 type=standard A=11018:com.hermescourier.android.debug}, caller=com.android.server.wm.Transition.collectExistenceChange:40 com.android.server.wm.ActivityStarter.setNewTask:43 com.android.server.wm.ActivityStarter.startActivityInner:288 com.android.server.wm.ActivityStarter.startActivityUnchecked:205 com.android.server.wm.ActivityStarter.executeRequest:3581 
04-21 13:39:14.478  2398  3243 V WindowManager: Add starting ActivityRecord{16690013 u0 com.hermescourier.android.debug/com.hermescourier.android.MainActivity t8497}: startingData=SplashScreenStartingData{f993faf removeAfterTransaction= 0}
04-21 13:39:14.478  2398  3243 V WindowManager: Added starting ActivityRecord{16690013 u0 com.hermescourier.android.debug/com.hermescourier.android.MainActivity t8497}: startingWindow=null startingView=com.android.server.wm.StartingSurfaceController$StartingSurface@6019fbc
04-21 13:39:14.480  2398  3243 V WindowManager: Collecting in transition 5813: ActivityRecord{16690013 u0 com.hermescourier.android.debug/com.hermescourier.android.MainActivity t8497}, caller=com.android.server.wm.Transition.collectExistenceChange:40 com.android.server.wm.ActivityStarter.handleStartResult:662 com.android.server.wm.ActivityStarter.startActivityUnchecked:218 com.android.server.wm.ActivityStarter.executeRequest:3581 com.android.server.wm.ActivityStarter.execute:1752 
04-21 13:39:14.481  2398  3243 V WindowManager:    ChangeInfo{99f729f container=ActivityRecord{16690013 u0 com.hermescourier.android.debug/com.hermescourier.android.MainActivity t8497} flags=0x0}
04-21 13:39:14.481  2398  3243 V WindowManager:    ChangeInfo{3ca6fec container=Task{2e0c994 #8497 type=standard A=11018:com.hermescourier.android.debug} flags=0x0}
04-21 13:39:14.481  2398  3243 I ActivityTaskManager: START u0 {flg=0x10000000 xflg=0x5 cmp=com.hermescourier.android.debug/com.hermescourier.android.MainActivity} with LAUNCH_MULTIPLE from uid 2000 (BAL_ALLOW_PERMISSION) result code=0
04-21 13:39:14.481  4013  4068 V WindowManagerShell: Transition requested (#5813): android.os.BinderProxy@1fdde4e TransitionRequestInfo { type = OPEN, triggerTask = TaskInfo{userId=0 taskId=8497 effectiveUid=11018 displayId=0 isRunning=true baseIntent=Intent { flg=0x10000000 cmp=com.hermescourier.android.debug/com.hermescourier.android.MainActivity } baseActivity=ComponentInfo{com.hermescourier.android.debug/com.hermescourier.android.MainActivity} topActivity=ComponentInfo{com.hermescourier.android.debug/com.hermescourier.android.MainActivity} origActivity=null realActivity=ComponentInfo{com.hermescourier.android.debug/com.hermescourier.android.MainActivity} numActivities=1 lastActiveTime=1600488536 supportsMultiWindow=true resizeMode=1 isResizeable=true minWidth=-1 minHeight=-1 maxWidth=-1 maxHeight=-1 defaultMinSize=220 token=WCT{android.window.IWindowContainerToken$Stub$Proxy@1279b6f} topActivityType=1 pictureInPictureParams=null shouldDockBigOverlays=false launchIntoPipHostTaskId=-1 lastParentTaskIdBeforePip=-1 displayCutoutSafeInsets=Rect(0, 110 - 0, 0) topActivityInfo=ActivityInfo{613307c com.hermescourier.android.MainActivity} launchCookies=[] positionInParent=Point(0, 0) parentTaskId=-1 isFocused=false isVisible=false isVisibleRequested=false isTopActivityNoDisplay=false isSleeping=false locusId=null displayAreaFeatureId=1 isTopActivityTransparent=false isActivityStackTransparent=false lastNonFullscreenBounds=Rect(97, 804 - 983, 1787) capturedLink=null capturedLinkTimestamp=0 requestedVisibleTypes=-9 topActivityRequestOpenInBrowserEducationTimestamp=0 appCompatTaskInfo=AppCompatTaskInfo { topActivityInSizeCompat=false eligibleForLetterboxEducation= false isLetterboxEducationEnabled= false isLetterboxDoubleTapEnabled= false eligibleForUserAspectRatioButton= false topActivityBoundsLetterboxed= false isFromLetterboxDoubleTap= false topActivityLetterboxVerticalPosition= -1 topActivityLetterboxHorizontalPosition= -1 topActivityLetterboxWidth=-1 topActivityLetterboxHeight=-1 topActivityAppBounds=Rect(0, 110 - 1080, 2481) isUserFullscreenOverrideEnabled=false isSystemFullscreenOverrideEnabled=false hasMinAspectRatioOverride=false topActivityLetterboxBounds=null cameraCompatTaskInfo=CameraCompatTaskInfo { freeformCameraCompatMode=inactive} topActivityBounds=null topActivityInDisplayCompat=false singleTapFromLetterbox=false} topActivityMainWindowFrame=null originallySupportedMultiWindow=true hasWallpaper=false rootAffinity=11018:com.hermescourier.android.debug isTopTaskInStage=false CoverLauncherWidgetTask=false LaunchedFromAppsCoverLauncherTask=false LaunchedFromMultistarCoverLauncherTask=false isAllowedSeamlessRotation=false isTopTransparentActivity=false isAliasManaged=false hasConfigChanged=false snappingGuideBounds=null isAiKeyRemoveAppTask=false lastDesktopWindowingBounds=null lastExternalDesktopWindowingBounds=null isTopFullScreenWindow=true safeCutoutInsets=null}, pipChange = null, remoteTransition = null, displayChange = null, flags = 0, debugId = 5813 }
04-21 13:39:14.486  2398  6929 D WindowManager: prepareSync <SYNC_STATE_WAITING_FOR_DRAW>, mPrepareSyncSeqId=0, win=Window{537bbd9 u0 Splash Screen com.hermescourier.android.debug}
04-21 13:39:14.487  2398  6929 V WindowManager: addWindow: ActivityRecord{16690013 u0 com.hermescourier.android.debug/com.hermescourier.android.MainActivity t8497} startingWindow=Window{537bbd9 u0 Splash Screen com.hermescourier.android.debug}
04-21 13:39:14.495  2398  4679 I AppsFilter: interaction: PackageSetting{5ca1aee com.android.microdroid.empty_payload/10322} -> PackageSetting{4e528 com.hermescourier.android.debug/11018} BLOCKED
04-21 13:39:14.495  2398  4679 I AppsFilter: interaction: PackageSetting{e5fa25 ai.iggut.nightfalldeck/10990} -> PackageSetting{4e528 com.hermescourier.android.debug/11018} BLOCKED
04-21 13:39:14.495  2398  4679 I AppsFilter: interaction: PackageSetting{1c0f7fa com.hermescourier.android/11016} -> PackageSetting{4e528 com.hermescourier.android.debug/11018} BLOCKED
04-21 13:39:14.495  2398  4679 I AppsFilter: interaction: PackageSetting{13f1ab com.example.orderking/10386} -> PackageSetting{4e528 com.hermescourier.android.debug/11018} BLOCKED
04-21 13:39:14.495  2398  4679 I AppsFilter: interaction: PackageSetting{1623008 com.termux.x11/10450} -> PackageSetting{4e528 com.hermescourier.android.debug/11018} BLOCKED
04-21 13:39:14.495  2398  4679 V WindowManager: Collecting in transition 5813: ActivityRecord{16690013 u0 com.hermescourier.android.debug/com.hermescourier.android.MainActivity t8497}, caller=com.android.server.wm.TransitionController.collect:7 com.android.server.wm.ActivityRecord.setVisibility:132 com.android.server.wm.EnsureActivitiesVisibleHelper.setActivityVisibilityState:221 com.android.server.wm.EnsureActivitiesVisibleHelper.process:281 com.android.server.wm.TaskFragment.updateActivityVisibilities:12 
04-21 13:39:14.504  2398  4679 D WindowManager: makeSurface duration=1 name=Splash Screen com.hermescourier.android.debug$_4013
04-21 13:39:14.507  2398  4679 D WindowManager: rotationForOrientation, orientationSource=ActivityRecord{16690013 u0 com.hermescourier.android.debug/com.hermescourier.android.MainActivity t8497}
04-21 13:39:14.508  2398  3242 D CoreBackPreview: Window{537bbd9 u0 Splash Screen com.hermescourier.android.debug}: Setting back callback OnBackInvokedCallbackInfo{mCallback=android.window.IOnBackInvokedCallback$Stub$Proxy@c8c216c, mPriority=0, mIsAnimationCallback=false, mOverrideBehavior=0}
04-21 13:39:14.516  2398  2927 I ActivityManager: Start proc 8256:com.hermescourier.android.debug/u0a1018 for next-top-activity {com.hermescourier.android.debug/com.hermescourier.android.MainActivity}
04-21 13:39:14.529  2398  4679 D SGM:GameManager: setPackageConfigurations(). category=-1, pkgName=com.hermescourier.android.debug
04-21 13:39:14.529  2398  4679 D SGM:GameManager: setPackageConfiguration(). configuration: packageName: com.hermescourier.android.debug, performancePolicyForSsrm: null, optimalAspectRatio: 1.7777778, dynamicSurfaceScaling: 1.0, category: -1, categoryByUser: -1, fillBlackSurfaceOnMargins: false, userId: null
04-21 13:39:14.529  2398  4679 D SGM:GameManager: setPackageConfiguration(). pkgName=com.hermescourier.android.debug
04-21 13:39:14.529  2398  4679 D SGM:Util: isPkgInstalled(). pkgName=com.hermescourier.android.debug, userId=0, installed=true
04-21 13:39:14.531  2398  5619 D WindowManager: finishDrawingWindow: Window{537bbd9 u0 Splash Screen com.hermescourier.android.debug} mDrawState=DRAW_PENDING seqId=0
04-21 13:39:14.531  2398  5619 V WindowManager: Finishing drawing window Window{537bbd9 u0 Splash Screen com.hermescourier.android.debug}: mDrawState=DRAW_PENDING
04-21 13:39:14.531  2398  5619 V WindowManager: Draw state now committed in Window{537bbd9 u0 Splash Screen com.hermescourier.android.debug}
04-21 13:39:14.532  2398  2901 V WindowManager: performShowLocked: mDrawState=HAS_DRAWN in Window{537bbd9 u0 Splash Screen com.hermescourier.android.debug}
04-21 13:39:14.532  2398  2901 D WindowManagerServiceExt: updateTaskbarTargetIfNeeded: cn=ComponentInfo{com.hermescourier.android.debug/com.hermescourier.android.MainActivity} occludesParent=true isInSplitScreenMode=false
04-21 13:39:14.532  2398  2901 D ChangeTransitionController:    ChangeInfo{99f729f container=ActivityRecord{16690013 u0 com.hermescourier.android.debug/com.hermescourier.android.MainActivity t8497} flags=0x0}
04-21 13:39:14.532  2398  2901 D ChangeTransitionController:    ChangeInfo{3ca6fec container=Task{2e0c994 #8497 type=standard A=11018:com.hermescourier.android.debug} flags=0x0}
04-21 13:39:14.532  2398  2901 V WindowManager: Start calculating TransitionInfo based on participants: {ActivityRecord{16690013 u0 com.hermescourier.android.debug/com.hermescourier.android.MainActivity t8497}, Task{2e0c994 #8497 type=standard A=11018:com.hermescourier.android.debug}, ActivityRecord{171712004 u0 com.sec.android.app.launcher/.activities.LauncherActivity t7886}, WallpaperWindowToken{ba081c1 showWhenLocked=true}_<lock|non-primary>, WallpaperWindowToken{fe6cb78 showWhenLocked=false}_<system|non-primary>}
04-21 13:39:14.533  2398  2901 V WindowManager:   Final targets: [ChangeInfo{3ca6fec container=Task{2e0c994 #8497 type=standard A=11018:com.hermescourier.android.debug} flags=0x10}, ChangeInfo{586cc94 container=Task{8f6d308 #1 type=home} flags=0x10}, ChangeInfo{1d37c83 container=WallpaperWindowToken{fe6cb78 showWhenLocked=false}_<system|non-primary> flags=0x0}]
04-21 13:39:14.534  2398  2901 V WindowManager:         {WCT{RemoteToken{5475ddf Task{2e0c994 #8497 type=standard A=11018:com.hermescourier.android.debug}}} m=OPEN f=NONE leash=Surface(name=Task=8497)/@0xd66f639 sb=Rect(0, 0 - 1080, 2520) eb=Rect(0, 0 - 1080, 2520) epz=Point(1080, 2520) d=0 taskParent=-1 inset=Rect(0, 110 - 0, 39) dim=true allowAppBgLayer=true},
04-21 13:39:14.538  2398  2901 D InsetsSourceProvider: updateControlForTarget: control=InsetsSourceControl: {45910001 mType=navigationBars initiallyVisible mSurfacePosition=Point(0, 2394) mInsetsHint=Insets{left=0, top=0, right=0, bottom=39}}, target=Window{537bbd9 u0 Splash Screen com.hermescourier.android.debug}, from=com.android.server.wm.InsetsStateController.onControlTargetChanged:83 com.android.server.wm.InsetsPolicy.updateBarControlTarget:188 com.android.server.wm.DisplayPolicy.updateSystemBarAttributes:250 com.android.server.wm.DisplayPolicy.finishPostLayoutPolicyLw:17 com.android.server.wm.RootWindowContainer.applySurfaceChangesTransaction$1:195 
04-21 13:39:14.538  2398  2901 D InsetsSourceProvider: updateControlForTarget: control=InsetsSourceControl: {fbc60000 mType=statusBars initiallyVisible mSurfacePosition=Point(0, 0) mInsetsHint=Insets{left=0, top=110, right=0, bottom=0}}, target=Window{537bbd9 u0 Splash Screen com.hermescourier.android.debug}, from=com.android.server.wm.InsetsStateController.onControlTargetChanged:83 com.android.server.wm.InsetsPolicy.updateBarControlTarget:175 com.android.server.wm.DisplayPolicy.updateSystemBarAttributes:250 com.android.server.wm.DisplayPolicy.finishPostLayoutPolicyLw:17 com.android.server.wm.RootWindowContainer.applySurfaceChangesTransaction$1:195 
04-21 13:39:14.538  2398  2901 D InsetsSourceProvider: updateControlForTarget: control=InsetsSourceControl: {9b490001 mType=navigationBars initiallyVisible mSurfacePosition=Point(0, 1608) mInsetsHint=Insets{left=0, top=0, right=0, bottom=31}}, target=Window{537bbd9 u0 Splash Screen com.hermescourier.android.debug}, from=com.android.server.wm.InsetsStateController.onControlTargetChanged:83 com.android.server.wm.InsetsPolicy.updateBarControlTarget:188 com.android.server.wm.DisplayPolicy.updateSystemBarAttributes:250 com.android.server.wm.DisplayPolicy.finishPostLayoutPolicyLw:17 com.android.server.wm.RootWindowContainer.applySurfaceChangesTransaction$1:195 
04-21 13:39:14.538  2398  2890 V WindowManager: Sent Transition (#5813) createdAt=04-21 13:39:14.469 via request=TransitionRequestInfo { type = OPEN, triggerTask = TaskInfo{userId=0 taskId=8497 effectiveUid=11018 displayId=0 isRunning=true baseIntent=Intent { flg=0x10000000 cmp=com.hermescourier.android.debug/com.hermescourier.android.MainActivity } baseActivity=ComponentInfo{com.hermescourier.android.debug/com.hermescourier.android.MainActivity} topActivity=ComponentInfo{com.hermescourier.android.debug/com.hermescourier.android.MainActivity} origActivity=null realActivity=ComponentInfo{com.hermescourier.android.debug/com.hermescourier.android.MainActivity} numActivities=1 lastActiveTime=1600488536 supportsMultiWindow=true resizeMode=1 isResizeable=true minWidth=-1 minHeight=-1 maxWidth=-1 maxHeight=-1 defaultMinSize=220 token=WCT{RemoteToken{5475ddf Task{2e0c994 #8497 type=standard A=11018:com.hermescourier.android.debug}}} topActivityType=1 pictureInPictureParams=null shouldDockBigOverlays=false launchIntoPipHostTaskId=-1 lastParentTaskIdBeforePip=-1 displayCutoutSafeInsets=Rect(0, 110 - 0, 0) topActivityInfo=ActivityInfo{cedf8fb com.hermescourier.android.MainActivity} launchCookies=[] positionInParent=Point(0, 0) parentTaskId=-1 isFocused=false isVisible=false isVisibleRequested=false isTopActivityNoDisplay=false isSleeping=false locusId=null displayAreaFeatureId=1 isTopActivityTransparent=false isActivityStackTransparent=false lastNonFullscreenBounds=Rect(97, 804 - 983, 1787) capturedLink=null capturedLinkTimestamp=0 requestedVisibleTypes=-9 topActivityRequestOpenInBrowserEducationTimestamp=0 appCompatTaskInfo=AppCompatTaskInfo { topActivityInSizeCompat=false eligibleForLetterboxEducation= false isLetterboxEducationEnabled= false isLetterboxDoubleTapEnabled= false eligibleForUserAspectRatioButton= false topActivityBoundsLetterboxed= false isFromLetterboxDoubleTap= false topActivityLetterboxVerticalPosition= -1 topActivityLetterboxHorizontalPosition= -1 topActivityLetterboxWidth=-1 topActivityLetterboxHeight=-1 topActivityAppBounds=Rect(0, 110 - 1080, 2481) isUserFullscreenOverrideEnabled=false isSystemFullscreenOverrideEnabled=false hasMinAspectRatioOverride=false topActivityLetterboxBounds=null cameraCompatTaskInfo=CameraCompatTaskInfo { freeformCameraCompatMode=inactive} topActivityBounds=null topActivityInDisplayCompat=false singleTapFromLetterbox=false} topActivityMainWindowFrame=null originallySupportedMultiWindow=true hasWallpaper=false rootAffinity=11018:com.hermescourier.android.debug isTopTaskInStage=false CoverLauncherWidgetTask=false LaunchedFromAppsCoverLauncherTask=false LaunchedFromMultistarCoverLauncherTask=false isAllowedSeamlessRotation=false isTopTransparentActivity=false isAliasManaged=false hasConfigChanged=false snappingGuideBounds=null isAiKeyRemoveAppTask=false lastDesktopWindowingBounds=null lastExternalDesktopWindowingBounds=null isTopFullScreenWindow=true safeCutoutInsets=null}, pipChange = null, remoteTransition = null, displayChange = null, flags = 0, debugId = 5813 }
04-21 13:39:14.538  2398  2890 V WindowManager:         {WCT{RemoteToken{5475ddf Task{2e0c994 #8497 type=standard A=11018:com.hermescourier.android.debug}}} m=OPEN f=NONE leash=Surface(name=Task=8497)/@0xd66f639 sb=Rect(0, 0 - 1080, 2520) eb=Rect(0, 0 - 1080, 2520) epz=Point(1080, 2520) d=0 taskParent=-1 inset=Rect(0, 110 - 0, 39) dim=true allowAppBgLayer=true},
04-21 13:39:14.538  2398  2901 D WindowManager: updateSystemBarAttributes: displayId=0, focusedCanBeNavColorWin=false, win=Window{537bbd9 u0 Splash Screen com.hermescourier.android.debug}, navColorWin=Window{537bbd9 u0 Splash Screen com.hermescourier.android.debug}, caller=com.android.server.wm.DisplayPolicy.finishPostLayoutPolicyLw:17 com.android.server.wm.RootWindowContainer.applySurfaceChangesTransaction$1:195 com.android.server.wm.RootWindowContainer.performSurfacePlacementNoTrace:86 
04-21 13:39:14.546  2398  2901 I WindowManager: notifyInsetsControlChanged, removed=false, win=Window{537bbd9 u0 Splash Screen com.hermescourier.android.debug}, caller=com.android.server.wm.InsetsStateController$$ExternalSyntheticLambda1.run:137 com.android.server.wm.WindowAnimator$$ExternalSyntheticLambda2.onTransactionCommitted:26 android.view.SurfaceControl$Transaction$$ExternalSyntheticLambda4.run:0 android.os.Handler.handleCallback:995 android.os.Handler.dispatchMessage:103 android.os.Looper.loopOnce:273 
04-21 13:39:14.710  2398  3747 D MdnieScenarioControlService:  packageName : com.hermescourier.android.debug    className : com.hermescourier.android.MainActivity
04-21 13:39:14.906  2398  4679 D SGM:GameManager: identifyGamePackage. com.hermescourier.android.debug, mCurrentUserId: 0, callingMethodInfo: com.samsung.android.game.IGameManagerService$Stub.onTransact(IGameManagerService.java:232)
04-21 13:39:14.906  2398  6908 V WindowManager:    ChangeInfo{99f729f container=ActivityRecord{16690013 u0 com.hermescourier.android.debug/com.hermescourier.android.MainActivity t8497} flags=0x0}
04-21 13:39:14.906  2398  6908 V WindowManager:    ChangeInfo{3ca6fec container=Task{2e0c994 #8497 type=standard A=11018:com.hermescourier.android.debug} flags=0x10}
04-21 13:39:14.909  2398  6908 D ChangeTransitionController:    ChangeInfo{99f729f container=ActivityRecord{16690013 u0 com.hermescourier.android.debug/com.hermescourier.android.MainActivity t8497} flags=0x0}
04-21 13:39:14.909  2398  6908 D ChangeTransitionController:    ChangeInfo{3ca6fec container=Task{2e0c994 #8497 type=standard A=11018:com.hermescourier.android.debug} flags=0x10}
04-21 13:39:14.936  2398  6929 D SGM:FgCheckThread: notifyAppCreated(), packageName: com.hermescourier.android.debug, userId: 0, sendRet: true
04-21 13:39:14.936  2398  3615 D SGM:FgCheckThread: onLooperPrepared(), msg: MSG_APP_CREATE, pkgName: com.hermescourier.android.debug, userId: 0
04-21 13:39:14.937  2398  6929 D SGM:FgCheckThread:   sendRunningComponentFocus(), pkgName: com.hermescourier.android.debug, userId: 0
04-21 13:39:14.937  2398  3615 D SGM:FgCheckThread: onLooperPrepared(), msg: MSG_TASK_FOCUSED, pkgName: com.hermescourier.android.debug, userId: 0
04-21 13:39:14.937  2398  3615 D SGM:FgCheckThread:   handleTaskFocused(), pkgName: com.hermescourier.android.debug, userID:0
04-21 13:39:14.937  2398  6929 D ActivityTaskManager: scheduleTopResumedActivityChanged, onTop=true, r=ActivityRecord{16690013 u0 com.hermescourier.android.debug/com.hermescourier.android.MainActivity t8497}, caller=com.android.server.wm.ActivityTaskSupervisor.scheduleTopResumedActivityStateIfNeeded:18 com.android.server.wm.ActivityTaskSupervisor.updateTopResumedActivityIfNeeded:52 com.android.server.wm.TaskFragment.setResumedActivity:75 com.android.server.wm.ActivityRecord.setState:116 com.android.server.wm.ActivityTaskSupervisor.realStartActivityLocked:497 com.android.server.wm.RootWindowContainer.attachApplication:92 
04-21 13:39:14.938  2398  3615 D SGM:FgCheckThread:   handleResume(). pkgName: com.hermescourier.android.debug, userId: 0, category: non-game
04-21 13:39:14.938  2398  3615 D SGM:FgCheckThread: notifyFocusInOut(). of pkg: com.hermescourier.android.debug, type: 4, isSecGameFamily: false, userId: 0
04-21 13:39:14.944  2398  2900 D SGM:GameManager: identifyGamePackage. com.hermescourier.android.debug, mCurrentUserId: 0, callingMethodInfo: com.samsung.android.game.SemGameManager.isGamePackage(SemGameManager.java:105)
04-21 13:39:14.944  2398  2900 D SGM:SemGameManager: isGamePackage(), pkgName=com.hermescourier.android.debug, ret=false
04-21 13:39:14.944  8256  8256 D ActivityThread: com.hermescourier.android.debug will use render engine as VK
04-21 13:39:14.951  6772 17524 I SDHMS:k : handleResumeComponent : put = com.hermescourier.android.debug, userid = 0 instanceid =251349906
04-21 13:39:14.955  2398  2900 D SGM:FgCheckThread: noteResumeComponent(), received pkgName: com.hermescourier.android.debug, userId: 0
04-21 13:39:14.956  2398  3615 D SGM:FgCheckThread: onLooperPrepared(), msg: MSG_APP_RESUME, pkgName: com.hermescourier.android.debug, userid: 0
04-21 13:39:15.530  2398  6929 D CoreBackPreview: Window{2f7cc9f u0 com.hermescourier.android.debug/com.hermescourier.android.MainActivity}: Setting back callback OnBackInvokedCallbackInfo{mCallback=android.window.IOnBackInvokedCallback$Stub$Proxy@c510e7c, mPriority=0, mIsAnimationCallback=false, mOverrideBehavior=0}
04-21 13:39:15.717  2398  6929 D WindowManager: makeSurface duration=1 name=com.hermescourier.android.debug/com.hermescourier.android.MainActivity$_8256
04-21 13:39:15.720  2398  6929 D WindowManager: Changing focus from null to Window{2f7cc9f u0 com.hermescourier.android.debug/com.hermescourier.android.MainActivity} displayId=0 Callers=com.android.server.wm.WindowManagerService.relayoutWindow:1411 com.android.server.wm.Session.relayout:27 android.view.IWindowSession$Stub.onTransact:829 com.android.server.wm.Session.onTransact:1 
04-21 13:39:15.721  2398  6929 D InsetsSourceProvider: updateControlForTarget: control=InsetsSourceControl: {45910001 mType=navigationBars initiallyVisible mSurfacePosition=Point(0, 2394) mInsetsHint=Insets{left=0, top=0, right=0, bottom=39}}, target=Window{2f7cc9f u0 com.hermescourier.android.debug/com.hermescourier.android.MainActivity}, from=com.android.server.wm.InsetsStateController.onControlTargetChanged:83 com.android.server.wm.InsetsPolicy.updateBarControlTarget:188 com.android.server.wm.DisplayPolicy.updateSystemBarAttributes:250 com.android.server.wm.WindowManagerService.updateFocusedWindowLocked:372 com.android.server.wm.WindowManagerService.relayoutWindow:1411 
04-21 13:39:15.721  2398  6929 D InsetsSourceProvider: updateControlForTarget: control=InsetsSourceControl: {fbc60000 mType=statusBars initiallyVisible mSurfacePosition=Point(0, 0) mInsetsHint=Insets{left=0, top=110, right=0, bottom=0}}, target=Window{2f7cc9f u0 com.hermescourier.android.debug/com.hermescourier.android.MainActivity}, from=com.android.server.wm.InsetsStateController.onControlTargetChanged:83 com.android.server.wm.InsetsPolicy.updateBarControlTarget:175 com.android.server.wm.DisplayPolicy.updateSystemBarAttributes:250 com.android.server.wm.WindowManagerService.updateFocusedWindowLocked:372 com.android.server.wm.WindowManagerService.relayoutWindow:1411 
04-21 13:39:15.721  2398  6929 D InsetsSourceProvider: updateControlForTarget: control=InsetsSourceControl: {9b490001 mType=navigationBars initiallyVisible mSurfacePosition=Point(0, 1608) mInsetsHint=Insets{left=0, top=0, right=0, bottom=31}}, target=Window{2f7cc9f u0 com.hermescourier.android.debug/com.hermescourier.android.MainActivity}, from=com.android.server.wm.InsetsStateController.onControlTargetChanged:83 com.android.server.wm.InsetsPolicy.updateBarControlTarget:188 com.android.server.wm.DisplayPolicy.updateSystemBarAttributes:250 com.android.server.wm.WindowManagerService.updateFocusedWindowLocked:372 com.android.server.wm.WindowManagerService.relayoutWindow:1411 
04-21 13:39:15.721  2398  6929 V SystemKeyManager: updateFocusedWindow() is called, com.hermescourier.android.debug/com.hermescourier.android.MainActivity
04-21 13:39:15.731  2398  2901 I WindowManager: notifyInsetsControlChanged, removed=false, win=Window{537bbd9 u0 Splash Screen com.hermescourier.android.debug}, caller=com.android.server.wm.InsetsStateController$$ExternalSyntheticLambda1.run:137 com.android.server.wm.WindowAnimator$$ExternalSyntheticLambda2.onTransactionCommitted:26 android.view.SurfaceControl$Transaction$$ExternalSyntheticLambda4.run:0 android.os.Handler.handleCallback:995 android.os.Handler.dispatchMessage:103 android.os.Looper.loopOnce:273 
04-21 13:39:15.873  2398  6750 D WindowManager: finishDrawingWindow: Window{2f7cc9f u0 com.hermescourier.android.debug/com.hermescourier.android.MainActivity} mDrawState=DRAW_PENDING seqId=0
04-21 13:39:15.874  2398  2901 V WindowManager: Finish starting ActivityRecord{16690013 u0 com.hermescourier.android.debug/com.hermescourier.android.MainActivity t8497}: first real window is shown, no animation
04-21 13:39:15.874  2398  2901 V WindowManager: Schedule remove starting ActivityRecord{16690013 u0 com.hermescourier.android.debug/com.hermescourier.android.MainActivity t8497} startingWindow=Window{537bbd9 u0 Splash Screen com.hermescourier.android.debug} animate=true Callers=com.android.server.wm.ActivityRecord.removeStartingWindow:178 com.android.server.wm.WindowState.performShowLocked:155 com.android.server.wm.WindowStateAnimator.commitFinishDrawingLocked:73 com.android.server.wm.DisplayContent$$ExternalSyntheticLambda1.accept$com$android$server$wm$DisplayContent$$ExternalSyntheticLambda37:23 com.android.server.wm.DisplayContent$$ExternalSyntheticLambda1.accept:155 
04-21 13:39:15.874  2398  2901 D TaskOrganizerController: applyStartingWindowAnimation, window=Window{2f7cc9f u0 com.hermescourier.android.debug/com.hermescourier.android.MainActivity}, caller=com.android.server.wm.TaskOrganizerController.removeStartingWindow:132 com.android.server.wm.StartingSurfaceController$StartingSurface.remove:23 com.android.server.wm.ActivityRecord.removeStartingWindowAnimation:171 
04-21 13:39:15.874  2398  2901 I WindowManager: Reparenting to leash, surface=Surface(name=2f7cc9f com.hermescourier.android.debug/com.hermescourier.android.MainActivity)/@0xaa7d013, leashParent=Surface(name=ActivityRecord{16690013 u0 com.hermescourier.android.debug/com.hermescourier.android.MainActivity t8497})/@0xc8b9250
04-21 13:39:15.874  2398  2901 D WindowManager: makeSurface duration=0 leash=Surface(name=Surface(name=2f7cc9f com.hermescourier.android.debug/com.hermescourier.android.MainActivity)/@0xaa7d013 - animation-leash of starting_reveal)/@0x7e1dc49
04-21 13:39:15.875  2398  2901 V WindowManager: performShowLocked: mDrawState=HAS_DRAWN in Window{2f7cc9f u0 com.hermescourier.android.debug/com.hermescourier.android.MainActivity}
04-21 13:39:15.877  2398  2890 I Pageboost: Launch time gathered : pid 8256 com.hermescourier.android.debug 1420
04-21 13:39:15.934  2398  4679 D CoreBackPreview: Window{537bbd9 u0 Splash Screen com.hermescourier.android.debug}: Setting back callback null
04-21 13:39:15.934  2398  3242 D WindowManager: Starting window removed Window{537bbd9 u0 Splash Screen com.hermescourier.android.debug}
04-21 13:39:15.934  2398  3242 I WindowManager: Cancelling animation restarting=false, leash=Surface(name=Surface(name=2f7cc9f com.hermescourier.android.debug/com.hermescourier.android.MainActivity)/@0xaa7d013 - animation-leash of starting_reveal)/@0x7e1dc49
04-21 13:39:15.934  2398  3242 I WindowManager: Reparenting to original parent: Surface(name=ActivityRecord{16690013 u0 com.hermescourier.android.debug/com.hermescourier.android.MainActivity t8497})/@0xc8b9250, destroy=false, surface=Surface(name=2f7cc9f com.hermescourier.android.debug/com.hermescourier.android.MainActivity)/@0xaa7d013
04-21 13:39:15.935  2398  3242 V WindowManager: Remove Window{537bbd9 u0 Splash Screen com.hermescourier.android.debug}: mSurfaceControl=Surface(name=Splash Screen com.hermescourier.android.debug$_4013)/@0xd2ddc44 mAnimatingExit=false mRemoveOnExit=false mHasSurface=true surfaceShowing=true animating=false app-animation=false callers=com.android.server.wm.Session.remove:16 android.view.IWindowSession$Stub.onTransact:804 com.android.server.wm.Session.onTransact:1 android.os.Binder.execTransactInternal:1462 android.os.Binder.execTransact:1401 <bottom of call stack> 
04-21 13:39:15.951  2398  2900 D SGM:FgCheckThread: getForegroundApp(), foregroundPkgName=com.hermescourier.android.debug
04-21 13:39:15.953  2398  2900 D SGM:FgCheckThread: noteStopComponent(), received pkgName: com.sec.android.app.launcher, focusedPkgName: com.hermescourier.android.debug, userId: 0
04-21 13:39:15.960  2398  2891 D SGM:GameManager: identifyForegroundApp. com.hermescourier.android.debug, mCurrentUserId: 0, callerUserId: 0
04-21 13:39:15.964  2398  2891 D SGM:GameManager: identifyForegroundApp. com.hermescourier.android.debug, mCurrentUserId: 0, callerUserId: 0
04-21 13:39:16.094  2398  3747 D MdnieScenarioControlService:  packageName : com.hermescourier.android.debug    className : com.hermescourier.android.MainActivity
04-21 13:39:16.178  2398  4277 D InsetsSourceProvider: updateControlForTarget: control=InsetsSourceControl: {3 mType=ime mSurfacePosition=Point(110, 79) mInsetsHint=Insets{left=0, top=0, right=0, bottom=1056}}, target=Window{2f7cc9f u0 com.hermescourier.android.debug/com.hermescourier.android.MainActivity}, from=com.android.server.wm.ImeInsetsSourceProvider.updateControlForTarget:17 com.android.server.wm.InsetsStateController.onControlTargetChanged:83 com.android.server.wm.DisplayContent.updateImeControlTarget:21 com.android.server.wm.DisplayContent.updateImeInputAndControlTarget:156 com.android.server.wm.WindowManagerService$LocalService.updateInputMethodTargetWindow:64 
04-21 13:39:16.392  2398  3242 D SGM:GameManager: identifyForegroundApp. com.hermescourier.android.debug, mCurrentUserId: 0, callerUserId: 0
04-21 13:39:40.961  2398  2492 D WindowManager: updateSystemBarAttributes: displayId=0, focusedCanBeNavColorWin=false, win=Window{2f7cc9f u0 com.hermescourier.android.debug/com.hermescourier.android.MainActivity}, navColorWin=Window{2f7cc9f u0 com.hermescourier.android.debug/com.hermescourier.android.MainActivity}, caller=com.android.server.wm.InsetsStateController.onRequestedVisibleTypesChanged:86 com.android.server.wm.InsetsPolicy.onRequestedVisibleTypesChanged:3 com.android.server.wm.Session.updateRequestedVisibleTypes:37 
04-21 13:39:41.089  2398  5700 D CoreBackPreview: Window{2f7cc9f u0 com.hermescourier.android.debug/com.hermescourier.android.MainActivity}: Setting back callback OnBackInvokedCallbackInfo{mCallback=android.window.IOnBackInvokedCallback$Stub$Proxy@dc70ed2, mPriority=0, mIsAnimationCallback=true, mOverrideBehavior=0}
04-21 13:39:41.125  2398  2901 D InsetsSourceProvider: updateVisibility: serverVisible=true, clientVisible=true, source=InsetsSource: {3 mType=ime mFrame=[0,1464][1080,2520] mVisible=true mFlags= mSideHint=BOTTOM mBoundingRects=null}, controlTarget=Window{2f7cc9f u0 com.hermescourier.android.debug/com.hermescourier.android.MainActivity}, from=com.android.server.wm.ImeInsetsSourceProvider.updateVisibility:7 com.android.server.wm.InsetsSourceProvider.setServerVisible:6 com.android.server.wm.ImeInsetsSourceProvider.setServerVisible:75 com.android.server.wm.InsetsSourceProvider.onPostLayout:30 com.android.server.wm.ImeInsetsSourceProvider.onPostLayout:3 com.android.server.wm.InsetsStateController.onPostLayout:26 com.android.server.wm.RootWindowContainer.applySurfaceChangesTransaction$1:203 com.android.server.wm.RootWindowContainer.performSurfacePlacementNoTrace:86 com.android.server.wm.WindowSurfacePlacer.performSurfacePlacement:166 com.android.server.wm.WindowSurfacePlacer$Traverser.run:14 
04-21 13:39:46.221  2398  3608 D WindowManager: Changing focus from Window{2f7cc9f u0 com.hermescourier.android.debug/com.hermescourier.android.MainActivity} to Window{abaaef9 u0 Select input method} displayId=0 Callers=com.android.server.wm.WindowManagerService.addWindowInner:565 com.android.server.wm.WindowManagerService.addWindow:1842 com.android.server.wm.Session.addToDisplayAsUser:24 android.view.ViewRootImpl.setView:1959 
04-21 13:40:06.224  2398  3608 D WindowManager: Changing focus from Window{abaaef9 u0 Select input method EXITING} to Window{2f7cc9f u0 com.hermescourier.android.debug/com.hermescourier.android.MainActivity} displayId=0 Callers=com.android.server.wm.WindowState.removeIfPossible:602 com.android.server.wm.Session.remove:16 android.view.ViewRootImpl.dispatchDetachedFromWindow:7855 android.view.ViewRootImpl.doDie:12194 
04-21 13:40:06.224  2398  3608 D InsetsSourceProvider: updateControlForTarget: control=InsetsSourceControl: {fbc60000 mType=statusBars initiallyVisible mSurfacePosition=Point(0, 0) mInsetsHint=Insets{left=0, top=110, right=0, bottom=0}}, target=Window{2f7cc9f u0 com.hermescourier.android.debug/com.hermescourier.android.MainActivity}, from=com.android.server.wm.InsetsStateController.onControlTargetChanged:83 com.android.server.wm.InsetsPolicy.updateBarControlTarget:175 com.android.server.wm.DisplayPolicy.updateSystemBarAttributes:250 com.android.server.wm.WindowManagerService.updateFocusedWindowLocked:372 com.android.server.wm.WindowState.removeIfPossible:602 
04-21 13:40:06.224  2398  3608 D WindowManager: updateSystemBarAttributes: displayId=0, focusedCanBeNavColorWin=false, win=Window{2f7cc9f u0 com.hermescourier.android.debug/com.hermescourier.android.MainActivity}, navColorWin=Window{abaaef9 u0 Select input method EXITING}, caller=com.android.server.wm.WindowManagerService.updateFocusedWindowLocked:372 com.android.server.wm.WindowState.removeIfPossible:602 com.android.server.wm.Session.remove:16 
04-21 13:40:06.224  2398  3608 V SystemKeyManager: updateFocusedWindow() is called, com.hermescourier.android.debug/com.hermescourier.android.MainActivity
04-21 13:40:06.238  2398  2494 D CoreBackPreview: Window{2f7cc9f u0 com.hermescourier.android.debug/com.hermescourier.android.MainActivity}: Setting back callback OnBackInvokedCallbackInfo{mCallback=android.window.IOnBackInvokedCallback$Stub$Proxy@63e00b3, mPriority=0, mIsAnimationCallback=false, mOverrideBehavior=0}
04-21 13:40:06.238  2398  2494 D CoreBackPreview: Window{2f7cc9f u0 com.hermescourier.android.debug/com.hermescourier.android.MainActivity}: Setting back callback OnBackInvokedCallbackInfo{mCallback=android.window.IOnBackInvokedCallback$Stub$Proxy@a0f0670, mPriority=0, mIsAnimationCallback=true, mOverrideBehavior=0}
04-21 13:40:06.262  2398  4968 V WindowManager: Collecting in transition 5814: ActivityRecord{198983679 u0 com.hermescourier.android.debug/com.hermescourier.android.MainActivity, caller=com.android.server.wm.TransitionController.collect:7 com.android.server.wm.ActivityStarter.startActivityUnchecked:192 com.android.server.wm.ActivityStarter.executeRequest:3581 com.android.server.wm.ActivityStarter.execute:1752 com.android.server.wm.ActivityTaskManagerService.startActivityAsUser:87 
04-21 13:40:06.262  2398  4968 D ActivityTaskManager: DesktopModeLaunchParamsModifier: task=null activity=ActivityRecord{198983679 u0 com.hermescourier.android.debug/com.hermescourier.android.MainActivity t-1} task null, skipping
04-21 13:40:06.262  2398  4968 D ActivityTaskManager: TaskLaunchParamsModifier:task=null activity=ActivityRecord{198983679 u0 com.hermescourier.android.debug/com.hermescourier.android.MainActivity t-1} display-area-from-current-params=null display-area-for-record=DefaultTaskDisplayArea_d0@223752639 display-id=0 task-display-area-windowing-mode=1 suggested-display-area=DefaultTaskDisplayArea_d0@223752639
04-21 13:40:06.262  2398  4968 D ActivityTaskManager: DesktopModeLaunchParamsModifier: task=Task{2e0c994 #8497 type=standard A=11018:com.hermescourier.android.debug} activity=ActivityRecord{198983679 u0 com.hermescourier.android.debug/com.hermescourier.android.MainActivity t-1} non-desktop, skipping
04-21 13:40:06.262  2398  4968 D ActivityTaskManager: TaskLaunchParamsModifier:task=Task{2e0c994 #8497 type=standard A=11018:com.hermescourier.android.debug} activity=ActivityRecord{198983679 u0 com.hermescourier.android.debug/com.hermescourier.android.MainActivity t-1} display-from-task=0 display-id=0 task-display-area-windowing-mode=1 suggested-display-area=DefaultTaskDisplayArea_d0@223752639 inherit-from-task=fullscreen non-freeform-task-display-area display-area=DefaultTaskDisplayArea_d0@223752639 default-portrait freeform-size-mismatch=Rect(97, 804 - 983, 1787)
