04-21 13:41:18.223  2398  6910 V WindowManager: Collecting in transition 5816: ActivityRecord{60309721 u0 com.hermescourier.android.debug/com.hermescourier.android.MainActivity, caller=com.android.server.wm.TransitionController.collect:7 com.android.server.wm.ActivityStarter.startActivityUnchecked:192 com.android.server.wm.ActivityStarter.executeRequest:3581 com.android.server.wm.ActivityStarter.execute:1752 com.android.server.wm.ActivityTaskManagerService.startActivityAsUser:87 
04-21 13:41:18.224  2398  6910 D ActivityTaskManager: DesktopModeLaunchParamsModifier: task=null activity=ActivityRecord{60309721 u0 com.hermescourier.android.debug/com.hermescourier.android.MainActivity t-1} task null, skipping
04-21 13:41:18.224  2398  6910 D ActivityTaskManager: TaskLaunchParamsModifier:task=null activity=ActivityRecord{60309721 u0 com.hermescourier.android.debug/com.hermescourier.android.MainActivity t-1} display-area-from-current-params=null display-area-from-default-fallback=DefaultTaskDisplayArea_d0@223752639 display-id=0 task-display-area-windowing-mode=1 suggested-display-area=DefaultTaskDisplayArea_d0@223752639
04-21 13:41:18.224  2398  6910 D ActivityTaskManager: DesktopModeLaunchParamsModifier: task=null activity=ActivityRecord{60309721 u0 com.hermescourier.android.debug/com.hermescourier.android.MainActivity t-1} task null, skipping
04-21 13:41:18.224  2398  6910 D ActivityTaskManager: TaskLaunchParamsModifier:task=null activity=ActivityRecord{60309721 u0 com.hermescourier.android.debug/com.hermescourier.android.MainActivity t-1} display-area-from-current-params=null display-area-from-default-fallback=DefaultTaskDisplayArea_d0@223752639 display-id=0 task-display-area-windowing-mode=1 suggested-display-area=DefaultTaskDisplayArea_d0@223752639 non-freeform-task-display-area display-area=DefaultTaskDisplayArea_d0@223752639 default-portrait freeform-size-mismatch=Rect(97, 804 - 983, 1787)
04-21 13:41:18.226  2398  3958 I Pageboost: add app to global @ runtime: com.hermescourier.android.debug
04-21 13:41:18.226  2398  6910 D ActivityTaskManager: DesktopModeLaunchParamsModifier: task=Task{a03872d #8498 type=standard A=11018:com.hermescourier.android.debug} activity=ActivityRecord{60309721 u0 com.hermescourier.android.debug/com.hermescourier.android.MainActivity t-1} non-desktop, skipping
04-21 13:41:18.226  2398  6910 D ActivityTaskManager: TaskLaunchParamsModifier:task=Task{a03872d #8498 type=standard A=11018:com.hermescourier.android.debug} activity=ActivityRecord{60309721 u0 com.hermescourier.android.debug/com.hermescourier.android.MainActivity t-1} display-from-task=0 display-id=0 task-display-area-windowing-mode=1 suggested-display-area=DefaultTaskDisplayArea_d0@223752639 inherit-from-task=fullscreen non-freeform-task-display-area display-area=DefaultTaskDisplayArea_d0@223752639 default-portrait freeform-size-mismatch=Rect(97, 804 - 983, 1787)
04-21 13:41:18.226  2398  6910 V WindowManager: Collecting in transition 5816: Task{a03872d #8498 type=standard A=11018:com.hermescourier.android.debug}, caller=com.android.server.wm.Transition.collectExistenceChange:40 com.android.server.wm.ActivityStarter.setNewTask:43 com.android.server.wm.ActivityStarter.startActivityInner:288 com.android.server.wm.ActivityStarter.startActivityUnchecked:205 com.android.server.wm.ActivityStarter.executeRequest:3581 
04-21 13:41:18.228  2398  6910 V WindowManager: Add starting ActivityRecord{60309721 u0 com.hermescourier.android.debug/com.hermescourier.android.MainActivity t8498}: startingData=SplashScreenStartingData{96411f5 removeAfterTransaction= 0}
04-21 13:41:18.228  2398  6910 V WindowManager: Added starting ActivityRecord{60309721 u0 com.hermescourier.android.debug/com.hermescourier.android.MainActivity t8498}: startingWindow=null startingView=com.android.server.wm.StartingSurfaceController$StartingSurface@c95c618
04-21 13:41:18.230  2398  6910 V WindowManager: Collecting in transition 5816: ActivityRecord{60309721 u0 com.hermescourier.android.debug/com.hermescourier.android.MainActivity t8498}, caller=com.android.server.wm.Transition.collectExistenceChange:40 com.android.server.wm.ActivityStarter.handleStartResult:662 com.android.server.wm.ActivityStarter.startActivityUnchecked:218 com.android.server.wm.ActivityStarter.executeRequest:3581 com.android.server.wm.ActivityStarter.execute:1752 
04-21 13:41:18.231  2398  6910 V WindowManager:    ChangeInfo{ffb03cb container=ActivityRecord{60309721 u0 com.hermescourier.android.debug/com.hermescourier.android.MainActivity t8498} flags=0x0}
04-21 13:41:18.231  2398  6910 V WindowManager:    ChangeInfo{e8ec2c1 container=Task{a03872d #8498 type=standard A=11018:com.hermescourier.android.debug} flags=0x0}
04-21 13:41:18.231  2398  6910 I ActivityTaskManager: START u0 {flg=0x10000000 xflg=0x5 cmp=com.hermescourier.android.debug/com.hermescourier.android.MainActivity} with LAUNCH_MULTIPLE from uid 2000 (BAL_ALLOW_PERMISSION) result code=0
04-21 13:41:18.234  4013  4068 V WindowManagerShell: Transition requested (#5816): android.os.BinderProxy@693de40 TransitionRequestInfo { type = OPEN, triggerTask = TaskInfo{userId=0 taskId=8498 effectiveUid=11018 displayId=0 isRunning=true baseIntent=Intent { flg=0x10000000 cmp=com.hermescourier.android.debug/com.hermescourier.android.MainActivity } baseActivity=ComponentInfo{com.hermescourier.android.debug/com.hermescourier.android.MainActivity} topActivity=ComponentInfo{com.hermescourier.android.debug/com.hermescourier.android.MainActivity} origActivity=null realActivity=ComponentInfo{com.hermescourier.android.debug/com.hermescourier.android.MainActivity} numActivities=1 lastActiveTime=1600612287 supportsMultiWindow=true resizeMode=1 isResizeable=true minWidth=-1 minHeight=-1 maxWidth=-1 maxHeight=-1 defaultMinSize=220 token=WCT{android.window.IWindowContainerToken$Stub$Proxy@2d5179} topActivityType=1 pictureInPictureParams=null shouldDockBigOverlays=false launchIntoPipHostTaskId=-1 lastParentTaskIdBeforePip=-1 displayCutoutSafeInsets=Rect(0, 110 - 0, 0) topActivityInfo=ActivityInfo{eb4bebe com.hermescourier.android.MainActivity} launchCookies=[] positionInParent=Point(0, 0) parentTaskId=-1 isFocused=false isVisible=false isVisibleRequested=false isTopActivityNoDisplay=false isSleeping=false locusId=null displayAreaFeatureId=1 isTopActivityTransparent=false isActivityStackTransparent=false lastNonFullscreenBounds=Rect(97, 804 - 983, 1787) capturedLink=null capturedLinkTimestamp=0 requestedVisibleTypes=-9 topActivityRequestOpenInBrowserEducationTimestamp=0 appCompatTaskInfo=AppCompatTaskInfo { topActivityInSizeCompat=false eligibleForLetterboxEducation= false isLetterboxEducationEnabled= false isLetterboxDoubleTapEnabled= false eligibleForUserAspectRatioButton= false topActivityBoundsLetterboxed= false isFromLetterboxDoubleTap= false topActivityLetterboxVerticalPosition= -1 topActivityLetterboxHorizontalPosition= -1 topActivityLetterboxWidth=-1 topActivityLetterboxHeight=-1 topActivityAppBounds=Rect(0, 110 - 1080, 2481) isUserFullscreenOverrideEnabled=false isSystemFullscreenOverrideEnabled=false hasMinAspectRatioOverride=false topActivityLetterboxBounds=null cameraCompatTaskInfo=CameraCompatTaskInfo { freeformCameraCompatMode=inactive} topActivityBounds=null topActivityInDisplayCompat=false singleTapFromLetterbox=false} topActivityMainWindowFrame=null originallySupportedMultiWindow=true hasWallpaper=false rootAffinity=11018:com.hermescourier.android.debug isTopTaskInStage=false CoverLauncherWidgetTask=false LaunchedFromAppsCoverLauncherTask=false LaunchedFromMultistarCoverLauncherTask=false isAllowedSeamlessRotation=false isTopTransparentActivity=false isAliasManaged=false hasConfigChanged=false snappingGuideBounds=null isAiKeyRemoveAppTask=false lastDesktopWindowingBounds=null lastExternalDesktopWindowingBounds=null isTopFullScreenWindow=true safeCutoutInsets=null}, pipChange = null, remoteTransition = null, displayChange = null, flags = 0, debugId = 5816 }
04-21 13:41:18.235  2398  5533 V WindowManager: Collecting in transition 5816: ActivityRecord{60309721 u0 com.hermescourier.android.debug/com.hermescourier.android.MainActivity t8498}, caller=com.android.server.wm.TransitionController.collect:7 com.android.server.wm.ActivityRecord.setVisibility:132 com.android.server.wm.EnsureActivitiesVisibleHelper.setActivityVisibilityState:221 com.android.server.wm.EnsureActivitiesVisibleHelper.process:281 com.android.server.wm.TaskFragment.updateActivityVisibilities:12 
04-21 13:41:18.244  2398  4185 D WindowManager: prepareSync <SYNC_STATE_WAITING_FOR_DRAW>, mPrepareSyncSeqId=0, win=Window{cc3de96 u0 Splash Screen com.hermescourier.android.debug}
04-21 13:41:18.244  2398  4185 V WindowManager: addWindow: ActivityRecord{60309721 u0 com.hermescourier.android.debug/com.hermescourier.android.MainActivity t8498} startingWindow=Window{cc3de96 u0 Splash Screen com.hermescourier.android.debug}
04-21 13:41:18.245  2398  4185 D WindowManager: rotationForOrientation, orientationSource=ActivityRecord{60309721 u0 com.hermescourier.android.debug/com.hermescourier.android.MainActivity t8498}
04-21 13:41:18.249  2398  5592 D CoreBackPreview: Window{cc3de96 u0 Splash Screen com.hermescourier.android.debug}: Setting back callback OnBackInvokedCallbackInfo{mCallback=android.window.IOnBackInvokedCallback$Stub$Proxy@ceb1eb8, mPriority=0, mIsAnimationCallback=false, mOverrideBehavior=0}
04-21 13:41:18.250  2398  4185 D WindowManager: makeSurface duration=0 name=Splash Screen com.hermescourier.android.debug$_4013
04-21 13:41:18.261  2398  3863 D SGM:GameManager: identifyGamePackage. com.hermescourier.android.debug, mCurrentUserId: 0, callingMethodInfo: com.samsung.android.game.SemGameManager.isGamePackage(SemGameManager.java:105)
04-21 13:41:18.261  2398  3863 D SGM:SemGameManager: isGamePackage(), pkgName=com.hermescourier.android.debug, ret=false
04-21 13:41:18.271  2398  2927 I ActivityManager: Start proc 14194:com.hermescourier.android.debug/u0a1018 for next-top-activity {com.hermescourier.android.debug/com.hermescourier.android.MainActivity}
04-21 13:41:18.276  2398  3242 D WindowManager: finishDrawingWindow: Window{cc3de96 u0 Splash Screen com.hermescourier.android.debug} mDrawState=DRAW_PENDING seqId=0
04-21 13:41:18.276  2398  3242 V WindowManager: Finishing drawing window Window{cc3de96 u0 Splash Screen com.hermescourier.android.debug}: mDrawState=DRAW_PENDING
04-21 13:41:18.276  2398  3242 V WindowManager: Draw state now committed in Window{cc3de96 u0 Splash Screen com.hermescourier.android.debug}
04-21 13:41:18.290  2398  2901 V WindowManager: performShowLocked: mDrawState=HAS_DRAWN in Window{cc3de96 u0 Splash Screen com.hermescourier.android.debug}
04-21 13:41:18.290  2398  2901 D WindowManagerServiceExt: updateTaskbarTargetIfNeeded: cn=ComponentInfo{com.hermescourier.android.debug/com.hermescourier.android.MainActivity} occludesParent=true isInSplitScreenMode=false
04-21 13:41:18.290  2398  2901 D ChangeTransitionController:    ChangeInfo{ffb03cb container=ActivityRecord{60309721 u0 com.hermescourier.android.debug/com.hermescourier.android.MainActivity t8498} flags=0x0}
04-21 13:41:18.290  2398  2901 D ChangeTransitionController:    ChangeInfo{e8ec2c1 container=Task{a03872d #8498 type=standard A=11018:com.hermescourier.android.debug} flags=0x0}
04-21 13:41:18.290  2398  2901 V WindowManager: Start calculating TransitionInfo based on participants: {ActivityRecord{60309721 u0 com.hermescourier.android.debug/com.hermescourier.android.MainActivity t8498}, Task{a03872d #8498 type=standard A=11018:com.hermescourier.android.debug}, ActivityRecord{171712004 u0 com.sec.android.app.launcher/.activities.LauncherActivity t7886}, WallpaperWindowToken{ba081c1 showWhenLocked=true}_<lock|non-primary>, WallpaperWindowToken{fe6cb78 showWhenLocked=false}_<system|non-primary>}
04-21 13:41:18.290  2398  2901 V WindowManager:   Final targets: [ChangeInfo{e8ec2c1 container=Task{a03872d #8498 type=standard A=11018:com.hermescourier.android.debug} flags=0x10}, ChangeInfo{2ebb23 container=Task{8f6d308 #1 type=home} flags=0x10}, ChangeInfo{9932b9e container=WallpaperWindowToken{fe6cb78 showWhenLocked=false}_<system|non-primary> flags=0x0}]
04-21 13:41:18.291  2398  2901 V WindowManager:         {WCT{RemoteToken{c400695 Task{a03872d #8498 type=standard A=11018:com.hermescourier.android.debug}}} m=OPEN f=NONE leash=Surface(name=Task=8498)/@0x527e67f sb=Rect(0, 0 - 1080, 2520) eb=Rect(0, 0 - 1080, 2520) epz=Point(1080, 2520) d=0 taskParent=-1 inset=Rect(0, 110 - 0, 39) dim=true allowAppBgLayer=true},
04-21 13:41:18.294  2398  2890 V WindowManager: Sent Transition (#5816) createdAt=04-21 13:41:18.222 via request=TransitionRequestInfo { type = OPEN, triggerTask = TaskInfo{userId=0 taskId=8498 effectiveUid=11018 displayId=0 isRunning=true baseIntent=Intent { flg=0x10000000 cmp=com.hermescourier.android.debug/com.hermescourier.android.MainActivity } baseActivity=ComponentInfo{com.hermescourier.android.debug/com.hermescourier.android.MainActivity} topActivity=ComponentInfo{com.hermescourier.android.debug/com.hermescourier.android.MainActivity} origActivity=null realActivity=ComponentInfo{com.hermescourier.android.debug/com.hermescourier.android.MainActivity} numActivities=1 lastActiveTime=1600612287 supportsMultiWindow=true resizeMode=1 isResizeable=true minWidth=-1 minHeight=-1 maxWidth=-1 maxHeight=-1 defaultMinSize=220 token=WCT{RemoteToken{c400695 Task{a03872d #8498 type=standard A=11018:com.hermescourier.android.debug}}} topActivityType=1 pictureInPictureParams=null shouldDockBigOverlays=false launchIntoPipHostTaskId=-1 lastParentTaskIdBeforePip=-1 displayCutoutSafeInsets=Rect(0, 110 - 0, 0) topActivityInfo=ActivityInfo{77fbe02 com.hermescourier.android.MainActivity} launchCookies=[] positionInParent=Point(0, 0) parentTaskId=-1 isFocused=false isVisible=false isVisibleRequested=false isTopActivityNoDisplay=false isSleeping=false locusId=null displayAreaFeatureId=1 isTopActivityTransparent=false isActivityStackTransparent=false lastNonFullscreenBounds=Rect(97, 804 - 983, 1787) capturedLink=null capturedLinkTimestamp=0 requestedVisibleTypes=-9 topActivityRequestOpenInBrowserEducationTimestamp=0 appCompatTaskInfo=AppCompatTaskInfo { topActivityInSizeCompat=false eligibleForLetterboxEducation= false isLetterboxEducationEnabled= false isLetterboxDoubleTapEnabled= false eligibleForUserAspectRatioButton= false topActivityBoundsLetterboxed= false isFromLetterboxDoubleTap= false topActivityLetterboxVerticalPosition= -1 topActivityLetterboxHorizontalPosition= -1 topActivityLetterboxWidth=-1 topActivityLetterboxHeight=-1 topActivityAppBounds=Rect(0, 110 - 1080, 2481) isUserFullscreenOverrideEnabled=false isSystemFullscreenOverrideEnabled=false hasMinAspectRatioOverride=false topActivityLetterboxBounds=null cameraCompatTaskInfo=CameraCompatTaskInfo { freeformCameraCompatMode=inactive} topActivityBounds=null topActivityInDisplayCompat=false singleTapFromLetterbox=false} topActivityMainWindowFrame=null originallySupportedMultiWindow=true hasWallpaper=false rootAffinity=11018:com.hermescourier.android.debug isTopTaskInStage=false CoverLauncherWidgetTask=false LaunchedFromAppsCoverLauncherTask=false LaunchedFromMultistarCoverLauncherTask=false isAllowedSeamlessRotation=false isTopTransparentActivity=false isAliasManaged=false hasConfigChanged=false snappingGuideBounds=null isAiKeyRemoveAppTask=false lastDesktopWindowingBounds=null lastExternalDesktopWindowingBounds=null isTopFullScreenWindow=true safeCutoutInsets=null}, pipChange = null, remoteTransition = null, displayChange = null, flags = 0, debugId = 5816 }
04-21 13:41:18.294  2398  2890 V WindowManager:         {WCT{RemoteToken{c400695 Task{a03872d #8498 type=standard A=11018:com.hermescourier.android.debug}}} m=OPEN f=NONE leash=Surface(name=Task=8498)/@0x527e67f sb=Rect(0, 0 - 1080, 2520) eb=Rect(0, 0 - 1080, 2520) epz=Point(1080, 2520) d=0 taskParent=-1 inset=Rect(0, 110 - 0, 39) dim=true allowAppBgLayer=true},
04-21 13:41:18.294  2398  2901 D InsetsSourceProvider: updateControlForTarget: control=InsetsSourceControl: {45910001 mType=navigationBars initiallyVisible mSurfacePosition=Point(0, 2394) mInsetsHint=Insets{left=0, top=0, right=0, bottom=39}}, target=Window{cc3de96 u0 Splash Screen com.hermescourier.android.debug}, from=com.android.server.wm.InsetsStateController.onControlTargetChanged:83 com.android.server.wm.InsetsPolicy.updateBarControlTarget:188 com.android.server.wm.DisplayPolicy.updateSystemBarAttributes:250 com.android.server.wm.DisplayPolicy.finishPostLayoutPolicyLw:17 com.android.server.wm.RootWindowContainer.applySurfaceChangesTransaction$1:195 
04-21 13:41:18.294  2398  2901 D InsetsSourceProvider: updateControlForTarget: control=InsetsSourceControl: {fbc60000 mType=statusBars initiallyVisible mSurfacePosition=Point(0, 0) mInsetsHint=Insets{left=0, top=110, right=0, bottom=0}}, target=Window{cc3de96 u0 Splash Screen com.hermescourier.android.debug}, from=com.android.server.wm.InsetsStateController.onControlTargetChanged:83 com.android.server.wm.InsetsPolicy.updateBarControlTarget:175 com.android.server.wm.DisplayPolicy.updateSystemBarAttributes:250 com.android.server.wm.DisplayPolicy.finishPostLayoutPolicyLw:17 com.android.server.wm.RootWindowContainer.applySurfaceChangesTransaction$1:195 
04-21 13:41:18.294  2398  2901 D InsetsSourceProvider: updateControlForTarget: control=InsetsSourceControl: {9b490001 mType=navigationBars initiallyVisible mSurfacePosition=Point(0, 1608) mInsetsHint=Insets{left=0, top=0, right=0, bottom=31}}, target=Window{cc3de96 u0 Splash Screen com.hermescourier.android.debug}, from=com.android.server.wm.InsetsStateController.onControlTargetChanged:83 com.android.server.wm.InsetsPolicy.updateBarControlTarget:188 com.android.server.wm.DisplayPolicy.updateSystemBarAttributes:250 com.android.server.wm.DisplayPolicy.finishPostLayoutPolicyLw:17 com.android.server.wm.RootWindowContainer.applySurfaceChangesTransaction$1:195 
04-21 13:41:18.295  2398  2901 D WindowManager: updateSystemBarAttributes: displayId=0, focusedCanBeNavColorWin=false, win=Window{cc3de96 u0 Splash Screen com.hermescourier.android.debug}, navColorWin=Window{cc3de96 u0 Splash Screen com.hermescourier.android.debug}, caller=com.android.server.wm.DisplayPolicy.finishPostLayoutPolicyLw:17 com.android.server.wm.RootWindowContainer.applySurfaceChangesTransaction$1:195 com.android.server.wm.RootWindowContainer.performSurfacePlacementNoTrace:86 
04-21 13:41:18.299  2398  2925 I SGM:GameManager: PkgUpdateReceiver, onPackageAdded : com.hermescourier.android.debug userHandle : UserHandle{0} userId : 0
04-21 13:41:18.299  2398  2925 D SGM:GosNotifyThread: sendPackageMessage(), changeType=0, pkgName=com.hermescourier.android.debug, userHandleId=0
04-21 13:41:18.299  2398  2398 W AlarmManager: Package com.hermescourier.android.debug, uid 11018 lost permission to set exact alarms!
04-21 13:41:18.299  2398  3616 D SGM:GosNotifyThread: notifyPackageChangedToGos(), before send intent to GOS. type:15, changeType: 0, pkgName:com.hermescourier.android.debug, userHandleId:0
04-21 13:41:18.299  2398  3616 D SGM:PmAppCategoryManager: getManifestCategory(), manifestCategory=-1, packageName=com.hermescourier.android.debug
04-21 13:41:18.299  2398  3616 D SGM:PmAppCategoryManager: getCategoryOverride(), categoryOverride=-1, packageName=com.hermescourier.android.debug
04-21 13:41:18.299  2398  3616 I SGM:GosNotifyThread: notifyPackageChangedToGos(), category from pm: com.hermescourier.android.debug, [-1/-1]
04-21 13:41:18.301  2398  5592 V WindowManager:    ChangeInfo{1f171ae container=ActivityRecord{16690013 u0 com.hermescourier.android.debug/com.hermescourier.android.MainActivity t-1 f}} flags=0x0}
04-21 13:41:18.301  2398  5592 V WindowManager:    ChangeInfo{a6262dc container=Task{2e0c994 #8497 type=standard A=11018:com.hermescourier.android.debug} flags=0x0}
04-21 13:41:18.302  2398  5592 D ChangeTransitionController:    ChangeInfo{1f171ae container=ActivityRecord{16690013 u0 com.hermescourier.android.debug/com.hermescourier.android.MainActivity t-1 f}} flags=0x0}
04-21 13:41:18.302  2398  5592 D ChangeTransitionController:    ChangeInfo{a6262dc container=Task{2e0c994 #8497 type=standard A=11018:com.hermescourier.android.debug} flags=0x0}
04-21 13:41:18.307  2398  2901 I WindowManager: notifyInsetsControlChanged, removed=false, win=Window{cc3de96 u0 Splash Screen com.hermescourier.android.debug}, caller=com.android.server.wm.InsetsStateController$$ExternalSyntheticLambda1.run:137 com.android.server.wm.WindowAnimator$$ExternalSyntheticLambda2.onTransactionCommitted:26 android.view.SurfaceControl$Transaction$$ExternalSyntheticLambda4.run:0 android.os.Handler.handleCallback:995 android.os.Handler.dispatchMessage:103 android.os.Looper.loopOnce:273 
04-21 13:41:18.324  2398  2925 D MetaDataCollector: onReceive: done pkgName=com.hermescourier.android.debug
04-21 13:41:18.324  2398  2925 I SGM:GameManager: PkgUpdateReceiver, onPackageReplaced : com.hermescourier.android.debug userID : UserHandle{0}
04-21 13:41:18.324  2398  2925 D SGM:GosNotifyThread: sendPackageMessage(), changeType=8, pkgName=com.hermescourier.android.debug, userHandleId=0
04-21 13:41:18.324  2398  3616 D SGM:GosNotifyThread: notifyPackageChangedToGos(), before send intent to GOS. type:15, changeType: 8, pkgName:com.hermescourier.android.debug, userHandleId:0
04-21 13:41:18.324  2398  3616 D SGM:PmAppCategoryManager: getManifestCategory(), manifestCategory=-1, packageName=com.hermescourier.android.debug
04-21 13:41:18.324  2398  3616 D SGM:PmAppCategoryManager: getCategoryOverride(), categoryOverride=-1, packageName=com.hermescourier.android.debug
04-21 13:41:18.324  2398  3616 I SGM:GosNotifyThread: notifyPackageChangedToGos(), category from pm: com.hermescourier.android.debug, [-1/-1]
04-21 13:41:18.325  2398  2925 D MetaDataCollector: onReceive: done pkgName=com.hermescourier.android.debug
04-21 13:41:18.435  2398  4185 D SGM:GameManager: setPackageConfigurations(). category=-1, pkgName=com.hermescourier.android.debug
04-21 13:41:18.435  2398  4185 D SGM:GameManager: setPackageConfiguration(). configuration: packageName: com.hermescourier.android.debug, performancePolicyForSsrm: null, optimalAspectRatio: 1.7777778, dynamicSurfaceScaling: 1.0, category: -1, categoryByUser: -1, fillBlackSurfaceOnMargins: false, userId: null
04-21 13:41:18.435  2398  4185 D SGM:GameManager: setPackageConfiguration(). pkgName=com.hermescourier.android.debug
04-21 13:41:18.435  2398  4185 D SGM:Util: isPkgInstalled(). pkgName=com.hermescourier.android.debug, userId=0, installed=true
04-21 13:41:18.487  2398  3747 D MdnieScenarioControlService:  packageName : com.hermescourier.android.debug    className : com.hermescourier.android.MainActivity
04-21 13:41:18.657  2398  5592 D SGM:GameManager: identifyGamePackage. com.hermescourier.android.debug, mCurrentUserId: 0, callingMethodInfo: com.samsung.android.game.IGameManagerService$Stub.onTransact(IGameManagerService.java:232)
04-21 13:41:18.671  2398  2494 V WindowManager:    ChangeInfo{ffb03cb container=ActivityRecord{60309721 u0 com.hermescourier.android.debug/com.hermescourier.android.MainActivity t8498} flags=0x0}
04-21 13:41:18.671  2398  2494 V WindowManager:    ChangeInfo{e8ec2c1 container=Task{a03872d #8498 type=standard A=11018:com.hermescourier.android.debug} flags=0x10}
04-21 13:41:18.676  2398  2494 D ChangeTransitionController:    ChangeInfo{ffb03cb container=ActivityRecord{60309721 u0 com.hermescourier.android.debug/com.hermescourier.android.MainActivity t8498} flags=0x0}
04-21 13:41:18.676  2398  2494 D ChangeTransitionController:    ChangeInfo{e8ec2c1 container=Task{a03872d #8498 type=standard A=11018:com.hermescourier.android.debug} flags=0x10}
04-21 13:41:18.713  2398  6928 D SGM:FgCheckThread: notifyAppCreated(), packageName: com.hermescourier.android.debug, userId: 0, sendRet: true
04-21 13:41:18.713  2398  3615 D SGM:FgCheckThread: onLooperPrepared(), msg: MSG_APP_CREATE, pkgName: com.hermescourier.android.debug, userId: 0
04-21 13:41:18.714  2398  6928 D SGM:FgCheckThread:   sendRunningComponentFocus(), pkgName: com.hermescourier.android.debug, userId: 0
04-21 13:41:18.714  2398  3615 D SGM:FgCheckThread: onLooperPrepared(), msg: MSG_TASK_FOCUSED, pkgName: com.hermescourier.android.debug, userId: 0
04-21 13:41:18.714  2398  3615 D SGM:FgCheckThread:   handleTaskFocused(), pkgName: com.hermescourier.android.debug, userID:0
04-21 13:41:18.714  2398  3615 D SGM:FgCheckThread:   handleResume(). pkgName: com.hermescourier.android.debug, userId: 0, category: non-game
04-21 13:41:18.714  2398  3615 D SGM:FgCheckThread: notifyFocusInOut(). of pkg: com.hermescourier.android.debug, type: 4, isSecGameFamily: false, userId: 0
04-21 13:41:18.714  2398  6928 D ActivityTaskManager: scheduleTopResumedActivityChanged, onTop=true, r=ActivityRecord{60309721 u0 com.hermescourier.android.debug/com.hermescourier.android.MainActivity t8498}, caller=com.android.server.wm.ActivityTaskSupervisor.scheduleTopResumedActivityStateIfNeeded:18 com.android.server.wm.ActivityTaskSupervisor.updateTopResumedActivityIfNeeded:52 com.android.server.wm.TaskFragment.setResumedActivity:75 com.android.server.wm.ActivityRecord.setState:116 com.android.server.wm.ActivityTaskSupervisor.realStartActivityLocked:497 com.android.server.wm.RootWindowContainer.attachApplication:92 
04-21 13:41:18.716 14194 14194 D ActivityThread: com.hermescourier.android.debug will use render engine as VK
04-21 13:41:18.717  2398  2900 D SGM:GameManager: identifyGamePackage. com.hermescourier.android.debug, mCurrentUserId: 0, callingMethodInfo: com.samsung.android.game.SemGameManager.isGamePackage(SemGameManager.java:105)
04-21 13:41:18.717  2398  2900 D SGM:SemGameManager: isGamePackage(), pkgName=com.hermescourier.android.debug, ret=false
04-21 13:41:18.726  2398  2900 D SGM:FgCheckThread: noteResumeComponent(), received pkgName: com.hermescourier.android.debug, userId: 0
04-21 13:41:18.726  2398  3615 D SGM:FgCheckThread: onLooperPrepared(), msg: MSG_APP_RESUME, pkgName: com.hermescourier.android.debug, userid: 0
04-21 13:41:18.727  6772  6840 I SDHMS:k : handleResumeComponent : put = com.hermescourier.android.debug, userid = 0 instanceid =246613791
04-21 13:41:19.133  2398  4312 D CoreBackPreview: Window{7d26c5d u0 com.hermescourier.android.debug/com.hermescourier.android.MainActivity}: Setting back callback OnBackInvokedCallbackInfo{mCallback=android.window.IOnBackInvokedCallback$Stub$Proxy@af23dd, mPriority=0, mIsAnimationCallback=false, mOverrideBehavior=0}
04-21 13:41:19.322  2398  5533 D WindowManager: makeSurface duration=1 name=com.hermescourier.android.debug/com.hermescourier.android.MainActivity$_14194
04-21 13:41:19.322  2398  5533 D WindowManager: Changing focus from null to Window{7d26c5d u0 com.hermescourier.android.debug/com.hermescourier.android.MainActivity} displayId=0 Callers=com.android.server.wm.WindowManagerService.relayoutWindow:1411 com.android.server.wm.Session.relayout:27 android.view.IWindowSession$Stub.onTransact:829 com.android.server.wm.Session.onTransact:1 
04-21 13:41:19.323  2398  5533 D InsetsSourceProvider: updateControlForTarget: control=InsetsSourceControl: {45910001 mType=navigationBars initiallyVisible mSurfacePosition=Point(0, 2394) mInsetsHint=Insets{left=0, top=0, right=0, bottom=39}}, target=Window{7d26c5d u0 com.hermescourier.android.debug/com.hermescourier.android.MainActivity}, from=com.android.server.wm.InsetsStateController.onControlTargetChanged:83 com.android.server.wm.InsetsPolicy.updateBarControlTarget:188 com.android.server.wm.DisplayPolicy.updateSystemBarAttributes:250 com.android.server.wm.WindowManagerService.updateFocusedWindowLocked:372 com.android.server.wm.WindowManagerService.relayoutWindow:1411 
04-21 13:41:19.323  2398  5533 D InsetsSourceProvider: updateControlForTarget: control=InsetsSourceControl: {fbc60000 mType=statusBars initiallyVisible mSurfacePosition=Point(0, 0) mInsetsHint=Insets{left=0, top=110, right=0, bottom=0}}, target=Window{7d26c5d u0 com.hermescourier.android.debug/com.hermescourier.android.MainActivity}, from=com.android.server.wm.InsetsStateController.onControlTargetChanged:83 com.android.server.wm.InsetsPolicy.updateBarControlTarget:175 com.android.server.wm.DisplayPolicy.updateSystemBarAttributes:250 com.android.server.wm.WindowManagerService.updateFocusedWindowLocked:372 com.android.server.wm.WindowManagerService.relayoutWindow:1411 
04-21 13:41:19.323  2398  5533 D InsetsSourceProvider: updateControlForTarget: control=InsetsSourceControl: {9b490001 mType=navigationBars initiallyVisible mSurfacePosition=Point(0, 1608) mInsetsHint=Insets{left=0, top=0, right=0, bottom=31}}, target=Window{7d26c5d u0 com.hermescourier.android.debug/com.hermescourier.android.MainActivity}, from=com.android.server.wm.InsetsStateController.onControlTargetChanged:83 com.android.server.wm.InsetsPolicy.updateBarControlTarget:188 com.android.server.wm.DisplayPolicy.updateSystemBarAttributes:250 com.android.server.wm.WindowManagerService.updateFocusedWindowLocked:372 com.android.server.wm.WindowManagerService.relayoutWindow:1411 
04-21 13:41:19.323  2398  5533 V SystemKeyManager: updateFocusedWindow() is called, com.hermescourier.android.debug/com.hermescourier.android.MainActivity
04-21 13:41:19.333  2398  2901 I WindowManager: notifyInsetsControlChanged, removed=false, win=Window{cc3de96 u0 Splash Screen com.hermescourier.android.debug}, caller=com.android.server.wm.InsetsStateController$$ExternalSyntheticLambda1.run:137 com.android.server.wm.WindowAnimator$$ExternalSyntheticLambda2.onTransactionCommitted:26 android.view.SurfaceControl$Transaction$$ExternalSyntheticLambda4.run:0 android.os.Handler.handleCallback:995 android.os.Handler.dispatchMessage:103 android.os.Looper.loopOnce:273 
04-21 13:41:19.388  2398  3243 D WindowManager: finishDrawingWindow: Window{7d26c5d u0 com.hermescourier.android.debug/com.hermescourier.android.MainActivity} mDrawState=DRAW_PENDING seqId=0
04-21 13:41:19.388  2398  2901 V WindowManager: Finish starting ActivityRecord{60309721 u0 com.hermescourier.android.debug/com.hermescourier.android.MainActivity t8498}: first real window is shown, no animation
04-21 13:41:19.389  2398  2901 V WindowManager: Schedule remove starting ActivityRecord{60309721 u0 com.hermescourier.android.debug/com.hermescourier.android.MainActivity t8498} startingWindow=Window{cc3de96 u0 Splash Screen com.hermescourier.android.debug} animate=true Callers=com.android.server.wm.ActivityRecord.removeStartingWindow:178 com.android.server.wm.WindowState.performShowLocked:155 com.android.server.wm.WindowStateAnimator.commitFinishDrawingLocked:73 com.android.server.wm.DisplayContent$$ExternalSyntheticLambda1.accept$com$android$server$wm$DisplayContent$$ExternalSyntheticLambda37:23 com.android.server.wm.DisplayContent$$ExternalSyntheticLambda1.accept:155 
04-21 13:41:19.389  2398  2901 D TaskOrganizerController: applyStartingWindowAnimation, window=Window{7d26c5d u0 com.hermescourier.android.debug/com.hermescourier.android.MainActivity}, caller=com.android.server.wm.TaskOrganizerController.removeStartingWindow:132 com.android.server.wm.StartingSurfaceController$StartingSurface.remove:23 com.android.server.wm.ActivityRecord.removeStartingWindowAnimation:171 
04-21 13:41:19.389  2398  2901 I WindowManager: Reparenting to leash, surface=Surface(name=7d26c5d com.hermescourier.android.debug/com.hermescourier.android.MainActivity)/@0x5ada9cf, leashParent=Surface(name=ActivityRecord{60309721 u0 com.hermescourier.android.debug/com.hermescourier.android.MainActivity t8498})/@0x9c88f5c
04-21 13:41:19.389  2398  2901 D WindowManager: makeSurface duration=0 leash=Surface(name=Surface(name=7d26c5d com.hermescourier.android.debug/com.hermescourier.android.MainActivity)/@0x5ada9cf - animation-leash of starting_reveal)/@0x33b4265
04-21 13:41:19.389  2398  2901 V WindowManager: performShowLocked: mDrawState=HAS_DRAWN in Window{7d26c5d u0 com.hermescourier.android.debug/com.hermescourier.android.MainActivity}
04-21 13:41:19.394  2398  2890 I Pageboost: Launch time gathered : pid 14194 com.hermescourier.android.debug 1168
04-21 13:41:19.451  2398  4679 D CoreBackPreview: Window{cc3de96 u0 Splash Screen com.hermescourier.android.debug}: Setting back callback null
04-21 13:41:19.452  2398  4679 D WindowManager: Starting window removed Window{cc3de96 u0 Splash Screen com.hermescourier.android.debug}
04-21 13:41:19.452  2398  4679 I WindowManager: Cancelling animation restarting=false, leash=Surface(name=Surface(name=7d26c5d com.hermescourier.android.debug/com.hermescourier.android.MainActivity)/@0x5ada9cf - animation-leash of starting_reveal)/@0x33b4265
04-21 13:41:19.452  2398  4679 I WindowManager: Reparenting to original parent: Surface(name=ActivityRecord{60309721 u0 com.hermescourier.android.debug/com.hermescourier.android.MainActivity t8498})/@0x9c88f5c, destroy=false, surface=Surface(name=7d26c5d com.hermescourier.android.debug/com.hermescourier.android.MainActivity)/@0x5ada9cf
04-21 13:41:19.452  2398  4679 V WindowManager: Remove Window{cc3de96 u0 Splash Screen com.hermescourier.android.debug}: mSurfaceControl=Surface(name=Splash Screen com.hermescourier.android.debug$_4013)/@0xffd4548 mAnimatingExit=false mRemoveOnExit=false mHasSurface=true surfaceShowing=true animating=false app-animation=false callers=com.android.server.wm.Session.remove:16 android.view.IWindowSession$Stub.onTransact:804 com.android.server.wm.Session.onTransact:1 android.os.Binder.execTransactInternal:1462 android.os.Binder.execTransact:1401 <bottom of call stack> 
04-21 13:41:19.458  2398  2900 D SGM:FgCheckThread: getForegroundApp(), foregroundPkgName=com.hermescourier.android.debug
04-21 13:41:19.465 29106 29106 D ActivityThread: Package [com.hermescourier.android.debug] reported as REPLACED, but missing application info. Assuming REMOVED.
04-21 13:41:19.466 29106 29106 D ActivityThread: Package [com.hermescourier.android.debug] reported as REPLACED, but missing application info. Assuming REMOVED.
04-21 13:41:19.468  2398  2891 D SGM:GameManager: identifyForegroundApp. com.hermescourier.android.debug, mCurrentUserId: 0, callerUserId: 0
04-21 13:41:19.469  2398  2891 D SGM:GameManager: identifyForegroundApp. com.hermescourier.android.debug, mCurrentUserId: 0, callerUserId: 0
04-21 13:41:19.599  2398  3747 D MdnieScenarioControlService:  packageName : com.hermescourier.android.debug    className : com.hermescourier.android.MainActivity
04-21 13:41:19.697  2398  5592 D InsetsSourceProvider: updateControlForTarget: control=InsetsSourceControl: {3 mType=ime mSurfacePosition=Point(0, 110) mInsetsHint=Insets{left=0, top=0, right=0, bottom=1056}}, target=Window{7d26c5d u0 com.hermescourier.android.debug/com.hermescourier.android.MainActivity}, from=com.android.server.wm.ImeInsetsSourceProvider.updateControlForTarget:17 com.android.server.wm.InsetsStateController.onControlTargetChanged:83 com.android.server.wm.DisplayContent.updateImeControlTarget:21 com.android.server.wm.DisplayContent.updateImeInputAndControlTarget:156 com.android.server.wm.WindowManagerService$LocalService.updateInputMethodTargetWindow:64 
04-21 13:41:23.436 15173 15173 D ActivityThread: Package [com.hermescourier.android.debug] reported as REPLACED, but missing application info. Assuming REMOVED.
04-21 13:41:23.436 15173 15173 D ActivityThread: Package [com.hermescourier.android.debug] reported as REPLACED, but missing application info. Assuming REMOVED.
04-21 13:42:27.992  2398  5619 D WindowManager: updateSystemBarAttributes: displayId=0, focusedCanBeNavColorWin=false, win=Window{7d26c5d u0 com.hermescourier.android.debug/com.hermescourier.android.MainActivity}, navColorWin=Window{7d26c5d u0 com.hermescourier.android.debug/com.hermescourier.android.MainActivity}, caller=com.android.server.wm.InsetsStateController.onRequestedVisibleTypesChanged:86 com.android.server.wm.InsetsPolicy.onRequestedVisibleTypesChanged:3 com.android.server.wm.Session.updateRequestedVisibleTypes:37 
04-21 13:42:28.163  2398  3242 D CoreBackPreview: Window{7d26c5d u0 com.hermescourier.android.debug/com.hermescourier.android.MainActivity}: Setting back callback OnBackInvokedCallbackInfo{mCallback=android.window.IOnBackInvokedCallback$Stub$Proxy@28d4b9b, mPriority=0, mIsAnimationCallback=true, mOverrideBehavior=0}
04-21 13:42:28.176  2398  2901 D InsetsSourceProvider: updateVisibility: serverVisible=true, clientVisible=true, source=InsetsSource: {3 mType=ime mFrame=[0,1464][1080,2520] mVisible=true mFlags= mSideHint=BOTTOM mBoundingRects=null}, controlTarget=Window{7d26c5d u0 com.hermescourier.android.debug/com.hermescourier.android.MainActivity}, from=com.android.server.wm.ImeInsetsSourceProvider.updateVisibility:7 com.android.server.wm.InsetsSourceProvider.setServerVisible:6 com.android.server.wm.ImeInsetsSourceProvider.setServerVisible:75 com.android.server.wm.InsetsSourceProvider.onPostLayout:30 com.android.server.wm.ImeInsetsSourceProvider.onPostLayout:3 com.android.server.wm.InsetsStateController.onPostLayout:26 com.android.server.wm.RootWindowContainer.applySurfaceChangesTransaction$1:203 com.android.server.wm.RootWindowContainer.performSurfacePlacementNoTrace:86 com.android.server.wm.WindowSurfacePlacer.performSurfacePlacement:166 com.android.server.wm.WindowSurfacePlacer$Traverser.run:14 
04-21 13:44:03.450  2398  4277 D CoreBackPreview: startBackNavigation currentTask=Task{a03872d #8498 type=standard A=11018:com.hermescourier.android.debug}, topRunningActivity=ActivityRecord{60309721 u0 com.hermescourier.android.debug/com.hermescourier.android.MainActivity t8498}, callbackInfo=OnBackInvokedCallbackInfo{mCallback=android.window.IOnBackInvokedCallback$Stub$Proxy@28d4b9b, mPriority=0, mIsAnimationCallback=true, mOverrideBehavior=0}, currentFocus=Window{7d26c5d u0 com.hermescourier.android.debug/com.hermescourier.android.MainActivity}
04-21 13:44:03.619  2398  4277 D CoreBackPreview: Window{7d26c5d u0 com.hermescourier.android.debug/com.hermescourier.android.MainActivity}: Setting back callback OnBackInvokedCallbackInfo{mCallback=android.window.IOnBackInvokedCallback$Stub$Proxy@9a83540, mPriority=0, mIsAnimationCallback=false, mOverrideBehavior=0}
04-21 13:44:03.915  2398  4113 D InsetsSourceProvider: updateVisibility: serverVisible=true, clientVisible=false, source=InsetsSource: {3 mType=ime mFrame=[0,1464][1080,2520] mVisible=false mFlags= mSideHint=BOTTOM mBoundingRects=null}, controlTarget=Window{7d26c5d u0 com.hermescourier.android.debug/com.hermescourier.android.MainActivity}, from=com.android.server.wm.ImeInsetsSourceProvider.updateVisibility:7 com.android.server.wm.InsetsSourceProvider.setClientVisible:8 com.android.server.wm.ImeInsetsSourceProvider.setClientVisible:17 com.android.server.wm.InsetsSourceProvider.updateClientVisibility:20 com.android.server.wm.ImeInsetsSourceProvider.updateClientVisibility:142 com.android.server.wm.InsetsStateController.onRequestedVisibleTypesChanged:44 com.android.server.wm.InsetsPolicy.onRequestedVisibleTypesChanged:3 com.android.server.wm.Session.updateRequestedVisibleTypes:37 android.view.IWindowSession$Stub.onTransact:1188 com.android.server.wm.Session.onTransact:1 
04-21 13:44:03.916  2398  4113 D InsetsSourceProvider: updateControlForTarget: control=InsetsSourceControl: {45910001 mType=navigationBars initiallyVisible mSurfacePosition=Point(0, 2394) mInsetsHint=Insets{left=0, top=0, right=0, bottom=39}}, target=Window{7d26c5d u0 com.hermescourier.android.debug/com.hermescourier.android.MainActivity}, from=com.android.server.wm.InsetsStateController.onControlTargetChanged:83 com.android.server.wm.InsetsPolicy.updateBarControlTarget:188 com.android.server.wm.DisplayPolicy.updateSystemBarAttributes:250 com.android.server.wm.InsetsStateController.onRequestedVisibleTypesChanged:86 com.android.server.wm.InsetsPolicy.onRequestedVisibleTypesChanged:3 
04-21 13:44:03.917  2398  4113 D InsetsSourceProvider: updateControlForTarget: control=InsetsSourceControl: {9b490001 mType=navigationBars initiallyVisible mSurfacePosition=Point(0, 1608) mInsetsHint=Insets{left=0, top=0, right=0, bottom=31}}, target=Window{7d26c5d u0 com.hermescourier.android.debug/com.hermescourier.android.MainActivity}, from=com.android.server.wm.InsetsStateController.onControlTargetChanged:83 com.android.server.wm.InsetsPolicy.updateBarControlTarget:188 com.android.server.wm.DisplayPolicy.updateSystemBarAttributes:250 com.android.server.wm.InsetsStateController.onRequestedVisibleTypesChanged:86 com.android.server.wm.InsetsPolicy.onRequestedVisibleTypesChanged:3 
04-21 13:44:03.917  2398  4113 D WindowManager: updateSystemBarAttributes: displayId=0, focusedCanBeNavColorWin=false, win=Window{7d26c5d u0 com.hermescourier.android.debug/com.hermescourier.android.MainActivity}, navColorWin=Window{7d26c5d u0 com.hermescourier.android.debug/com.hermescourier.android.MainActivity}, caller=com.android.server.wm.InsetsStateController.onRequestedVisibleTypesChanged:86 com.android.server.wm.InsetsPolicy.onRequestedVisibleTypesChanged:3 com.android.server.wm.Session.updateRequestedVisibleTypes:37 
04-21 13:44:04.438  2398  4679 D InsetsSourceProvider: updateControlForTarget: control=InsetsSourceControl: {3 mType=ime mSurfacePosition=Point(0, 110) mInsetsHint=Insets{left=0, top=0, right=0, bottom=1056}}, target=Window{7d26c5d u0 com.hermescourier.android.debug/com.hermescourier.android.MainActivity}, from=com.android.server.wm.ImeInsetsSourceProvider.updateControlForTarget:17 com.android.server.wm.ImeInsetsSourceProvider.setServerVisible:68 com.android.server.wm.InsetsSourceProvider.onPostLayout:30 com.android.server.wm.ImeInsetsSourceProvider.onPostLayout:3 com.android.server.wm.InsetsStateController.onPostLayout:26 
04-21 13:44:08.241  2398  2494 D CoreBackPreview: startBackNavigation currentTask=Task{a03872d #8498 type=standard A=11018:com.hermescourier.android.debug}, topRunningActivity=ActivityRecord{60309721 u0 com.hermescourier.android.debug/com.hermescourier.android.MainActivity t8498}, callbackInfo=OnBackInvokedCallbackInfo{mCallback=android.window.IOnBackInvokedCallback$Stub$Proxy@9a83540, mPriority=0, mIsAnimationCallback=false, mOverrideBehavior=0}, currentFocus=Window{7d26c5d u0 com.hermescourier.android.debug/com.hermescourier.android.MainActivity}
04-21 13:44:08.275  2398  2891 D WindowManager: requestTransientBars: swipeTarget=Window{ee68606 u0 NavigationBar0}, controlTarget=Window{7d26c5d u0 com.hermescourier.android.debug/com.hermescourier.android.MainActivity}, canShowTransient=false, restorePositionTypes=0x3, from=com.android.server.wm.DisplayPolicy$1.onSwipeFromLeft:81 com.android.server.wm.SystemGesturesPointerEventListener.onPointerEvent:561 
04-21 13:44:12.142  2398  4916 D WindowManager: updateSystemBarAttributes: displayId=0, focusedCanBeNavColorWin=false, win=Window{7d26c5d u0 com.hermescourier.android.debug/com.hermescourier.android.MainActivity}, navColorWin=Window{7d26c5d u0 com.hermescourier.android.debug/com.hermescourier.android.MainActivity}, caller=com.android.server.wm.InsetsStateController.onRequestedVisibleTypesChanged:86 com.android.server.wm.InsetsPolicy.onRequestedVisibleTypesChanged:3 com.android.server.wm.Session.updateRequestedVisibleTypes:37 
04-21 13:44:12.184  2398  4916 D CoreBackPreview: Window{7d26c5d u0 com.hermescourier.android.debug/com.hermescourier.android.MainActivity}: Setting back callback OnBackInvokedCallbackInfo{mCallback=android.window.IOnBackInvokedCallback$Stub$Proxy@7fbebc6, mPriority=0, mIsAnimationCallback=true, mOverrideBehavior=0}
04-21 13:44:12.212  2398  2901 D InsetsSourceProvider: updateVisibility: serverVisible=true, clientVisible=true, source=InsetsSource: {3 mType=ime mFrame=[0,1464][1080,2520] mVisible=true mFlags= mSideHint=BOTTOM mBoundingRects=null}, controlTarget=Window{7d26c5d u0 com.hermescourier.android.debug/com.hermescourier.android.MainActivity}, from=com.android.server.wm.ImeInsetsSourceProvider.updateVisibility:7 com.android.server.wm.InsetsSourceProvider.setServerVisible:6 com.android.server.wm.ImeInsetsSourceProvider.setServerVisible:75 com.android.server.wm.InsetsSourceProvider.onPostLayout:30 com.android.server.wm.ImeInsetsSourceProvider.onPostLayout:3 com.android.server.wm.InsetsStateController.onPostLayout:26 com.android.server.wm.RootWindowContainer.applySurfaceChangesTransaction$1:203 com.android.server.wm.RootWindowContainer.performSurfacePlacementNoTrace:86 com.android.server.wm.WindowSurfacePlacer.performSurfacePlacement:166 com.android.server.wm.WindowSurfacePlacer$Traverser.run:14 
04-21 13:44:13.656  1030  1030 D io_stats: !@ Read_top(KB): soft.macrodroid:low(6294) 44 .gms.persistent:high(22520) 28 r.android.debug:top(14194) 24
04-21 13:44:17.904  2398  4113 D CoreBackPreview: Window{7d26c5d u0 com.hermescourier.android.debug/com.hermescourier.android.MainActivity}: Setting back callback OnBackInvokedCallbackInfo{mCallback=android.window.IOnBackInvokedCallback$Stub$Proxy@4d94d8f, mPriority=0, mIsAnimationCallback=false, mOverrideBehavior=0}
04-21 13:44:18.234  2398  4113 D InsetsSourceProvider: updateVisibility: serverVisible=true, clientVisible=false, source=InsetsSource: {3 mType=ime mFrame=[0,1692][1080,2520] mVisible=false mFlags= mSideHint=BOTTOM mBoundingRects=null}, controlTarget=Window{7d26c5d u0 com.hermescourier.android.debug/com.hermescourier.android.MainActivity}, from=com.android.server.wm.ImeInsetsSourceProvider.updateVisibility:7 com.android.server.wm.InsetsSourceProvider.setClientVisible:8 com.android.server.wm.ImeInsetsSourceProvider.setClientVisible:17 com.android.server.wm.InsetsSourceProvider.updateClientVisibility:20 com.android.server.wm.ImeInsetsSourceProvider.updateClientVisibility:142 com.android.server.wm.InsetsStateController.onRequestedVisibleTypesChanged:44 com.android.server.wm.InsetsPolicy.onRequestedVisibleTypesChanged:3 com.android.server.wm.Session.updateRequestedVisibleTypes:37 android.view.IWindowSession$Stub.onTransact:1188 com.android.server.wm.Session.onTransact:1 
04-21 13:44:18.237  2398  4113 D InsetsSourceProvider: updateControlForTarget: control=InsetsSourceControl: {45910001 mType=navigationBars initiallyVisible mSurfacePosition=Point(0, 2394) mInsetsHint=Insets{left=0, top=0, right=0, bottom=39}}, target=Window{7d26c5d u0 com.hermescourier.android.debug/com.hermescourier.android.MainActivity}, from=com.android.server.wm.InsetsStateController.onControlTargetChanged:83 com.android.server.wm.InsetsPolicy.updateBarControlTarget:188 com.android.server.wm.DisplayPolicy.updateSystemBarAttributes:250 com.android.server.wm.InsetsStateController.onRequestedVisibleTypesChanged:86 com.android.server.wm.InsetsPolicy.onRequestedVisibleTypesChanged:3 
04-21 13:44:18.237  2398  4113 D InsetsSourceProvider: updateControlForTarget: control=InsetsSourceControl: {9b490001 mType=navigationBars initiallyVisible mSurfacePosition=Point(0, 1608) mInsetsHint=Insets{left=0, top=0, right=0, bottom=31}}, target=Window{7d26c5d u0 com.hermescourier.android.debug/com.hermescourier.android.MainActivity}, from=com.android.server.wm.InsetsStateController.onControlTargetChanged:83 com.android.server.wm.InsetsPolicy.updateBarControlTarget:188 com.android.server.wm.DisplayPolicy.updateSystemBarAttributes:250 com.android.server.wm.InsetsStateController.onRequestedVisibleTypesChanged:86 com.android.server.wm.InsetsPolicy.onRequestedVisibleTypesChanged:3 
04-21 13:44:18.238  2398  4113 D WindowManager: updateSystemBarAttributes: displayId=0, focusedCanBeNavColorWin=false, win=Window{7d26c5d u0 com.hermescourier.android.debug/com.hermescourier.android.MainActivity}, navColorWin=Window{7d26c5d u0 com.hermescourier.android.debug/com.hermescourier.android.MainActivity}, caller=com.android.server.wm.InsetsStateController.onRequestedVisibleTypesChanged:86 com.android.server.wm.InsetsPolicy.onRequestedVisibleTypesChanged:3 com.android.server.wm.Session.updateRequestedVisibleTypes:37 
04-21 13:44:18.770  2398  6897 D InsetsSourceProvider: updateControlForTarget: control=InsetsSourceControl: {3 mType=ime mSurfacePosition=Point(0, 110) mInsetsHint=Insets{left=0, top=0, right=0, bottom=828}}, target=Window{7d26c5d u0 com.hermescourier.android.debug/com.hermescourier.android.MainActivity}, from=com.android.server.wm.ImeInsetsSourceProvider.updateControlForTarget:17 com.android.server.wm.ImeInsetsSourceProvider.setServerVisible:68 com.android.server.wm.InsetsSourceProvider.onPostLayout:30 com.android.server.wm.ImeInsetsSourceProvider.onPostLayout:3 com.android.server.wm.InsetsStateController.onPostLayout:26 
04-21 13:50:30.392 17780 17780 D ActivityThread: Package [com.hermescourier.android.debug] reported as REPLACED, but missing application info. Assuming REMOVED.
04-21 13:50:30.392 17780 17780 D ActivityThread: Package [com.hermescourier.android.debug] reported as REPLACED, but missing application info. Assuming REMOVED.
04-21 13:54:48.786  2398  6884 V WindowManager: Transition 5817: Set Task{a03872d #8498 type=standard A=11018:com.hermescourier.android.debug} as transient-hidden-task, caller=com.android.server.wm.Task.forAllTasks:4 com.android.server.wm.WindowContainer.forAllTasks:2 com.android.server.wm.DisplayArea.forAllTasks:9 
04-21 13:54:48.786  2398  6884 V WindowManager: Collecting in transition 5817: Task{a03872d #8498 type=standard A=11018:com.hermescourier.android.debug}, caller=com.android.server.wm.Transition$$ExternalSyntheticLambda19.test:119 com.android.server.wm.Task.forAllTasks:4 com.android.server.wm.WindowContainer.forAllTasks:2 com.android.server.wm.DisplayArea.forAllTasks:9 com.android.server.wm.Transition.setTransientLaunch:138 
