04-21 14:03:09.022  2398  6897 V WindowManager: Collecting in transition 5821: ActivityRecord{232045585 u0 com.hermescourier.android.debug/com.hermescourier.android.MainActivity t8499}, caller=com.android.server.wm.TransitionController.collect:7 com.android.server.wm.ActivityRecord.setVisibility:132 com.android.server.wm.EnsureActivitiesVisibleHelper.setActivityVisibilityState:221 com.android.server.wm.EnsureActivitiesVisibleHelper.process:281 com.android.server.wm.TaskFragment.updateActivityVisibilities:12 
04-21 14:03:09.024  2398  6897 D SurfaceComposerClient: setCornerRadius ## e50c3ac Splash Screen com.hermescourier.android.debug#95995 cornerRadius=0.000000
04-21 14:03:09.025  4658  9163 I SearchEngineAppSuggestion: package changed: com.hermescourier.android.debug
04-21 14:03:09.068   549   549 I AccountReloadObserver: [C] received action: android.intent.action.PACKAGE_REMOVED, dat: package:com.hermescourier.android.debug
04-21 14:03:09.068   549   549 I AccountReloadObserver: [C] received action: android.intent.action.PACKAGE_ADDED, dat: package:com.hermescourier.android.debug
04-21 14:03:09.068  6667  5992 D MediaProvider: Deleted 0 Android/media items belonging to com.hermescourier.android.debug on /data/user/0/com.google.android.providers.media.module/databases/external.db
04-21 14:03:09.077  9004  9131 I Routine@Core[4.9.06.0]: MetadataLoadManager: collect: com.hermescourier.android.debug
04-21 14:03:09.077  9004  9131 I Routine@Core[4.9.06.0]: MetadataLoadManager: collectWithCollectors - Collect Start! package = com.hermescourier.android.debug
04-21 14:03:09.084  9004  9131 I Routine@Core[4.9.06.0]: WatchMetaDataCollector: collect - packageName :com.hermescourier.android.debug
04-21 14:03:09.090  4658  9163 I HoneySpace.SuggestAppDecor: getInstaller: com.hermescourier.android.debug [null]
04-21 14:03:09.096  6667  5992 I FuseDaemon: Successfully deleted rows in leveldb for owner_id:  and ownerPackageIdentifier: com.hermescourier.android.debug::0
04-21 14:03:09.097  2398  6927 D SGM:GameManager: identifyGamePackage. com.hermescourier.android.debug, mCurrentUserId: 0, callingMethodInfo: com.samsung.android.game.IGameManagerService$Stub.onTransact(IGameManagerService.java:232)
04-21 14:03:09.102  6667  5992 D MediaGrants: Removed 0 media_grants for 0 user for [com.hermescourier.android.debug, com.hermescourier.android.debug]. Reason: Package orphaned
04-21 14:03:09.112 31060  8838 D PackageIntentOpWorker: doWork: com.hermescourier.android.debug clearing.
04-21 14:03:09.116  2398  4277 D SurfaceComposerClient: setCornerRadius ## e50c3ac Splash Screen com.hermescourier.android.debug#95995 cornerRadius=0.000000
04-21 14:03:09.116  2398  4277 D SurfaceComposerClient: setCornerRadius ## e50c3ac Splash Screen com.hermescourier.android.debug#95995 cornerRadius=0.000000
04-21 14:03:09.118  2398  4277 D WindowManager: rotationForOrientation, orientationSource=ActivityRecord{232045585 u0 com.hermescourier.android.debug/com.hermescourier.android.MainActivity t8499}
04-21 14:03:09.140 31060  8838 D PackageIntentOpWorker: doWork: com.hermescourier.android.debug cleared.
04-21 14:03:09.165  2398  3747 D MdnieScenarioControlService:  packageName : com.hermescourier.android.debug    className : com.hermescourier.android.MainActivity
04-21 14:03:09.237  9004  9131 I Routine@Core[4.9.06.0]: MetadataLoadManager: doPostCollectionTasks - packageName:com.hermescourier.android.debug
04-21 14:03:09.357  5969  5969 D nativeloader: Configuring clns-9 for other apk /data/app/~~Vh2Yi4XcUqtR2FZUk89u8g==/com.hermescourier.android.debug-jKf5kuZWKJRqykdss_PvXg==/base.apk. target_sdk_version=34, uses_libraries=, library_path=/data/app/~~Vh2Yi4XcUqtR2FZUk89u8g==/com.hermescourier.android.debug-jKf5kuZWKJRqykdss_PvXg==/lib/arm64:/data/app/~~Vh2Yi4XcUqtR2FZUk89u8g==/com.hermescourier.android.debug-jKf5kuZWKJRqykdss_PvXg==/base.apk!/lib/arm64-v8a, permitted_path=/data:/mnt/expand:/data/user/0/com.hermescourier.android.debug
04-21 14:03:09.363  5969  5969 V GraphicsEnvironment: com.hermescourier.android.debug is not listed in per-application setting
04-21 14:03:09.363  5969  5969 V GraphicsEnvironment: com.hermescourier.android.debug is not listed in ANGLE allowlist or settings, returning default
04-21 14:03:09.398  2398  6910 D SurfaceComposerClient: setCornerRadius ## e50c3ac Splash Screen com.hermescourier.android.debug#95995 cornerRadius=0.000000
04-21 14:03:09.398  2398  6910 D SurfaceComposerClient: setCornerRadius ## e50c3ac Splash Screen com.hermescourier.android.debug#95995 cornerRadius=0.000000
04-21 14:03:09.418  2398  4277 V WindowManager: Collecting in transition 5821: ActivityRecord{232045585 u0 com.hermescourier.android.debug/com.hermescourier.android.MainActivity t8499}, caller=com.android.server.wm.TransitionController.collect:7 com.android.server.wm.ActivityRecord.setVisibility:132 com.android.server.wm.ActivityTaskSupervisor.realStartActivityLocked:222 com.android.server.wm.RootWindowContainer.attachApplication:92 com.android.server.wm.ActivityTaskManagerService$LocalService.attachApplication:41 
04-21 14:03:09.419  2398  4277 D SGM:FgCheckThread: notifyAppCreated(), packageName: com.hermescourier.android.debug, userId: 0, sendRet: true
04-21 14:03:09.419  2398  3615 D SGM:FgCheckThread: onLooperPrepared(), msg: MSG_APP_CREATE, pkgName: com.hermescourier.android.debug, userId: 0
04-21 14:03:09.419  2398  4277 D SGM:FgCheckThread:   sendRunningComponentFocus(), pkgName: com.hermescourier.android.debug, userId: 0
04-21 14:03:09.419  2398  3615 D SGM:FgCheckThread: onLooperPrepared(), msg: MSG_TASK_FOCUSED, pkgName: com.hermescourier.android.debug, userId: 0
04-21 14:03:09.419  2398  3615 D SGM:FgCheckThread:   handleTaskFocused(), pkgName: com.hermescourier.android.debug, userID:0
04-21 14:03:09.419  2398  4277 D InputDispatcher: Focused application(0): ActivityRecord{232045585 u0 com.hermescourier.android.debug/com.hermescourier.android.MainActivity t8499}
04-21 14:03:09.420  2398  3615 D SGM:FgCheckThread:   handleResume(). pkgName: com.hermescourier.android.debug, userId: 0, category: non-game
04-21 14:03:09.420  2398  3615 D SGM:FgCheckThread: notifyFocusInOut(). of pkg: com.hermescourier.android.debug, type: 4, isSecGameFamily: false, userId: 0
04-21 14:03:09.420  2398  4277 D ActivityTaskManager: scheduleTopResumedActivityChanged, onTop=true, r=ActivityRecord{232045585 u0 com.hermescourier.android.debug/com.hermescourier.android.MainActivity t8499}, caller=com.android.server.wm.ActivityTaskSupervisor.scheduleTopResumedActivityStateIfNeeded:18 com.android.server.wm.ActivityTaskSupervisor.updateTopResumedActivityIfNeeded:52 com.android.server.wm.TaskFragment.setResumedActivity:75 com.android.server.wm.ActivityRecord.setState:116 com.android.server.wm.ActivityTaskSupervisor.realStartActivityLocked:497 com.android.server.wm.RootWindowContainer.attachApplication:92 
04-21 14:03:09.420  2398  4277 D WindowManagerServiceExt: updateTaskbarTargetIfNeeded: cn=ComponentInfo{com.hermescourier.android.debug/com.hermescourier.android.MainActivity} occludesParent=true isInSplitScreenMode=false
04-21 14:03:09.421  4013  4013 I {OngoingActivityController}: onTaskFocusChanged focused:true, baseActivity:ComponentInfo{com.hermescourier.android.debug/com.hermescourier.android.MainActivity}
04-21 14:03:09.421  4013  4013 I {OngoingActivityDataHelper}: setBaseActivityComponentName:ComponentInfo{com.hermescourier.android.debug/com.hermescourier.android.MainActivity}
04-21 14:03:09.421  2398  2901 D SurfaceComposerClient: setCornerRadius ## e50c3ac Splash Screen com.hermescourier.android.debug#95995 cornerRadius=0.000000
04-21 14:03:09.421  4013  4013 D {OngoingActivityDataHelper}: shouldHide() return false. baseActivityComponentName:ComponentInfo{com.hermescourier.android.debug/com.hermescourier.android.MainActivity}, intent.component:ComponentInfo{org.kde.kdeconnect_tp/org.kde.kdeconnect.plugins.mpris.MprisActivity}, basePackageName:com.hermescourier.android.debug, intent.creatorPackage:org.kde.kdeconnect_tp, pipEnabledComponentNameList:[]
04-21 14:03:09.421  2398  2901 D SurfaceComposerClient: setCornerRadius ## e50c3ac Splash Screen com.hermescourier.android.debug#95995 cornerRadius=0.000000
04-21 14:03:09.422  2398  2901 V WindowManager: performShowLocked: mDrawState=HAS_DRAWN in Window{e50c3ac u0 Splash Screen com.hermescourier.android.debug}
04-21 14:03:09.422  2398  2901 D ChangeTransitionController:    ChangeInfo{1c7394e container=Task{138084d #8499 type=standard A=11018:com.hermescourier.android.debug} flags=0x0}
04-21 14:03:09.422  2398  2901 D ChangeTransitionController:    ChangeInfo{20af405 container=ActivityRecord{232045585 u0 com.hermescourier.android.debug/com.hermescourier.android.MainActivity t8499} flags=0x0}
04-21 14:03:09.422  2398  2901 V WindowManager: Start calculating TransitionInfo based on participants: {Task{138084d #8499 type=standard A=11018:com.hermescourier.android.debug}, ActivityRecord{74026359 u0 com.teslamotors.tesla/com.teslamotors.TeslaApp.MainActivity t8375}, ActivityRecord{232045585 u0 com.hermescourier.android.debug/com.hermescourier.android.MainActivity t8499}}
04-21 14:03:09.422  2398  2901 V WindowManager:   Final targets: [ChangeInfo{1c7394e container=Task{138084d #8499 type=standard A=11018:com.hermescourier.android.debug} flags=0x10}, ChangeInfo{401da84 container=Task{58eb24d #8375 type=standard A=10360:com.teslamotors.tesla} flags=0x10}]
04-21 14:03:09.424  2398  2901 I SurfaceControlRegistry: show, t=StartTransaction_SyncId<5821> sc=ActivityRecord{232045585 u0 com.hermescourier.android.debug/com.hermescourier.android.MainActivity t8499}, caller=android.view.SurfaceControl$Transaction.show:3500 com.android.server.wm.Transition.onTransactionReady:1999 com.android.server.wm.BLASTSyncEngine$SyncGroup.finishNow:245 com.android.server.wm.BLASTSyncEngine.onSurfacePlacement:263 com.android.server.wm.RootWindowContainer.performSurfacePlacementNoTrace:1110 com.android.server.wm.WindowSurfacePlacer.performSurfacePlacement:166 
04-21 14:03:09.424  2398  2901 V WindowManager:         {WCT{RemoteToken{b409733 Task{138084d #8499 type=standard A=11018:com.hermescourier.android.debug}}} m=OPEN f=NONE leash=Surface(name=Task=8499)/@0xb76726d sb=Rect(0, 0 - 1080, 2520) eb=Rect(0, 0 - 1080, 2520) epz=Point(1080, 2520) d=0 taskParent=-1 inset=Rect(0, 110 - 0, 39) dim=true allowAppBgLayer=true},
04-21 14:03:09.427  2398  4277 D GraphicsStatsService: requestRenderEngineFor(com.hermescourier.android.debug)
04-21 14:03:09.427  5969  5969 D ActivityThread: com.hermescourier.android.debug will use render engine as VK
04-21 14:03:09.431  1931  2459 I SurfaceFlinger: id=95998 createSurf, flag=84000, a26e89b ActivityRecordInputSink com.hermescourier.android.debug/com.hermescourier.android.MainActivity#95998
04-21 14:03:09.432  2398  2890 V WindowManager: Sent Transition (#5821) createdAt=04-21 14:03:08.893 via request=TransitionRequestInfo { type = OPEN, triggerTask = TaskInfo{userId=0 taskId=8499 effectiveUid=11018 displayId=0 isRunning=true baseIntent=Intent { flg=0x10000000 cmp=com.hermescourier.android.debug/com.hermescourier.android.MainActivity } baseActivity=ComponentInfo{com.hermescourier.android.debug/com.hermescourier.android.MainActivity} topActivity=ComponentInfo{com.hermescourier.android.debug/com.hermescourier.android.MainActivity} origActivity=null realActivity=ComponentInfo{com.hermescourier.android.debug/com.hermescourier.android.MainActivity} numActivities=1 lastActiveTime=1601922958 supportsMultiWindow=true resizeMode=1 isResizeable=true minWidth=-1 minHeight=-1 maxWidth=-1 maxHeight=-1 defaultMinSize=220 token=WCT{RemoteToken{b409733 Task{138084d #8499 type=standard A=11018:com.hermescourier.android.debug}}} topActivityType=1 pictureInPictureParams=null shouldDockBigOverlays=false launchIntoPipHostTaskId=-1 lastParentTaskIdBeforePip=-1 displayCutoutSafeInsets=Rect(0, 110 - 0, 0) topActivityInfo=ActivityInfo{684dffa com.hermescourier.android.MainActivity} launchCookies=[] positionInParent=Point(0, 0) parentTaskId=-1 isFocused=false isVisible=false isVisibleRequested=false isTopActivityNoDisplay=false isSleeping=false locusId=null displayAreaFeatureId=1 isTopActivityTransparent=false isActivityStackTransparent=false lastNonFullscreenBounds=Rect(97, 804 - 983, 1787) capturedLink=null capturedLinkTimestamp=0 requestedVisibleTypes=-9 topActivityRequestOpenInBrowserEducationTimestamp=0 appCompatTaskInfo=AppCompatTaskInfo { topActivityInSizeCompat=false eligibleForLetterboxEducation= false isLetterboxEducationEnabled= false isLetterboxDoubleTapEnabled= false eligibleForUserAspectRatioButton= false topActivityBoundsLetterboxed= false isFromLetterboxDoubleTap= false topActivityLetterboxVerticalPosition= -1 topActivityLetterboxHorizontalPosition= -1 topActivityLetterboxWidth=-1 topActivityLetterboxHeight=-1 topActivityAppBounds=Rect(0, 110 - 1080, 2481) isUserFullscreenOverrideEnabled=false isSystemFullscreenOverrideEnabled=false hasMinAspectRatioOverride=false topActivityLetterboxBounds=null cameraCompatTaskInfo=CameraCompatTaskInfo { freeformCameraCompatMode=inactive} topActivityBounds=null topActivityInDisplayCompat=false singleTapFromLetterbox=false} topActivityMainWindowFrame=null originallySupportedMultiWindow=true hasWallpaper=false rootAffinity=11018:com.hermescourier.android.debug isTopTaskInStage=false CoverLauncherWidgetTask=false LaunchedFromAppsCoverLauncherTask=false LaunchedFromMultistarCoverLauncherTask=false isAllowedSeamlessRotation=false isTopTransparentActivity=false isAliasManaged=false hasConfigChanged=false snappingGuideBounds=null isAiKeyRemoveAppTask=false lastDesktopWindowingBounds=null lastExternalDesktopWindowingBounds=null isTopFullScreenWindow=true safeCutoutInsets=null}, pipChange = null, remoteTransition = null, displayChange = null, flags = 0, debugId = 5821 }
04-21 14:03:09.432  2398  2890 V WindowManager:         {WCT{RemoteToken{b409733 Task{138084d #8499 type=standard A=11018:com.hermescourier.android.debug}}} m=OPEN f=NONE leash=Surface(name=Task=8499)/@0xb76726d sb=Rect(0, 0 - 1080, 2520) eb=Rect(0, 0 - 1080, 2520) epz=Point(1080, 2520) d=0 taskParent=-1 inset=Rect(0, 110 - 0, 39) dim=true allowAppBgLayer=true},
04-21 14:03:09.432  2398  2900 D SGM:FgCheckThread: noteResumeComponent(), received pkgName: com.hermescourier.android.debug, userId: 0
04-21 14:03:09.433  6772  6942 I SDHMS:k : handleResumeComponent : put = com.hermescourier.android.debug, userid = 0 instanceid =267464450
04-21 14:03:09.433  2398  3615 D SGM:FgCheckThread: onLooperPrepared(), msg: MSG_APP_RESUME, pkgName: com.hermescourier.android.debug, userid: 0
04-21 14:03:09.438  1931  1931 I SurfaceFlinger: RequestedLayer [e50c3ac Splash Screen com.hermescourier.android.debug#95995] hidden!! flag  from(1) --> to(0)
04-21 14:03:09.438  1931  1931 I SurfaceFlinger: RequestedLayer [Splash Screen com.hermescourier.android.debug$_4013#95996] hidden!! flag  from(1) --> to(0)
04-21 14:03:09.438  1931  1931 I SurfaceFlinger: [a26e89b ActivityRecordInputSink com.hermescourier.android.debug/com.hermescourier.android.MainActivity#95998] attach to parent LayerHierarchy{RequestedLayerState{ActivityRecord{232045585 u0 com.hermescourier.android.debug/com.hermescourier.android.MainActivity t8499}#95994 parentId=95993} 2 children}
04-21 14:03:09.466  1931  1931 D SurfaceFlinger:        DEVICE |           17235704260463 | 00002100 | RGBA_8888    |    0.0    0.0   49.0 2520.0 | 1031    0 1080 2520 | Splash Screen com.hermescourier.android.debug$_4013#95996 (1)
04-21 14:03:09.476  5969  6053 D vulkan  : searching for layers in '/data/app/~~Vh2Yi4XcUqtR2FZUk89u8g==/com.hermescourier.android.debug-jKf5kuZWKJRqykdss_PvXg==/lib/arm64'
04-21 14:03:09.476  5969  6053 D vulkan  : searching for layers in '/data/app/~~Vh2Yi4XcUqtR2FZUk89u8g==/com.hermescourier.android.debug-jKf5kuZWKJRqykdss_PvXg==/base.apk!/lib/arm64-v8a'
04-21 14:03:09.509  1931  2440 I SurfaceFlinger: Capture layer list: 	 Splash Screen com.hermescourier.android.debug$_4013#95996(seamlessTransition:0)
04-21 14:03:09.538  1931  2459 I SurfaceFlinger: id=96001 createSurf, flag=84004, 5fd8629 com.hermescourier.android.debug/com.hermescourier.android.MainActivity#96001
04-21 14:03:09.541  5969  5969 I InsetsController: onStateChanged: host=com.hermescourier.android.debug/com.hermescourier.android.MainActivity, from=android.view.ViewRootImpl.onInsetsStateChanged:3011, state=InsetsState: {mDisplayFrame=Rect(0, 0 - 1080, 2520), mDisplayCutout=DisplayCutout{insets=Rect(0, 110 - 0, 0) waterfall=Insets{left=0, top=0, right=0, bottom=0} boundingRect={Bounds=[Rect(0, 0 - 0, 0), Rect(510, 0 - 570, 110), Rect(0, 0 - 0, 0), Rect(0, 0 - 0, 0)]} cutoutPathParserInfo={CutoutPathParserInfo{displayWidth=1080 displayHeight=2520 physicalDisplayWidth=1080 physicalDisplayHeight=2520 density={2.625} cutoutSpec={M 0,0 H -11.42857142857143 V 41.9047619047619 H 11.42857142857143 V 0 H 0 Z @dp} rotation={0} scale={1.0} physicalPixelDisplaySizeRatio={1.0}}} sideOverrides={}}, mRoundedCorners=RoundedCorners{[RoundedCorner{position=TopLeft, radius=13, center=Point(13, 13)}, RoundedCorner{position=TopRight, radius=13, center=Point(1067, 13)}, RoundedCorner{position=BottomRight, radius=13, center=Point(1067, 2507)}, RoundedCorner{position=BottomLeft, radius=13, center=Point(13, 2507)}]}  mRoundedCornerFrame=Rect(0, 0 - 1080, 2520), mPrivacyIndicatorBounds=PrivacyIndicatorBounds {static bounds=Rect(964, 0 - 1080, 110) rotation=0}, mDisplayShape=DisplayShape{ spec=-311912193 displayWidth=1080 displayHeight=2520 physicalPixelDisplaySizeRatio=1.0 rotation=0 offsetX=0 offsetY=0 scale=1.0}, mSources= { InsetsSource: {9b490004 mType=systemGestures mFrame=[0,0][0,0] mVisible=false mFlags= mSideHint=NONE mBoundingRects=null}, InsetsSource: {9b490005 mType=mandatorySystemGestures mFrame=[0,0][0,0] mVisible=false mFlags= mSideHint=NONE mBoundingRects=null}, InsetsSource: {9b490006 mType=tappableElement mFrame=[0,0][0,0] mVisible=false mFlags= mSideHint=NONE mBoundingRects=null}, InsetsSource: {9b490024 mType=systemGestures mFrame=[0,0][0,0] mVisible=false mFlags= mSideHint=NONE mBoundingRects=null}, InsetsSource: {fbc60000 mType=statusBars mFrame=[0,0][1080,110] mVisible=true mFlags= mSideHint=TOP mBoundingRects=null}, InsetsSource: {fbc60005 mType=mandatorySystemGestures mFrame=[0,0][1080,135] mVisible=true mFlags= mSideHint=TOP mBoundingRects=null}, InsetsSource: {fbc60006 mType=tappableElement mFrame=[0,0][1080,110] mVisible=true mFlags= mSideHint=TOP mBoundingRects=null}, InsetsSource: {3 mType=ime mFrame=[0,0][0,0] mVisible=false mFlags= mSideHint=NONE mBoundingRects=null}, InsetsSource: {27 mType=displayCutout mFrame=[0,0][1080,110] mVisible=true mFlags= mSideHint=TOP mBoundingRects=null}, InsetsSource: {45910001 mType=navigationBars mFrame=[0,2481][1080,2520] mVisible=true mFlags=SUPPRESS_SCRIM mSideHint=BOTTOM mBoundingRects=null}, InsetsSource: {45910004 mType=systemGestures mFrame=[0,0][78,2520] mVisible=true mFlags= mSideHint=LEFT mBoundingRects=null}, InsetsSource: {45910005 mType=mandatorySystemGestures mFrame=[0,2453][1080,2520] mVisible=true mFlags= mSideHint=BOTTOM mBoundingRects=null}, InsetsSource: {45910006 mType=tappableElement mFrame=[0,0][0,0] mVisible=true mFlags= mSideHint=NONE mBoundingRects=null}, InsetsSource: {45910024 mType=systemGestures mFrame=[1002,0][1080,2520] mVisible=true mFlags= mSideHint=RIGHT mBoundingRects=null} }
04-21 14:03:09.543  5969  5969 I IDS_TAG : Clearing training data of com.hermescourier.android.HermesCourierApplication@1b3abfb
04-21 14:03:09.543  5969  5969 I IDS_TAG : Getting Shared Preference for com.hermescourier.android.HermesCourierApplication@1b3abfb uid = 11018
04-21 14:03:09.546  1931  1931 I SurfaceFlinger: [5fd8629 com.hermescourier.android.debug/com.hermescourier.android.MainActivity#96001] attach to parent LayerHierarchy{RequestedLayerState{ActivityRecord{232045585 u0 com.hermescourier.android.debug/com.hermescourier.android.MainActivity t8499}#95994 parentId=95993} 3 children}
04-21 14:03:09.547  5969  5969 I IDS_TAG : App com.hermescourier.android.HermesCourierApplication@1b3abfb has not finished training
04-21 14:03:09.547  5969  5969 I IDS_TAG : Getting Shared Preference for com.hermescourier.android.HermesCourierApplication@1b3abfb uid = 11018
04-21 14:03:09.548  4013  8598 V FoldStarApp-Impl: onBoundsCompatPackageAppeared, mode=0, packageName=com.hermescourier.android.debug, doNotShow=false, notified=false
04-21 14:03:09.548  5969  5969 I IDS_TAG : IDS count updated to 1 for com.hermescourier.android.HermesCourierApplication@1b3abfb
04-21 14:03:09.609  1931  2440 I SurfaceFlinger: Capture layer list: 	 Splash Screen com.hermescourier.android.debug$_4013#95996(seamlessTransition:0)
04-21 14:03:09.713  5766  6018 W SQLiteLog: (28) double-quoted string literal: "com.hermescourier.android.debug"
04-21 14:03:09.714  1931  2440 I SurfaceFlinger: Capture layer list: 	 Splash Screen com.hermescourier.android.debug$_4013#95996(seamlessTransition:0)
04-21 14:03:09.783  5766  5920 I Icing   : doRemovePackageData com.hermescourier.android.debug
04-21 14:03:09.814  1931  2440 I SurfaceFlinger: Capture layer list: 	 Splash Screen com.hermescourier.android.debug$_4013#95996(seamlessTransition:0)
04-21 14:03:09.896  1931  1931 D SurfaceFlinger:        DEVICE |           17235704260463 | 00002100 | RGBA_8888    |    0.0    0.0 1080.0 2520.0 |    0    0 1080 2520 | Splash Screen com.hermescourier.android.debug$_4013#95996 (1)
04-21 14:03:09.904  2398  3242 D SurfaceComposerClient: setCornerRadius ## e50c3ac Splash Screen com.hermescourier.android.debug#95995 cornerRadius=0.000000
04-21 14:03:09.904  2398  3242 D SurfaceComposerClient: setCornerRadius ## 5fd8629 com.hermescourier.android.debug/com.hermescourier.android.MainActivity#96001 cornerRadius=0.000000
04-21 14:03:09.904  2398  3242 D InsetsSourceProvider: updateControlForTarget: control=InsetsSourceControl: {45910001 mType=navigationBars initiallyVisible mSurfacePosition=Point(0, 2394) mInsetsHint=Insets{left=0, top=0, right=0, bottom=39}}, target=Window{e50c3ac u0 Splash Screen com.hermescourier.android.debug}, from=com.android.server.wm.InsetsStateController.onControlTargetChanged:83 com.android.server.wm.InsetsPolicy.updateBarControlTarget:188 com.android.server.wm.DisplayPolicy.updateSystemBarAttributes:250 com.android.server.wm.DisplayPolicy.finishPostLayoutPolicyLw:17 com.android.server.wm.RootWindowContainer.applySurfaceChangesTransaction$1:195 
04-21 14:03:09.905  2398  3242 D InsetsSourceProvider: updateControlForTarget: control=InsetsSourceControl: {fbc60000 mType=statusBars initiallyVisible mSurfacePosition=Point(0, 0) mInsetsHint=Insets{left=0, top=110, right=0, bottom=0}}, target=Window{e50c3ac u0 Splash Screen com.hermescourier.android.debug}, from=com.android.server.wm.InsetsStateController.onControlTargetChanged:83 com.android.server.wm.InsetsPolicy.updateBarControlTarget:175 com.android.server.wm.DisplayPolicy.updateSystemBarAttributes:250 com.android.server.wm.DisplayPolicy.finishPostLayoutPolicyLw:17 com.android.server.wm.RootWindowContainer.applySurfaceChangesTransaction$1:195 
04-21 14:03:09.906  2398  3242 D InsetsSourceProvider: updateControlForTarget: control=InsetsSourceControl: {9b490001 mType=navigationBars initiallyVisible mSurfacePosition=Point(0, 1608) mInsetsHint=Insets{left=0, top=0, right=0, bottom=31}}, target=Window{e50c3ac u0 Splash Screen com.hermescourier.android.debug}, from=com.android.server.wm.InsetsStateController.onControlTargetChanged:83 com.android.server.wm.InsetsPolicy.updateBarControlTarget:188 com.android.server.wm.DisplayPolicy.updateSystemBarAttributes:250 com.android.server.wm.DisplayPolicy.finishPostLayoutPolicyLw:17 com.android.server.wm.RootWindowContainer.applySurfaceChangesTransaction$1:195 
04-21 14:03:09.906  2398  3242 D WindowManager: updateSystemBarAttributes: displayId=0, focusedCanBeNavColorWin=false, win=Window{e50c3ac u0 Splash Screen com.hermescourier.android.debug}, navColorWin=Window{e50c3ac u0 Splash Screen com.hermescourier.android.debug}, caller=com.android.server.wm.DisplayPolicy.finishPostLayoutPolicyLw:17 com.android.server.wm.RootWindowContainer.applySurfaceChangesTransaction$1:195 com.android.server.wm.RootWindowContainer.performSurfacePlacementNoTrace:86 
04-21 14:03:09.906  2398  3242 D SurfaceComposerClient: setCornerRadius ## e50c3ac Splash Screen com.hermescourier.android.debug#95995 cornerRadius=0.000000
04-21 14:03:09.906  2398  3242 D SurfaceComposerClient: setCornerRadius ## 5fd8629 com.hermescourier.android.debug/com.hermescourier.android.MainActivity#96001 cornerRadius=0.000000
04-21 14:03:09.906  2398  2492 V WindowManager:    ChangeInfo{1c7394e container=Task{138084d #8499 type=standard A=11018:com.hermescourier.android.debug} flags=0x10}
04-21 14:03:09.906  2398  2492 V WindowManager:    ChangeInfo{20af405 container=ActivityRecord{232045585 u0 com.hermescourier.android.debug/com.hermescourier.android.MainActivity t8499} flags=0x0}
04-21 14:03:09.907  2398  2492 D ChangeTransitionController:    ChangeInfo{1c7394e container=Task{138084d #8499 type=standard A=11018:com.hermescourier.android.debug} flags=0x10}
04-21 14:03:09.907  2398  2492 D ChangeTransitionController:    ChangeInfo{20af405 container=ActivityRecord{232045585 u0 com.hermescourier.android.debug/com.hermescourier.android.MainActivity t8499} flags=0x0}
04-21 14:03:09.909  2398  2901 D SurfaceComposerClient: setCornerRadius ## e50c3ac Splash Screen com.hermescourier.android.debug#95995 cornerRadius=0.000000
04-21 14:03:09.909  2398  2901 D SurfaceComposerClient: setCornerRadius ## 5fd8629 com.hermescourier.android.debug/com.hermescourier.android.MainActivity#96001 cornerRadius=0.000000
04-21 14:03:09.912  1931  1931 D SurfaceFlinger:        DEVICE |           17235704260463 | 00002100 | RGBA_8888    |    0.0    0.0 1080.0 2520.0 |    0    0 1080 2520 | Splash Screen com.hermescourier.android.debug$_4013#95996 (1)
04-21 14:03:09.912  2398  2901 D SurfaceComposerClient: setCornerRadius ## e50c3ac Splash Screen com.hermescourier.android.debug#95995 cornerRadius=0.000000
04-21 14:03:09.913  2398  2901 D SurfaceComposerClient: setCornerRadius ## 5fd8629 com.hermescourier.android.debug/com.hermescourier.android.MainActivity#96001 cornerRadius=0.000000
04-21 14:03:09.914  1931  2440 I SurfaceFlinger: Capture layer list: 	 Splash Screen com.hermescourier.android.debug$_4013#95996(seamlessTransition:0)
04-21 14:03:09.920  2398  2901 I WindowManager: notifyInsetsControlChanged, removed=false, win=Window{e50c3ac u0 Splash Screen com.hermescourier.android.debug}, caller=com.android.server.wm.InsetsStateController$$ExternalSyntheticLambda1.run:137 com.android.server.wm.WindowAnimator$$ExternalSyntheticLambda2.onTransactionCommitted:26 android.view.SurfaceControl$Transaction$$ExternalSyntheticLambda4.run:0 android.os.Handler.handleCallback:995 android.os.Handler.dispatchMessage:103 android.os.Looper.loopOnce:273 
04-21 14:03:09.921  4013  4139 I InsetsController: onStateChanged: host=Splash Screen com.hermescourier.android.debug, from=android.view.ViewRootImpl.onInsetsStateChanged:3011, state=InsetsState: {mDisplayFrame=Rect(0, 0 - 1080, 2520), mDisplayCutout=DisplayCutout{insets=Rect(0, 110 - 0, 0) waterfall=Insets{left=0, top=0, right=0, bottom=0} boundingRect={Bounds=[Rect(0, 0 - 0, 0), Rect(510, 0 - 570, 110), Rect(0, 0 - 0, 0), Rect(0, 0 - 0, 0)]} cutoutPathParserInfo={CutoutPathParserInfo{displayWidth=1080 displayHeight=2520 physicalDisplayWidth=1080 physicalDisplayHeight=2520 density={2.625} cutoutSpec={M 0,0 H -11.42857142857143 V 41.9047619047619 H 11.42857142857143 V 0 H 0 Z @dp} rotation={0} scale={1.0} physicalPixelDisplaySizeRatio={1.0}}} sideOverrides={}}, mRoundedCorners=RoundedCorners{[RoundedCorner{position=TopLeft, radius=13, center=Point(13, 13)}, RoundedCorner{position=TopRight, radius=13, center=Point(1067, 13)}, RoundedCorner{position=BottomRight, radius=13, center=Point(1067, 2507)}, RoundedCorner{position=BottomLeft, radius=13, center=Point(13, 2507)}]}  mRoundedCornerFrame=Rect(0, 0 - 1080, 2520), mPrivacyIndicatorBounds=PrivacyIndicatorBounds {static bounds=Rect(964, 0 - 1080, 110) rotation=0}, mDisplayShape=DisplayShape{ spec=-311912193 displayWidth=1080 displayHeight=2520 physicalPixelDisplaySizeRatio=1.0 rotation=0 offsetX=0 offsetY=0 scale=1.0}, mSources= { InsetsSource: {9b490004 mType=systemGestures mFrame=[0,0][0,0] mVisible=false mFlags= mSideHint=NONE mBoundingRects=null}, InsetsSource: {9b490005 mType=mandatorySystemGestures mFrame=[0,0][0,0] mVisible=false mFlags= mSideHint=NONE mBoundingRects=null}, InsetsSource: {9b490006 mType=tappableElement mFrame=[0,0][0,0] mVisible=false mFlags= mSideHint=NONE mBoundingRects=null}, InsetsSource: {9b490024 mType=systemGestures mFrame=[0,0][0,0] mVisible=false mFlags= mSideHint=NONE mBoundingRects=null}, InsetsSource: {fbc60000 mType=statusBars mFrame=[0,0][1080,110] mVisible=true mFlags= mSideHint=TOP mBoundingRects=null}, InsetsSource: {fbc60005 mType=mandatorySystemGestures mFrame=[0,0][1080,135] mVisible=true mFlags= mSideHint=TOP mBoundingRects=null}, InsetsSource: {fbc60006 mType=tappableElement mFrame=[0,0][1080,110] mVisible=true mFlags= mSideHint=TOP mBoundingRects=null}, InsetsSource: {3 mType=ime mFrame=[0,0][0,0] mVisible=false mFlags= mSideHint=NONE mBoundingRects=null}, InsetsSource: {27 mType=displayCutout mFrame=[0,0][1080,110] mVisible=true mFlags= mSideHint=TOP mBoundingRects=null}, InsetsSource: {45910001 mType=navigationBars mFrame=[0,2481][1080,2520] mVisible=true mFlags=SUPPRESS_SCRIM mSideHint=BOTTOM mBoundingRects=null}, InsetsSource: {45910004 mType=systemGestures mFrame=[0,0][78,2520] mVisible=true mFlags= mSideHint=LEFT mBoundingRects=null}, InsetsSource: {45910005 mType=mandatorySystemGestures mFrame=[0,2453][1080,2520] mVisible=true mFlags= mSideHint=BOTTOM mBoundingRects=null}, InsetsSource: {45910006 mType=tappableElement mFrame=[0,0][0,0] mVisible=true mFlags= mSideHint=NONE mBoundingRects=null}, InsetsSource: {45910024 mType=systemGestures mFrame=[1002,0][1080,2520] mVisible=true mFlags= mSideHint=RIGHT mBoundingRects=null} }
04-21 14:03:09.921  4013  4139 I InsetsSourceConsumer: applyRequestedVisibilityToControl: visible=true, type=navigationBars, host=Splash Screen com.hermescourier.android.debug
04-21 14:03:09.922  4013  4139 I InsetsSourceConsumer: applyRequestedVisibilityToControl: visible=true, type=statusBars, host=Splash Screen com.hermescourier.android.debug
04-21 14:03:09.929  2398  2492 D SurfaceComposerClient: setCornerRadius ## e50c3ac Splash Screen com.hermescourier.android.debug#95995 cornerRadius=0.000000
04-21 14:03:09.929  2398  2492 D SurfaceComposerClient: setCornerRadius ## e50c3ac Splash Screen com.hermescourier.android.debug#95995 cornerRadius=0.000000
04-21 14:03:09.929  2398  2492 D SurfaceComposerClient: setCornerRadius ## 5fd8629 com.hermescourier.android.debug/com.hermescourier.android.MainActivity#96001 cornerRadius=0.000000
04-21 14:03:10.014  1931  2440 I SurfaceFlinger: Capture layer list: 	 Splash Screen com.hermescourier.android.debug$_4013#95996(seamlessTransition:0)
04-21 14:03:10.060  9004  9004 I Routine@Core[4.9.06.0]: MetadataLoaderJobService: metadataLoadingCompleted: collectPackageInBG - com.hermescourier.android.debug
04-21 14:03:10.115  2398  6910 D CoreBackPreview: Window{5fd8629 u0 com.hermescourier.android.debug/com.hermescourier.android.MainActivity}: Setting back callback OnBackInvokedCallbackInfo{mCallback=android.window.IOnBackInvokedCallback$Stub$Proxy@a4f0137, mPriority=0, mIsAnimationCallback=false, mOverrideBehavior=0}
04-21 14:03:10.133  5969  5984 I r.android.debug: Compiler allocated 5066KB to compile void android.view.ViewRootImpl.performTraversals()
04-21 14:03:10.216  5969  5969 W r.android.debug: Method boolean androidx.compose.runtime.snapshots.SnapshotStateList.conditionalUpdate(boolean, kotlin.jvm.functions.Function1) failed lock verification and will run slower.
04-21 14:03:10.216  5969  5969 W r.android.debug: Common causes for lock verification issues are non-optimized dex code
04-21 14:03:10.216  5969  5969 W r.android.debug: and incorrect proguard optimizations.
04-21 14:03:10.216  5969  5969 W r.android.debug: Method boolean androidx.compose.runtime.snapshots.SnapshotStateList.conditionalUpdate$default(androidx.compose.runtime.snapshots.SnapshotStateList, boolean, kotlin.jvm.functions.Function1, int, java.lang.Object) failed lock verification and will run slower.
04-21 14:03:10.216  5969  5969 W r.android.debug: Method java.lang.Object androidx.compose.runtime.snapshots.SnapshotStateList.mutate(kotlin.jvm.functions.Function1) failed lock verification and will run slower.
04-21 14:03:10.216  5969  5969 W r.android.debug: Method void androidx.compose.runtime.snapshots.SnapshotStateList.update(boolean, kotlin.jvm.functions.Function1) failed lock verification and will run slower.
04-21 14:03:10.216  5969  5969 W r.android.debug: Method void androidx.compose.runtime.snapshots.SnapshotStateList.update$default(androidx.compose.runtime.snapshots.SnapshotStateList, boolean, kotlin.jvm.functions.Function1, int, java.lang.Object) failed lock verification and will run slower.
04-21 14:03:10.311  2398  6897 I WindowManager: Relayout Window{5fd8629 u0 com.hermescourier.android.debug/com.hermescourier.android.MainActivity}: viewVisibility=0 req=1080x2520 ty=1 d0
04-21 14:03:10.312  1931  2459 I SurfaceFlinger: id=96005 createSurf, flag=44004, com.hermescourier.android.debug/com.hermescourier.android.MainActivity$_5969#96005
04-21 14:03:10.312  2398  6897 D WindowManager: makeSurface duration=1 name=com.hermescourier.android.debug/com.hermescourier.android.MainActivity$_5969
04-21 14:03:10.312  2398  6897 D SurfaceComposerClient: setCornerRadius ## e50c3ac Splash Screen com.hermescourier.android.debug#95995 cornerRadius=0.000000
04-21 14:03:10.312  2398  6897 D SurfaceComposerClient: setCornerRadius ## 5fd8629 com.hermescourier.android.debug/com.hermescourier.android.MainActivity#96001 cornerRadius=0.000000
04-21 14:03:10.312  2398  6897 D SurfaceComposerClient: setCornerRadius ## e50c3ac Splash Screen com.hermescourier.android.debug#95995 cornerRadius=0.000000
04-21 14:03:10.312  2398  6897 D SurfaceComposerClient: setCornerRadius ## 5fd8629 com.hermescourier.android.debug/com.hermescourier.android.MainActivity#96001 cornerRadius=0.000000
04-21 14:03:10.313  2398  6897 D WindowManager: Changing focus from null to Window{5fd8629 u0 com.hermescourier.android.debug/com.hermescourier.android.MainActivity} displayId=0 Callers=com.android.server.wm.WindowManagerService.relayoutWindow:1411 com.android.server.wm.Session.relayout:27 android.view.IWindowSession$Stub.onTransact:829 com.android.server.wm.Session.onTransact:1 
04-21 14:03:10.313  2398  6897 D InsetsSourceProvider: updateControlForTarget: control=InsetsSourceControl: {45910001 mType=navigationBars initiallyVisible mSurfacePosition=Point(0, 2394) mInsetsHint=Insets{left=0, top=0, right=0, bottom=39}}, target=Window{5fd8629 u0 com.hermescourier.android.debug/com.hermescourier.android.MainActivity}, from=com.android.server.wm.InsetsStateController.onControlTargetChanged:83 com.android.server.wm.InsetsPolicy.updateBarControlTarget:188 com.android.server.wm.DisplayPolicy.updateSystemBarAttributes:250 com.android.server.wm.WindowManagerService.updateFocusedWindowLocked:372 com.android.server.wm.WindowManagerService.relayoutWindow:1411 
04-21 14:03:10.313  2398  6897 D InsetsSourceProvider: updateControlForTarget: control=InsetsSourceControl: {fbc60000 mType=statusBars initiallyVisible mSurfacePosition=Point(0, 0) mInsetsHint=Insets{left=0, top=110, right=0, bottom=0}}, target=Window{5fd8629 u0 com.hermescourier.android.debug/com.hermescourier.android.MainActivity}, from=com.android.server.wm.InsetsStateController.onControlTargetChanged:83 com.android.server.wm.InsetsPolicy.updateBarControlTarget:175 com.android.server.wm.DisplayPolicy.updateSystemBarAttributes:250 com.android.server.wm.WindowManagerService.updateFocusedWindowLocked:372 com.android.server.wm.WindowManagerService.relayoutWindow:1411 
04-21 14:03:10.313  2398  6897 D InsetsSourceProvider: updateControlForTarget: control=InsetsSourceControl: {9b490001 mType=navigationBars initiallyVisible mSurfacePosition=Point(0, 1608) mInsetsHint=Insets{left=0, top=0, right=0, bottom=31}}, target=Window{5fd8629 u0 com.hermescourier.android.debug/com.hermescourier.android.MainActivity}, from=com.android.server.wm.InsetsStateController.onControlTargetChanged:83 com.android.server.wm.InsetsPolicy.updateBarControlTarget:188 com.android.server.wm.DisplayPolicy.updateSystemBarAttributes:250 com.android.server.wm.WindowManagerService.updateFocusedWindowLocked:372 com.android.server.wm.WindowManagerService.relayoutWindow:1411 
04-21 14:03:10.313  2398  6897 V SystemKeyManager: updateFocusedWindow() is called, com.hermescourier.android.debug/com.hermescourier.android.MainActivity
04-21 14:03:10.315  5969  5969 E r.android.debug: Unable to open libpenguin.so: dlopen failed: library "libpenguin.so" not found.
04-21 14:03:10.319  1931  1931 I SurfaceFlinger: [com.hermescourier.android.debug/com.hermescourier.android.MainActivity$_5969#96005] attach to parent LayerHierarchy{RequestedLayerState{5fd8629 com.hermescourier.android.debug/com.hermescourier.android.MainActivity#96001 parentId=95994} 1 children}
04-21 14:03:10.320  1931  2440 I SurfaceFlinger: Capture layer list: 	 Splash Screen com.hermescourier.android.debug$_4013#95996(seamlessTransition:0)
04-21 14:03:10.328  2398  2901 I WindowManager: notifyInsetsControlChanged, removed=false, win=Window{e50c3ac u0 Splash Screen com.hermescourier.android.debug}, caller=com.android.server.wm.InsetsStateController$$ExternalSyntheticLambda1.run:137 com.android.server.wm.WindowAnimator$$ExternalSyntheticLambda2.onTransactionCommitted:26 android.view.SurfaceControl$Transaction$$ExternalSyntheticLambda4.run:0 android.os.Handler.handleCallback:995 android.os.Handler.dispatchMessage:103 android.os.Looper.loopOnce:273 
04-21 14:03:10.328  1931  2464 D SurfaceFlinger: [input] setFocusedWindow: 5fd8629 com.hermescourier.android.debug/com.hermescourier.android.MainActivity
04-21 14:03:10.328  2398  6897 D InputDispatcher: Once focus requested (0): 5fd8629 com.hermescourier.android.debug/com.hermescourier.android.MainActivity
04-21 14:03:10.328  2398  6897 D InputDispatcher: Focus request (0): 5fd8629 com.hermescourier.android.debug/com.hermescourier.android.MainActivity but waiting because NO_WINDOW
04-21 14:03:10.420  1931  2440 I SurfaceFlinger: Capture layer list: 	 Splash Screen com.hermescourier.android.debug$_4013#95996(seamlessTransition:0)
04-21 14:03:10.431  1931  2459 I SurfaceFlinger: [com.hermescourier.android.debug/com.hermescourier.android.MainActivity$_5969#96005] setTransactionState with the first frame. bufferData(ID: 25636659789827, frameNumber: 1)
04-21 14:03:10.432  2398  6897 D WindowManager: finishDrawingWindow: Window{5fd8629 u0 com.hermescourier.android.debug/com.hermescourier.android.MainActivity} mDrawState=DRAW_PENDING seqId=0
04-21 14:03:10.432  2398  2901 D SurfaceComposerClient: setCornerRadius ## e50c3ac Splash Screen com.hermescourier.android.debug#95995 cornerRadius=0.000000
04-21 14:03:10.432  2398  2901 D SurfaceComposerClient: setCornerRadius ## 5fd8629 com.hermescourier.android.debug/com.hermescourier.android.MainActivity#96001 cornerRadius=0.000000
04-21 14:03:10.432  2398  2901 D SurfaceComposerClient: setCornerRadius ## e50c3ac Splash Screen com.hermescourier.android.debug#95995 cornerRadius=0.000000
04-21 14:03:10.432  2398  2901 V WindowManager: Finish starting ActivityRecord{232045585 u0 com.hermescourier.android.debug/com.hermescourier.android.MainActivity t8499}: first real window is shown, no animation
04-21 14:03:10.433  2398  2901 V WindowManager: Schedule remove starting ActivityRecord{232045585 u0 com.hermescourier.android.debug/com.hermescourier.android.MainActivity t8499} startingWindow=Window{e50c3ac u0 Splash Screen com.hermescourier.android.debug} animate=true Callers=com.android.server.wm.ActivityRecord.removeStartingWindow:178 com.android.server.wm.WindowState.performShowLocked:155 com.android.server.wm.WindowStateAnimator.commitFinishDrawingLocked:73 com.android.server.wm.DisplayContent$$ExternalSyntheticLambda1.accept$com$android$server$wm$DisplayContent$$ExternalSyntheticLambda37:23 com.android.server.wm.DisplayContent$$ExternalSyntheticLambda1.accept:155 
04-21 14:03:10.433  2398  2901 D TaskOrganizerController: applyStartingWindowAnimation, window=Window{5fd8629 u0 com.hermescourier.android.debug/com.hermescourier.android.MainActivity}, caller=com.android.server.wm.TaskOrganizerController.removeStartingWindow:132 com.android.server.wm.StartingSurfaceController$StartingSurface.remove:23 com.android.server.wm.ActivityRecord.removeStartingWindowAnimation:171 
04-21 14:03:10.433  2398  2901 I WindowManager: Reparenting to leash, surface=Surface(name=5fd8629 com.hermescourier.android.debug/com.hermescourier.android.MainActivity)/@0xab31b87, leashParent=Surface(name=ActivityRecord{232045585 u0 com.hermescourier.android.debug/com.hermescourier.android.MainActivity t8499})/@0x2100ab4
04-21 14:03:10.433  1931  2090 I SurfaceFlinger: id=96009 createSurf, flag=24000, Surface(name=5fd8629 com.hermescourier.android.debug/com.hermescourier.android.MainActivity)/@0xab31b87 - animation-leash of starting_reveal#96009
04-21 14:03:10.433  2398  2901 D WindowManager: makeSurface duration=0 leash=Surface(name=Surface(name=5fd8629 com.hermescourier.android.debug/com.hermescourier.android.MainActivity)/@0xab31b87 - animation-leash of starting_reveal)/@0xf4f96dd
04-21 14:03:10.433  2398  2901 V WindowManager: performShowLocked: mDrawState=HAS_DRAWN in Window{5fd8629 u0 com.hermescourier.android.debug/com.hermescourier.android.MainActivity}
04-21 14:03:10.433  2398  2901 D SurfaceComposerClient: setCornerRadius ## 5fd8629 com.hermescourier.android.debug/com.hermescourier.android.MainActivity#96001 cornerRadius=0.000000
04-21 14:03:10.434  2398  2901 D SurfaceComposerClient: setCornerRadius ## e50c3ac Splash Screen com.hermescourier.android.debug#95995 cornerRadius=0.000000
04-21 14:03:10.434  2398  2901 D SurfaceComposerClient: setCornerRadius ## 5fd8629 com.hermescourier.android.debug/com.hermescourier.android.MainActivity#96001 cornerRadius=0.000000
04-21 14:03:10.434  2398  2901 D SurfaceComposerClient: setCornerRadius ## e50c3ac Splash Screen com.hermescourier.android.debug#95995 cornerRadius=0.000000
04-21 14:03:10.434  2398  2901 D SurfaceComposerClient: setCornerRadius ## 5fd8629 com.hermescourier.android.debug/com.hermescourier.android.MainActivity#96001 cornerRadius=0.000000
04-21 14:03:10.434  2398  2890 I PkgPredictorService-SecIpmManagerServiceImpl: reportToNAP uid:11018 com.hermescourier.android.debug/com.hermescourier.android.MainActivity thisTime:1551
04-21 14:03:10.436  2398  2890 I ActivityTaskManager: Displayed com.hermescourier.android.debug/com.hermescourier.android.MainActivity for user 0: +1s551ms
04-21 14:03:10.437  2398  2890 I Pageboost: Launch time gathered : pid 5969 com.hermescourier.android.debug 1551
04-21 14:03:10.447  4658 28305 I HoneySpace.SuggestAppDecor: getInstaller: com.hermescourier.android.debug [null]
04-21 14:03:10.449  1931  1931 I SurfaceFlinger: RequestedLayer [com.hermescourier.android.debug/com.[...]ier.android.MainActivity$_5969#96005] hidden!! flag  from(1) --> to(0)
04-21 14:03:10.449  1931  1931 I SurfaceFlinger: [LayerHierarchy{RequestedLayerState{5fd8629 com.hermescourier.android.debug/com.hermescourier.android.MainActivity#96001 parentId=96009} 1 children}] reparent to LayerHierarchy{RequestedLayerState{Surface(name=5fd8629 com.hermescourier.android.debug/com.hermescourier.android.MainActivity)/@0xab31b87 - animation-leash of starting_reveal#96009 parentId=95994} 1 children}
04-21 14:03:10.449  1931  1931 I SurfaceFlinger: [Surface(name=5fd8629 com.hermescourier.android.debug/com.hermescourier.android.MainActivity)/@0xab31b87 - animation-leash of starting_reveal#96009] attach to parent LayerHierarchy{RequestedLayerState{ActivityRecord{232045585 u0 com.hermescourier.android.debug/com.hermescourier.android.MainActivity t8499}#95994 parentId=95993} 3 children}
04-21 14:03:10.451  2398  2901 D SurfaceComposerClient: setCornerRadius ## e50c3ac Splash Screen com.hermescourier.android.debug#95995 cornerRadius=0.000000
04-21 14:03:10.451  2398  2901 D SurfaceComposerClient: setCornerRadius ## 5fd8629 com.hermescourier.android.debug/com.hermescourier.android.MainActivity#96001 cornerRadius=0.000000
04-21 14:03:10.451  1931  1931 D SurfaceFlinger:        DEVICE |           25636659789827 | 00002102 | RGBA_8888    |    0.0    0.0 1080.0 2467.0 |    0   53 1080 2520 | com.hermescourier.android.debug/com.[...]ier.android.MainActivity$_5969#96005 (1)
04-21 14:03:10.451  1931  1931 D SurfaceFlinger:        DEVICE |           17235704260466 | 00002100 | RGBA_8888    |    0.0    0.0 1080.0 2520.0 |    0    0 1080 2520 | Splash Screen com.hermescourier.android.debug$_4013#95996 (2)
04-21 14:03:10.451  2398  6897 D InputDispatcher: Focus entered window (0): 5fd8629 com.hermescourier.android.debug/com.hermescourier.android.MainActivity
04-21 14:03:10.492  2398  3242 I WindowManager: Relayout Window{e50c3ac u0 Splash Screen com.hermescourier.android.debug}: viewVisibility=8 req=1080x2520 ty=3 d0
04-21 14:03:10.493  2398  3242 D SurfaceComposerClient: setCornerRadius ## 5fd8629 com.hermescourier.android.debug/com.hermescourier.android.MainActivity#96001 cornerRadius=0.000000
04-21 14:03:10.493  2398  3242 D SurfaceComposerClient: setCornerRadius ## e50c3ac Splash Screen com.hermescourier.android.debug#95995 cornerRadius=0.000000
04-21 14:03:10.493  2398  3242 D SurfaceComposerClient: setCornerRadius ## 5fd8629 com.hermescourier.android.debug/com.hermescourier.android.MainActivity#96001 cornerRadius=0.000000
04-21 14:03:10.494  2398  3242 D CoreBackPreview: Window{e50c3ac u0 Splash Screen com.hermescourier.android.debug}: Setting back callback null
04-21 14:03:10.495  2398  3242 D WindowManager: Starting window removed Window{e50c3ac u0 Splash Screen com.hermescourier.android.debug}
04-21 14:03:10.495  2398  3242 I WindowManager: Cancelling animation restarting=false, leash=Surface(name=Surface(name=5fd8629 com.hermescourier.android.debug/com.hermescourier.android.MainActivity)/@0xab31b87 - animation-leash of starting_reveal)/@0xf4f96dd
04-21 14:03:10.495  2398  3242 I WindowManager: Reparenting to original parent: Surface(name=ActivityRecord{232045585 u0 com.hermescourier.android.debug/com.hermescourier.android.MainActivity t8499})/@0x2100ab4, destroy=false, surface=Surface(name=5fd8629 com.hermescourier.android.debug/com.hermescourier.android.MainActivity)/@0xab31b87
04-21 14:03:10.495  2398  3242 V WindowManager: Remove Window{e50c3ac u0 Splash Screen com.hermescourier.android.debug}: mSurfaceControl=Surface(name=Splash Screen com.hermescourier.android.debug$_4013)/@0xa391511 mAnimatingExit=false mRemoveOnExit=false mHasSurface=true surfaceShowing=true animating=false app-animation=false callers=com.android.server.wm.Session.remove:16 android.view.IWindowSession$Stub.onTransact:804 com.android.server.wm.Session.onTransact:1 android.os.Binder.execTransactInternal:1462 android.os.Binder.execTransact:1401 <bottom of call stack> 
04-21 14:03:10.496  2398  3242 D SurfaceComposerClient: setCornerRadius ## 5fd8629 com.hermescourier.android.debug/com.hermescourier.android.MainActivity#96001 cornerRadius=0.000000
04-21 14:03:10.496  2398  3242 D SurfaceComposerClient: setCornerRadius ## 5fd8629 com.hermescourier.android.debug/com.hermescourier.android.MainActivity#96001 cornerRadius=0.000000
04-21 14:03:10.496  2398  2901 D SurfaceComposerClient: setCornerRadius ## 5fd8629 com.hermescourier.android.debug/com.hermescourier.android.MainActivity#96001 cornerRadius=0.000000
04-21 14:03:10.498  9223  9223 I AiPrivacy::AppEventReceiver: com.hermescourier.android.debug Uninstalled !!!
04-21 14:03:10.499  9223  9223 I AiPrivacy::AppEventReceiver: com.hermescourier.android.debug Installed !!!
04-21 14:03:10.501  2398  2901 D SurfaceComposerClient: setCornerRadius ## 5fd8629 com.hermescourier.android.debug/com.hermescourier.android.MainActivity#96001 cornerRadius=0.000000
04-21 14:03:10.507  1931  1931 I SurfaceFlinger: [LayerHierarchy{RequestedLayerState{5fd8629 com.hermescourier.android.debug/com.hermescourier.android.MainActivity#96001 parentId=95994} 1 children}] reparent to LayerHierarchy{RequestedLayerState{ActivityRecord{232045585 u0 com.hermescourier.android.debug/com.hermescourier.android.MainActivity t8499}#95994 parentId=95993} 4 children}
04-21 14:03:10.507  1931  1931 I SurfaceFlinger: [LayerHierarchy{RequestedLayerState{Splash Screen com.hermescourier.android.debug$_4013#95996} no children}] reparent to OffscreenRoot
04-21 14:03:10.507  1931  1931 I SurfaceFlinger: [LayerHierarchy{RequestedLayerState{Splash Screen com.hermescourier.android.debug$_4013#95996} no children}] RelativeParent to null
04-21 14:03:10.507  1931  1931 I SurfaceFlinger: [LayerHierarchy{RequestedLayerState{e50c3ac Splash Screen com.hermescourier.android.debug#95995 z=2147483647} no children}] reparent to OffscreenRoot
04-21 14:03:10.507  1931  1931 I SurfaceFlinger: [LayerHierarchy{RequestedLayerState{e50c3ac Splash Screen com.hermescourier.android.debug#95995 z=2147483647} no children}] RelativeParent to null
04-21 14:03:10.507  1931  1931 I SurfaceFlinger: [LayerHierarchy{RequestedLayerState{Surface(name=5fd8629 com.hermescourier.android.debug/com.hermescourier.android.MainActivity)/@0xab31b87 - animation-leash of starting_reveal#96009} no children}] reparent to OffscreenRoot
