04-21 13:54:48.788  2398  6884 D ActivityTaskManager: scheduleTopResumedActivityChanged, onTop=false, r=ActivityRecord{60309721 u0 com.hermescourier.android.debug/com.hermescourier.android.MainActivity t8498}, caller=com.android.server.wm.ActivityTaskSupervisor.scheduleTopResumedActivityStateLossIfNeeded:19 com.android.server.wm.ActivityTaskSupervisor.endDeferResume:21 com.android.server.wm.WindowOrganizerController.applyTransaction:185 com.android.server.wm.WindowOrganizerController.applyTransaction:16 com.android.server.wm.WindowOrganizerController$$ExternalSyntheticLambda5.onCollectStarted:27 com.android.server.wm.TransitionController.startCollectOrQueue:113 
04-21 13:54:48.803  2398  2891 D SGM:GameManager: identifyForegroundApp. com.hermescourier.android.debug, mCurrentUserId: 0, callerUserId: 0
04-21 13:54:48.807  2398  2891 D SGM:GameManager: identifyForegroundApp. com.hermescourier.android.debug, mCurrentUserId: 0, callerUserId: 0
04-21 13:54:48.813  2398  2901 D ChangeTransitionController:    ChangeInfo{204fd5 container=Task{a03872d #8498 type=standard A=11018:com.hermescourier.android.debug} flags=0x4}
04-21 13:54:48.813  2398  2901 V WindowManager: Start calculating TransitionInfo based on participants: {TransientLaunchOverlayToken{ca2278 token=android.os.BinderProxy@29367db}, Task{2c88a8c #7886 type=home I=com.sec.android.app.launcher/.activities.LauncherActivity}, Task{8f6d308 #1 type=home}, Task{a03872d #8498 type=standard A=11018:com.hermescourier.android.debug}, ActivityRecord{171712004 u0 com.sec.android.app.launcher/.activities.LauncherActivity t7886}, WallpaperWindowToken{fe6cb78 showWhenLocked=false}_<system|non-primary>}
04-21 13:54:48.813  2398  2901 V WindowManager:   Final targets: [ChangeInfo{4921b19 container=TransientLaunchOverlayToken{ca2278 token=android.os.BinderProxy@29367db} flags=0x0}, ChangeInfo{96cac8c container=Task{8f6d308 #1 type=home} flags=0x30}, ChangeInfo{204fd5 container=Task{a03872d #8498 type=standard A=11018:com.hermescourier.android.debug} flags=0x4}, ChangeInfo{37e0578 container=WallpaperWindowToken{fe6cb78 showWhenLocked=false}_<system|non-primary> flags=0x0}]
04-21 13:54:48.814  2398  2901 D WindowManager: setActiveRecents, recents=Task{8f6d308 #1 type=home}, task=Task{a03872d #8498 type=standard A=11018:com.hermescourier.android.debug}, caller=com.android.server.wm.InputMonitor.setActiveRecents:33 com.android.server.wm.Transition.onTransactionReady:1748 com.android.server.wm.BLASTSyncEngine$SyncGroup.finishNow:245 
04-21 13:54:48.814  2398  2901 V WindowManager:         {WCT{RemoteToken{c400695 Task{a03872d #8498 type=standard A=11018:com.hermescourier.android.debug}}} m=TO_BACK f=NONE leash=Surface(name=Task=8498)/@0x527e67f sb=Rect(0, 0 - 1080, 2520) eb=Rect(0, 0 - 1080, 2520) epz=Point(1080, 2520) d=0 taskParent=-1 inset=Rect(0, 110 - 0, 39) dim=true},
04-21 13:54:48.816  2398  2890 V WindowManager:         {WCT{RemoteToken{c400695 Task{a03872d #8498 type=standard A=11018:com.hermescourier.android.debug}}} m=TO_BACK f=NONE leash=Surface(name=Task=8498)/@0x527e67f sb=Rect(0, 0 - 1080, 2520) eb=Rect(0, 0 - 1080, 2520) epz=Point(1080, 2520) d=0 taskParent=-1 inset=Rect(0, 110 - 0, 39) dim=true},
04-21 13:54:48.861  2398  6930 D WindowManager: Changing focus from Window{7d26c5d u0 com.hermescourier.android.debug/com.hermescourier.android.MainActivity} to Window{2e4dc1d u0 com.sec.android.app.launcher/com.sec.android.app.launcher.activities.LauncherActivity} displayId=0 Callers=com.android.server.wm.ActivityTaskManagerService.setLastResumedActivityUncheckLocked:264 com.android.server.wm.ActivityTaskManagerService.setFocusedTask:20 com.android.server.wm.ActivityTaskManagerService.focusTopTask:53 android.app.IActivityTaskManager$Stub.onTransact:2027 
04-21 13:54:48.862  2398  6930 D WindowManager: updateSystemBarAttributes: displayId=0, focusedCanBeNavColorWin=false, win=Window{2e4dc1d u0 com.sec.android.app.launcher/com.sec.android.app.launcher.activities.LauncherActivity}, navColorWin=Window{7d26c5d u0 com.hermescourier.android.debug/com.hermescourier.android.MainActivity}, caller=com.android.server.wm.WindowManagerService.updateFocusedWindowLocked:372 com.android.server.wm.ActivityTaskManagerService.setLastResumedActivityUncheckLocked:264 com.android.server.wm.ActivityTaskManagerService.setFocusedTask:20 
04-21 13:54:49.828  2398  4968 V WindowManager: Collecting in transition 5818: ActivityRecord{60309721 u0 com.hermescourier.android.debug/com.hermescourier.android.MainActivity t8498}, caller=com.android.server.wm.TransitionController.collect:7 com.android.server.wm.ActivityRecord.setVisibility:132 com.android.server.wm.ActivityRecord.makeInvisible:33 com.android.server.wm.EnsureActivitiesVisibleHelper.setActivityVisibilityState:302 com.android.server.wm.EnsureActivitiesVisibleHelper.process:281 
04-21 13:54:49.828  2398  4968 D WindowManager: prepareSync <SYNC_STATE_WAITING_FOR_DRAW>, mPrepareSyncSeqId=0, win=Window{7d26c5d u0 com.hermescourier.android.debug/com.hermescourier.android.MainActivity}
04-21 13:54:49.830  2398  4968 V WindowManager:    ChangeInfo{a5b99e2 container=ActivityRecord{60309721 u0 com.hermescourier.android.debug/com.hermescourier.android.MainActivity t8498} flags=0x0}
04-21 13:54:49.830  2398  4968 V WindowManager:    ChangeInfo{f1d722e container=Task{a03872d #8498 type=standard A=11018:com.hermescourier.android.debug} flags=0x0}
04-21 13:54:49.833  2398  2900 D SGM:FgCheckThread: notePauseComponent(), received pkgName: com.hermescourier.android.debug, userId: 0
04-21 13:54:49.833  2398  2900 D SGM:FgCheckThread: notePauseComponent(), received pkgName: com.hermescourier.android.debug, userId: 0
04-21 13:54:49.833  2398  2900 D SGM:FgCheckThread: notifyFocusInOut(). of pkg: com.hermescourier.android.debug, type: 20, isSecGameFamily: false, userId: 0
04-21 13:54:49.834  2398  2900 D SGM:GameManager: identifyGamePackage. com.hermescourier.android.debug, mCurrentUserId: 0, callingMethodInfo: com.samsung.android.game.SemGameManager.isGamePackage(SemGameManager.java:105)
04-21 13:54:49.834  2398  2900 D SGM:SemGameManager: isGamePackage(), pkgName=com.hermescourier.android.debug, ret=false
04-21 13:54:49.863  2398  2901 D ChangeTransitionController:    ChangeInfo{a5b99e2 container=ActivityRecord{60309721 u0 com.hermescourier.android.debug/com.hermescourier.android.MainActivity t8498} flags=0x0}
04-21 13:54:49.863  2398  2901 D ChangeTransitionController:    ChangeInfo{f1d722e container=Task{a03872d #8498 type=standard A=11018:com.hermescourier.android.debug} flags=0x0}
04-21 13:54:49.863  2398  2901 V WindowManager: Start calculating TransitionInfo based on participants: {ActivityRecord{38907416 u0 com.sec.android.app.launcher/com.android.quickstep.RecentsActivity t-1}, ActivityRecord{49695069 u0 com.sec.android.app.launcher/com.android.quickstep.RecentsActivity t7889}, ActivityRecord{60309721 u0 com.hermescourier.android.debug/com.hermescourier.android.MainActivity t8498}, Task{825c2d2 #7889 type=recents I=com.sec.android.app.launcher/com.android.quickstep.RecentsActivity}, ActivityRecord{171712004 u0 com.sec.android.app.launcher/.activities.LauncherActivity t7886}, WallpaperWindowToken{ba081c1 showWhenLocked=true}_<lock|non-primary>, WallpaperWindowToken{fe6cb78 showWhenLocked=false}_<system|non-primary>}
04-21 13:54:49.863  2398  2901 V WindowManager:   Final targets: [ChangeInfo{3042830 container=Task{825c2d2 #7889 type=recents I=com.sec.android.app.launcher/com.android.quickstep.RecentsActivity} flags=0x30}, ChangeInfo{223eca9 container=Task{8f6d308 #1 type=home} flags=0x10}, ChangeInfo{f1d722e container=Task{a03872d #8498 type=standard A=11018:com.hermescourier.android.debug} flags=0x10}]
04-21 13:54:49.864  2398  2901 V WindowManager:         {WCT{RemoteToken{c400695 Task{a03872d #8498 type=standard A=11018:com.hermescourier.android.debug}}} m=TO_BACK f=NONE leash=Surface(name=Task=8498)/@0x527e67f sb=Rect(0, 0 - 1080, 2520) eb=Rect(0, 0 - 1080, 2520) epz=Point(1080, 2520) d=0 taskParent=-1 inset=Rect(0, 110 - 0, 39)}
04-21 13:54:49.870  2398  2890 V WindowManager:         {WCT{RemoteToken{c400695 Task{a03872d #8498 type=standard A=11018:com.hermescourier.android.debug}}} m=TO_BACK f=NONE leash=Surface(name=Task=8498)/@0x527e67f sb=Rect(0, 0 - 1080, 2520) eb=Rect(0, 0 - 1080, 2520) epz=Point(1080, 2520) d=0 taskParent=-1 inset=Rect(0, 110 - 0, 39)}
04-21 13:54:49.957  2398  4679 V WindowManager:    ChangeInfo{204fd5 container=Task{a03872d #8498 type=standard A=11018:com.hermescourier.android.debug} flags=0x4}
04-21 13:54:49.958  2398  4679 V WindowManager: Setting visibility of Window{7d26c5d u0 com.hermescourier.android.debug/com.hermescourier.android.MainActivity}: false, caller=com.android.server.wm.WindowContainer.sendAppVisibilityToClients:19 com.android.server.wm.WindowToken.setClientVisible:48 com.android.server.wm.ActivityRecord.commitVisibility:186 com.android.server.wm.TransitionController.finishTransition:823 com.android.server.wm.WindowOrganizerController.finishTransitionInner:31 
04-21 13:54:49.958  2398  4679 D ChangeTransitionController:    ChangeInfo{204fd5 container=Task{a03872d #8498 type=standard A=11018:com.hermescourier.android.debug} flags=0x4}
04-21 13:54:49.958  2398  4679 V WindowManager:    ChangeInfo{a5b99e2 container=ActivityRecord{60309721 u0 com.hermescourier.android.debug/com.hermescourier.android.MainActivity t8498} flags=0x0}
04-21 13:54:49.958  2398  4679 V WindowManager:    ChangeInfo{f1d722e container=Task{a03872d #8498 type=standard A=11018:com.hermescourier.android.debug} flags=0x10}
04-21 13:54:49.959  2398  4679 D ChangeTransitionController:    ChangeInfo{a5b99e2 container=ActivityRecord{60309721 u0 com.hermescourier.android.debug/com.hermescourier.android.MainActivity t8498} flags=0x0}
04-21 13:54:49.959  2398  4679 D ChangeTransitionController:    ChangeInfo{f1d722e container=Task{a03872d #8498 type=standard A=11018:com.hermescourier.android.debug} flags=0x10}
04-21 13:54:49.988  2398  6930 E WindowManager: win=Window{7d26c5d u0 com.hermescourier.android.debug/com.hermescourier.android.MainActivity} destroySurfaces: appStopped=true cleanupOnResume=false win.mWindowRemovalAllowed=false win.mRemoveOnExit=false win.mViewVisibility=8 caller=com.android.server.wm.ActivityRecord.destroySurfaces:25 com.android.server.wm.ActivityRecord.activityStopped:192 com.android.server.wm.ActivityClientController.activityStopped:97 android.app.IActivityClientController$Stub.onTransact:726 com.android.server.wm.ActivityClientController.onTransact:1 android.os.Binder.execTransactInternal:1462 android.os.Binder.execTransact:1401 
04-21 13:54:49.988  2398  2900 D SGM:FgCheckThread: pkgName: com.hermescourier.android.debug is not in foreground
04-21 13:54:49.988  2398  2900 D SGM:FgCheckThread: noteStopComponent(), received pkgName: com.hermescourier.android.debug, focusedPkgName: com.sec.android.app.launcher, userId: 0
04-21 13:54:50.215  2398  2900 I ActivityManager: Killing 14194:com.hermescourier.android.debug/u0a1018 (adj 900): remove task
04-21 13:54:50.248  2398  4968 I WindowManager: WIN DEATH: Window{7d26c5d u0 com.hermescourier.android.debug/com.hermescourier.android.MainActivity}
04-21 13:54:50.249  2398  4968 V WindowManager: Remove Window{7d26c5d u0 com.hermescourier.android.debug/com.hermescourier.android.MainActivity}: mSurfaceControl=null mAnimatingExit=false mRemoveOnExit=false mHasSurface=false surfaceShowing=false animating=false app-animation=false callers=com.android.server.wm.Session.binderDied:85 android.os.IBinder$DeathRecipient.binderDied:346 android.os.BinderProxy.sendDeathNotice:848 <bottom of call stack> <bottom of call stack> <bottom of call stack> 
04-21 13:54:50.253  2398  3264 W UsageStatsService: Unexpected activity event reported! (com.hermescourier.android.debug/com.hermescourier.android.MainActivity event : 23 instanceId : 246613791)
04-21 13:54:50.253  2398  2900 D SGM:FgCheckThread: pkgName: com.hermescourier.android.debug is not in foreground
04-21 13:54:50.253  2398  2900 D SGM:FgCheckThread: noteStopComponent(), received pkgName: com.hermescourier.android.debug, focusedPkgName: com.sec.android.app.launcher, userId: 0
04-21 13:57:16.120  4658  9205 I HoneySpace.SuggestAppDecor: getInstaller: com.hermescourier.android.debug [null]
04-21 13:57:21.326  4658  9205 I HoneySpace.SuggestAppDecor: getInstaller: com.hermescourier.android.debug [null]
04-21 13:57:26.525  4658 28290 I HoneySpace.SuggestAppDecor: getInstaller: com.hermescourier.android.debug [null]
04-21 13:57:31.742  4658 19896 I HoneySpace.SuggestAppDecor: getInstaller: com.hermescourier.android.debug [null]
04-21 13:57:36.920  4658 28305 I HoneySpace.SuggestAppDecor: getInstaller: com.hermescourier.android.debug [null]
04-21 13:57:42.126  4658  9221 I HoneySpace.SuggestAppDecor: getInstaller: com.hermescourier.android.debug [null]
04-21 13:57:47.348  4658  9237 I HoneySpace.SuggestAppDecor: getInstaller: com.hermescourier.android.debug [null]
04-21 13:57:52.630  4658  9221 I HoneySpace.SuggestAppDecor: getInstaller: com.hermescourier.android.debug [null]
04-21 13:57:57.757  4658 28290 I HoneySpace.SuggestAppDecor: getInstaller: com.hermescourier.android.debug [null]
04-21 13:58:02.948  4658 28285 I HoneySpace.SuggestAppDecor: getInstaller: com.hermescourier.android.debug [null]
04-21 13:58:08.178  4658  9237 I HoneySpace.SuggestAppDecor: getInstaller: com.hermescourier.android.debug [null]
04-21 13:58:13.374  4658 28282 I HoneySpace.SuggestAppDecor: getInstaller: com.hermescourier.android.debug [null]
04-21 13:58:18.610  4658  9221 I HoneySpace.SuggestAppDecor: getInstaller: com.hermescourier.android.debug [null]
04-21 13:58:23.765  4658  9237 I HoneySpace.SuggestAppDecor: getInstaller: com.hermescourier.android.debug [null]
04-21 13:58:28.967  4658 28292 I HoneySpace.SuggestAppDecor: getInstaller: com.hermescourier.android.debug [null]
04-21 13:58:34.172  4658 28305 I HoneySpace.SuggestAppDecor: getInstaller: com.hermescourier.android.debug [null]
04-21 13:58:39.390  4658 28285 I HoneySpace.SuggestAppDecor: getInstaller: com.hermescourier.android.debug [null]
04-21 13:58:44.564  4658  9205 I HoneySpace.SuggestAppDecor: getInstaller: com.hermescourier.android.debug [null]
04-21 13:58:49.773  4658 28307 I HoneySpace.SuggestAppDecor: getInstaller: com.hermescourier.android.debug [null]
04-21 13:58:54.973  4658 19896 I HoneySpace.SuggestAppDecor: getInstaller: com.hermescourier.android.debug [null]
04-21 13:59:00.173  4658 28305 I HoneySpace.SuggestAppDecor: getInstaller: com.hermescourier.android.debug [null]
04-21 13:59:05.346  4658 28292 I HoneySpace.SuggestAppDecor: getInstaller: com.hermescourier.android.debug [null]
04-21 13:59:10.576  4658 28278 I HoneySpace.SuggestAppDecor: getInstaller: com.hermescourier.android.debug [null]
04-21 13:59:15.780  4658 28303 I HoneySpace.SuggestAppDecor: getInstaller: com.hermescourier.android.debug [null]
04-21 13:59:20.992  4658 28286 I HoneySpace.SuggestAppDecor: getInstaller: com.hermescourier.android.debug [null]
04-21 13:59:26.204  4658 28286 I HoneySpace.SuggestAppDecor: getInstaller: com.hermescourier.android.debug [null]
04-21 13:59:31.392  4658 28307 I HoneySpace.SuggestAppDecor: getInstaller: com.hermescourier.android.debug [null]
04-21 13:59:36.567  4658 28278 I HoneySpace.SuggestAppDecor: getInstaller: com.hermescourier.android.debug [null]
04-21 13:59:41.769  4658 28290 I HoneySpace.SuggestAppDecor: getInstaller: com.hermescourier.android.debug [null]
04-21 13:59:47.038  4658 28286 I HoneySpace.SuggestAppDecor: getInstaller: com.hermescourier.android.debug [null]
04-21 13:59:52.223  4658 28290 I HoneySpace.SuggestAppDecor: getInstaller: com.hermescourier.android.debug [null]
04-21 13:59:57.446  4658 28287 I HoneySpace.SuggestAppDecor: getInstaller: com.hermescourier.android.debug [null]
04-21 14:00:02.666  4658 28295 I HoneySpace.SuggestAppDecor: getInstaller: com.hermescourier.android.debug [null]
04-21 14:00:07.872  4658 28290 I HoneySpace.SuggestAppDecor: getInstaller: com.hermescourier.android.debug [null]
04-21 14:00:13.320  4658 28285 I HoneySpace.SuggestAppDecor: getInstaller: com.hermescourier.android.debug [null]
04-21 14:00:18.542  4658 28303 I HoneySpace.SuggestAppDecor: getInstaller: com.hermescourier.android.debug [null]
04-21 14:00:23.309 29442 29442 W msgr.AppInfoCore: Install status cache EVICT for com.hermescourier.android.debug (package changed)
04-21 14:00:23.732  4658 28307 I HoneySpace.SuggestAppDecor: getInstaller: com.hermescourier.android.debug [null]
04-21 14:00:28.514 29442 29442 W msgr.AppInfoCore: Install status cache EVICT for com.hermescourier.android.debug (package changed)
04-21 14:00:28.943  4658 28278 I HoneySpace.SuggestAppDecor: getInstaller: com.hermescourier.android.debug [null]
04-21 14:00:34.137  4658 28287 I HoneySpace.SuggestAppDecor: getInstaller: com.hermescourier.android.debug [null]
04-21 14:00:39.340  4658 28287 I HoneySpace.SuggestAppDecor: getInstaller: com.hermescourier.android.debug [null]
04-21 14:00:44.587  4658  9163 I HoneySpace.SuggestAppDecor: getInstaller: com.hermescourier.android.debug [null]
04-21 14:00:49.776  4658 28292 I HoneySpace.SuggestAppDecor: getInstaller: com.hermescourier.android.debug [null]
04-21 14:00:54.937  4658  9219 I HoneySpace.SuggestAppDecor: getInstaller: com.hermescourier.android.debug [null]
04-21 14:01:00.163  4658 28287 I HoneySpace.SuggestAppDecor: getInstaller: com.hermescourier.android.debug [null]
04-21 14:01:05.376  4658  9163 I HoneySpace.SuggestAppDecor: getInstaller: com.hermescourier.android.debug [null]
04-21 14:01:10.573  4658 28307 I HoneySpace.SuggestAppDecor: getInstaller: com.hermescourier.android.debug [null]
04-21 14:01:15.786  4658 19922 I HoneySpace.SuggestAppDecor: getInstaller: com.hermescourier.android.debug [null]
04-21 14:01:20.988  4658 19896 I HoneySpace.SuggestAppDecor: getInstaller: com.hermescourier.android.debug [null]
04-21 14:01:26.198  4658 28278 I HoneySpace.SuggestAppDecor: getInstaller: com.hermescourier.android.debug [null]
04-21 14:01:31.400  4658 28307 I HoneySpace.SuggestAppDecor: getInstaller: com.hermescourier.android.debug [null]
04-21 14:01:36.599  4658  9219 I HoneySpace.SuggestAppDecor: getInstaller: com.hermescourier.android.debug [null]
04-21 14:01:41.791  4658 28287 I HoneySpace.SuggestAppDecor: getInstaller: com.hermescourier.android.debug [null]
04-21 14:01:47.001  4658 28283 I HoneySpace.SuggestAppDecor: getInstaller: com.hermescourier.android.debug [null]
04-21 14:01:52.205  4658  9221 I HoneySpace.SuggestAppDecor: getInstaller: com.hermescourier.android.debug [null]
04-21 14:01:57.428  4658  9219 I HoneySpace.SuggestAppDecor: getInstaller: com.hermescourier.android.debug [null]
04-21 14:02:02.630  4658  9205 I HoneySpace.SuggestAppDecor: getInstaller: com.hermescourier.android.debug [null]
04-21 14:02:07.820  4658  9163 I HoneySpace.SuggestAppDecor: getInstaller: com.hermescourier.android.debug [null]
04-21 14:02:13.029  4658  9237 I HoneySpace.SuggestAppDecor: getInstaller: com.hermescourier.android.debug [null]
04-21 14:02:18.233  4658  9237 I HoneySpace.SuggestAppDecor: getInstaller: com.hermescourier.android.debug [null]
04-21 14:02:23.451  4658 19896 I HoneySpace.SuggestAppDecor: getInstaller: com.hermescourier.android.debug [null]
04-21 14:02:28.715  4658 19922 I HoneySpace.SuggestAppDecor: getInstaller: com.hermescourier.android.debug [null]
04-21 14:02:33.916  4658  9237 I HoneySpace.SuggestAppDecor: getInstaller: com.hermescourier.android.debug [null]
04-21 14:02:39.069  4658  9237 I HoneySpace.SuggestAppDecor: getInstaller: com.hermescourier.android.debug [null]
04-21 14:02:43.827 29442 29442 W msgr.AppInfoCore: Install status cache EVICT for com.hermescourier.android.debug (package changed)
04-21 14:02:44.249  4658  9205 I HoneySpace.SuggestAppDecor: getInstaller: com.hermescourier.android.debug [null]
04-21 14:02:49.028 29442 29442 W msgr.AppInfoCore: Install status cache EVICT for com.hermescourier.android.debug (package changed)
04-21 14:02:49.460  4658  9163 I HoneySpace.SuggestAppDecor: getInstaller: com.hermescourier.android.debug [null]
04-21 14:02:54.662  4658 28287 I HoneySpace.SuggestAppDecor: getInstaller: com.hermescourier.android.debug [null]
04-21 14:02:59.852  4658  9163 I HoneySpace.SuggestAppDecor: getInstaller: com.hermescourier.android.debug [null]
04-21 14:03:05.050  4658 28305 I HoneySpace.SuggestAppDecor: getInstaller: com.hermescourier.android.debug [null]
04-21 14:03:06.217 29903 29903 I Finsky  : [2] VerifyApps: Install-time verification requested for package com.hermescourier.android.debug, PackageManager id = 284, Verifier id = c688a93f-a446-40a3-b8f2-4df0510df674
04-21 14:03:06.228  8392  8418 I GOS:GameServiceReceiver:  PkgInstallStarted for com.hermescourier.android.debug UserID : 0
04-21 14:03:06.247 29903  5599 I Finsky  : [697] VerifyApps: Anti-malware verification task started for package=com.hermescourier.android.debug
04-21 14:03:06.273  8392  5601 I GOS:GameIntentService: onPackageChanged(). extras: Bundle[{changeType=2, userId=0, type=15, packageName=com.hermescourier.android.debug}]
04-21 14:03:06.273  8392  5601 I GOS:GameIntentService: onPackageChanged(). changeType(INSTALL_STARTED), pkgName(com.hermescourier.android.debug), UserHandle(0), userId(0), Installed(true)
04-21 14:03:06.273  8392  5601 W GOS:SystemEventReactor: onPackageInstallStarted(). the pkg data already exists. packageName: com.hermescourier.android.debug
04-21 14:03:06.377 29903  5599 I Finsky  : [697] VerifyApps: chooseScanResult for package=com.hermescourier.android.debug with timeout=15000ms
04-21 14:03:06.377 29903 29932 I Finsky  : [317] VerifyApps: Starting APK Analysis scan for com.hermescourier.android.debug.
04-21 14:03:06.378 29903 29932 I Finsky  : [317] Scanning package com.hermescourier.android.debug contents with client side protections. File: [zjAMy1_4FzXN4INxW3mDxnrI1icIkrCfngwAlw_4ze0]
04-21 14:03:06.609 29903  5689 I Finsky  : [702] VerifyApps: Verification package=com.hermescourier.android.debug, id=284, response=0, upload_requested=false, enable_ecm=false
04-21 14:03:06.610 29903  5689 I Finsky  : [702] VerifyApps: PAM result saving to datastore delayed for package: com.hermescourier.android.debug
04-21 14:03:08.306 29903 29932 I Finsky  : [317] VerifyApps: APK Analysis scan finished for com.hermescourier.android.debug. Verdict: SAFE
04-21 14:03:08.307 29903  5599 I Finsky  : [697] VerifyApps: ScanResultPicker returned for package=com.hermescourier.android.debug: SAFE
04-21 14:03:08.307 29903  5599 I Finsky  : [697] VerifyApps: chooseScanResult returning verdict SAFE for package=com.hermescourier.android.debug
04-21 14:03:08.315 29903 29903 I Finsky  : [2] VerifyApps: Install-time verification complete: id=284, package_name=com.hermescourier.android.debug
04-21 14:03:08.320  2398  3227 D InstallDependencyHelper: No missing dependency for com.hermescourier.android.debug
04-21 14:03:08.320  2398  3227 I PackageManager:           pkg{com.hermescourier.android.debug}
04-21 14:03:08.339  2398  3052 I PackageManager: Update package com.hermescourier.android.debug code path from /data/app/~~B65OFdV5Bk2HgR49QMzWdg==/com.hermescourier.android.debug-jqQSN3pha8KwBkL6CMus9Q== to /data/app/vmdl1139406860.tmp; Retain data and using new
04-21 14:03:08.439  2398  3052 I AppsFilter: interaction: PackageSetting{6ac850a com.android.microdroid.empty_payload/10322} -> PackageSetting{4ebf928 com.hermescourier.android.debug/11018} BLOCKED
04-21 14:03:08.439  2398  3052 I AppsFilter: interaction: PackageSetting{e9742ea ai.iggut.nightfalldeck/10990} -> PackageSetting{4ebf928 com.hermescourier.android.debug/11018} BLOCKED
04-21 14:03:08.439  2398  3052 I AppsFilter: interaction: PackageSetting{c3be6ba com.hermescourier.android/11016} -> PackageSetting{4ebf928 com.hermescourier.android.debug/11018} BLOCKED
04-21 14:03:08.439  2398  3052 I AppsFilter: interaction: PackageSetting{4502acc com.example.orderking/10386} -> PackageSetting{4ebf928 com.hermescourier.android.debug/11018} BLOCKED
04-21 14:03:08.439  2398  3052 I AppsFilter: interaction: PackageSetting{66cb268 com.termux.x11/10450} -> PackageSetting{4ebf928 com.hermescourier.android.debug/11018} BLOCKED
04-21 14:03:08.439  2398  3052 I AppsFilter: interaction: PackageSetting{6ac850a com.android.microdroid.empty_payload/10322} -> PackageSetting{ecbb3e com.hermescourier.android.debug/11018} BLOCKED
04-21 14:03:08.439  2398  3052 I AppsFilter: interaction: PackageSetting{e9742ea ai.iggut.nightfalldeck/10990} -> PackageSetting{ecbb3e com.hermescourier.android.debug/11018} BLOCKED
04-21 14:03:08.439  2398  3052 I AppsFilter: interaction: PackageSetting{c3be6ba com.hermescourier.android/11016} -> PackageSetting{ecbb3e com.hermescourier.android.debug/11018} BLOCKED
04-21 14:03:08.440  2398  3052 I AppsFilter: interaction: PackageSetting{4502acc com.example.orderking/10386} -> PackageSetting{ecbb3e com.hermescourier.android.debug/11018} BLOCKED
04-21 14:03:08.440  2398  3052 I AppsFilter: interaction: PackageSetting{66cb268 com.termux.x11/10450} -> PackageSetting{ecbb3e com.hermescourier.android.debug/11018} BLOCKED
04-21 14:03:08.467  2398  3052 D PermissionService: setAllowlistedRestrictedPermissionsUnchecked called for package - com.hermescourier.android.debug
04-21 14:03:08.467  2398  3052 D PermissionService: updateAdminPermissionsInternalcom.hermescourier.android.debug
04-21 14:03:08.514  2398  2926 I ActivityManager: Force stopping com.hermescourier.android.debug appid=11018 user=-1: installPackageLI
04-21 14:03:08.517  2398  3052 I PackageManager: installation completed for package:com.hermescourier.android.debug. Final code path: /data/app/~~Vh2Yi4XcUqtR2FZUk89u8g==/com.hermescourier.android.debug-jKf5kuZWKJRqykdss_PvXg==
04-21 14:03:08.517  2398  3052 I AppsFilter: interaction: PackageSetting{5ca1aee com.android.microdroid.empty_payload/10322} -> PackageSetting{7d7abd2 com.hermescourier.android.debug/11018} BLOCKED
04-21 14:03:08.517  2398  3052 I AppsFilter: interaction: PackageSetting{e5fa25 ai.iggut.nightfalldeck/10990} -> PackageSetting{7d7abd2 com.hermescourier.android.debug/11018} BLOCKED
04-21 14:03:08.517  2398  3052 I AppsFilter: interaction: PackageSetting{1c0f7fa com.hermescourier.android/11016} -> PackageSetting{7d7abd2 com.hermescourier.android.debug/11018} BLOCKED
04-21 14:03:08.517  2398  3052 I AppsFilter: interaction: PackageSetting{13f1ab com.example.orderking/10386} -> PackageSetting{7d7abd2 com.hermescourier.android.debug/11018} BLOCKED
04-21 14:03:08.518  2398  3052 I AppsFilter: interaction: PackageSetting{1623008 com.termux.x11/10450} -> PackageSetting{7d7abd2 com.hermescourier.android.debug/11018} BLOCKED
04-21 14:03:08.532  2398  3052 I ActivityManager: Force stopping com.hermescourier.android.debug appid=11018 user=0: pkg removed
04-21 14:03:08.548  2398  3244 D OverlayManager: reconcileSettingsForPackage pkgName=com.hermescourier.android.debug userId=0
04-21 14:03:08.548  2398  3244 I OverlayManager: updateOverlaysForTarget() called with: targetPackage = [com.hermescourier.android.debug], userId = [0], flags = [2]
04-21 14:03:08.550  2398  2925 I SGM:GameManager: PkgUpdateReceiver, onPackageRemoved(). pkgName=com.hermescourier.android.debug, userId=0
04-21 14:03:08.550  2398  2925 D SGM:Util: isPkgInstalled(). pkgName=com.hermescourier.android.debug, userId=0, installed=true
04-21 14:03:08.551  2398  2925 D MetaDataCollector: onReceive: done pkgName=com.hermescourier.android.debug
04-21 14:03:08.558  3957  3957 I VvmPkgInstalledRcvr: packageName: com.hermescourier.android.debug, systemDialer: com.samsung.android.dialer
04-21 14:03:08.559  5141  5180 I PackageInfoManager_FLP: action : ACTION_PACKAGE_REMOVED, packageName = com.hermescourier.android.debug
04-21 14:03:08.562  2398  2925 D LauncherAppsService: Calling onPackageRemoved: com.hermescourier.android.debug, EXTRA_REPLACING: true
04-21 14:03:08.564 23431 23431 I D_FMM:[FmmService          ]: Package is replacing. : com.hermescourier.android.debug
04-21 14:03:08.567  2398  3745 D LocationManagerService: package com.hermescourier.android.debug reset
04-21 14:03:08.570  2398  3244 D OverlayManager: reconcileSettingsForPackage pkgName=com.hermescourier.android.debug userId=0
04-21 14:03:08.570  2398  3244 I OverlayManager: updateOverlaysForTarget() called with: targetPackage = [com.hermescourier.android.debug], userId = [0], flags = [0]
04-21 14:03:08.571  2398  3548 D SEP_UNION_SemDeviceInfoManagerService: Package com.hermescourier.android.debug is removed on User 0 
04-21 14:03:08.572  4013  4013 D Navbar.Store: ----handleEvent(0) OnPackageRemoved(packageName=com.hermescourier.android.debug) [Module] NavBarStoreImpl
04-21 14:03:08.573  4013  4013 I GoodLockLifecycle: onPackageRemoved: com.hermescourier.android.debug
04-21 14:03:08.573  2398  3805 D ShortcutService: replacing package: com.hermescourier.android.debug userId=0
04-21 14:03:08.574  2398  2398 I Telecom : CarModeTracker: Package com.hermescourier.android.debug is not tracked.: SSH.oR@d50
04-21 14:03:08.575  2398  3758 D SGM:GameManager: identifyGamePackage. com.hermescourier.android.debug, mCurrentUserId: 0, callingMethodInfo: com.samsung.android.game.SemGameManager.isGamePackage(SemGameManager.java:105)
04-21 14:03:08.576  2398  3758 D SGM:SemGameManager: isGamePackage(), pkgName=com.hermescourier.android.debug, ret=false
04-21 14:03:08.577  2398  3783 I AppWidgetServiceImpl: Received broadcast: android.intent.action.PACKAGE_ADDED, Updates all providers with com.hermescourier.android.debug, userId: 0
04-21 14:03:08.577  2398  3877 I SdkSandboxManager: No SDKs used. Skipping SDK data reconcilation for CallingInfo{mUid=11018, mPackageName='com.hermescourier.android.debug, mAppProcessToken='null'}
04-21 14:03:08.577  4013  4013 D FaceWidgetMusicViewModel: onPackageRemoved() pkg = com.hermescourier.android.debug, r = true
04-21 14:03:08.579  3957  4645 I SatelliteAppTracker: onPackageUpdateFinished : com.hermescourier.android.debug
04-21 14:03:08.579  3957  4645 I SatelliteAppTracker: onPackageModified : com.hermescourier.android.debug
04-21 14:03:08.579  5141  5180 I PackageInfoManager_FLP: action : ACTION_PACKAGE_ADDED, packageName = com.hermescourier.android.debug
04-21 14:03:08.579  2398  3958 I Pageboost: remove app @ runtime : com.hermescourier.android.debug
04-21 14:03:08.579  4013  4173 D BluetoothEventManager: AppPackageChangedHandler: package name = com.hermescourier.android.debug
04-21 14:03:08.580 14926 14926 I SpayFw_PackageStateReceiver: PackageName : com.hermescourier.android.debug
04-21 14:03:08.580  2398  3626 W PackageConfigPersister: App-specific configuration not found for packageName: com.hermescourier.android.debug and userId: 0
04-21 14:03:08.581 18554 18554 D BluetoothEventManager: AppPackageChangedHandler: package name = com.hermescourier.android.debug
04-21 14:03:08.581  4013  4013 D SecSTQuickControlRequestReceiver: onReceiveForPackage action = android.intent.action.PACKAGE_REMOVED, pkgName = com.hermescourier.android.debug
04-21 14:03:08.582  4013  4250 D PluginActionManager: queryPkg com.hermescourier.android.debug com.android.systemui.action.PLUGIN_NOTIFICATION_MENU_ROW
04-21 14:03:08.582  4013  4250 D PluginActionManager: queryPkg com.hermescourier.android.debug com.android.systemui.action.PLUGIN_SENSOR_MANAGER
04-21 14:03:08.583  4013  4250 D PluginActionManager: queryPkg com.hermescourier.android.debug com.android.systemui.action.PLUGIN_NOTIFICATION_MENU_ROW
04-21 14:03:08.583  4013  4250 D PluginActionManager: queryPkg com.hermescourier.android.debug com.android.systemui.action.PLUGIN_NOTIFICATION_MENU_ROW
04-21 14:03:08.583  4013  4250 D PluginActionManager: queryPkg com.hermescourier.android.debug com.android.systemui.action.PLUGIN_NOTIFICATION_MENU_ROW
04-21 14:03:08.583  4013  4250 D PluginActionManager: queryPkg com.hermescourier.android.debug com.android.systemui.action.PLUGIN_NOTIFICATION_MENU_ROW
04-21 14:03:08.583  4013  4250 D PluginActionManager: queryPkg com.hermescourier.android.debug com.android.systemui.action.PLUGIN_NOTIFICATION_MENU_ROW
04-21 14:03:08.583  4013  4250 D PluginActionManager: queryPkg com.hermescourier.android.debug com.android.systemui.action.PLUGIN_NOTIFICATION_MENU_ROW
04-21 14:03:08.585  2398  2925 D LauncherApps: onPackageChanged 0,com.hermescourier.android.debug
04-21 14:03:08.585  4013  8597 D LauncherApps: onPackageChanged 0,com.hermescourier.android.debug
04-21 14:03:08.586  4013  4250 D PluginActionManager: queryPkg com.hermescourier.android.debug com.android.systemui.action.PLUGIN_CLOCK_PROVIDER
04-21 14:03:08.586  4013  4250 D PluginActionManager: queryPkg com.hermescourier.android.debug com.android.systemui.action.PLUGIN_GLOBAL_ACTIONS
04-21 14:03:08.586  4013  4013 I GoodLockLifecycle: onPackageAdded: com.hermescourier.android.debug
04-21 14:03:08.586  4013  4250 D PluginActionManager: queryPkg com.hermescourier.android.debug com.android.systemui.action.PLUGIN_QS
04-21 14:03:08.586  4013  4250 D PluginActionManager: queryPkg com.hermescourier.android.debug com.android.systemui.action.PLUGIN_NOTIFICATION_MENU_ROW
04-21 14:03:08.586  4013  4250 D PluginActionManager: queryPkg com.hermescourier.android.debug com.android.systemui.action.PLUGIN_NOTIFICATION_MENU_ROW
04-21 14:03:08.586  4013  4250 D PluginActionManager: queryPkg com.hermescourier.android.debug com.android.systemui.action.PLUGIN_NOTIFICATION_MENU_ROW
04-21 14:03:08.586  4013  4250 D PluginActionManager: queryPkg com.hermescourier.android.debug com.android.systemui.action.PLUGIN_NOTIFICATION_MENU_ROW
04-21 14:03:08.586  4013  4250 D PluginActionManager: queryPkg com.hermescourier.android.debug com.android.systemui.action.PLUGIN_OVERLAY
04-21 14:03:08.586  4013  4250 D PluginActionManager: queryPkg com.hermescourier.android.debug com.android.systemui.action.PLUGIN_NOTIFICATION_MENU_ROW
04-21 14:03:08.586  3957  3957 W VvmPkgInstalledRcvr: carrierVvmPkgAdded: carrier vvm packages doesn't contain com.hermescourier.android.debug
04-21 14:03:08.587  7931  3703 D LauncherApps: onPackageChanged 0,com.hermescourier.android.debug
04-21 14:03:08.587  4658  4658 I HoneySpace.PackageOperationTracker: onPackageChanged - com.hermescourier.android.debug UserHandle{0}
04-21 14:03:08.587  8942  8942 I FILP/PackageIntentReceiver: pkgName : com.hermescourier.android.debug
04-21 14:03:08.587  4658  4658 I HoneySpace.PackageChangedCallbackImpl: onPackageChanged: com.hermescourier.android.debug / UserHandle{0}
04-21 14:03:08.587 14755 14931 I SAMSUNGWALLET: [Hint_SimpleHintProcessMonitor] package changed : com.hermescourier.android.debug , execute : true
04-21 14:03:08.588 10729 10729 D ActivityThread: Package [com.hermescourier.android.debug] reported as REPLACED, but missing application info. Assuming REMOVED.
04-21 14:03:08.588  4013  4250 D PluginActionManager: queryPkg com.hermescourier.android.debug com.android.systemui.action.PLUGIN_VOLUME
04-21 14:03:08.588  1650  1650 D ActivityThread: Package [com.hermescourier.android.debug] reported as REPLACED, but missing application info. Assuming REMOVED.
04-21 14:03:08.588  4013  4250 D PluginActionManager: queryPkg com.hermescourier.android.debug com.android.systemui.action.PLUGIN_NOTIFICATION_MENU_ROW
04-21 14:03:08.588  4013  4250 D PluginActionManager: queryPkg com.hermescourier.android.debug com.android.systemui.action.PLUGIN_NOTIFICATION_MENU_ROW
04-21 14:03:08.588 18099 18099 D ActivityThread: Package [com.hermescourier.android.debug] reported as REPLACED, but missing application info. Assuming REMOVED.
04-21 14:03:08.589  4013  4250 D PluginActionManager: queryPkg com.hermescourier.android.debug com.android.systemui.action.PLUGIN_NOTIFICATION_MENU_ROW
04-21 14:03:08.589   630   630 D ActivityThread: Package [com.hermescourier.android.debug] reported as REPLACED, but missing application info. Assuming REMOVED.
04-21 14:03:08.589 11865 11865 D ActivityThread: Package [com.hermescourier.android.debug] reported as REPLACED, but missing application info. Assuming REMOVED.
04-21 14:03:08.589 27501 27501 D ActivityThread: Package [com.hermescourier.android.debug] reported as REPLACED, but missing application info. Assuming REMOVED.
04-21 14:03:08.589  4013  4250 D PluginActionManager: queryPkg com.hermescourier.android.debug com.android.systemui.action.PLUGIN_NOTIFICATION_MENU_ROW
04-21 14:03:08.589 19319 19319 D ActivityThread: Package [com.hermescourier.android.debug] reported as REPLACED, but missing application info. Assuming REMOVED.
04-21 14:03:08.589  2398  6930 I AppWidgetServiceImpl: getInstalledProvidersForProfiles lock in com.hermescourier.android.debug
04-21 14:03:08.589 21777 21777 D ActivityThread: Package [com.hermescourier.android.debug] reported as REPLACED, but missing application info. Assuming REMOVED.
04-21 14:03:08.589  4658  9237 I HoneySpace.IconCache: remove icon cache & DB : com.hermescourier.android.debug UserHandle{0}
04-21 14:03:08.590  4658  9237 I HoneySpace.IconCache: removeSpecificIconDb: com.hermescourier.android.debug UserHandle{0}
04-21 14:03:08.590  4013  4250 D PluginActionManager: queryPkg com.hermescourier.android.debug com.android.systemui.action.PLUGIN_NOTIFICATION_MENU_ROW
04-21 14:03:08.590 25971 25971 D ActivityThread: Package [com.hermescourier.android.debug] reported as REPLACED, but missing application info. Assuming REMOVED.
04-21 14:03:08.590 16582 16582 D ActivityThread: Package [com.hermescourier.android.debug] reported as REPLACED, but missing application info. Assuming REMOVED.
04-21 14:03:08.590 16850 16850 D ActivityThread: Package [com.hermescourier.android.debug] reported as REPLACED, but missing application info. Assuming REMOVED.
04-21 14:03:08.590 32483 32483 D ActivityThread: Package [com.hermescourier.android.debug] reported as REPLACED, but missing application info. Assuming REMOVED.
04-21 14:03:08.590 16705 16705 D ActivityThread: Package [com.hermescourier.android.debug] reported as REPLACED, but missing application info. Assuming REMOVED.
04-21 14:03:08.591  4013  4250 D PluginActionManager: queryPkg com.hermescourier.android.debug com.android.systemui.action.PLUGIN_NOTIFICATION_MENU_ROW
04-21 14:03:08.591  4013  4250 D PluginActionManager: queryPkg com.hermescourier.android.debug com.android.systemui.action.PLUGIN_NOTIFICATION_MENU_ROW
04-21 14:03:08.591  4013  4250 D PluginActionManager: queryPkg com.hermescourier.android.debug com.android.systemui.action.PLUGIN_NOTIFICATION_MENU_ROW
04-21 14:03:08.591  4013  4250 D PluginActionManager: queryPkg com.hermescourier.android.debug com.samsung.systemui.action.PLUGIN_FACE_WIDGET
04-21 14:03:08.591  4013  4250 D PluginActionManager: queryPkg com.hermescourier.android.debug com.android.systemui.action.PLUGIN_NAVIGATION_EDGE_BACK_ACTION
04-21 14:03:08.591  7931  7931 D ActivityThread: Package [com.hermescourier.android.debug] reported as REPLACED, but missing application info. Assuming REMOVED.
04-21 14:03:08.591  3957  3957 D CarrierSvcBindHelper: onPackageUpdateFinished: com.hermescourier.android.debug
04-21 14:03:08.592  3957  3957 D CarrierSvcBindHelper: onPackageModified: com.hermescourier.android.debug
04-21 14:03:08.592 18554 18554 D ActivityThread: Package [com.hermescourier.android.debug] reported as REPLACED, but missing application info. Assuming REMOVED.
04-21 14:03:08.592  8798  8798 D ActivityThread: Package [com.hermescourier.android.debug] reported as REPLACED, but missing application info. Assuming REMOVED.
04-21 14:03:08.592  4013  4250 D PluginActionManager: queryPkg com.hermescourier.android.debug com.android.systemui.action.PLUGIN_NOTIFICATION_MENU_ROW
04-21 14:03:08.592 18845 18845 D ActivityThread: Package [com.hermescourier.android.debug] reported as REPLACED, but missing application info. Assuming REMOVED.
04-21 14:03:08.592  6667  6667 D ActivityThread: Package [com.hermescourier.android.debug] reported as REPLACED, but missing application info. Assuming REMOVED.
04-21 14:03:08.592 31922 31922 D ActivityThread: Package [com.hermescourier.android.debug] reported as REPLACED, but missing application info. Assuming REMOVED.
04-21 14:03:08.592  4013  4250 D PluginActionManager: queryPkg com.hermescourier.android.debug com.android.systemui.action.PEOPLE_HUB_PERSON_EXTRACTOR
04-21 14:03:08.592  5213  5213 D ActivityThread: Package [com.hermescourier.android.debug] reported as REPLACED, but missing application info. Assuming REMOVED.
04-21 14:03:08.592  3957  4635 D ImsResolver: maybeAddedImsService, packageName: com.hermescourier.android.debug
04-21 14:03:08.592  3957  4635 V ImsResolver: searchForImsServices: package=com.hermescourier.android.debug, users=[UserHandle{0}]
04-21 14:03:08.593  9316  9316 D ActivityThread: Package [com.hermescourier.android.debug] reported as REPLACED, but missing application info. Assuming REMOVED.
04-21 14:03:08.593 29872 29872 D ActivityThread: Package [com.hermescourier.android.debug] reported as REPLACED, but missing application info. Assuming REMOVED.
04-21 14:03:08.593  8637  8637 D ActivityThread: Package [com.hermescourier.android.debug] reported as REPLACED, but missing application info. Assuming REMOVED.
04-21 14:03:08.593  3957  4635 V ImsResolver: searchForImsServices: package=com.hermescourier.android.debug, users=[UserHandle{0}]
04-21 14:03:08.593 32122 32122 D ActivityThread: Package [com.hermescourier.android.debug] reported as REPLACED, but missing application info. Assuming REMOVED.
04-21 14:03:08.593 27719 27719 D ActivityThread: Package [com.hermescourier.android.debug] reported as REPLACED, but missing application info. Assuming REMOVED.
04-21 14:03:08.593  4013  4250 D PluginActionManager: queryPkg com.hermescourier.android.debug com.android.systemui.action.PLUGIN_NOTIFICATION_ASSISTANT
04-21 14:03:08.594  4013  4250 D PluginActionManager: queryPkg com.hermescourier.android.debug com.android.systemui.action.PLUGIN_NOTIFICATION_MENU_ROW
04-21 14:03:08.594 24286 24286 D ActivityThread: Package [com.hermescourier.android.debug] reported as REPLACED, but missing application info. Assuming REMOVED.
04-21 14:03:08.594  3957  3957 I VvmPkgInstalledRcvr: packageName: com.hermescourier.android.debug, systemDialer: com.samsung.android.dialer
04-21 14:03:08.594  4013  4250 D PluginActionManager: queryPkg com.hermescourier.android.debug com.android.systemui.action.PLUGIN_NOTIFICATION_MENU_ROW
04-21 14:03:08.594  4013  4250 D PluginActionManager: queryPkg com.hermescourier.android.debug com.android.systemui.action.PLUGIN_TOAST
04-21 14:03:08.594  6294  6294 D ActivityThread: Package [com.hermescourier.android.debug] reported as REPLACED, but missing application info. Assuming REMOVED.
04-21 14:03:08.594 11344 11344 D ActivityThread: Package [com.hermescourier.android.debug] reported as REPLACED, but missing application info. Assuming REMOVED.
04-21 14:03:08.595 20552 20552 D ActivityThread: Package [com.hermescourier.android.debug] reported as REPLACED, but missing application info. Assuming REMOVED.
04-21 14:03:08.595  4670  4670 D ActivityThread: Package [com.hermescourier.android.debug] reported as REPLACED, but missing application info. Assuming REMOVED.
04-21 14:03:08.595  2138  2138 D ActivityThread: Package [com.hermescourier.android.debug] reported as REPLACED, but missing application info. Assuming REMOVED.
04-21 14:03:08.595 31479 31479 D ActivityThread: Package [com.hermescourier.android.debug] reported as REPLACED, but missing application info. Assuming REMOVED.
04-21 14:03:08.595 14436 14436 D ActivityThread: Package [com.hermescourier.android.debug] reported as REPLACED, but missing application info. Assuming REMOVED.
04-21 14:03:08.595 17949 17949 D ActivityThread: Package [com.hermescourier.android.debug] reported as REPLACED, but missing application info. Assuming REMOVED.
04-21 14:03:08.596  3957  3957 W VvmPkgInstalledRcvr: carrierVvmPkgAdded: carrier vvm packages doesn't contain com.hermescourier.android.debug
04-21 14:03:08.596  8181  8181 D ActivityThread: Package [com.hermescourier.android.debug] reported as REPLACED, but missing application info. Assuming REMOVED.
04-21 14:03:08.596 29141 29141 D ActivityThread: Package [com.hermescourier.android.debug] reported as REPLACED, but missing application info. Assuming REMOVED.
04-21 14:03:08.596  1220  1220 D ActivityThread: Package [com.hermescourier.android.debug] reported as REPLACED, but missing application info. Assuming REMOVED.
04-21 14:03:08.596 11587 11587 D ActivityThread: Package [com.hermescourier.android.debug] reported as REPLACED, but missing application info. Assuming REMOVED.
04-21 14:03:08.596 29429 29429 D ActivityThread: Package [com.hermescourier.android.debug] reported as REPLACED, but missing application info. Assuming REMOVED.
04-21 14:03:08.597 31060 31060 D ActivityThread: Package [com.hermescourier.android.debug] reported as REPLACED, but missing application info. Assuming REMOVED.
04-21 14:03:08.597 11858 11858 D ActivityThread: Package [com.hermescourier.android.debug] reported as REPLACED, but missing application info. Assuming REMOVED.
04-21 14:03:08.597  9287  9287 D ActivityThread: Package [com.hermescourier.android.debug] reported as REPLACED, but missing application info. Assuming REMOVED.
04-21 14:03:08.598   573   573 D ActivityThread: Package [com.hermescourier.android.debug] reported as REPLACED, but missing application info. Assuming REMOVED.
04-21 14:03:08.598  9017  9017 D ActivityThread: Package [com.hermescourier.android.debug] reported as REPLACED, but missing application info. Assuming REMOVED.
04-21 14:03:08.598  5128  5128 D ActivityThread: Package [com.hermescourier.android.debug] reported as REPLACED, but missing application info. Assuming REMOVED.
04-21 14:03:08.598  9710  9710 D ActivityThread: Package [com.hermescourier.android.debug] reported as REPLACED, but missing application info. Assuming REMOVED.
04-21 14:03:08.600 18640 18640 D ActivityThread: Package [com.hermescourier.android.debug] reported as REPLACED, but missing application info. Assuming REMOVED.
04-21 14:03:08.600 23689 23689 D ActivityThread: Package [com.hermescourier.android.debug] reported as REPLACED, but missing application info. Assuming REMOVED.
04-21 14:03:08.601 20191 20191 D ActivityThread: Package [com.hermescourier.android.debug] reported as REPLACED, but missing application info. Assuming REMOVED.
04-21 14:03:08.603 11488 11488 D ActivityThread: Package [com.hermescourier.android.debug] reported as REPLACED, but missing application info. Assuming REMOVED.
04-21 14:03:08.604 10389 10389 D ActivityThread: Package [com.hermescourier.android.debug] reported as REPLACED, but missing application info. Assuming REMOVED.
04-21 14:03:08.604 29442 29442 D ActivityThread: Package [com.hermescourier.android.debug] reported as REPLACED, but missing application info. Assuming REMOVED.
04-21 14:03:08.604 27461 27461 D ActivityThread: Package [com.hermescourier.android.debug] reported as REPLACED, but missing application info. Assuming REMOVED.
04-21 14:03:08.604 11517 11517 D ActivityThread: Package [com.hermescourier.android.debug] reported as REPLACED, but missing application info. Assuming REMOVED.
04-21 14:03:08.605 32621 32621 D ActivityThread: Package [com.hermescourier.android.debug] reported as REPLACED, but missing application info. Assuming REMOVED.
04-21 14:03:08.605 18201 18201 D ActivityThread: Package [com.hermescourier.android.debug] reported as REPLACED, but missing application info. Assuming REMOVED.
04-21 14:03:08.606 31282 31282 D ActivityThread: Package [com.hermescourier.android.debug] reported as REPLACED, but missing application info. Assuming REMOVED.
04-21 14:03:08.606   821   821 D ActivityThread: Package [com.hermescourier.android.debug] reported as REPLACED, but missing application info. Assuming REMOVED.
04-21 14:03:08.606  8685  8685 D ActivityThread: Package [com.hermescourier.android.debug] reported as REPLACED, but missing application info. Assuming REMOVED.
04-21 14:03:08.607 32390 32390 D ActivityThread: Package [com.hermescourier.android.debug] reported as REPLACED, but missing application info. Assuming REMOVED.
04-21 14:03:08.608 18530 18530 D ActivityThread: Package [com.hermescourier.android.debug] reported as REPLACED, but missing application info. Assuming REMOVED.
04-21 14:03:08.608 29583 29583 D ActivityThread: Package [com.hermescourier.android.debug] reported as REPLACED, but missing application info. Assuming REMOVED.
04-21 14:03:08.609 28511 28511 D ActivityThread: Package [com.hermescourier.android.debug] reported as REPLACED, but missing application info. Assuming REMOVED.
04-21 14:03:08.609  4408  4408 D ActivityThread: Package [com.hermescourier.android.debug] reported as REPLACED, but missing application info. Assuming REMOVED.
04-21 14:03:08.610  6717  6717 D ActivityThread: Package [com.hermescourier.android.debug] reported as REPLACED, but missing application info. Assuming REMOVED.
04-21 14:03:08.611  5714  5714 D ActivityThread: Package [com.hermescourier.android.debug] reported as REPLACED, but missing application info. Assuming REMOVED.
04-21 14:03:08.611 32637 32637 D ActivityThread: Package [com.hermescourier.android.debug] reported as REPLACED, but missing application info. Assuming REMOVED.
04-21 14:03:08.611  4369  4369 D ActivityThread: Package [com.hermescourier.android.debug] reported as REPLACED, but missing application info. Assuming REMOVED.
04-21 14:03:08.612 29903 29903 I Finsky  : [2] AIM: AppInfoCacheUpdater -> invalidating apps: [com.hermescourier.android.debug]
04-21 14:03:08.613  4182  4182 D ActivityThread: Package [com.hermescourier.android.debug] reported as REPLACED, but missing application info. Assuming REMOVED.
04-21 14:03:08.613  4357  4357 D ActivityThread: Package [com.hermescourier.android.debug] reported as REPLACED, but missing application info. Assuming REMOVED.
