04-21 11:41:28.422  6667  6667 D WM-WorkerWrapper: Starting work for com.android.providers.media.photopicker.sync.ProactiveSyncWorker
04-21 11:41:28.422  6667  2084 I PSyncWorker: Starting proactive picker sync from sync source: 1
04-21 11:41:28.422  6667  2084 I PickerSyncTracker: Created new sync future java.util.concurrent.CompletableFuture@25fa6d2[Not completed, 1 dependents]. Future map: {d4ce53e4-9171-48a8-ae1b-4bf857cb40a2=java.util.concurrent.CompletableFuture@25fa6d2[Not completed, 1 dependents]}
04-21 11:41:28.423  6667  2084 D PickerSyncController: syncAllMediaFromProvider() LOCAL, auth=com.android.providers.media.photopicker, retry=true
04-21 11:41:28.423  6667  2084 D PickerSyncController: getSyncRequestParams() LOCAL, auth=com.android.providers.media.photopicker
04-21 11:41:28.426  6667  2084 D PickerSyncController:    Latest ID/Gen=01502a377b6e66e7:external_primary/95378
04-21 11:41:28.426  6667  2084 D PickerSyncController:    Cached ID/Gen=01502a377b6e66e7:external_primary/95229
04-21 11:41:28.426  6667  2084 D PickerSyncController:    RESULT=SyncRequestParams{type=MEDIA_INCREMENTAL, gen=95229, latest=Bundle[{last_media_sync_generation=95378, media_collection_id=01502a377b6e66e7:external_primary}], pageSize=1000}
04-21 11:41:28.426  6667  2084 I PickerSyncController: Executing SyncAdd. isLocal: true. authority: com.android.providers.media.photopicker
04-21 11:41:28.426  6667  2084 D PickerSyncLockManager: Trying to acquire lock com.android.providers.media.photopicker.sync.CloseableReentrantLock@b07e0df[Unlocked]. Lock Name = CLOUD_PROVIDER_LOCK. Threads that may be waiting to acquire this lock = [] with timeout.
04-21 11:41:28.426  6667  2084 D CloseableReentrantLock: Successfully acquired lock com.android.providers.media.photopicker.sync.CloseableReentrantLock@b07e0df[Locked by thread pool-5-thread-470]. Lock Name = CLOUD_PROVIDER_LOCK. Threads that may be waiting to acquire this lock = []
04-21 11:41:28.426  6667  2084 D CloseableReentrantLock: Successfully released lock com.android.providers.media.photopicker.sync.CloseableReentrantLock@b07e0df[Unlocked]. Lock Name = CLOUD_PROVIDER_LOCK. Threads that may be waiting to acquire this lock = []
04-21 11:41:28.426  6667  2084 D ExternalDbFacade: Token received for queryMedia = null
04-21 11:41:28.434  6667  2084 D PickerSyncLockManager: Trying to acquire lock com.android.providers.media.photopicker.sync.CloseableReentrantLock@b07e0df[Unlocked]. Lock Name = CLOUD_PROVIDER_LOCK. Threads that may be waiting to acquire this lock = [] with timeout.
04-21 11:41:28.434  6667  2084 D CloseableReentrantLock: Successfully acquired lock com.android.providers.media.photopicker.sync.CloseableReentrantLock@b07e0df[Locked by thread pool-5-thread-470]. Lock Name = CLOUD_PROVIDER_LOCK. Threads that may be waiting to acquire this lock = []
04-21 11:41:28.434  6667  2084 D PickerSyncController: Saving next page token: 1776786086000|9667 for key: local_provider:media_add:resume
04-21 11:41:28.434  6667  2084 D CloseableReentrantLock: Successfully released lock com.android.providers.media.photopicker.sync.CloseableReentrantLock@b07e0df[Unlocked]. Lock Name = CLOUD_PROVIDER_LOCK. Threads that may be waiting to acquire this lock = []
04-21 11:41:28.435  2398  2492 D SyncManager: userId - 0 auto - true
04-21 11:41:28.435  6667  2084 D PickerNotificationSender: Sending a notification for media update
04-21 11:41:28.435  2398  4916 D SyncManager: userId - 0 auto - true
04-21 11:41:28.435  6667  2084 D PickerNotificationSender: Sending a notification for merged album media update Favorites
04-21 11:41:28.435  6667  2084 D PickerNotificationSender: Sending a notification for album media update Favorites
04-21 11:41:28.436  2398  4916 D SyncManager: userId - 0 auto - true
04-21 11:41:28.436  6667  2084 D PickerNotificationSender: Sending a notification for merged album media update Videos
04-21 11:41:28.436  6667  2084 D PickerNotificationSender: Sending a notification for album media update Videos
04-21 11:41:28.436  2398  2492 D SyncManager: userId - 0 auto - true
04-21 11:41:28.436  6667  2084 D ExternalDbFacade: Token received for queryMedia = 1776786086000|9667
04-21 11:41:28.438  6667  2084 D PickerSyncLockManager: Trying to acquire lock com.android.providers.media.photopicker.sync.CloseableReentrantLock@b07e0df[Unlocked]. Lock Name = CLOUD_PROVIDER_LOCK. Threads that may be waiting to acquire this lock = [] with timeout.
04-21 11:41:28.438  6667  2084 D CloseableReentrantLock: Successfully acquired lock com.android.providers.media.photopicker.sync.CloseableReentrantLock@b07e0df[Locked by thread pool-5-thread-470]. Lock Name = CLOUD_PROVIDER_LOCK. Threads that may be waiting to acquire this lock = []
04-21 11:41:28.438  6667  2084 D PickerSyncController: Clearing next page token for key: local_provider:media_add:resume
04-21 11:41:28.438  6667  2084 D CloseableReentrantLock: Successfully released lock com.android.providers.media.photopicker.sync.CloseableReentrantLock@b07e0df[Unlocked]. Lock Name = CLOUD_PROVIDER_LOCK. Threads that may be waiting to acquire this lock = []
04-21 11:41:28.438  6667  2084 D PickerNotificationSender: Sending a notification for media update
04-21 11:41:28.438  2398  2492 D SyncManager: userId - 0 auto - true
04-21 11:41:28.439  6667  2084 D PickerNotificationSender: Sending a notification for merged album media update Favorites
04-21 11:41:28.439  6667  2084 D PickerNotificationSender: Sending a notification for album media update Favorites
04-21 11:41:28.439  2398  2492 D SyncManager: userId - 0 auto - true
04-21 11:41:28.439  6667  2084 D PickerNotificationSender: Sending a notification for merged album media update Videos
04-21 11:41:28.439  6667  2084 D PickerNotificationSender: Sending a notification for album media update Videos
04-21 11:41:28.439  2398  2492 D SyncManager: userId - 0 auto - true
04-21 11:41:28.439  6667  2084 I PickerSyncController: Paged sync successful. QueryArgs: Bundle[{android.provider.extra.PAGE_TOKEN=1776786086000|9667, android.provider.extra.SYNC_GENERATION=95229, android.provider.extra.PAGE_SIZE=1000}] Total Rows: 1
04-21 11:41:28.439  6667  2084 I PickerSyncController: Executing SyncRemove. isLocal: true. authority: com.android.providers.media.photopicker
04-21 11:41:28.439  6667  2084 D PickerSyncLockManager: Trying to acquire lock com.android.providers.media.photopicker.sync.CloseableReentrantLock@b07e0df[Unlocked]. Lock Name = CLOUD_PROVIDER_LOCK. Threads that may be waiting to acquire this lock = [] with timeout.
04-21 11:41:28.439  6667  2084 D CloseableReentrantLock: Successfully acquired lock com.android.providers.media.photopicker.sync.CloseableReentrantLock@b07e0df[Locked by thread pool-5-thread-470]. Lock Name = CLOUD_PROVIDER_LOCK. Threads that may be waiting to acquire this lock = []
04-21 11:41:28.439  6667  2084 D CloseableReentrantLock: Successfully released lock com.android.providers.media.photopicker.sync.CloseableReentrantLock@b07e0df[Unlocked]. Lock Name = CLOUD_PROVIDER_LOCK. Threads that may be waiting to acquire this lock = []
04-21 11:41:28.440  6667  2084 D PickerSyncLockManager: Trying to acquire lock com.android.providers.media.photopicker.sync.CloseableReentrantLock@b07e0df[Unlocked]. Lock Name = CLOUD_PROVIDER_LOCK. Threads that may be waiting to acquire this lock = [] with timeout.
04-21 11:41:28.440  6667  2084 D CloseableReentrantLock: Successfully acquired lock com.android.providers.media.photopicker.sync.CloseableReentrantLock@b07e0df[Locked by thread pool-5-thread-470]. Lock Name = CLOUD_PROVIDER_LOCK. Threads that may be waiting to acquire this lock = []
04-21 11:41:28.440  6667  2084 D PickerSyncController: Clearing next page token for key: local_provider:media_remove:resume
04-21 11:41:28.440  6667  2084 D CloseableReentrantLock: Successfully released lock com.android.providers.media.photopicker.sync.CloseableReentrantLock@b07e0df[Unlocked]. Lock Name = CLOUD_PROVIDER_LOCK. Threads that may be waiting to acquire this lock = []
04-21 11:41:28.440  6667  2084 D PickerNotificationSender: Sending a notification for media update
04-21 11:41:28.440  2398  2492 D SyncManager: userId - 0 auto - true
04-21 11:41:28.440  6667  2084 D PickerNotificationSender: Sending a notification for merged album media update Favorites
04-21 11:41:28.440  6667  2084 D PickerNotificationSender: Sending a notification for album media update Favorites
04-21 11:41:28.440  2398  2492 D SyncManager: userId - 0 auto - true
04-21 11:41:28.440  6667  2084 D PickerNotificationSender: Sending a notification for merged album media update Videos
04-21 11:41:28.440  6667  2084 D PickerNotificationSender: Sending a notification for album media update Videos
04-21 11:41:28.441  2398  2492 D SyncManager: userId - 0 auto - true
04-21 11:41:28.441  6667  2084 I PickerSyncController: Paged sync successful. QueryArgs: Bundle[{android.provider.extra.PAGE_TOKEN=1776786086000|9667, android.provider.extra.SYNC_GENERATION=95229, android.provider.extra.PAGE_SIZE=1000}] Total Rows: 0
04-21 11:41:28.441  6667  2084 I PickerSyncTracker: Marked sync future complete for work id: d4ce53e4-9171-48a8-ae1b-4bf857cb40a2. Future map: {}
04-21 11:41:28.441  6667  2084 I PSyncWorker: Completed picker proactive sync complete from local provider.
04-21 11:41:28.441  6667  6911 I WM-WorkerWrapper: Worker result SUCCESS for Work [ id=d4ce53e4-9171-48a8-ae1b-4bf857cb40a2, tags={ com.android.providers.media.photopicker.sync.ProactiveSyncWorker } ]
04-21 11:41:28.442  6667  6667 D WM-Processor: Processor d4ce53e4-9171-48a8-ae1b-4bf857cb40a2 executed; reschedule = false
04-21 11:41:28.442  6667  6667 D WM-GreedyScheduler: Stopping tracking for WorkGenerationalId(workSpecId=d4ce53e4-9171-48a8-ae1b-4bf857cb40a2, generation=0)
04-21 11:41:28.443  6667  6909 D WM-GreedyScheduler: Cancelling work ID d4ce53e4-9171-48a8-ae1b-4bf857cb40a2
04-21 11:41:28.444  6667  6909 D WM-GreedyScheduler: Ignoring {WorkSpec: 4b44c763-4294-4788-badf-8da13aede74d}. Requires device idle.
04-21 11:41:28.444  6667  6909 D WM-GreedyScheduler: Ignoring {WorkSpec: 64e4b887-6a53-49ae-8f9f-76360f5932fa}. Requires device idle.
04-21 11:41:28.444  6667  6909 D WM-GreedyScheduler: Ignoring {WorkSpec: 8abd4fd4-85b8-4cdc-b1bd-bc36883a0426}. Requires device idle.
04-21 11:41:28.444  6667  6909 D WM-BrdcstRcvrCnstrntTrc: BatteryNotLowTracker: unregistering receiver
04-21 11:41:28.563  2398  5163 I NSLocationMonitor: getGPSUsingApps() called
04-21 11:41:28.563  5141  5158 I NSLocationManager_FLP: getGPSUsingApps, No change
04-21 11:41:28.565  2398  5163 D MARs:ActiveTrafficFilter: filter : com.google.android.apps.photos(0)
04-21 11:41:28.565  2398  5163 D FreecessHandler: freeze com.google.android.apps.photos(10274) result : 8
04-21 11:41:28.633  1820  2586 I thermal_core: pivot(AP) : 359, skin : 341
04-21 11:41:28.633  1820  2586 I vendor.samsung.hardware.thermal-service: index = 20.800000
04-21 11:41:28.633  1820  2586 I vendor.samsung.hardware.thermal-service: 3 / 10
04-21 11:41:28.775   928   928 I SCS@AiSearch user 0: (ObserverWorker::AOSP_MP) [main] entering in startWork triggered by [content://media/external/file/9668]():  
04-21 11:41:28.775   928   928 I SCS@AiSearch user 0: (BaseCollector::AOSP_MP) [main] entering in onChange():  
04-21 11:41:28.776   928 30116 I SCS@AiSearch user 0: (BaseCollector::AOSP_MP) [AOSP_MP-0] entering in collectChanges():  
04-21 11:41:28.777  2398  4916 D PackageManager: setEnabledSetting : userId = 0 packageName = com.samsung.android.scs cmp = androidx.work.impl.background.systemalarm.RescheduleReceiver newState = 1 callingPackage = com.samsung.android.scs
04-21 11:41:28.777  2398  4916 D ApplicationPolicy: getApplicationStateEnabled : pkg = com.samsung.android.scs userId : 0
04-21 11:41:28.777  2398  4916 D ApplicationPolicy: getApplicationComponentState : pkg = com.samsung.android.scs userId : 0
04-21 11:41:28.789   928 30116 I SCS@AiSearch user 0: (BaseCollector::AOSP_MP) fetchInternal values : maxSyncId: 9660 indexCount: 1893 sourceCount: 1893
04-21 11:41:28.795   928 30116 I SCS@AiSearch user 0: (IndexManager) [AOSP_MP-0] entering in addIndex():  
04-21 11:41:28.795   928 30116 I SCS@AiSearch user 0: (BaseCollector::AOSP_MP) fetch: fetching took  13 ms
04-21 11:41:28.795   928 30116 I SCS@AiSearch user 0: (BaseCollector::AOSP_MP) fetchChanges: applied 0 items
04-21 11:41:28.795   928 30116 I SCS@AiSearch user 0: (BaseCollector::AOSP_MP) Collect finished. Result: true
04-21 11:41:28.795   928 30116 I SCS@AiSearch user 0: (BaseCollector::AOSP_MP) enqueue ObserverWorker name: com.sec.android.app.myfiles, policy: APPEND_OR_REPLACE
04-21 11:41:28.795   928  1060 I WM-WorkerWrapper: Worker result SUCCESS for Work [ id=3f84e102-223e-4c45-b80c-850390f1d755, tags={ com.sec.android.app.myfiles, com.samsung.android.scs.ai.search.data.collector.base.ObserverWorker } ]
04-21 11:41:28.797  2398  4916 D PackageManager: setEnabledSetting : userId = 0 packageName = com.samsung.android.scs cmp = androidx.work.impl.background.systemalarm.RescheduleReceiver newState = 1 callingPackage = com.samsung.android.scs
04-21 11:41:28.797  2398  4916 D ApplicationPolicy: getApplicationStateEnabled : pkg = com.samsung.android.scs userId : 0
04-21 11:41:28.797  2398  4916 D ApplicationPolicy: getApplicationComponentState : pkg = com.samsung.android.scs userId : 0
04-21 11:41:28.798   928  1060 W JobInfo : Requested important-while-foreground flag for job248213 is ignored and takes no effect
04-21 11:41:29.164  1645  1645 D BoundBrokerSvc: onUnbind: Intent { act=com.google.android.gms.inappreach.service.START dat=chimera-action:/... xflg=0x4 cmp=com.google.android.gms/.chimera.GmsApiService }
04-21 11:41:29.165  1645  1645 D BoundBrokerSvc: onUnbind: Intent { act=com.google.android.gms.fido.fido2.regular.START xflg=0x4 pkg=com.google.android.gms }
04-21 11:41:29.165  1645  1645 D BoundBrokerSvc: onUnbind: Intent { act=com.google.android.gms.auth.service.START xflg=0x4 pkg=com.google.android.gms }
04-21 11:41:29.166  1645  1645 D BoundBrokerSvc: onUnbind: Intent { act=com.google.android.gms.chimera.container.moduleinstall.ModuleInstallService.START dat=chimera-action:/... xflg=0x4 cmp=com.google.android.gms/.chimera.GmsApiService }
04-21 11:41:29.167  1645  1645 D BoundBrokerSvc: onUnbind: Intent { act=com.google.android.gms.dck.service.START dat=chimera-action:/... xflg=0x4 cmp=com.google.android.gms/.chimera.GmsApiService }
04-21 11:41:29.180  1645  1713 I Checkin : [CheckinApiChimeraService] onGetService
